........................................................................ [  1%]
........................................................................ [  2%]
........................................................................ [  3%]
........................................................................ [  4%]
........................................................................ [  5%]
........................................................................ [  6%]
........................................................................ [  7%]
........................................................................ [  8%]
.......................................................................s [  9%]
........................................................................ [ 10%]
........................................................................ [ 11%]
........................................................................ [ 12%]
........................................................................ [ 13%]
........................................................................ [ 14%]
.................sssss.................................................. [ 15%]
........................................................................ [ 17%]
........................................................................ [ 18%]
........................................................................ [ 19%]
........................................................................ [ 20%]
........................................................................ [ 21%]
........................................................................ [ 22%]
........................................s............................... [ 23%]
........................................................................ [ 24%]
........................................................................ [ 25%]
........................................................................ [ 26%]
........................................................................ [ 27%]
........................................................................ [ 28%]
........................................................................ [ 29%]
........................................................................ [ 30%]
........................................................................ [ 31%]
........................................................................ [ 33%]
................................................................. [ 33%]
........................................................................ [ 35%]
........................................................................ [ 36%]
........................................................................ [ 37%]
........................................................................ [ 38%]
........................................................................ [ 39%]
........................................................................ [ 40%]
.......s..s............................................................. [ 41%]
........................................................................ [ 42%]
........................................................................ [ 43%]
........................................................................ [ 44%]
........................................................................ [ 45%]
........................................................................ [ 46%]
........................................................................ [ 47%]
........................................................................ [ 48%]
........................................................................ [ 49%]
........................................................................ [ 51%]
........................................................................ [ 52%]
........................................................................ [ 53%]
........................................................................ [ 54%]
........................................................................ [ 55%]
........................................................................ [ 56%]
........................................................................ [ 57%]
........................................................................ [ 58%]
........................................................................ [ 59%]
........................................................................ [ 60%]
........................................................................ [ 61%]
........................................................................ [ 62%]
........................................................................ [ 63%]
........................................................................ [ 64%]
........................................................................ [ 65%]
........................................................................ [ 66%]
........................................................................ [ 68%]
........................................................................ [ 69%]
........................................................................ [ 70%]
........................................................................ [ 71%]
........................................................................ [ 72%]
........................................................................ [ 73%]
........................................................................ [ 74%]
........................................................................ [ 75%]
........................................................................ [ 76%]
........................................................................ [ 77%]
........................................................................ [ 78%]
........................................................................ [ 79%]
........................................................................ [ 80%]
........................................................................ [ 81%]
........................................................................ [ 82%]
........................................................................ [ 84%]
........................................................................ [ 85%]
........................................................................ [ 86%]
........................................................................ [ 87%]
...............................................sss...................... [ 88%]
........................................................................ [ 89%]
........................................................................ [ 90%]
....................................s................................... [ 91%]
........................................................................ [ 92%]
........................................................................ [ 93%]
..........s............................................................. [ 94%]
........................................................................ [ 95%]
........................................................................ [ 96%]
........................................................................ [ 97%]
........................................................................ [ 98%]
......ss..s.ss.ss.....s................................................  [100%]
=========================== short test summary info ============================
SKIPPED [1] tests/test_avx_scoping_gate.py:239: SSE4.1 declares no required kernel by design
SKIPPED [1] tests/test_choco_retry_gate.py:208: needs pwsh and a POSIX shell shim for `choco`; on Windows the shim cannot be executed, and the helper's real exercise there is the workflow install step rather than a fake
SKIPPED [1] tests/test_choco_retry_gate.py:233: needs pwsh and a POSIX shell shim for `choco`; on Windows the shim cannot be executed, and the helper's real exercise there is the workflow install step rather than a fake
SKIPPED [1] tests/test_choco_retry_gate.py:259: needs pwsh and a POSIX shell shim for `choco`; on Windows the shim cannot be executed, and the helper's real exercise there is the workflow install step rather than a fake
SKIPPED [1] tests/test_choco_retry_gate.py:284: needs pwsh and a POSIX shell shim for `choco`; on Windows the shim cannot be executed, and the helper's real exercise there is the workflow install step rather than a fake
SKIPPED [1] tests/test_choco_retry_gate.py:295: needs pwsh and a POSIX shell shim for `choco`; on Windows the shim cannot be executed, and the helper's real exercise there is the workflow install step rather than a fake
SKIPPED [1] tests/test_crypto_import_paths.py:574: Live TSA integration test — requires network and a TSA endpoint. Enable by providing TSA_URL env var and running with -m integration.
SKIPPED [1] tests/test_hsm_integration.py:889: AMA_CI_REQUIRE_BACKENDS is not set — local run
SKIPPED [1] tests/test_hsm_integration.py:1183: SoftHSM2 integration unavailable: missing SoftHSM2 module (apt-get install softhsm2 / brew install softhsm / choco install softhsm.install), softhsm2-util, PyKCS11 (pip install '.[hsm]')
SKIPPED [1] tests/test_semgrep_severity_gate.py:313: semgrep is not installed (no `semgrep` on PATH)
SKIPPED [1] tests/test_semgrep_severity_gate.py:363: semgrep is genuinely not installed in this environment
SKIPPED [1] tests/test_semgrep_severity_gate.py:370: semgrep is not installed (no `semgrep` on PATH)
SKIPPED [1] tests/test_suppression_hygiene_gate.py:370: cppcheck is not installed (no `cppcheck` on PATH)
SKIPPED [1] tests/test_vendor_isolation_gate.py:378: not a CI job that promises a built library
SKIPPED [1] tests/test_workflow_path_filters.py:172: baseline-guard.yml does not configure or drive CMake
SKIPPED [1] tests/test_workflow_path_filters.py:172: corpus-provenance.yml does not configure or drive CMake
SKIPPED [1] tests/test_workflow_path_filters.py:172: wiki-sync.yml does not configure or drive CMake
SKIPPED [1] tests/test_workflow_path_filters.py:187: baseline-guard.yml filters only one event
SKIPPED [1] tests/test_workflow_path_filters.py:187: corpus-provenance.yml filters only one event
SKIPPED [1] tests/test_workflow_path_filters.py:187: integrity-anchor-check.yml filters only one event
SKIPPED [1] tests/test_workflow_path_filters.py:187: wiki-sync.yml filters only one event
SKIPPED [1] tests/test_wycheproof_corpus_provenance.py:113: network-dependent; set AMA_WYCHEPROOF_ONLINE=1 to check upstream bytes
6738 passed, 22 skipped, 7 subtests passed in 598.03s (0:09:58)
PYTEST_EXIT=0
