Dictionary: 4 entries
INFO: Running with entropic power schedule (0xFF, 100).
INFO: Seed: 338347715
INFO: Loaded 1 modules   (10133 inline 8-bit counters): 10133 [0x557b1284a1a8, 0x557b1284c93d), 
INFO: Loaded 1 PC tables (10133 PCs): 10133 [0x557b1284c940,0x557b12874290), 
INFO:       38 files found in /home/user/AMA-Cryptography/build-fuzz/corpus-work/fuzz_kyber
INFO:       66 files found in /home/user/AMA-Cryptography/fuzz/seed_corpus/fuzz_kyber
INFO: -max_len is not provided; libFuzzer will not generate inputs larger than 4096 bytes
INFO: seed corpus: files: 104 min: 1b max: 3170b total: 39327b rss: 33Mb
#4	pulse  cov: 1363 ft: 1367 corp: 2/3b exec/s: 1 rss: 38Mb
#8	pulse  cov: 1377 ft: 1981 corp: 5/9b exec/s: 2 rss: 38Mb
#16	pulse  cov: 1400 ft: 1988 corp: 8/18b exec/s: 5 rss: 39Mb
#32	pulse  cov: 1401 ft: 1989 corp: 9/25b exec/s: 10 rss: 40Mb
#64	pulse  cov: 1411 ft: 2069 corp: 22/875b exec/s: 21 rss: 42Mb
#105	INITED cov: 1421 ft: 2175 corp: 48/14920b exec/s: 35 rss: 43Mb
#111	REDUCE cov: 1421 ft: 2175 corp: 48/14897b lim: 3169 exec/s: 37 rss: 43Mb L: 70/3169 MS: 1 EraseBytes-
#128	pulse  cov: 1421 ft: 2175 corp: 48/14897b lim: 3169 exec/s: 42 rss: 44Mb
#256	pulse  cov: 1421 ft: 2175 corp: 48/14897b lim: 3169 exec/s: 85 rss: 45Mb
#447	REDUCE cov: 1421 ft: 2175 corp: 48/14888b lim: 3169 exec/s: 149 rss: 45Mb L: 71/3169 MS: 1 EraseBytes-
#512	pulse  cov: 1421 ft: 2175 corp: 48/14888b lim: 3169 exec/s: 170 rss: 45Mb
#804	REDUCE cov: 1421 ft: 2175 corp: 48/14887b lim: 3169 exec/s: 201 rss: 46Mb L: 6/3169 MS: 2 CopyPart-EraseBytes-
#1024	pulse  cov: 1421 ft: 2175 corp: 48/14887b lim: 3169 exec/s: 256 rss: 46Mb
#1510	NEW    cov: 1421 ft: 2176 corp: 49/14953b lim: 3169 exec/s: 377 rss: 47Mb L: 66/3169 MS: 1 ChangeBit-
#1586	REDUCE cov: 1421 ft: 2176 corp: 49/14922b lim: 3169 exec/s: 396 rss: 48Mb L: 98/3169 MS: 1 CrossOver-
#1747	REDUCE cov: 1421 ft: 2176 corp: 49/14920b lim: 3169 exec/s: 349 rss: 48Mb L: 70/3169 MS: 1 EraseBytes-
#2048	pulse  cov: 1421 ft: 2176 corp: 49/14920b lim: 3169 exec/s: 409 rss: 48Mb
#2180	REDUCE cov: 1421 ft: 2176 corp: 49/14912b lim: 3169 exec/s: 436 rss: 48Mb L: 66/3169 MS: 3 EraseBytes-ShuffleBytes-CrossOver-
#2213	NEW    cov: 1421 ft: 2181 corp: 50/16Kb lim: 3169 exec/s: 442 rss: 48Mb L: 1569/3169 MS: 3 ChangeByte-ChangeByte-CopyPart-
#2235	REDUCE cov: 1421 ft: 2181 corp: 50/16Kb lim: 3169 exec/s: 447 rss: 49Mb L: 71/3169 MS: 2 ChangeBit-EraseBytes-
#2252	NEW    cov: 1421 ft: 2185 corp: 51/17Kb lim: 3169 exec/s: 450 rss: 49Mb L: 1569/3169 MS: 2 ChangeBit-CrossOver-
#2793	REDUCE cov: 1421 ft: 2185 corp: 51/17Kb lim: 3169 exec/s: 465 rss: 49Mb L: 74/3169 MS: 1 EraseBytes-
#3029	REDUCE cov: 1421 ft: 2185 corp: 51/17Kb lim: 3169 exec/s: 504 rss: 49Mb L: 5/3169 MS: 1 EraseBytes-
#3126	REDUCE cov: 1421 ft: 2186 corp: 52/17Kb lim: 3169 exec/s: 521 rss: 50Mb L: 150/3169 MS: 2 ManualDict-InsertRepeatedBytes- DE: "\000\000\000\000\000\000\000\000\000\000\000\000\000\000\000\000\000\000\000\000\000\000\000\000\000\000\000\000\000\000\000\000"-
#3218	REDUCE cov: 1421 ft: 2186 corp: 52/17Kb lim: 3169 exec/s: 536 rss: 50Mb L: 134/3169 MS: 2 ManualDict-EraseBytes- DE: "\200\000"-
#3317	REDUCE cov: 1421 ft: 2186 corp: 52/17Kb lim: 3169 exec/s: 552 rss: 50Mb L: 4/3169 MS: 4 PersAutoDict-InsertByte-ShuffleBytes-EraseBytes- DE: "\200\000"-
#3318	REDUCE cov: 1421 ft: 2186 corp: 52/17Kb lim: 3169 exec/s: 553 rss: 50Mb L: 95/3169 MS: 1 EraseBytes-
#4096	pulse  cov: 1421 ft: 2186 corp: 52/17Kb lim: 3169 exec/s: 585 rss: 50Mb
#4129	REDUCE cov: 1421 ft: 2186 corp: 52/17Kb lim: 3169 exec/s: 589 rss: 50Mb L: 3/3169 MS: 1 EraseBytes-
#5210	REDUCE cov: 1421 ft: 2186 corp: 52/17Kb lim: 3169 exec/s: 651 rss: 51Mb L: 117/3169 MS: 4 ChangeBit-ManualDict-ManualDict-EraseBytes- DE: "\000\001"-"\000\000\000\000\000\000\000\000\000\000\000\000\000\000\000\000\000\000\000\000\000\000\000\000\000\000\000\000\000\000\000\000"-
#5751	REDUCE cov: 1421 ft: 2186 corp: 52/17Kb lim: 3169 exec/s: 639 rss: 52Mb L: 67/3169 MS: 1 EraseBytes-
#6083	REDUCE cov: 1421 ft: 2186 corp: 52/17Kb lim: 3169 exec/s: 675 rss: 52Mb L: 74/3169 MS: 2 CrossOver-EraseBytes-
#6099	REDUCE cov: 1421 ft: 2186 corp: 52/17Kb lim: 3169 exec/s: 677 rss: 52Mb L: 65/3169 MS: 1 EraseBytes-
#7186	REDUCE cov: 1421 ft: 2186 corp: 52/17Kb lim: 3169 exec/s: 718 rss: 53Mb L: 87/3169 MS: 2 ChangeByte-EraseBytes-
#7235	REDUCE cov: 1421 ft: 2186 corp: 52/17Kb lim: 3169 exec/s: 723 rss: 53Mb L: 70/3169 MS: 4 PersAutoDict-ChangeBit-CrossOver-EraseBytes- DE: "\200\000"-
#8001	REDUCE cov: 1421 ft: 2187 corp: 53/17Kb lim: 3169 exec/s: 727 rss: 54Mb L: 70/3169 MS: 1 ChangeBit-
#8113	REDUCE cov: 1421 ft: 2187 corp: 53/17Kb lim: 3169 exec/s: 737 rss: 54Mb L: 67/3169 MS: 2 CopyPart-EraseBytes-
#8168	REDUCE cov: 1421 ft: 2188 corp: 54/17Kb lim: 3169 exec/s: 742 rss: 54Mb L: 99/3169 MS: 5 ShuffleBytes-ChangeByte-PersAutoDict-InsertByte-InsertByte- DE: "\000\000\000\000\000\000\000\000\000\000\000\000\000\000\000\000\000\000\000\000\000\000\000\000\000\000\000\000\000\000\000\000"-
#8192	pulse  cov: 1421 ft: 2188 corp: 54/17Kb lim: 3169 exec/s: 744 rss: 54Mb
#8473	REDUCE cov: 1421 ft: 2188 corp: 54/17Kb lim: 3169 exec/s: 770 rss: 54Mb L: 69/3169 MS: 5 ShuffleBytes-InsertByte-ChangeByte-ManualDict-EraseBytes- DE: "\015\001"-
#8494	REDUCE cov: 1421 ft: 2188 corp: 54/17Kb lim: 3169 exec/s: 772 rss: 54Mb L: 67/3169 MS: 1 EraseBytes-
#8516	NEW    cov: 1421 ft: 2192 corp: 55/19Kb lim: 3169 exec/s: 774 rss: 54Mb L: 1569/3169 MS: 2 CMP-ChangeBinInt- DE: "\377\377~\027o~*@"-
#9422	REDUCE cov: 1421 ft: 2192 corp: 55/19Kb lim: 3169 exec/s: 785 rss: 55Mb L: 2/3169 MS: 1 EraseBytes-
#9903	REDUCE cov: 1421 ft: 2192 corp: 55/19Kb lim: 3169 exec/s: 761 rss: 55Mb L: 80/3169 MS: 1 EraseBytes-
#10464	REDUCE cov: 1421 ft: 2192 corp: 55/19Kb lim: 3169 exec/s: 804 rss: 55Mb L: 78/3169 MS: 1 EraseBytes-
#11326	REDUCE cov: 1421 ft: 2192 corp: 55/19Kb lim: 3169 exec/s: 809 rss: 56Mb L: 71/3169 MS: 2 ChangeBinInt-EraseBytes-
#11591	NEW    cov: 1421 ft: 2193 corp: 56/20Kb lim: 3169 exec/s: 827 rss: 56Mb L: 1569/3169 MS: 5 ShuffleBytes-ChangeBit-PersAutoDict-ChangeByte-CMP- DE: "\000\000\000\000\000\000\000\000\000\000\000\000\000\000\000\000\000\000\000\000\000\000\000\000\000\000\000\000\000\000\000\000"-"`Z o\027\177\000\000"-
#12147	REDUCE cov: 1421 ft: 2193 corp: 56/20Kb lim: 3169 exec/s: 809 rss: 57Mb L: 65/3169 MS: 1 EraseBytes-
#12233	REDUCE cov: 1421 ft: 2193 corp: 56/20Kb lim: 3169 exec/s: 815 rss: 57Mb L: 66/3169 MS: 1 EraseBytes-
#12515	REDUCE cov: 1421 ft: 2193 corp: 56/20Kb lim: 3169 exec/s: 834 rss: 57Mb L: 68/3169 MS: 2 ChangeBit-EraseBytes-
#12858	NEW    cov: 1421 ft: 2194 corp: 57/22Kb lim: 3169 exec/s: 857 rss: 57Mb L: 1569/3169 MS: 3 PersAutoDict-ChangeByte-PersAutoDict- DE: "\015\001"-"`Z o\027\177\000\000"-
#13799	REDUCE cov: 1421 ft: 2194 corp: 57/22Kb lim: 3169 exec/s: 862 rss: 58Mb L: 76/3169 MS: 1 EraseBytes-
#14235	REDUCE cov: 1421 ft: 2194 corp: 57/22Kb lim: 3169 exec/s: 837 rss: 58Mb L: 65/3169 MS: 1 EraseBytes-
#16384	pulse  cov: 1421 ft: 2194 corp: 57/22Kb lim: 3180 exec/s: 862 rss: 60Mb
#16386	REDUCE cov: 1421 ft: 2194 corp: 57/22Kb lim: 3180 exec/s: 862 rss: 60Mb L: 65/3169 MS: 1 EraseBytes-
#17423	REDUCE cov: 1421 ft: 2194 corp: 57/22Kb lim: 3180 exec/s: 871 rss: 61Mb L: 65/3169 MS: 2 InsertByte-EraseBytes-
#19529	REDUCE cov: 1421 ft: 2194 corp: 57/22Kb lim: 3191 exec/s: 929 rss: 62Mb L: 65/3169 MS: 1 EraseBytes-
#19965	REDUCE cov: 1421 ft: 2194 corp: 57/22Kb lim: 3191 exec/s: 907 rss: 62Mb L: 66/3169 MS: 1 EraseBytes-
#20996	REDUCE cov: 1421 ft: 2194 corp: 57/22Kb lim: 3191 exec/s: 912 rss: 63Mb L: 67/3169 MS: 1 EraseBytes-
#25053	REDUCE cov: 1421 ft: 2194 corp: 57/22Kb lim: 3224 exec/s: 927 rss: 66Mb L: 65/3169 MS: 2 EraseBytes-ManualDict- DE: "\000\001"-
#25650	REDUCE cov: 1421 ft: 2194 corp: 57/22Kb lim: 3224 exec/s: 950 rss: 66Mb L: 66/3169 MS: 2 ShuffleBytes-EraseBytes-
#26997	NEW    cov: 1421 ft: 2199 corp: 58/23Kb lim: 3235 exec/s: 964 rss: 67Mb L: 1569/3169 MS: 2 PersAutoDict-CMP- DE: "\200\000"-"\377\377"-
#27844	NEW    cov: 1421 ft: 2200 corp: 59/25Kb lim: 3235 exec/s: 960 rss: 68Mb L: 1569/3169 MS: 2 CrossOver-CMP- DE: "\377e"-
#28261	REDUCE cov: 1421 ft: 2200 corp: 59/25Kb lim: 3235 exec/s: 974 rss: 68Mb L: 66/3169 MS: 2 EraseBytes-ManualDict- DE: "\000\001"-
#29031	REDUCE cov: 1421 ft: 2200 corp: 59/25Kb lim: 3235 exec/s: 967 rss: 69Mb L: 65/3169 MS: 5 EraseBytes-ChangeByte-EraseBytes-EraseBytes-ManualDict- DE: "\000\000\000\000\000\000\000\000\000\000\000\000\000\000\000\000\000\000\000\000\000\000\000\000\000\000\000\000\000\000\000\000"-
#29625	REDUCE cov: 1421 ft: 2201 corp: 60/25Kb lim: 3235 exec/s: 955 rss: 69Mb L: 133/3169 MS: 4 InsertByte-CopyPart-ChangeBinInt-CrossOver-
#30403	REDUCE cov: 1421 ft: 2201 corp: 60/25Kb lim: 3235 exec/s: 950 rss: 70Mb L: 130/3169 MS: 3 ChangeBit-PersAutoDict-EraseBytes- DE: "\377\377~\027o~*@"-
#31182	REDUCE cov: 1421 ft: 2201 corp: 60/25Kb lim: 3235 exec/s: 974 rss: 70Mb L: 115/3169 MS: 4 ShuffleBytes-ManualDict-CrossOver-EraseBytes- DE: "\015\001"-
#31940	REDUCE cov: 1421 ft: 2201 corp: 60/25Kb lim: 3235 exec/s: 967 rss: 71Mb L: 65/3169 MS: 3 ShuffleBytes-ShuffleBytes-EraseBytes-
#32768	pulse  cov: 1421 ft: 2201 corp: 60/25Kb lim: 3235 exec/s: 963 rss: 72Mb
#32935	REDUCE cov: 1421 ft: 2201 corp: 60/25Kb lim: 3235 exec/s: 968 rss: 72Mb L: 108/3169 MS: 5 ManualDict-PersAutoDict-ChangeByte-ManualDict-EraseBytes- DE: "\015\001"-"\015\001"-"\000\000\000\000\000\000\000\000\000\000\000\000\000\000\000\000\000\000\000\000\000\000\000\000\000\000\000\000\000\000\000\000"-
#35127	REDUCE cov: 1421 ft: 2201 corp: 60/25Kb lim: 3246 exec/s: 975 rss: 73Mb L: 84/3169 MS: 2 InsertByte-EraseBytes-
#35170	REDUCE cov: 1421 ft: 2201 corp: 60/25Kb lim: 3246 exec/s: 976 rss: 73Mb L: 68/3169 MS: 3 CrossOver-PersAutoDict-EraseBytes- DE: "`Z o\027\177\000\000"-
#40662	REDUCE cov: 1421 ft: 2201 corp: 60/25Kb lim: 3290 exec/s: 1016 rss: 77Mb L: 69/3169 MS: 2 InsertByte-EraseBytes-
#42333	REDUCE cov: 1421 ft: 2201 corp: 60/25Kb lim: 3301 exec/s: 1007 rss: 78Mb L: 65/3169 MS: 1 EraseBytes-
#43979	REDUCE cov: 1421 ft: 2201 corp: 60/25Kb lim: 3312 exec/s: 1022 rss: 80Mb L: 71/3169 MS: 1 EraseBytes-
#52687	REDUCE cov: 1421 ft: 2201 corp: 60/25Kb lim: 3389 exec/s: 1033 rss: 86Mb L: 67/3169 MS: 3 PersAutoDict-ChangeBinInt-EraseBytes- DE: "\377\377~\027o~*@"-
#56764	REDUCE cov: 1421 ft: 2201 corp: 60/25Kb lim: 3422 exec/s: 1032 rss: 88Mb L: 65/3169 MS: 2 EraseBytes-CopyPart-
#61145	NEW    cov: 1421 ft: 2202 corp: 61/26Kb lim: 3455 exec/s: 1036 rss: 91Mb L: 1569/3169 MS: 1 CMP- DE: "\377\377\377w"-
#65536	pulse  cov: 1421 ft: 2202 corp: 61/26Kb lim: 3488 exec/s: 1040 rss: 95Mb
#70037	REDUCE cov: 1421 ft: 2202 corp: 61/26Kb lim: 3543 exec/s: 1045 rss: 98Mb L: 67/3169 MS: 2 PersAutoDict-EraseBytes- DE: "\377e"-
#79524	REDUCE cov: 1421 ft: 2202 corp: 61/26Kb lim: 3631 exec/s: 1032 rss: 104Mb L: 65/3169 MS: 2 ShuffleBytes-EraseBytes-
#81930	REDUCE cov: 1421 ft: 2202 corp: 61/26Kb lim: 3653 exec/s: 1024 rss: 106Mb L: 67/3169 MS: 1 EraseBytes-
#88526	REDUCE cov: 1421 ft: 2202 corp: 61/26Kb lim: 3708 exec/s: 1029 rss: 111Mb L: 66/3169 MS: 1 EraseBytes-
#88752	REDUCE cov: 1421 ft: 2202 corp: 61/26Kb lim: 3708 exec/s: 1032 rss: 111Mb L: 65/3169 MS: 1 EraseBytes-
#88773	REDUCE cov: 1421 ft: 2202 corp: 61/26Kb lim: 3708 exec/s: 1032 rss: 111Mb L: 66/3169 MS: 1 EraseBytes-
#94405	REDUCE cov: 1421 ft: 2202 corp: 61/26Kb lim: 3763 exec/s: 1037 rss: 115Mb L: 65/3169 MS: 2 EraseBytes-InsertByte-
#94777	REDUCE cov: 1421 ft: 2202 corp: 61/26Kb lim: 3763 exec/s: 1041 rss: 115Mb L: 66/3169 MS: 1 EraseBytes-
#96266	REDUCE cov: 1421 ft: 2203 corp: 62/27Kb lim: 3774 exec/s: 1035 rss: 117Mb L: 157/3169 MS: 4 CrossOver-EraseBytes-ChangeByte-InsertRepeatedBytes-
#98067	REDUCE cov: 1421 ft: 2203 corp: 62/27Kb lim: 3785 exec/s: 1043 rss: 118Mb L: 96/3169 MS: 1 EraseBytes-
#99624	REDUCE cov: 1421 ft: 2203 corp: 62/27Kb lim: 3796 exec/s: 1037 rss: 119Mb L: 66/3169 MS: 2 ChangeByte-EraseBytes-
#101096	REDUCE cov: 1421 ft: 2203 corp: 62/27Kb lim: 3807 exec/s: 1042 rss: 120Mb L: 65/3169 MS: 2 ShuffleBytes-EraseBytes-
#105012	REDUCE cov: 1421 ft: 2203 corp: 62/27Kb lim: 3840 exec/s: 1039 rss: 123Mb L: 86/3169 MS: 1 EraseBytes-
#105493	REDUCE cov: 1421 ft: 2203 corp: 62/27Kb lim: 3840 exec/s: 1044 rss: 123Mb L: 67/3169 MS: 1 EraseBytes-
#110161	NEW    cov: 1421 ft: 2204 corp: 63/27Kb lim: 3884 exec/s: 1049 rss: 127Mb L: 157/3169 MS: 3 InsertRepeatedBytes-ChangeByte-ChangeBinInt-
#110863	REDUCE cov: 1421 ft: 2204 corp: 63/27Kb lim: 3884 exec/s: 1045 rss: 128Mb L: 125/3169 MS: 2 PersAutoDict-EraseBytes- DE: "\200\000"-
#111070	REDUCE cov: 1421 ft: 2204 corp: 63/27Kb lim: 3884 exec/s: 1047 rss: 128Mb L: 65/3169 MS: 2 EraseBytes-ManualDict- DE: "\200\000"-
#111294	REDUCE cov: 1421 ft: 2204 corp: 63/27Kb lim: 3884 exec/s: 1049 rss: 128Mb L: 97/3169 MS: 4 ShuffleBytes-ChangeBit-ChangeBinInt-EraseBytes-
#112965	REDUCE cov: 1421 ft: 2204 corp: 63/27Kb lim: 3895 exec/s: 1055 rss: 129Mb L: 78/3169 MS: 1 EraseBytes-
#113301	REDUCE cov: 1421 ft: 2204 corp: 63/27Kb lim: 3895 exec/s: 1049 rss: 129Mb L: 77/3169 MS: 1 EraseBytes-
#115267	REDUCE cov: 1421 ft: 2204 corp: 63/27Kb lim: 3906 exec/s: 1057 rss: 131Mb L: 66/3169 MS: 1 EraseBytes-
#119193	REDUCE cov: 1421 ft: 2204 corp: 63/27Kb lim: 3939 exec/s: 1054 rss: 134Mb L: 74/3169 MS: 1 EraseBytes-
#124886	REDUCE cov: 1421 ft: 2204 corp: 63/27Kb lim: 3994 exec/s: 1058 rss: 138Mb L: 65/3169 MS: 3 PersAutoDict-InsertRepeatedBytes-EraseBytes- DE: "\015\001"-
#127922	REDUCE cov: 1421 ft: 2204 corp: 63/27Kb lim: 4016 exec/s: 1066 rss: 140Mb L: 69/3169 MS: 1 EraseBytes-
#129149	REDUCE cov: 1421 ft: 2204 corp: 63/27Kb lim: 4027 exec/s: 1067 rss: 141Mb L: 65/3169 MS: 2 EraseBytes-InsertByte-
#131072	pulse  cov: 1421 ft: 2204 corp: 63/27Kb lim: 4038 exec/s: 1065 rss: 143Mb
#133495	REDUCE cov: 1421 ft: 2204 corp: 63/27Kb lim: 4060 exec/s: 1067 rss: 145Mb L: 65/3169 MS: 1 EraseBytes-
#137029	REDUCE cov: 1421 ft: 2204 corp: 63/27Kb lim: 4093 exec/s: 1070 rss: 147Mb L: 65/3169 MS: 4 InsertByte-ChangeByte-EraseBytes-ManualDict- DE: "\000\001"-
#141555	REDUCE cov: 1421 ft: 2204 corp: 63/27Kb lim: 4096 exec/s: 1072 rss: 150Mb L: 65/3169 MS: 1 EraseBytes-
#147947	REDUCE cov: 1421 ft: 2204 corp: 63/27Kb lim: 4096 exec/s: 1079 rss: 155Mb L: 65/3169 MS: 2 EraseBytes-InsertByte-
#178834	REDUCE cov: 1421 ft: 2204 corp: 63/27Kb lim: 4096 exec/s: 1070 rss: 177Mb L: 65/3169 MS: 2 ChangeByte-EraseBytes-
#185026	REDUCE cov: 1421 ft: 2204 corp: 63/27Kb lim: 4096 exec/s: 1069 rss: 182Mb L: 65/3169 MS: 2 CrossOver-EraseBytes-
#224649	REDUCE cov: 1421 ft: 2204 corp: 63/27Kb lim: 4096 exec/s: 1080 rss: 210Mb L: 65/3169 MS: 3 EraseBytes-InsertByte-CMP- DE: "3\262qo\027\177\000\000"-
#229489	REDUCE cov: 1421 ft: 2204 corp: 63/27Kb lim: 4096 exec/s: 1082 rss: 214Mb L: 65/3169 MS: 5 ChangeBit-ShuffleBytes-ManualDict-InsertRepeatedBytes-EraseBytes- DE: "\015\001"-
#248305	REDUCE cov: 1421 ft: 2204 corp: 63/27Kb lim: 4096 exec/s: 1089 rss: 228Mb L: 65/3169 MS: 1 EraseBytes-
#250276	REDUCE cov: 1421 ft: 2204 corp: 63/27Kb lim: 4096 exec/s: 1092 rss: 229Mb L: 67/3169 MS: 1 EraseBytes-
#262144	pulse  cov: 1421 ft: 2204 corp: 63/27Kb lim: 4096 exec/s: 1096 rss: 237Mb
#274913	REDUCE cov: 1421 ft: 2204 corp: 63/27Kb lim: 4096 exec/s: 1099 rss: 247Mb L: 66/3169 MS: 2 ChangeBit-EraseBytes-
#350545	REDUCE cov: 1421 ft: 2204 corp: 63/27Kb lim: 4096 exec/s: 1112 rss: 301Mb L: 65/3169 MS: 2 InsertByte-EraseBytes-
#364459	REDUCE cov: 1421 ft: 2204 corp: 63/27Kb lim: 4096 exec/s: 1114 rss: 312Mb L: 65/3169 MS: 4 ChangeBit-EraseBytes-ChangeBinInt-InsertByte-
#452720	REDUCE cov: 1421 ft: 2204 corp: 63/27Kb lim: 4096 exec/s: 1128 rss: 376Mb L: 65/3169 MS: 1 EraseBytes-
#524288	pulse  cov: 1421 ft: 2204 corp: 63/27Kb lim: 4096 exec/s: 1137 rss: 400Mb
#1048576	pulse  cov: 1421 ft: 2204 corp: 63/27Kb lim: 4096 exec/s: 1183 rss: 400Mb
#2097152	pulse  cov: 1421 ft: 2204 corp: 63/27Kb lim: 4096 exec/s: 1224 rss: 400Mb
#4194304	pulse  cov: 1421 ft: 2204 corp: 63/27Kb lim: 4096 exec/s: 1277 rss: 402Mb
#8388608	pulse  cov: 1421 ft: 2204 corp: 63/27Kb lim: 4096 exec/s: 1306 rss: 403Mb
#9451610	DONE   cov: 1421 ft: 2204 corp: 63/27Kb lim: 4096 exec/s: 1312 rss: 403Mb
###### Recommended dictionary. ######
"\377\377~\027o~*@" # Uses: 79965
"`Z o\027\177\000\000" # Uses: 80014
"\377\377" # Uses: 80787
"\377e" # Uses: 80548
"\377\377\377w" # Uses: 79472
"3\262qo\027\177\000\000" # Uses: 77510
###### End of recommended dictionary. ######
Done 9451610 runs in 7201 second(s)
stat::number_of_executed_units: 9451610
stat::average_exec_per_sec:     1312
stat::new_units_added:          103
stat::slowest_unit_time_sec:    0
stat::peak_rss_mb:              403
