ops: 20 ['adaptive_posture.controller', 'agent_binding.encode_check_derive', 'ascon.aead_hash', 'batch_verify_ed25519', 'crypto_api.ed25519_keygen_sign_verify', 'crypto_api.hash_and_ct_compare', 'crypto_api.mldsa_keygen_sign_verify', 'crypto_api.mlkem_encaps_decaps', 'equations.proofs', 'hybrid_combiner.combine', 'integrity.verify_module', 'key_formats.jwk_cose_pem_roundtrips', 'key_management.hd_and_rotation', 'module_state.status_attestation', 'monitoring.create_record_report', 'package.create_verify', 'pqc_backends.hkdf_hmac', 'rfc3161.build_request_offline', 'secure_memory.buffer_memzero_random', 'session.store_create_close']; NOT_COVERED: {}
warmup complete: 12000 iters, 0 op errors
iter=5 t=0.0min rss=51092KiB fds=4
iter=10 t=0.0min rss=51104KiB fds=4
iter=15 t=0.0min rss=51104KiB fds=4
iter=20 t=0.0min rss=51104KiB fds=4
iter=25 t=0.0min rss=51104KiB fds=4
iter=30 t=0.0min rss=51104KiB fds=4
iter=35 t=0.0min rss=51104KiB fds=4
iter=40 t=0.0min rss=51104KiB fds=4
iter=45 t=0.0min rss=51104KiB fds=4
iter=50 t=0.0min rss=51104KiB fds=4
iter=55 t=0.0min rss=51104KiB fds=4
iter=60 t=0.0min rss=51104KiB fds=4
iter=65 t=0.0min rss=51108KiB fds=4
iter=70 t=0.0min rss=51108KiB fds=4
iter=75 t=0.0min rss=51108KiB fds=4
iter=80 t=0.0min rss=51108KiB fds=4
iter=85 t=0.0min rss=51108KiB fds=4
iter=90 t=0.0min rss=51108KiB fds=4
iter=95 t=0.0min rss=51108KiB fds=4
iter=100 t=0.0min rss=51108KiB fds=4
iter=105 t=0.0min rss=51108KiB fds=4
iter=110 t=0.1min rss=51108KiB fds=4
iter=115 t=0.1min rss=51108KiB fds=4
iter=120 t=0.1min rss=51112KiB fds=4
iter=125 t=0.1min rss=51112KiB fds=4
iter=130 t=0.1min rss=51112KiB fds=4
iter=135 t=0.1min rss=51112KiB fds=4
iter=140 t=0.1min rss=51112KiB fds=4
iter=145 t=0.1min rss=51112KiB fds=4
iter=150 t=0.1min rss=51112KiB fds=4
iter=155 t=0.1min rss=51112KiB fds=4
iter=160 t=0.1min rss=51112KiB fds=4
iter=165 t=0.1min rss=51120KiB fds=4
iter=170 t=0.1min rss=51120KiB fds=4
iter=175 t=0.1min rss=51120KiB fds=4
iter=180 t=0.1min rss=51120KiB fds=4
iter=185 t=0.1min rss=51120KiB fds=4
iter=190 t=0.1min rss=51120KiB fds=4
iter=195 t=0.1min rss=51120KiB fds=4
iter=200 t=0.1min rss=51120KiB fds=4
iter=205 t=0.1min rss=51120KiB fds=4
iter=210 t=0.1min rss=51120KiB fds=4
iter=215 t=0.1min rss=51124KiB fds=4
iter=220 t=0.1min rss=51128KiB fds=4
iter=225 t=0.1min rss=51128KiB fds=4
iter=230 t=0.1min rss=51128KiB fds=4
iter=235 t=0.1min rss=51132KiB fds=4
iter=240 t=0.1min rss=51132KiB fds=4
iter=245 t=0.1min rss=51132KiB fds=4
iter=250 t=0.1min rss=51132KiB fds=4
iter=255 t=0.1min rss=51132KiB fds=4
iter=260 t=0.1min rss=51132KiB fds=4
iter=265 t=0.1min rss=51132KiB fds=4
iter=270 t=0.1min rss=51132KiB fds=4
iter=275 t=0.1min rss=51132KiB fds=4
iter=280 t=0.1min rss=51132KiB fds=4
iter=285 t=0.1min rss=51132KiB fds=4
iter=290 t=0.1min rss=51132KiB fds=4
iter=295 t=0.1min rss=51132KiB fds=4
iter=300 t=0.1min rss=51132KiB fds=4
iter=305 t=0.1min rss=51132KiB fds=4
iter=310 t=0.1min rss=51132KiB fds=4
iter=315 t=0.1min rss=51132KiB fds=4
iter=320 t=0.1min rss=51132KiB fds=4
iter=325 t=0.1min rss=51132KiB fds=4
iter=330 t=0.2min rss=51132KiB fds=4
iter=335 t=0.2min rss=51132KiB fds=4
iter=340 t=0.2min rss=51132KiB fds=4
iter=345 t=0.2min rss=51132KiB fds=4
iter=350 t=0.2min rss=51136KiB fds=4
iter=355 t=0.2min rss=51136KiB fds=4
iter=360 t=0.2min rss=51136KiB fds=4
iter=365 t=0.2min rss=51136KiB fds=4
iter=370 t=0.2min rss=51136KiB fds=4
iter=375 t=0.2min rss=51136KiB fds=4
iter=380 t=0.2min rss=51136KiB fds=4
iter=385 t=0.2min rss=51136KiB fds=4
iter=390 t=0.2min rss=51136KiB fds=4
iter=395 t=0.2min rss=51136KiB fds=4
iter=400 t=0.2min rss=51136KiB fds=4
iter=405 t=0.2min rss=51136KiB fds=4
iter=410 t=0.2min rss=51136KiB fds=4
iter=415 t=0.2min rss=51136KiB fds=4
iter=420 t=0.2min rss=51136KiB fds=4
iter=425 t=0.2min rss=51136KiB fds=4
iter=430 t=0.2min rss=51140KiB fds=4
iter=435 t=0.2min rss=51140KiB fds=4
iter=440 t=0.2min rss=51140KiB fds=4
iter=445 t=0.2min rss=51140KiB fds=4
iter=450 t=0.2min rss=51140KiB fds=4
iter=455 t=0.2min rss=51140KiB fds=4
iter=460 t=0.2min rss=51140KiB fds=4
iter=465 t=0.2min rss=51140KiB fds=4
iter=470 t=0.2min rss=51140KiB fds=4
iter=475 t=0.2min rss=51140KiB fds=4
iter=480 t=0.2min rss=51140KiB fds=4
iter=485 t=0.2min rss=51140KiB fds=4
iter=490 t=0.2min rss=51140KiB fds=4
iter=495 t=0.2min rss=51140KiB fds=4
iter=500 t=0.2min rss=51140KiB fds=4
iter=505 t=0.2min rss=51140KiB fds=4
iter=510 t=0.2min rss=51140KiB fds=4
iter=515 t=0.2min rss=51140KiB fds=4
iter=520 t=0.2min rss=51140KiB fds=4
iter=525 t=0.2min rss=51140KiB fds=4
iter=530 t=0.2min rss=51140KiB fds=4
iter=535 t=0.2min rss=51140KiB fds=4
iter=540 t=0.2min rss=51140KiB fds=4
iter=545 t=0.2min rss=51144KiB fds=4
iter=550 t=0.3min rss=51144KiB fds=4
iter=555 t=0.3min rss=51144KiB fds=4
iter=560 t=0.3min rss=51144KiB fds=4
iter=565 t=0.3min rss=51144KiB fds=4
iter=570 t=0.3min rss=51144KiB fds=4
iter=575 t=0.3min rss=51144KiB fds=4
iter=580 t=0.3min rss=51144KiB fds=4
iter=585 t=0.3min rss=51148KiB fds=4
iter=590 t=0.3min rss=51148KiB fds=4
iter=595 t=0.3min rss=51148KiB fds=4
iter=600 t=0.3min rss=51148KiB fds=4
iter=605 t=0.3min rss=51148KiB fds=4
iter=610 t=0.3min rss=51148KiB fds=4
iter=615 t=0.3min rss=51148KiB fds=4
iter=620 t=0.3min rss=51148KiB fds=4
iter=625 t=0.3min rss=51148KiB fds=4
iter=630 t=0.3min rss=51148KiB fds=4
iter=635 t=0.3min rss=51148KiB fds=4
iter=640 t=0.3min rss=51148KiB fds=4
iter=645 t=0.3min rss=51148KiB fds=4
iter=650 t=0.3min rss=51152KiB fds=4
iter=655 t=0.3min rss=51152KiB fds=4
iter=660 t=0.3min rss=51152KiB fds=4
iter=665 t=0.3min rss=51152KiB fds=4
iter=670 t=0.3min rss=51152KiB fds=4
iter=675 t=0.3min rss=51152KiB fds=4
iter=680 t=0.3min rss=51152KiB fds=4
iter=685 t=0.3min rss=51152KiB fds=4
iter=690 t=0.3min rss=51152KiB fds=4
iter=695 t=0.3min rss=51152KiB fds=4
iter=700 t=0.3min rss=51152KiB fds=4
iter=705 t=0.3min rss=51152KiB fds=4
iter=710 t=0.3min rss=51152KiB fds=4
iter=715 t=0.3min rss=51152KiB fds=4
iter=720 t=0.3min rss=51152KiB fds=4
iter=725 t=0.3min rss=51152KiB fds=4
iter=730 t=0.3min rss=51152KiB fds=4
iter=735 t=0.3min rss=51152KiB fds=4
iter=740 t=0.3min rss=51152KiB fds=4
iter=745 t=0.3min rss=51152KiB fds=4
iter=750 t=0.3min rss=51152KiB fds=4
iter=755 t=0.3min rss=51152KiB fds=4
iter=760 t=0.3min rss=51152KiB fds=4
iter=765 t=0.3min rss=51152KiB fds=4
iter=770 t=0.4min rss=51152KiB fds=4
iter=775 t=0.4min rss=51152KiB fds=4
iter=780 t=0.4min rss=51152KiB fds=4
iter=785 t=0.4min rss=51152KiB fds=4
iter=790 t=0.4min rss=51152KiB fds=4
iter=795 t=0.4min rss=51152KiB fds=4
iter=800 t=0.4min rss=51152KiB fds=4
iter=805 t=0.4min rss=51152KiB fds=4
iter=810 t=0.4min rss=51152KiB fds=4
iter=815 t=0.4min rss=51152KiB fds=4
iter=820 t=0.4min rss=51156KiB fds=4
iter=825 t=0.4min rss=51156KiB fds=4
iter=830 t=0.4min rss=51156KiB fds=4
iter=835 t=0.4min rss=51156KiB fds=4
iter=840 t=0.4min rss=51156KiB fds=4
iter=845 t=0.4min rss=51156KiB fds=4
iter=850 t=0.4min rss=51156KiB fds=4
iter=855 t=0.4min rss=51156KiB fds=4
iter=860 t=0.4min rss=51156KiB fds=4
iter=865 t=0.4min rss=51156KiB fds=4
iter=870 t=0.4min rss=51156KiB fds=4
iter=875 t=0.4min rss=51156KiB fds=4
iter=880 t=0.4min rss=51156KiB fds=4
iter=885 t=0.4min rss=51156KiB fds=4
iter=890 t=0.4min rss=51156KiB fds=4
iter=895 t=0.4min rss=51156KiB fds=4
iter=900 t=0.4min rss=51156KiB fds=4
iter=905 t=0.4min rss=51156KiB fds=4
iter=910 t=0.4min rss=51156KiB fds=4
iter=915 t=0.4min rss=51156KiB fds=4
iter=920 t=0.4min rss=51160KiB fds=4
iter=925 t=0.4min rss=51160KiB fds=4
iter=930 t=0.4min rss=51160KiB fds=4
iter=935 t=0.4min rss=51160KiB fds=4
iter=940 t=0.4min rss=51160KiB fds=4
iter=945 t=0.4min rss=51160KiB fds=4
iter=950 t=0.4min rss=51160KiB fds=4
iter=955 t=0.4min rss=51160KiB fds=4
iter=960 t=0.4min rss=51160KiB fds=4
iter=965 t=0.4min rss=51160KiB fds=4
iter=970 t=0.4min rss=51160KiB fds=4
iter=975 t=0.4min rss=51160KiB fds=4
iter=980 t=0.4min rss=51160KiB fds=4
iter=985 t=0.5min rss=51160KiB fds=4
iter=990 t=0.5min rss=51160KiB fds=4
iter=995 t=0.5min rss=51160KiB fds=4
iter=1000 t=0.5min rss=51160KiB fds=4
iter=1005 t=0.5min rss=51160KiB fds=4
iter=1010 t=0.5min rss=51160KiB fds=4
iter=1015 t=0.5min rss=51160KiB fds=4
iter=1020 t=0.5min rss=51160KiB fds=4
iter=1025 t=0.5min rss=51160KiB fds=4
iter=1030 t=0.5min rss=51160KiB fds=4
iter=1035 t=0.5min rss=51160KiB fds=4
iter=1040 t=0.5min rss=51160KiB fds=4
iter=1045 t=0.5min rss=51160KiB fds=4
iter=1050 t=0.5min rss=51164KiB fds=4
iter=1055 t=0.5min rss=51164KiB fds=4
iter=1060 t=0.5min rss=51168KiB fds=4
iter=1065 t=0.5min rss=51168KiB fds=4
iter=1070 t=0.5min rss=51168KiB fds=4
iter=1075 t=0.5min rss=51168KiB fds=4
iter=1080 t=0.5min rss=51168KiB fds=4
iter=1085 t=0.5min rss=51168KiB fds=4
iter=1090 t=0.5min rss=51168KiB fds=4
iter=1095 t=0.5min rss=51168KiB fds=4
iter=1100 t=0.5min rss=51168KiB fds=4
iter=1105 t=0.5min rss=51168KiB fds=4
iter=1110 t=0.5min rss=51168KiB fds=4
iter=1115 t=0.5min rss=51168KiB fds=4
iter=1120 t=0.5min rss=51168KiB fds=4
iter=1125 t=0.5min rss=51168KiB fds=4
iter=1130 t=0.5min rss=51168KiB fds=4
iter=1135 t=0.5min rss=51168KiB fds=4
iter=1140 t=0.5min rss=51168KiB fds=4
iter=1145 t=0.5min rss=51168KiB fds=4
iter=1150 t=0.5min rss=51168KiB fds=4
iter=1155 t=0.5min rss=51168KiB fds=4
iter=1160 t=0.5min rss=51168KiB fds=4
iter=1165 t=0.5min rss=51168KiB fds=4
iter=1170 t=0.5min rss=51168KiB fds=4
iter=1175 t=0.5min rss=51168KiB fds=4
iter=1180 t=0.5min rss=51168KiB fds=4
iter=1185 t=0.5min rss=51168KiB fds=4
iter=1190 t=0.5min rss=51168KiB fds=4
iter=1195 t=0.5min rss=51168KiB fds=4
iter=1200 t=0.6min rss=51172KiB fds=4
iter=1205 t=0.6min rss=51172KiB fds=4
iter=1210 t=0.6min rss=51172KiB fds=4
iter=1215 t=0.6min rss=51172KiB fds=4
iter=1220 t=0.6min rss=51172KiB fds=4
iter=1225 t=0.6min rss=51172KiB fds=4
iter=1230 t=0.6min rss=51172KiB fds=4
iter=1235 t=0.6min rss=51172KiB fds=4
iter=1240 t=0.6min rss=51172KiB fds=4
iter=1245 t=0.6min rss=51172KiB fds=4
iter=1250 t=0.6min rss=51172KiB fds=4
iter=1255 t=0.6min rss=51172KiB fds=4
iter=1260 t=0.6min rss=51172KiB fds=4
iter=1265 t=0.6min rss=51172KiB fds=4
iter=1270 t=0.6min rss=51172KiB fds=4
iter=1275 t=0.6min rss=51172KiB fds=4
iter=1280 t=0.6min rss=51180KiB fds=4
iter=1285 t=0.6min rss=51180KiB fds=4
iter=1290 t=0.6min rss=51180KiB fds=4
iter=1295 t=0.6min rss=51180KiB fds=4
iter=1300 t=0.6min rss=51180KiB fds=4
iter=1305 t=0.6min rss=51180KiB fds=4
iter=1310 t=0.6min rss=51180KiB fds=4
iter=1315 t=0.6min rss=51180KiB fds=4
iter=1320 t=0.6min rss=51180KiB fds=4
iter=1325 t=0.6min rss=51180KiB fds=4
iter=1330 t=0.6min rss=51180KiB fds=4
iter=1335 t=0.6min rss=51180KiB fds=4
iter=1340 t=0.6min rss=51180KiB fds=4
iter=1345 t=0.6min rss=51180KiB fds=4
iter=1350 t=0.6min rss=51180KiB fds=4
iter=1355 t=0.6min rss=51180KiB fds=4
iter=1360 t=0.6min rss=51180KiB fds=4
iter=1365 t=0.6min rss=51180KiB fds=4
iter=1370 t=0.6min rss=51180KiB fds=4
iter=1375 t=0.6min rss=51180KiB fds=4
iter=1380 t=0.6min rss=51180KiB fds=4
iter=1385 t=0.6min rss=51180KiB fds=4
iter=1390 t=0.6min rss=51180KiB fds=4
iter=1395 t=0.6min rss=51180KiB fds=4
iter=1400 t=0.6min rss=51180KiB fds=4
iter=1405 t=0.6min rss=51180KiB fds=4
iter=1410 t=0.7min rss=51180KiB fds=4
iter=1415 t=0.7min rss=51180KiB fds=4
iter=1420 t=0.7min rss=51180KiB fds=4
iter=1425 t=0.7min rss=51180KiB fds=4
iter=1430 t=0.7min rss=51180KiB fds=4
iter=1435 t=0.7min rss=51180KiB fds=4
iter=1440 t=0.7min rss=51180KiB fds=4
iter=1445 t=0.7min rss=51180KiB fds=4
iter=1450 t=0.7min rss=51180KiB fds=4
iter=1455 t=0.7min rss=51180KiB fds=4
iter=1460 t=0.7min rss=51180KiB fds=4
iter=1465 t=0.7min rss=51180KiB fds=4
iter=1470 t=0.7min rss=51180KiB fds=4
iter=1475 t=0.7min rss=51180KiB fds=4
iter=1480 t=0.7min rss=51180KiB fds=4
iter=1485 t=0.7min rss=51180KiB fds=4
iter=1490 t=0.7min rss=51180KiB fds=4
iter=1495 t=0.7min rss=51180KiB fds=4
iter=1500 t=0.7min rss=51184KiB fds=4
iter=1505 t=0.7min rss=51184KiB fds=4
iter=1510 t=0.7min rss=51184KiB fds=4
iter=1515 t=0.7min rss=51184KiB fds=4
iter=1520 t=0.7min rss=51184KiB fds=4
iter=1525 t=0.7min rss=51184KiB fds=4
iter=1530 t=0.7min rss=51184KiB fds=4
iter=1535 t=0.7min rss=51184KiB fds=4
iter=1540 t=0.7min rss=51184KiB fds=4
iter=1545 t=0.7min rss=51184KiB fds=4
iter=1550 t=0.7min rss=51184KiB fds=4
iter=1555 t=0.7min rss=51184KiB fds=4
iter=1560 t=0.7min rss=51184KiB fds=4
iter=1565 t=0.7min rss=51184KiB fds=4
iter=1570 t=0.7min rss=51184KiB fds=4
iter=1575 t=0.7min rss=51184KiB fds=4
iter=1580 t=0.7min rss=51184KiB fds=4
iter=1585 t=0.7min rss=51184KiB fds=4
iter=1590 t=0.7min rss=51184KiB fds=4
iter=1595 t=0.7min rss=51184KiB fds=4
iter=1600 t=0.7min rss=51184KiB fds=4
iter=1605 t=0.7min rss=51184KiB fds=4
iter=1610 t=0.7min rss=51184KiB fds=4
iter=1615 t=0.7min rss=51184KiB fds=4
iter=1620 t=0.7min rss=51184KiB fds=4
iter=1625 t=0.8min rss=51184KiB fds=4
iter=1630 t=0.8min rss=51184KiB fds=4
iter=1635 t=0.8min rss=51184KiB fds=4
iter=1640 t=0.8min rss=51184KiB fds=4
iter=1645 t=0.8min rss=51184KiB fds=4
iter=1650 t=0.8min rss=51184KiB fds=4
iter=1655 t=0.8min rss=51188KiB fds=4
iter=1660 t=0.8min rss=51188KiB fds=4
iter=1665 t=0.8min rss=51188KiB fds=4
iter=1670 t=0.8min rss=51188KiB fds=4
iter=1675 t=0.8min rss=51188KiB fds=4
iter=1680 t=0.8min rss=51188KiB fds=4
iter=1685 t=0.8min rss=51188KiB fds=4
iter=1690 t=0.8min rss=51188KiB fds=4
iter=1695 t=0.8min rss=51188KiB fds=4
iter=1700 t=0.8min rss=51188KiB fds=4
iter=1705 t=0.8min rss=51188KiB fds=4
iter=1710 t=0.8min rss=51188KiB fds=4
iter=1715 t=0.8min rss=51188KiB fds=4
iter=1720 t=0.8min rss=51188KiB fds=4
iter=1725 t=0.8min rss=51188KiB fds=4
iter=1730 t=0.8min rss=51188KiB fds=4
iter=1735 t=0.8min rss=51188KiB fds=4
iter=1740 t=0.8min rss=51188KiB fds=4
iter=1745 t=0.8min rss=51188KiB fds=4
iter=1750 t=0.8min rss=51188KiB fds=4
iter=1755 t=0.8min rss=51188KiB fds=4
iter=1760 t=0.8min rss=51192KiB fds=4
iter=1765 t=0.8min rss=51192KiB fds=4
iter=1770 t=0.8min rss=51192KiB fds=4
iter=1775 t=0.8min rss=51192KiB fds=4
iter=1780 t=0.8min rss=51192KiB fds=4
iter=1785 t=0.8min rss=51192KiB fds=4
iter=1790 t=0.8min rss=51192KiB fds=4
iter=1795 t=0.8min rss=51192KiB fds=4
iter=1800 t=0.8min rss=51192KiB fds=4
iter=1805 t=0.8min rss=51192KiB fds=4
iter=1810 t=0.8min rss=51192KiB fds=4
iter=1815 t=0.8min rss=51192KiB fds=4
iter=1820 t=0.8min rss=51192KiB fds=4
iter=1825 t=0.8min rss=51192KiB fds=4
iter=1830 t=0.9min rss=51192KiB fds=4
iter=1835 t=0.9min rss=51192KiB fds=4
iter=1840 t=0.9min rss=51192KiB fds=4
iter=1845 t=0.9min rss=51192KiB fds=4
iter=1850 t=0.9min rss=51192KiB fds=4
iter=1855 t=0.9min rss=51192KiB fds=4
iter=1860 t=0.9min rss=51192KiB fds=4
iter=1865 t=0.9min rss=51192KiB fds=4
iter=1870 t=0.9min rss=51192KiB fds=4
iter=1875 t=0.9min rss=51192KiB fds=4
iter=1880 t=0.9min rss=51192KiB fds=4
iter=1885 t=0.9min rss=51192KiB fds=4
iter=1890 t=0.9min rss=51192KiB fds=4
iter=1895 t=0.9min rss=51192KiB fds=4
iter=1900 t=0.9min rss=51192KiB fds=4
iter=1905 t=0.9min rss=51192KiB fds=4
iter=1910 t=0.9min rss=51192KiB fds=4
iter=1915 t=0.9min rss=51192KiB fds=4
iter=1920 t=0.9min rss=51192KiB fds=4
iter=1925 t=0.9min rss=51192KiB fds=4
iter=1930 t=0.9min rss=51192KiB fds=4
iter=1935 t=0.9min rss=51192KiB fds=4
iter=1940 t=0.9min rss=51192KiB fds=4
iter=1945 t=0.9min rss=51192KiB fds=4
iter=1950 t=0.9min rss=51192KiB fds=4
iter=1955 t=0.9min rss=51192KiB fds=4
iter=1960 t=0.9min rss=51192KiB fds=4
iter=1965 t=0.9min rss=51192KiB fds=4
iter=1970 t=0.9min rss=51192KiB fds=4
iter=1975 t=0.9min rss=51192KiB fds=4
iter=1980 t=0.9min rss=51192KiB fds=4
iter=1985 t=0.9min rss=51192KiB fds=4
iter=1990 t=0.9min rss=51192KiB fds=4
iter=1995 t=0.9min rss=51196KiB fds=4
iter=2000 t=0.9min rss=51196KiB fds=4
iter=2005 t=0.9min rss=51196KiB fds=4
iter=2010 t=0.9min rss=51200KiB fds=4
iter=2015 t=0.9min rss=51200KiB fds=4
iter=2020 t=0.9min rss=51200KiB fds=4
iter=2025 t=0.9min rss=51200KiB fds=4
iter=2030 t=0.9min rss=51200KiB fds=4
iter=2035 t=0.9min rss=51200KiB fds=4
iter=2040 t=1.0min rss=51200KiB fds=4
iter=2045 t=1.0min rss=51200KiB fds=4
iter=2050 t=1.0min rss=51200KiB fds=4
iter=2055 t=1.0min rss=51200KiB fds=4
iter=2060 t=1.0min rss=51200KiB fds=4
iter=2065 t=1.0min rss=51200KiB fds=4
iter=2070 t=1.0min rss=51200KiB fds=4
iter=2075 t=1.0min rss=51200KiB fds=4
iter=2080 t=1.0min rss=51200KiB fds=4
iter=2085 t=1.0min rss=51200KiB fds=4
iter=2090 t=1.0min rss=51200KiB fds=4
iter=2095 t=1.0min rss=51200KiB fds=4
iter=2100 t=1.0min rss=51200KiB fds=4
iter=2105 t=1.0min rss=51200KiB fds=4
iter=2110 t=1.0min rss=51200KiB fds=4
iter=2115 t=1.0min rss=51200KiB fds=4
iter=2120 t=1.0min rss=51200KiB fds=4
iter=2125 t=1.0min rss=51200KiB fds=4
iter=2130 t=1.0min rss=51200KiB fds=4
iter=2135 t=1.0min rss=51200KiB fds=4
iter=2140 t=1.0min rss=51200KiB fds=4
iter=2145 t=1.0min rss=51200KiB fds=4
iter=2150 t=1.0min rss=51200KiB fds=4
iter=2155 t=1.0min rss=51200KiB fds=4
iter=2160 t=1.0min rss=51200KiB fds=4
iter=2165 t=1.0min rss=51200KiB fds=4
iter=2170 t=1.0min rss=51200KiB fds=4
iter=2175 t=1.0min rss=51200KiB fds=4
iter=2180 t=1.0min rss=51200KiB fds=4
iter=2185 t=1.0min rss=51200KiB fds=4
iter=2190 t=1.0min rss=51200KiB fds=4
iter=2195 t=1.0min rss=51200KiB fds=4
iter=2200 t=1.0min rss=51200KiB fds=4
iter=2205 t=1.0min rss=51200KiB fds=4
iter=2210 t=1.0min rss=51208KiB fds=4
iter=2215 t=1.0min rss=51208KiB fds=4
iter=2220 t=1.0min rss=51208KiB fds=4
iter=2225 t=1.0min rss=51208KiB fds=4
iter=2230 t=1.0min rss=51208KiB fds=4
iter=2235 t=1.0min rss=51208KiB fds=4
iter=2240 t=1.0min rss=51208KiB fds=4
iter=2245 t=1.1min rss=51208KiB fds=4
iter=2250 t=1.1min rss=51208KiB fds=4
iter=2255 t=1.1min rss=51212KiB fds=4
iter=2260 t=1.1min rss=51212KiB fds=4
iter=2265 t=1.1min rss=51212KiB fds=4
iter=2270 t=1.1min rss=51212KiB fds=4
iter=2275 t=1.1min rss=51212KiB fds=4
iter=2280 t=1.1min rss=51212KiB fds=4
iter=2285 t=1.1min rss=51212KiB fds=4
iter=2290 t=1.1min rss=51212KiB fds=4
iter=2295 t=1.1min rss=51212KiB fds=4
iter=2300 t=1.1min rss=51212KiB fds=4
iter=2305 t=1.1min rss=51212KiB fds=4
iter=2310 t=1.1min rss=51212KiB fds=4
iter=2315 t=1.1min rss=51212KiB fds=4
iter=2320 t=1.1min rss=51212KiB fds=4
iter=2325 t=1.1min rss=51212KiB fds=4
iter=2330 t=1.1min rss=51212KiB fds=4
iter=2335 t=1.1min rss=51212KiB fds=4
iter=2340 t=1.1min rss=51212KiB fds=4
iter=2345 t=1.1min rss=51212KiB fds=4
iter=2350 t=1.1min rss=51212KiB fds=4
iter=2355 t=1.1min rss=51212KiB fds=4
iter=2360 t=1.1min rss=51212KiB fds=4
iter=2365 t=1.1min rss=51212KiB fds=4
iter=2370 t=1.1min rss=51212KiB fds=4
iter=2375 t=1.1min rss=51212KiB fds=4
iter=2380 t=1.1min rss=51212KiB fds=4
iter=2385 t=1.1min rss=51212KiB fds=4
iter=2390 t=1.1min rss=51212KiB fds=4
iter=2395 t=1.1min rss=51212KiB fds=4
iter=2400 t=1.1min rss=51212KiB fds=4
iter=2405 t=1.1min rss=51212KiB fds=4
iter=2410 t=1.1min rss=51212KiB fds=4
iter=2415 t=1.1min rss=51212KiB fds=4
iter=2420 t=1.1min rss=51212KiB fds=4
iter=2425 t=1.1min rss=51212KiB fds=4
iter=2430 t=1.1min rss=51212KiB fds=4
iter=2435 t=1.1min rss=51212KiB fds=4
iter=2440 t=1.1min rss=51212KiB fds=4
iter=2445 t=1.1min rss=51212KiB fds=4
iter=2450 t=1.1min rss=51212KiB fds=4
iter=2455 t=1.2min rss=51212KiB fds=4
iter=2460 t=1.2min rss=51212KiB fds=4
iter=2465 t=1.2min rss=51212KiB fds=4
iter=2470 t=1.2min rss=51212KiB fds=4
iter=2475 t=1.2min rss=51212KiB fds=4
iter=2480 t=1.2min rss=51212KiB fds=4
iter=2485 t=1.2min rss=51212KiB fds=4
iter=2490 t=1.2min rss=51212KiB fds=4
iter=2495 t=1.2min rss=51212KiB fds=4
iter=2500 t=1.2min rss=51212KiB fds=4
iter=2505 t=1.2min rss=51212KiB fds=4
iter=2510 t=1.2min rss=51212KiB fds=4
iter=2515 t=1.2min rss=51212KiB fds=4
iter=2520 t=1.2min rss=51212KiB fds=4
iter=2525 t=1.2min rss=51212KiB fds=4
iter=2530 t=1.2min rss=51212KiB fds=4
iter=2535 t=1.2min rss=51216KiB fds=4
iter=2540 t=1.2min rss=51216KiB fds=4
iter=2545 t=1.2min rss=51216KiB fds=4
iter=2550 t=1.2min rss=51216KiB fds=4
iter=2555 t=1.2min rss=51216KiB fds=4
iter=2560 t=1.2min rss=51216KiB fds=4
iter=2565 t=1.2min rss=51216KiB fds=4
iter=2570 t=1.2min rss=51216KiB fds=4
iter=2575 t=1.2min rss=51216KiB fds=4
iter=2580 t=1.2min rss=51216KiB fds=4
iter=2585 t=1.2min rss=51216KiB fds=4
iter=2590 t=1.2min rss=51216KiB fds=4
iter=2595 t=1.2min rss=51216KiB fds=4
iter=2600 t=1.2min rss=51220KiB fds=4
iter=2605 t=1.2min rss=51220KiB fds=4
iter=2610 t=1.2min rss=51220KiB fds=4
iter=2615 t=1.2min rss=51220KiB fds=4
iter=2620 t=1.2min rss=51220KiB fds=4
iter=2625 t=1.2min rss=51220KiB fds=4
iter=2630 t=1.2min rss=51220KiB fds=4
iter=2635 t=1.2min rss=51220KiB fds=4
iter=2640 t=1.2min rss=51220KiB fds=4
iter=2645 t=1.2min rss=51220KiB fds=4
iter=2650 t=1.2min rss=51220KiB fds=4
iter=2655 t=1.2min rss=51224KiB fds=4
iter=2660 t=1.3min rss=51224KiB fds=4
iter=2665 t=1.3min rss=51224KiB fds=4
iter=2670 t=1.3min rss=51224KiB fds=4
iter=2675 t=1.3min rss=51224KiB fds=4
iter=2680 t=1.3min rss=51224KiB fds=4
iter=2685 t=1.3min rss=51224KiB fds=4
Signed integrity check failed: native library digest MISMATCH — libama_cryptography has been modified since signing (signed=d59ee7cc1a323886..., loaded=6c7a076309f0cdda... at '/home/user/AMA-Cryptography/ama_cryptography/libama_cryptography.so')
Signed integrity check failed: native library digest MISMATCH — libama_cryptography has been modified since signing (signed=d59ee7cc1a323886..., loaded=6c7a076309f0cdda... at '/home/user/AMA-Cryptography/ama_cryptography/libama_cryptography.so')
iter=2690 t=1.3min rss=51224KiB fds=4
Signed integrity check failed: native library digest MISMATCH — libama_cryptography has been modified since signing (signed=d59ee7cc1a323886..., loaded=6c7a076309f0cdda... at '/home/user/AMA-Cryptography/ama_cryptography/libama_cryptography.so')
Signed integrity check failed: native library digest MISMATCH — libama_cryptography has been modified since signing (signed=d59ee7cc1a323886..., loaded=6c7a076309f0cdda... at '/home/user/AMA-Cryptography/ama_cryptography/libama_cryptography.so')
Signed integrity check failed: native library digest MISMATCH — libama_cryptography has been modified since signing (signed=d59ee7cc1a323886..., loaded=6c7a076309f0cdda... at '/home/user/AMA-Cryptography/ama_cryptography/libama_cryptography.so')
Signed integrity check failed: native library digest MISMATCH — libama_cryptography has been modified since signing (signed=d59ee7cc1a323886..., loaded=6c7a076309f0cdda... at '/home/user/AMA-Cryptography/ama_cryptography/libama_cryptography.so')
Signed integrity check failed: native library digest MISMATCH — libama_cryptography has been modified since signing (signed=d59ee7cc1a323886..., loaded=6c7a076309f0cdda... at '/home/user/AMA-Cryptography/ama_cryptography/libama_cryptography.so')
iter=2695 t=1.3min rss=51224KiB fds=4
Signed integrity check failed: native library digest MISMATCH — libama_cryptography has been modified since signing (signed=d59ee7cc1a323886..., loaded=6c7a076309f0cdda... at '/home/user/AMA-Cryptography/ama_cryptography/libama_cryptography.so')
Signed integrity check failed: native library digest MISMATCH — libama_cryptography has been modified since signing (signed=d59ee7cc1a323886..., loaded=6c7a076309f0cdda... at '/home/user/AMA-Cryptography/ama_cryptography/libama_cryptography.so')
Signed integrity check failed: native library digest MISMATCH — libama_cryptography has been modified since signing (signed=d59ee7cc1a323886..., loaded=6c7a076309f0cdda... at '/home/user/AMA-Cryptography/ama_cryptography/libama_cryptography.so')
Signed integrity check failed: native library digest MISMATCH — libama_cryptography has been modified since signing (signed=d59ee7cc1a323886..., loaded=6c7a076309f0cdda... at '/home/user/AMA-Cryptography/ama_cryptography/libama_cryptography.so')
Signed integrity check failed: native library digest MISMATCH — libama_cryptography has been modified since signing (signed=d59ee7cc1a323886..., loaded=6c7a076309f0cdda... at '/home/user/AMA-Cryptography/ama_cryptography/libama_cryptography.so')
iter=2700 t=1.3min rss=51224KiB fds=4
Signed integrity check failed: native library digest MISMATCH — libama_cryptography has been modified since signing (signed=d59ee7cc1a323886..., loaded=6c7a076309f0cdda... at '/home/user/AMA-Cryptography/ama_cryptography/libama_cryptography.so')
Signed integrity check failed: native library digest MISMATCH — libama_cryptography has been modified since signing (signed=d59ee7cc1a323886..., loaded=6c7a076309f0cdda... at '/home/user/AMA-Cryptography/ama_cryptography/libama_cryptography.so')
Signed integrity check failed: native library digest MISMATCH — libama_cryptography has been modified since signing (signed=d59ee7cc1a323886..., loaded=6c7a076309f0cdda... at '/home/user/AMA-Cryptography/ama_cryptography/libama_cryptography.so')
Signed integrity check failed: native library digest MISMATCH — libama_cryptography has been modified since signing (signed=d59ee7cc1a323886..., loaded=6c7a076309f0cdda... at '/home/user/AMA-Cryptography/ama_cryptography/libama_cryptography.so')
Signed integrity check failed: native library digest MISMATCH — libama_cryptography has been modified since signing (signed=d59ee7cc1a323886..., loaded=6c7a076309f0cdda... at '/home/user/AMA-Cryptography/ama_cryptography/libama_cryptography.so')
iter=2705 t=1.3min rss=51224KiB fds=4
Signed integrity check failed: native library digest MISMATCH — libama_cryptography has been modified since signing (signed=d59ee7cc1a323886..., loaded=6c7a076309f0cdda... at '/home/user/AMA-Cryptography/ama_cryptography/libama_cryptography.so')
Signed integrity check failed: native library digest MISMATCH — libama_cryptography has been modified since signing (signed=d59ee7cc1a323886..., loaded=6c7a076309f0cdda... at '/home/user/AMA-Cryptography/ama_cryptography/libama_cryptography.so')
Signed integrity check failed: native library digest MISMATCH — libama_cryptography has been modified since signing (signed=d59ee7cc1a323886..., loaded=6c7a076309f0cdda... at '/home/user/AMA-Cryptography/ama_cryptography/libama_cryptography.so')
Signed integrity check failed: native library digest MISMATCH — libama_cryptography has been modified since signing (signed=d59ee7cc1a323886..., loaded=6c7a076309f0cdda... at '/home/user/AMA-Cryptography/ama_cryptography/libama_cryptography.so')
OP ERRORS (21):
   iter2689 integrity.verify_module: RuntimeError("module integrity: native library digest MISMATCH — libama_cryptography has been modified since signing (signed=d59ee7cc1a323886..., loaded=6c7a076309f0cdda... at '/home/user/AMA-Cryptography/ama_cryptography/libama_cryptography.so')")
   iter2690 integrity.verify_module: RuntimeError("module integrity: native library digest MISMATCH — libama_cryptography has been modified since signing (signed=d59ee7cc1a323886..., loaded=6c7a076309f0cdda... at '/home/user/AMA-Cryptography/ama_cryptography/libama_cryptography.so')")
   iter2691 integrity.verify_module: RuntimeError("module integrity: native library digest MISMATCH — libama_cryptography has been modified since signing (signed=d59ee7cc1a323886..., loaded=6c7a076309f0cdda... at '/home/user/AMA-Cryptography/ama_cryptography/libama_cryptography.so')")
   iter2692 integrity.verify_module: RuntimeError("module integrity: native library digest MISMATCH — libama_cryptography has been modified since signing (signed=d59ee7cc1a323886..., loaded=6c7a076309f0cdda... at '/home/user/AMA-Cryptography/ama_cryptography/libama_cryptography.so')")
   iter2693 integrity.verify_module: RuntimeError("module integrity: native library digest MISMATCH — libama_cryptography has been modified since signing (signed=d59ee7cc1a323886..., loaded=6c7a076309f0cdda... at '/home/user/AMA-Cryptography/ama_cryptography/libama_cryptography.so')")
   iter2694 integrity.verify_module: RuntimeError("module integrity: native library digest MISMATCH — libama_cryptography has been modified since signing (signed=d59ee7cc1a323886..., loaded=6c7a076309f0cdda... at '/home/user/AMA-Cryptography/ama_cryptography/libama_cryptography.so')")
   iter2695 integrity.verify_module: RuntimeError("module integrity: native library digest MISMATCH — libama_cryptography has been modified since signing (signed=d59ee7cc1a323886..., loaded=6c7a076309f0cdda... at '/home/user/AMA-Cryptography/ama_cryptography/libama_cryptography.so')")
   iter2696 integrity.verify_module: RuntimeError("module integrity: native library digest MISMATCH — libama_cryptography has been modified since signing (signed=d59ee7cc1a323886..., loaded=6c7a076309f0cdda... at '/home/user/AMA-Cryptography/ama_cryptography/libama_cryptography.so')")
   iter2697 integrity.verify_module: RuntimeError("module integrity: native library digest MISMATCH — libama_cryptography has been modified since signing (signed=d59ee7cc1a323886..., loaded=6c7a076309f0cdda... at '/home/user/AMA-Cryptography/ama_cryptography/libama_cryptography.so')")
   iter2698 integrity.verify_module: RuntimeError("module integrity: native library digest MISMATCH — libama_cryptography has been modified since signing (signed=d59ee7cc1a323886..., loaded=6c7a076309f0cdda... at '/home/user/AMA-Cryptography/ama_cryptography/libama_cryptography.so')")
   iter2699 integrity.verify_module: RuntimeError("module integrity: native library digest MISMATCH — libama_cryptography has been modified since signing (signed=d59ee7cc1a323886..., loaded=6c7a076309f0cdda... at '/home/user/AMA-Cryptography/ama_cryptography/libama_cryptography.so')")
   iter2700 integrity.verify_module: RuntimeError("module integrity: native library digest MISMATCH — libama_cryptography has been modified since signing (signed=d59ee7cc1a323886..., loaded=6c7a076309f0cdda... at '/home/user/AMA-Cryptography/ama_cryptography/libama_cryptography.so')")
   iter2701 integrity.verify_module: RuntimeError("module integrity: native library digest MISMATCH — libama_cryptography has been modified since signing (signed=d59ee7cc1a323886..., loaded=6c7a076309f0cdda... at '/home/user/AMA-Cryptography/ama_cryptography/libama_cryptography.so')")
   iter2702 integrity.verify_module: RuntimeError("module integrity: native library digest MISMATCH — libama_cryptography has been modified since signing (signed=d59ee7cc1a323886..., loaded=6c7a076309f0cdda... at '/home/user/AMA-Cryptography/ama_cryptography/libama_cryptography.so')")
   iter2703 integrity.verify_module: RuntimeError("module integrity: native library digest MISMATCH — libama_cryptography has been modified since signing (signed=d59ee7cc1a323886..., loaded=6c7a076309f0cdda... at '/home/user/AMA-Cryptography/ama_cryptography/libama_cryptography.so')")
   iter2704 integrity.verify_module: RuntimeError("module integrity: native library digest MISMATCH — libama_cryptography has been modified since signing (signed=d59ee7cc1a323886..., loaded=6c7a076309f0cdda... at '/home/user/AMA-Cryptography/ama_cryptography/libama_cryptography.so')")
   iter2705 integrity.verify_module: RuntimeError("module integrity: native library digest MISMATCH — libama_cryptography has been modified since signing (signed=d59ee7cc1a323886..., loaded=6c7a076309f0cdda... at '/home/user/AMA-Cryptography/ama_cryptography/libama_cryptography.so')")
   iter2706 integrity.verify_module: RuntimeError("module integrity: native library digest MISMATCH — libama_cryptography has been modified since signing (signed=d59ee7cc1a323886..., loaded=6c7a076309f0cdda... at '/home/user/AMA-Cryptography/ama_cryptography/libama_cryptography.so')")
   iter2707 integrity.verify_module: RuntimeError("module integrity: native library digest MISMATCH — libama_cryptography has been modified since signing (signed=d59ee7cc1a323886..., loaded=6c7a076309f0cdda... at '/home/user/AMA-Cryptography/ama_cryptography/libama_cryptography.so')")
   iter2708 integrity.verify_module: RuntimeError("module integrity: native library digest MISMATCH — libama_cryptography has been modified since signing (signed=d59ee7cc1a323886..., loaded=6c7a076309f0cdda... at '/home/user/AMA-Cryptography/ama_cryptography/libama_cryptography.so')")
iterations=2709 samples=541 fd_delta=0 rss_slope=78471 B/min (threshold < 10240)
RSS SLOPE OVER THRESHOLD
REFLEAK SOAK: FAIL
