Dictionary: 4 entries
INFO: Running with entropic power schedule (0xFF, 100).
INFO: Seed: 337492350
INFO: Loaded 1 modules   (10098 inline 8-bit counters): 10098 [0x5644de84b108, 0x5644de84d87a), 
INFO: Loaded 1 PC tables (10098 PCs): 10098 [0x5644de84d880,0x5644de874fa0), 
INFO:       60 files found in /home/user/AMA-Cryptography/build-fuzz/corpus-work/fuzz_dilithium
INFO:       62 files found in /home/user/AMA-Cryptography/fuzz/seed_corpus/fuzz_dilithium
INFO: -max_len is not provided; libFuzzer will not generate inputs larger than 5278 bytes
INFO: seed corpus: files: 122 min: 1b max: 5278b total: 31143b rss: 33Mb
#4	pulse  cov: 5 ft: 2090 corp: 2/3b exec/s: 1 rss: 39Mb
#8	pulse  cov: 2160 ft: 3147 corp: 6/11b exec/s: 2 rss: 40Mb
#16	pulse  cov: 2160 ft: 3381 corp: 13/40b exec/s: 5 rss: 41Mb
#32	pulse  cov: 2172 ft: 3788 corp: 22/297b exec/s: 10 rss: 42Mb
#64	pulse  cov: 2173 ft: 3905 corp: 47/1247b exec/s: 21 rss: 43Mb
#123	INITED cov: 2215 ft: 4351 corp: 71/16Kb exec/s: 30 rss: 45Mb
#128	pulse  cov: 2215 ft: 4351 corp: 71/16Kb lim: 5278 exec/s: 32 rss: 45Mb
#136	NEW    cov: 2215 ft: 4352 corp: 72/16Kb lim: 5278 exec/s: 34 rss: 45Mb L: 7/5278 MS: 3 CopyPart-ManualDict-ShuffleBytes- DE: "\000\000\002\000"-
#148	REDUCE cov: 2215 ft: 4352 corp: 72/16Kb lim: 5278 exec/s: 37 rss: 46Mb L: 92/5278 MS: 2 ManualDict-EraseBytes- DE: "\001\000\200\177"-
#149	NEW    cov: 2215 ft: 4459 corp: 73/16Kb lim: 5278 exec/s: 37 rss: 46Mb L: 50/5278 MS: 1 ChangeByte-
#152	NEW    cov: 2215 ft: 4460 corp: 74/16Kb lim: 5278 exec/s: 38 rss: 46Mb L: 30/5278 MS: 3 ChangeBinInt-CopyPart-ManualDict- DE: "\001\000\200\177"-
#159	NEW    cov: 2215 ft: 4464 corp: 75/17Kb lim: 5278 exec/s: 39 rss: 46Mb L: 44/5278 MS: 2 PersAutoDict-ChangeByte- DE: "\001\000\200\177"-
#161	NEW    cov: 2215 ft: 4469 corp: 76/17Kb lim: 5278 exec/s: 40 rss: 46Mb L: 52/5278 MS: 2 ChangeByte-CrossOver-
#174	NEW    cov: 2215 ft: 4472 corp: 77/17Kb lim: 5278 exec/s: 43 rss: 46Mb L: 46/5278 MS: 3 CopyPart-CopyPart-ShuffleBytes-
#186	NEW    cov: 2215 ft: 4475 corp: 78/17Kb lim: 5278 exec/s: 46 rss: 46Mb L: 6/5278 MS: 2 InsertByte-ShuffleBytes-
#194	NEW    cov: 2215 ft: 4486 corp: 79/17Kb lim: 5278 exec/s: 48 rss: 46Mb L: 8/5278 MS: 3 PersAutoDict-PersAutoDict-InsertByte- DE: "\001\000\200\177"-"\000\000\002\000"-
#199	NEW    cov: 2216 ft: 4487 corp: 80/17Kb lim: 5278 exec/s: 49 rss: 46Mb L: 12/5278 MS: 5 CrossOver-InsertByte-CrossOver-InsertRepeatedBytes-EraseBytes-
#220	NEW    cov: 2216 ft: 4488 corp: 81/17Kb lim: 5278 exec/s: 55 rss: 47Mb L: 212/5278 MS: 1 InsertRepeatedBytes-
#224	NEW    cov: 2216 ft: 4489 corp: 82/17Kb lim: 5278 exec/s: 44 rss: 47Mb L: 53/5278 MS: 4 PersAutoDict-CopyPart-CMP-ChangeBinInt- DE: "\001\000\200\177"-"\001\000\000\000"-
#256	pulse  cov: 2216 ft: 4489 corp: 82/17Kb lim: 5278 exec/s: 51 rss: 47Mb
#279	NEW    cov: 2216 ft: 4491 corp: 83/17Kb lim: 5278 exec/s: 55 rss: 47Mb L: 207/5278 MS: 5 ShuffleBytes-CMP-ManualDict-InsertRepeatedBytes-PersAutoDict- DE: "\377\377~\003\202\034\001\000"-"\001\000\200\177"-"\000\000\002\000"-
#317	NEW    cov: 2216 ft: 4495 corp: 84/17Kb lim: 5278 exec/s: 63 rss: 48Mb L: 5/5278 MS: 2 EraseBytes-InsertByte-
#323	NEW    cov: 2216 ft: 4496 corp: 85/17Kb lim: 5278 exec/s: 64 rss: 48Mb L: 5/5278 MS: 1 ShuffleBytes-
#363	NEW    cov: 2216 ft: 4497 corp: 86/17Kb lim: 5278 exec/s: 60 rss: 48Mb L: 70/5278 MS: 5 EraseBytes-PersAutoDict-PersAutoDict-ChangeBit-InsertRepeatedBytes- DE: "\000\000\002\000"-"\001\000\000\000"-
#381	NEW    cov: 2216 ft: 4499 corp: 87/17Kb lim: 5278 exec/s: 63 rss: 48Mb L: 27/5278 MS: 3 InsertByte-CrossOver-InsertByte-
#393	NEW    cov: 2216 ft: 4522 corp: 88/17Kb lim: 5278 exec/s: 65 rss: 48Mb L: 33/5278 MS: 2 CMP-EraseBytes- DE: "\001\000\177\003\202\021\000\340"-
#399	NEW    cov: 2216 ft: 4741 corp: 89/17Kb lim: 5278 exec/s: 66 rss: 49Mb L: 35/5278 MS: 1 ManualDict- DE: "\000\000\000\000\000\000\000\000\000\000\000\000\000\000\000\000\000\000\000\000\000\000\000\000\000\000\000\000\000\000\000\000"-
#406	NEW    cov: 2216 ft: 4742 corp: 90/17Kb lim: 5278 exec/s: 67 rss: 49Mb L: 18/5278 MS: 2 ChangeByte-EraseBytes-
#408	REDUCE cov: 2216 ft: 4742 corp: 90/17Kb lim: 5278 exec/s: 68 rss: 49Mb L: 104/5278 MS: 2 ChangeBinInt-EraseBytes-
#450	NEW    cov: 2216 ft: 4743 corp: 91/17Kb lim: 5278 exec/s: 75 rss: 49Mb L: 79/5278 MS: 2 CrossOver-ChangeBinInt-
#458	NEW    cov: 2216 ft: 4744 corp: 92/17Kb lim: 5278 exec/s: 65 rss: 49Mb L: 97/5278 MS: 3 ChangeByte-PersAutoDict-CrossOver- DE: "\001\000\177\003\202\021\000\340"-
#459	NEW    cov: 2216 ft: 4746 corp: 93/17Kb lim: 5278 exec/s: 65 rss: 49Mb L: 19/5278 MS: 1 EraseBytes-
#466	NEW    cov: 2216 ft: 4748 corp: 94/17Kb lim: 5278 exec/s: 66 rss: 49Mb L: 6/5278 MS: 2 ManualDict-ChangeBinInt- DE: "\000\000\002\000"-
#512	pulse  cov: 2216 ft: 4748 corp: 94/17Kb lim: 5278 exec/s: 73 rss: 49Mb
#537	NEW    cov: 2216 ft: 4749 corp: 95/17Kb lim: 5278 exec/s: 76 rss: 49Mb L: 6/5278 MS: 1 EraseBytes-
#554	NEW    cov: 2216 ft: 4781 corp: 96/18Kb lim: 5278 exec/s: 79 rss: 49Mb L: 208/5278 MS: 2 InsertByte-CopyPart-
#630	NEW    cov: 2217 ft: 4782 corp: 97/22Kb lim: 5278 exec/s: 78 rss: 49Mb L: 4618/5278 MS: 1 CrossOver-
#653	NEW    cov: 2217 ft: 4789 corp: 98/22Kb lim: 5278 exec/s: 81 rss: 50Mb L: 23/5278 MS: 3 EraseBytes-ChangeByte-ChangeBinInt-
#668	NEW    cov: 2217 ft: 4790 corp: 99/22Kb lim: 5278 exec/s: 83 rss: 50Mb L: 42/5278 MS: 5 CrossOver-ManualDict-CrossOver-ChangeByte-PersAutoDict- DE: "\001\000\200\177"-"\377\377~\003\202\034\001\000"-
#682	REDUCE cov: 2217 ft: 4790 corp: 99/22Kb lim: 5278 exec/s: 85 rss: 50Mb L: 121/5278 MS: 4 ChangeASCIIInt-InsertByte-InsertRepeatedBytes-EraseBytes-
#745	NEW    cov: 2217 ft: 4791 corp: 100/22Kb lim: 5278 exec/s: 82 rss: 50Mb L: 149/5278 MS: 3 EraseBytes-InsertRepeatedBytes-InsertRepeatedBytes-
#758	NEW    cov: 2217 ft: 4890 corp: 101/26Kb lim: 5278 exec/s: 84 rss: 50Mb L: 3314/5278 MS: 3 InsertByte-ShuffleBytes-PersAutoDict- DE: "\001\000\000\000"-
#772	REDUCE cov: 2217 ft: 4890 corp: 101/26Kb lim: 5278 exec/s: 85 rss: 50Mb L: 33/5278 MS: 4 EraseBytes-ShuffleBytes-ChangeBinInt-ChangeByte-
#806	NEW    cov: 2217 ft: 4893 corp: 102/26Kb lim: 5278 exec/s: 89 rss: 50Mb L: 96/5278 MS: 4 ManualDict-CMP-ChangeBinInt-InsertRepeatedBytes- DE: "`\360\005\000"-"\000\000\000\000"-
#814	NEW    cov: 2217 ft: 4894 corp: 103/26Kb lim: 5278 exec/s: 90 rss: 51Mb L: 44/5278 MS: 3 CopyPart-CrossOver-CopyPart-
#835	NEW    cov: 2217 ft: 4902 corp: 104/26Kb lim: 5278 exec/s: 83 rss: 51Mb L: 4/5278 MS: 1 InsertByte-
#910	NEW    cov: 2217 ft: 4904 corp: 105/26Kb lim: 5278 exec/s: 91 rss: 51Mb L: 61/5278 MS: 5 CopyPart-ShuffleBytes-CopyPart-ChangeBinInt-ShuffleBytes-
#945	REDUCE cov: 2217 ft: 4904 corp: 105/26Kb lim: 5278 exec/s: 94 rss: 51Mb L: 188/5278 MS: 5 CMP-ChangeBit-EraseBytes-ChangeByte-ChangeBit- DE: "\035\001\020\202\003\177\000\000"-
#949	NEW    cov: 2217 ft: 4905 corp: 106/26Kb lim: 5278 exec/s: 94 rss: 51Mb L: 24/5278 MS: 4 EraseBytes-CMP-CrossOver-InsertByte- DE: "\000\000\000\000"-
#961	NEW    cov: 2217 ft: 4907 corp: 107/26Kb lim: 5278 exec/s: 87 rss: 51Mb L: 6/5278 MS: 2 CrossOver-ManualDict- DE: "\000\000\002\000"-
#1024	pulse  cov: 2217 ft: 4907 corp: 107/26Kb lim: 5278 exec/s: 93 rss: 51Mb
#1126	NEW    cov: 2217 ft: 4908 corp: 108/29Kb lim: 5278 exec/s: 93 rss: 52Mb L: 3837/5278 MS: 5 ShuffleBytes-ShuffleBytes-ChangeBinInt-CopyPart-EraseBytes-
#1148	NEW    cov: 2217 ft: 4909 corp: 109/33Kb lim: 5278 exec/s: 95 rss: 52Mb L: 3377/5278 MS: 2 ShuffleBytes-InsertRepeatedBytes-
#1227	NEW    cov: 2217 ft: 4923 corp: 110/33Kb lim: 5278 exec/s: 94 rss: 52Mb L: 8/5278 MS: 4 ChangeBit-ChangeByte-ChangeBinInt-CMP- DE: "\017\000\000\000"-
#1244	NEW    cov: 2217 ft: 4934 corp: 111/36Kb lim: 5278 exec/s: 95 rss: 52Mb L: 3345/5278 MS: 2 ShuffleBytes-PersAutoDict- DE: "\000\000\000\000\000\000\000\000\000\000\000\000\000\000\000\000\000\000\000\000\000\000\000\000\000\000\000\000\000\000\000\000"-
#1256	NEW    cov: 2217 ft: 4935 corp: 112/39Kb lim: 5278 exec/s: 96 rss: 52Mb L: 3317/5278 MS: 2 PersAutoDict-ManualDict- DE: "`\360\005\000"-"\001\000\200\177"-
#1285	NEW    cov: 2217 ft: 4940 corp: 113/39Kb lim: 5278 exec/s: 98 rss: 53Mb L: 72/5278 MS: 4 ShuffleBytes-CrossOver-ShuffleBytes-InsertByte-
#1317	NEW    cov: 2218 ft: 4941 corp: 114/40Kb lim: 5278 exec/s: 94 rss: 53Mb L: 208/5278 MS: 2 CopyPart-CMP- DE: "\000\000\000\000"-
#1335	NEW    cov: 2233 ft: 4986 corp: 115/40Kb lim: 5278 exec/s: 95 rss: 53Mb L: 30/5278 MS: 3 EraseBytes-CrossOver-CopyPart-
#1351	NEW    cov: 2233 ft: 4990 corp: 116/43Kb lim: 5278 exec/s: 96 rss: 53Mb L: 3314/5278 MS: 1 CrossOver-
#1368	REDUCE cov: 2233 ft: 4990 corp: 116/42Kb lim: 5278 exec/s: 97 rss: 53Mb L: 2768/5278 MS: 2 InsertRepeatedBytes-EraseBytes-
#1376	NEW    cov: 2233 ft: 4994 corp: 117/42Kb lim: 5278 exec/s: 98 rss: 53Mb L: 18/5278 MS: 3 ChangeBinInt-EraseBytes-ManualDict- DE: "\000\000\002\000"-
#1449	REDUCE cov: 2233 ft: 4994 corp: 117/42Kb lim: 5278 exec/s: 96 rss: 53Mb L: 2/5278 MS: 3 CrossOver-ChangeByte-EraseBytes-
#1482	REDUCE cov: 2233 ft: 4994 corp: 117/42Kb lim: 5278 exec/s: 98 rss: 54Mb L: 47/5278 MS: 3 ManualDict-EraseBytes-InsertByte- DE: "\001\000\200\177"-
#1488	NEW    cov: 2233 ft: 4995 corp: 118/43Kb lim: 5278 exec/s: 99 rss: 54Mb L: 424/5278 MS: 1 InsertByte-
#1596	NEW    cov: 2233 ft: 5004 corp: 119/46Kb lim: 5278 exec/s: 99 rss: 54Mb L: 3070/5278 MS: 3 InsertRepeatedBytes-EraseBytes-PersAutoDict- DE: "\035\001\020\202\003\177\000\000"-
#1606	NEW    cov: 2233 ft: 5005 corp: 120/46Kb lim: 5278 exec/s: 100 rss: 54Mb L: 135/5278 MS: 5 ChangeBinInt-InsertRepeatedBytes-ManualDict-ChangeByte-ChangeBit- DE: "\000\000\002\000"-
#1622	NEW    cov: 2233 ft: 5006 corp: 121/46Kb lim: 5278 exec/s: 101 rss: 54Mb L: 33/5278 MS: 1 ChangeBit-
#1637	NEW    cov: 2233 ft: 5012 corp: 122/46Kb lim: 5278 exec/s: 96 rss: 54Mb L: 525/5278 MS: 5 InsertRepeatedBytes-InsertRepeatedBytes-InsertRepeatedBytes-ChangeByte-InsertRepeatedBytes-
#1641	NEW    cov: 2233 ft: 5115 corp: 123/47Kb lim: 5278 exec/s: 96 rss: 54Mb L: 254/5278 MS: 4 CopyPart-ChangeBit-CMP-ManualDict- DE: "\022\001\031\202\003\177\000\000"-"\000\000\000\000\000\000\000\000\000\000\000\000\000\000\000\000\000\000\000\000\000\000\000\000\000\000\000\000\000\000\000\000"-
#1678	NEW    cov: 2233 ft: 5116 corp: 124/47Kb lim: 5278 exec/s: 98 rss: 54Mb L: 676/5278 MS: 2 PersAutoDict-CrossOver- DE: "`\360\005\000"-
#1696	NEW    cov: 2233 ft: 5122 corp: 125/47Kb lim: 5278 exec/s: 99 rss: 54Mb L: 51/5278 MS: 3 PersAutoDict-CrossOver-InsertByte- DE: "\035\001\020\202\003\177\000\000"-
#1731	NEW    cov: 2233 ft: 5127 corp: 126/48Kb lim: 5278 exec/s: 101 rss: 55Mb L: 895/5278 MS: 5 CrossOver-PersAutoDict-PersAutoDict-ManualDict-CopyPart- DE: "\377\377~\003\202\034\001\000"-"\001\000\177\003\202\021\000\340"-"\000\000\000\000\000\000\000\000\000\000\000\000\000\000\000\000\000\000\000\000\000\000\000\000\000\000\000\000\000\000\000\000"-
#1847	REDUCE cov: 2233 ft: 5127 corp: 126/48Kb lim: 5278 exec/s: 97 rss: 55Mb L: 41/5278 MS: 1 EraseBytes-
#1863	REDUCE cov: 2233 ft: 5127 corp: 126/48Kb lim: 5278 exec/s: 98 rss: 55Mb L: 101/5278 MS: 1 EraseBytes-
#1883	NEW    cov: 2233 ft: 5139 corp: 127/48Kb lim: 5278 exec/s: 99 rss: 55Mb L: 34/5278 MS: 5 CrossOver-CopyPart-ChangeBinInt-ChangeBinInt-ChangeBit-
#1884	NEW    cov: 2233 ft: 5146 corp: 128/48Kb lim: 5278 exec/s: 99 rss: 55Mb L: 6/5278 MS: 1 EraseBytes-
#1915	REDUCE cov: 2233 ft: 5146 corp: 128/48Kb lim: 5278 exec/s: 100 rss: 55Mb L: 35/5278 MS: 1 EraseBytes-
#1929	NEW    cov: 2233 ft: 5148 corp: 129/48Kb lim: 5278 exec/s: 101 rss: 55Mb L: 56/5278 MS: 4 ChangeByte-ShuffleBytes-ChangeByte-PersAutoDict- DE: "\035\001\020\202\003\177\000\000"-
#1957	NEW    cov: 2234 ft: 5149 corp: 130/49Kb lim: 5278 exec/s: 97 rss: 55Mb L: 322/5278 MS: 3 InsertRepeatedBytes-CrossOver-CopyPart-
#2007	NEW    cov: 2234 ft: 5150 corp: 131/50Kb lim: 5278 exec/s: 100 rss: 56Mb L: 1629/5278 MS: 5 PersAutoDict-ChangeBinInt-CrossOver-InsertByte-EraseBytes- DE: "\001\000\177\003\202\021\000\340"-
#2038	NEW    cov: 2234 ft: 5151 corp: 132/50Kb lim: 5278 exec/s: 101 rss: 56Mb L: 66/5278 MS: 1 ManualDict- DE: "\000\000\000\000\000\000\000\000\000\000\000\000\000\000\000\000\000\000\000\000\000\000\000\000\000\000\000\000\000\000\000\000"-
#2041	REDUCE cov: 2234 ft: 5151 corp: 132/48Kb lim: 5278 exec/s: 102 rss: 56Mb L: 710/5278 MS: 3 CrossOver-InsertRepeatedBytes-CrossOver-
#2048	pulse  cov: 2234 ft: 5151 corp: 132/48Kb lim: 5278 exec/s: 102 rss: 56Mb
#2124	NEW    cov: 2234 ft: 5152 corp: 133/48Kb lim: 5278 exec/s: 101 rss: 56Mb L: 525/5278 MS: 3 ChangeBinInt-ChangeBit-CMP- DE: "\001\000\000\010"-
#2237	NEW    cov: 2234 ft: 5161 corp: 134/52Kb lim: 5278 exec/s: 101 rss: 56Mb L: 3828/5278 MS: 3 InsertRepeatedBytes-CopyPart-ManualDict- DE: "`\360\005\000"-
#2348	NEW    cov: 2234 ft: 5177 corp: 135/52Kb lim: 5278 exec/s: 102 rss: 56Mb L: 10/5278 MS: 1 CopyPart-
#2471	NEW    cov: 2234 ft: 5180 corp: 136/52Kb lim: 5278 exec/s: 98 rss: 57Mb L: 88/5278 MS: 3 ManualDict-CrossOver-PersAutoDict- DE: "\001\000\200\177"-"\035\001\020\202\003\177\000\000"-
#2485	REDUCE cov: 2234 ft: 5180 corp: 136/52Kb lim: 5278 exec/s: 99 rss: 57Mb L: 57/5278 MS: 4 ChangeBinInt-ShuffleBytes-ChangeByte-EraseBytes-
#2638	REDUCE cov: 2234 ft: 5180 corp: 136/52Kb lim: 5278 exec/s: 97 rss: 57Mb L: 75/5278 MS: 3 PersAutoDict-ShuffleBytes-EraseBytes- DE: "\017\000\000\000"-
#2650	NEW    cov: 2234 ft: 5199 corp: 137/52Kb lim: 5278 exec/s: 98 rss: 57Mb L: 33/5278 MS: 2 CopyPart-ChangeBinInt-
#2655	NEW    cov: 2234 ft: 5201 corp: 138/52Kb lim: 5278 exec/s: 98 rss: 57Mb L: 262/5278 MS: 5 CrossOver-InsertByte-CrossOver-EraseBytes-InsertRepeatedBytes-
#2896	REDUCE cov: 2234 ft: 5201 corp: 138/52Kb lim: 5278 exec/s: 99 rss: 57Mb L: 4586/5278 MS: 1 EraseBytes-
#3225	NEW    cov: 2235 ft: 5202 corp: 139/57Kb lim: 5278 exec/s: 97 rss: 58Mb L: 5278/5278 MS: 4 ChangeBinInt-ShuffleBytes-ChangeBit-ChangeBit-
#3293	NEW    cov: 2235 ft: 5209 corp: 140/57Kb lim: 5278 exec/s: 96 rss: 58Mb L: 30/5278 MS: 3 ChangeByte-InsertByte-EraseBytes-
#3354	REDUCE cov: 2235 ft: 5209 corp: 140/57Kb lim: 5278 exec/s: 98 rss: 58Mb L: 379/5278 MS: 1 EraseBytes-
#3450	REDUCE cov: 2235 ft: 5308 corp: 141/60Kb lim: 5278 exec/s: 98 rss: 59Mb L: 2863/5278 MS: 1 InsertRepeatedBytes-
#3478	REDUCE cov: 2235 ft: 5308 corp: 141/60Kb lim: 5278 exec/s: 96 rss: 59Mb L: 498/5278 MS: 3 EraseBytes-CMP-CrossOver- DE: "\377\377~\003\202\024\000\340"-
#3524	REDUCE cov: 2235 ft: 5308 corp: 141/60Kb lim: 5278 exec/s: 97 rss: 59Mb L: 79/5278 MS: 1 EraseBytes-
#3568	NEW    cov: 2235 ft: 5309 corp: 142/60Kb lim: 5278 exec/s: 96 rss: 59Mb L: 182/5278 MS: 4 ChangeBinInt-CrossOver-ChangeByte-InsertByte-
#3627	NEW    cov: 2235 ft: 5332 corp: 143/60Kb lim: 5278 exec/s: 95 rss: 59Mb L: 51/5278 MS: 4 EraseBytes-InsertByte-ChangeByte-ChangeByte-
#3864	REDUCE cov: 2235 ft: 5332 corp: 143/60Kb lim: 5278 exec/s: 96 rss: 60Mb L: 30/5278 MS: 2 ManualDict-EraseBytes- DE: "\000\000\002\000"-
#3983	REDUCE cov: 2235 ft: 5332 corp: 143/60Kb lim: 5278 exec/s: 97 rss: 60Mb L: 3264/5278 MS: 4 InsertByte-ShuffleBytes-InsertByte-EraseBytes-
#4096	pulse  cov: 2235 ft: 5332 corp: 143/60Kb lim: 5278 exec/s: 97 rss: 60Mb
#4120	NEW    cov: 2235 ft: 5335 corp: 144/60Kb lim: 5278 exec/s: 98 rss: 60Mb L: 103/5278 MS: 2 CMP-CopyPart- DE: "\005\006\000\000"-
#4127	REDUCE cov: 2235 ft: 5335 corp: 144/60Kb lim: 5278 exec/s: 98 rss: 60Mb L: 2555/5278 MS: 2 ShuffleBytes-EraseBytes-
#4519	NEW    cov: 2235 ft: 5336 corp: 145/60Kb lim: 5278 exec/s: 96 rss: 61Mb L: 9/5278 MS: 2 EraseBytes-CMP- DE: "\001\000\177\003\202\026\001\033"-
#4570	NEW    cov: 2235 ft: 5337 corp: 146/60Kb lim: 5278 exec/s: 95 rss: 61Mb L: 39/5278 MS: 1 PersAutoDict- DE: "\000\000\000\000"-
#4699	REDUCE cov: 2235 ft: 5339 corp: 147/60Kb lim: 5278 exec/s: 95 rss: 61Mb L: 80/5278 MS: 4 ShuffleBytes-ChangeBit-ChangeBit-InsertRepeatedBytes-
#4721	REDUCE cov: 2235 ft: 5351 corp: 148/60Kb lim: 5278 exec/s: 94 rss: 61Mb L: 188/5278 MS: 2 ChangeBinInt-ShuffleBytes-
#5054	REDUCE cov: 2235 ft: 5351 corp: 148/60Kb lim: 5278 exec/s: 93 rss: 62Mb L: 39/5278 MS: 3 ShuffleBytes-InsertRepeatedBytes-EraseBytes-
#5093	REDUCE cov: 2235 ft: 5351 corp: 148/60Kb lim: 5278 exec/s: 94 rss: 62Mb L: 76/5278 MS: 4 ManualDict-CopyPart-ChangeBit-EraseBytes- DE: "\001\000\200\177"-
#5292	REDUCE cov: 2235 ft: 5352 corp: 149/60Kb lim: 5278 exec/s: 92 rss: 62Mb L: 43/5278 MS: 4 EraseBytes-InsertByte-ChangeBinInt-ManualDict- DE: "\000\000\002\000"-
#5326	NEW    cov: 2235 ft: 5353 corp: 150/60Kb lim: 5278 exec/s: 93 rss: 62Mb L: 171/5278 MS: 4 ManualDict-ChangeByte-InsertByte-InsertRepeatedBytes- DE: "\001\000\200\177"-
#5645	NEW    cov: 2235 ft: 5393 corp: 151/61Kb lim: 5278 exec/s: 94 rss: 63Mb L: 40/5278 MS: 4 ChangeBinInt-ShuffleBytes-PersAutoDict-CrossOver- DE: "\377\377~\003\202\024\000\340"-
#5742	NEW    cov: 2235 ft: 5402 corp: 152/61Kb lim: 5278 exec/s: 94 rss: 63Mb L: 937/5278 MS: 2 InsertRepeatedBytes-ChangeBit-
#5803	REDUCE cov: 2235 ft: 5402 corp: 152/61Kb lim: 5278 exec/s: 92 rss: 63Mb L: 48/5278 MS: 1 EraseBytes-
#5866	NEW    cov: 2235 ft: 5414 corp: 153/61Kb lim: 5278 exec/s: 93 rss: 64Mb L: 30/5278 MS: 3 InsertRepeatedBytes-ShuffleBytes-ShuffleBytes-
#5883	REDUCE cov: 2235 ft: 5414 corp: 153/61Kb lim: 5278 exec/s: 91 rss: 64Mb L: 1150/5278 MS: 2 ChangeBit-EraseBytes-
#6251	NEW    cov: 2235 ft: 5415 corp: 154/61Kb lim: 5278 exec/s: 91 rss: 64Mb L: 208/5278 MS: 3 CMP-ChangeByte-ChangeByte- DE: "\000\000\177\003\202\030\001\015"-
#6279	NEW    cov: 2235 ft: 5417 corp: 155/61Kb lim: 5278 exec/s: 91 rss: 64Mb L: 25/5278 MS: 3 ShuffleBytes-PersAutoDict-EraseBytes- DE: "\022\001\031\202\003\177\000\000"-
#6490	NEW    cov: 2235 ft: 5429 corp: 156/61Kb lim: 5278 exec/s: 90 rss: 64Mb L: 44/5278 MS: 1 PersAutoDict- DE: "\017\000\000\000"-
#6609	REDUCE cov: 2235 ft: 5429 corp: 156/61Kb lim: 5278 exec/s: 90 rss: 65Mb L: 86/5278 MS: 4 ChangeASCIIInt-InsertRepeatedBytes-CrossOver-EraseBytes-
#6739	REDUCE cov: 2235 ft: 5429 corp: 156/61Kb lim: 5278 exec/s: 89 rss: 65Mb L: 3758/5278 MS: 5 ManualDict-ManualDict-ShuffleBytes-InsertByte-CrossOver- DE: "\001\000\200\177"-"\000\000\002\000"-
#6741	REDUCE cov: 2235 ft: 5429 corp: 156/61Kb lim: 5278 exec/s: 89 rss: 65Mb L: 27/5278 MS: 2 EraseBytes-CMP- DE: "\001\000\177\003\202\020\000\340"-
#7173	REDUCE cov: 2235 ft: 5429 corp: 156/61Kb lim: 5278 exec/s: 88 rss: 66Mb L: 88/5278 MS: 2 ManualDict-EraseBytes- DE: "\000\000\002\000"-
#7282	NEW    cov: 2235 ft: 5433 corp: 157/61Kb lim: 5278 exec/s: 87 rss: 66Mb L: 17/5278 MS: 4 CopyPart-ChangeBit-CopyPart-EraseBytes-
#7346	NEW    cov: 2235 ft: 5437 corp: 158/61Kb lim: 5278 exec/s: 88 rss: 66Mb L: 30/5278 MS: 4 ChangeBit-InsertRepeatedBytes-CrossOver-EraseBytes-
#7439	REDUCE cov: 2235 ft: 5437 corp: 158/61Kb lim: 5278 exec/s: 88 rss: 66Mb L: 1111/5278 MS: 3 ManualDict-InsertByte-EraseBytes- DE: "\000\000\002\000"-
#7525	NEW    cov: 2235 ft: 5441 corp: 159/61Kb lim: 5278 exec/s: 87 rss: 67Mb L: 38/5278 MS: 1 PersAutoDict- DE: "\035\001\020\202\003\177\000\000"-
#7834	REDUCE cov: 2235 ft: 5442 corp: 160/61Kb lim: 5278 exec/s: 88 rss: 67Mb L: 75/5278 MS: 4 CrossOver-EraseBytes-EraseBytes-ShuffleBytes-
#7857	NEW    cov: 2235 ft: 5450 corp: 161/61Kb lim: 5278 exec/s: 88 rss: 67Mb L: 65/5278 MS: 3 ChangeByte-ManualDict-ChangeBit- DE: "\000\000\000\000\000\000\000\000\000\000\000\000\000\000\000\000\000\000\000\000\000\000\000\000\000\000\000\000\000\000\000\000"-
#8192	pulse  cov: 2235 ft: 5450 corp: 161/61Kb lim: 5278 exec/s: 88 rss: 67Mb
#8474	REDUCE cov: 2235 ft: 5450 corp: 161/61Kb lim: 5278 exec/s: 87 rss: 68Mb L: 64/5278 MS: 2 CrossOver-EraseBytes-
#8760	REDUCE cov: 2235 ft: 5452 corp: 162/62Kb lim: 5278 exec/s: 87 rss: 68Mb L: 188/5278 MS: 1 CrossOver-
#8914	REDUCE cov: 2235 ft: 5479 corp: 163/62Kb lim: 5278 exec/s: 88 rss: 68Mb L: 46/5278 MS: 4 ChangeByte-ChangeBit-InsertRepeatedBytes-EraseBytes-
#8919	NEW    cov: 2235 ft: 5480 corp: 164/62Kb lim: 5278 exec/s: 88 rss: 68Mb L: 114/5278 MS: 5 ManualDict-ShuffleBytes-EraseBytes-ChangeBit-InsertRepeatedBytes- DE: "`\360\005\000"-
#8979	NEW    cov: 2235 ft: 5484 corp: 165/62Kb lim: 5278 exec/s: 88 rss: 68Mb L: 208/5278 MS: 5 CrossOver-ManualDict-InsertRepeatedBytes-ChangeByte-ChangeBinInt- DE: "\001\000\200\177"-
#9245	REDUCE cov: 2235 ft: 5485 corp: 166/62Kb lim: 5278 exec/s: 88 rss: 69Mb L: 383/5278 MS: 1 PersAutoDict- DE: "\017\000\000\000"-
#9283	REDUCE cov: 2235 ft: 5485 corp: 166/62Kb lim: 5278 exec/s: 88 rss: 69Mb L: 61/5278 MS: 3 InsertByte-ChangeByte-EraseBytes-
#9359	NEW    cov: 2235 ft: 5486 corp: 167/62Kb lim: 5278 exec/s: 88 rss: 69Mb L: 40/5278 MS: 1 ChangeByte-
#9692	NEW    cov: 2235 ft: 5508 corp: 168/62Kb lim: 5278 exec/s: 88 rss: 70Mb L: 208/5278 MS: 3 CMP-ShuffleBytes-ChangeBinInt- DE: "\027\001\021\202\003\177\000\000"-
#10014	REDUCE cov: 2235 ft: 5508 corp: 168/62Kb lim: 5278 exec/s: 88 rss: 70Mb L: 23/5278 MS: 2 ChangeByte-EraseBytes-
#10222	REDUCE cov: 2235 ft: 5508 corp: 168/62Kb lim: 5278 exec/s: 88 rss: 70Mb L: 48/5278 MS: 3 CMP-ChangeBinInt-EraseBytes- DE: "\000\000\000\010"-
#10273	REDUCE cov: 2235 ft: 5508 corp: 168/62Kb lim: 5278 exec/s: 88 rss: 71Mb L: 497/5278 MS: 1 EraseBytes-
#10295	REDUCE cov: 2235 ft: 5508 corp: 168/62Kb lim: 5278 exec/s: 88 rss: 71Mb L: 74/5278 MS: 2 PersAutoDict-EraseBytes- DE: "\022\001\031\202\003\177\000\000"-
#10582	REDUCE cov: 2235 ft: 5508 corp: 168/62Kb lim: 5278 exec/s: 88 rss: 71Mb L: 73/5278 MS: 2 ChangeByte-EraseBytes-
#10658	RELOAD cov: 2235 ft: 5509 corp: 169/63Kb lim: 5278 exec/s: 88 rss: 72Mb
#10755	REDUCE cov: 2235 ft: 5509 corp: 169/62Kb lim: 5278 exec/s: 88 rss: 72Mb L: 1892/5278 MS: 2 ShuffleBytes-EraseBytes-
#11746	REDUCE cov: 2235 ft: 5509 corp: 169/62Kb lim: 5278 exec/s: 88 rss: 73Mb L: 47/5278 MS: 1 EraseBytes-
#12289	REDUCE cov: 2235 ft: 5509 corp: 169/62Kb lim: 5278 exec/s: 89 rss: 73Mb L: 55/5278 MS: 3 CrossOver-ChangeBit-EraseBytes-
#12339	NEW    cov: 2235 ft: 5512 corp: 170/65Kb lim: 5278 exec/s: 89 rss: 73Mb L: 3346/5278 MS: 5 InsertByte-ChangeBit-CrossOver-ChangeByte-ChangeBit-
#12423	REDUCE cov: 2235 ft: 5512 corp: 170/65Kb lim: 5278 exec/s: 89 rss: 73Mb L: 75/5278 MS: 4 ChangeByte-PersAutoDict-ManualDict-EraseBytes- DE: "\377\377~\003\202\024\000\340"-"\000\000\002\000"-
#13091	REDUCE cov: 2235 ft: 5512 corp: 170/65Kb lim: 5278 exec/s: 89 rss: 74Mb L: 57/5278 MS: 3 ChangeBit-ChangeBinInt-EraseBytes-
#13167	REDUCE cov: 2235 ft: 5512 corp: 170/65Kb lim: 5278 exec/s: 89 rss: 74Mb L: 494/5278 MS: 1 EraseBytes-
#13208	REDUCE cov: 2235 ft: 5512 corp: 170/65Kb lim: 5278 exec/s: 89 rss: 74Mb L: 73/5278 MS: 1 EraseBytes-
#13239	REDUCE cov: 2235 ft: 5512 corp: 170/65Kb lim: 5278 exec/s: 89 rss: 74Mb L: 40/5278 MS: 1 EraseBytes-
#14602	REDUCE cov: 2235 ft: 5513 corp: 171/66Kb lim: 5278 exec/s: 88 rss: 76Mb L: 763/5278 MS: 3 InsertByte-EraseBytes-ChangeByte-
#14915	REDUCE cov: 2237 ft: 5522 corp: 172/66Kb lim: 5278 exec/s: 88 rss: 76Mb L: 56/5278 MS: 3 ChangeBit-PersAutoDict-ManualDict- DE: "\001\000\177\003\202\021\000\340"-"\000\000\002\000"-
#15051	REDUCE cov: 2237 ft: 5522 corp: 172/66Kb lim: 5278 exec/s: 88 rss: 76Mb L: 65/5278 MS: 1 EraseBytes-
#15098	REDUCE cov: 2237 ft: 5522 corp: 172/66Kb lim: 5278 exec/s: 87 rss: 76Mb L: 65/5278 MS: 2 CrossOver-EraseBytes-
#15183	NEW    cov: 2237 ft: 5523 corp: 173/68Kb lim: 5278 exec/s: 88 rss: 77Mb L: 1802/5278 MS: 5 ChangeByte-ShuffleBytes-PersAutoDict-EraseBytes-ChangeBinInt- DE: "\001\000\177\003\202\026\001\033"-
#15546	REDUCE cov: 2237 ft: 5523 corp: 173/68Kb lim: 5278 exec/s: 87 rss: 77Mb L: 42/5278 MS: 3 EraseBytes-EraseBytes-CopyPart-
#15774	REDUCE cov: 2237 ft: 5523 corp: 173/68Kb lim: 5278 exec/s: 88 rss: 77Mb L: 345/5278 MS: 3 EraseBytes-ChangeBit-CopyPart-
#16167	REDUCE cov: 2237 ft: 5523 corp: 173/68Kb lim: 5278 exec/s: 88 rss: 77Mb L: 159/5278 MS: 3 ChangeBit-InsertRepeatedBytes-EraseBytes-
#16384	pulse  cov: 2237 ft: 5523 corp: 173/68Kb lim: 5278 exec/s: 87 rss: 78Mb
#16507	REDUCE cov: 2237 ft: 5523 corp: 173/68Kb lim: 5278 exec/s: 87 rss: 78Mb L: 1846/5278 MS: 5 EraseBytes-PersAutoDict-PersAutoDict-ChangeBinInt-PersAutoDict- DE: "\377\377~\003\202\034\001\000"-"\001\000\177\003\202\021\000\340"-"\027\001\021\202\003\177\000\000"-
#18000	REDUCE cov: 2237 ft: 5523 corp: 173/67Kb lim: 5278 exec/s: 87 rss: 79Mb L: 515/5278 MS: 3 ChangeBinInt-InsertRepeatedBytes-EraseBytes-
#18033	REDUCE cov: 2237 ft: 5523 corp: 173/67Kb lim: 5278 exec/s: 87 rss: 79Mb L: 3/5278 MS: 3 ChangeBit-EraseBytes-EraseBytes-
#18039	REDUCE cov: 2237 ft: 5523 corp: 173/67Kb lim: 5278 exec/s: 87 rss: 79Mb L: 59/5278 MS: 1 EraseBytes-
#18433	REDUCE cov: 2237 ft: 5523 corp: 173/67Kb lim: 5278 exec/s: 87 rss: 80Mb L: 650/5278 MS: 4 CopyPart-ChangeBinInt-ManualDict-EraseBytes- DE: "\001\000\200\177"-
#18728	REDUCE cov: 2237 ft: 5523 corp: 173/67Kb lim: 5278 exec/s: 87 rss: 80Mb L: 494/5278 MS: 5 CMP-ChangeByte-ChangeBinInt-CMP-EraseBytes- DE: "\000\000\000\010"-"\377\377\377\377"-
#19846	REDUCE cov: 2237 ft: 5523 corp: 173/67Kb lim: 5278 exec/s: 88 rss: 81Mb L: 37/5278 MS: 3 CrossOver-EraseBytes-ChangeASCIIInt-
#20433	NEW    cov: 2237 ft: 5524 corp: 174/68Kb lim: 5278 exec/s: 88 rss: 82Mb L: 69/5278 MS: 2 ChangeBit-CrossOver-
#21466	NEW    cov: 2237 ft: 5529 corp: 175/68Kb lim: 5278 exec/s: 88 rss: 83Mb L: 101/5278 MS: 3 InsertByte-InsertRepeatedBytes-PersAutoDict- DE: "\000\000\000\000\000\000\000\000\000\000\000\000\000\000\000\000\000\000\000\000\000\000\000\000\000\000\000\000\000\000\000\000"-
#21564	REDUCE cov: 2237 ft: 5529 corp: 175/68Kb lim: 5278 exec/s: 88 rss: 83Mb L: 1110/5278 MS: 3 CrossOver-CrossOver-EraseBytes-
#21860	REDUCE cov: 2237 ft: 5529 corp: 175/68Kb lim: 5278 exec/s: 88 rss: 83Mb L: 36/5278 MS: 1 EraseBytes-
#21926	REDUCE cov: 2237 ft: 5529 corp: 175/68Kb lim: 5278 exec/s: 88 rss: 83Mb L: 22/5278 MS: 1 EraseBytes-
#22173	NEW    cov: 2237 ft: 5530 corp: 176/68Kb lim: 5278 exec/s: 88 rss: 84Mb L: 169/5278 MS: 2 InsertRepeatedBytes-ManualDict- DE: "`\360\005\000"-
#24107	NEW    cov: 2237 ft: 5542 corp: 177/68Kb lim: 5278 exec/s: 88 rss: 85Mb L: 99/5278 MS: 4 InsertByte-CrossOver-CrossOver-CMP- DE: "\377\377~\003\202\032\001\010"-
#24148	REDUCE cov: 2237 ft: 5641 corp: 178/72Kb lim: 5278 exec/s: 88 rss: 86Mb L: 4685/5278 MS: 1 CopyPart-
#24220	REDUCE cov: 2237 ft: 5641 corp: 178/72Kb lim: 5278 exec/s: 88 rss: 86Mb L: 12/5278 MS: 2 EraseBytes-EraseBytes-
#24494	REDUCE cov: 2237 ft: 5641 corp: 178/72Kb lim: 5278 exec/s: 88 rss: 86Mb L: 645/5278 MS: 4 PersAutoDict-CopyPart-EraseBytes-CopyPart- DE: "\000\000\000\010"-
#24630	REDUCE cov: 2237 ft: 5641 corp: 178/72Kb lim: 5278 exec/s: 88 rss: 87Mb L: 3749/5278 MS: 1 EraseBytes-
#25237	REDUCE cov: 2237 ft: 5641 corp: 178/72Kb lim: 5278 exec/s: 88 rss: 87Mb L: 41/5278 MS: 2 CMP-EraseBytes- DE: "\011\001\036\202\003\177\000\000"-
#25684	REDUCE cov: 2237 ft: 5641 corp: 178/72Kb lim: 5278 exec/s: 88 rss: 88Mb L: 65/5278 MS: 2 ChangeASCIIInt-EraseBytes-
#26623	REDUCE cov: 2237 ft: 5641 corp: 178/72Kb lim: 5278 exec/s: 88 rss: 88Mb L: 49/5278 MS: 4 InsertRepeatedBytes-ShuffleBytes-CopyPart-EraseBytes-
#26791	REDUCE cov: 2237 ft: 5641 corp: 178/72Kb lim: 5278 exec/s: 88 rss: 89Mb L: 43/5278 MS: 3 CopyPart-ShuffleBytes-EraseBytes-
#26972	REDUCE cov: 2237 ft: 5641 corp: 178/72Kb lim: 5278 exec/s: 88 rss: 89Mb L: 52/5278 MS: 1 EraseBytes-
#27139	REDUCE cov: 2237 ft: 5641 corp: 178/72Kb lim: 5278 exec/s: 88 rss: 90Mb L: 43/5278 MS: 2 ShuffleBytes-EraseBytes-
#27533	NEW    cov: 2237 ft: 5642 corp: 179/77Kb lim: 5278 exec/s: 88 rss: 90Mb L: 4689/5278 MS: 4 ChangeBinInt-ChangeBinInt-CMP-CMP- DE: "\000\000\000\016"-"\001@\210\035"-
#28211	NEW    cov: 2238 ft: 5647 corp: 180/82Kb lim: 5278 exec/s: 88 rss: 91Mb L: 5278/5278 MS: 3 ChangeBinInt-ChangeBinInt-CrossOver-
#28282	REDUCE cov: 2238 ft: 5647 corp: 180/82Kb lim: 5278 exec/s: 88 rss: 91Mb L: 41/5278 MS: 1 EraseBytes-
#28473	REDUCE cov: 2238 ft: 5647 corp: 180/82Kb lim: 5278 exec/s: 88 rss: 91Mb L: 59/5278 MS: 1 EraseBytes-
#29158	REDUCE cov: 2238 ft: 5647 corp: 180/82Kb lim: 5278 exec/s: 88 rss: 92Mb L: 2813/5278 MS: 5 PersAutoDict-InsertByte-CrossOver-EraseBytes-ManualDict- DE: "\022\001\031\202\003\177\000\000"-"`\360\005\000"-
#29235	NEW    cov: 2238 ft: 5652 corp: 181/87Kb lim: 5278 exec/s: 88 rss: 92Mb L: 5278/5278 MS: 2 ChangeByte-CrossOver-
#29581	REDUCE cov: 2238 ft: 5652 corp: 181/87Kb lim: 5278 exec/s: 88 rss: 93Mb L: 41/5278 MS: 1 EraseBytes-
#30154	NEW    cov: 2238 ft: 5656 corp: 182/87Kb lim: 5278 exec/s: 88 rss: 93Mb L: 105/5278 MS: 3 CrossOver-ChangeBit-ChangeBit-
#30572	REDUCE cov: 2238 ft: 5656 corp: 182/87Kb lim: 5278 exec/s: 88 rss: 94Mb L: 87/5278 MS: 3 PersAutoDict-ChangeBinInt-EraseBytes- DE: "\377\377\377\377"-
#30664	REDUCE cov: 2238 ft: 5656 corp: 182/87Kb lim: 5278 exec/s: 88 rss: 94Mb L: 4308/5278 MS: 2 ChangeBit-EraseBytes-
#30668	REDUCE cov: 2238 ft: 5658 corp: 183/87Kb lim: 5278 exec/s: 88 rss: 94Mb L: 219/5278 MS: 4 PersAutoDict-EraseBytes-InsertByte-ChangeByte- DE: "\000\000\000\016"-
#32768	pulse  cov: 2238 ft: 5658 corp: 183/87Kb lim: 5278 exec/s: 88 rss: 96Mb
#33023	REDUCE cov: 2238 ft: 5658 corp: 183/87Kb lim: 5278 exec/s: 88 rss: 96Mb L: 17/5278 MS: 5 ManualDict-EraseBytes-ChangeBit-CrossOver-EraseBytes- DE: "`\360\005\000"-
#33026	REDUCE cov: 2238 ft: 5665 corp: 184/88Kb lim: 5278 exec/s: 88 rss: 96Mb L: 649/5278 MS: 3 CopyPart-ManualDict-ChangeByte- DE: "\000\000\002\000"-
#33705	REDUCE cov: 2238 ft: 5665 corp: 184/88Kb lim: 5278 exec/s: 88 rss: 97Mb L: 181/5278 MS: 4 EraseBytes-ChangeBinInt-ManualDict-ChangeASCIIInt- DE: "\001\000\200\177"-
#34303	REDUCE cov: 2238 ft: 5665 corp: 184/88Kb lim: 5278 exec/s: 88 rss: 98Mb L: 19/5278 MS: 3 ChangeBit-EraseBytes-ChangeByte-
#35867	REDUCE cov: 2238 ft: 5665 corp: 184/88Kb lim: 5278 exec/s: 88 rss: 99Mb L: 57/5278 MS: 4 CopyPart-ChangeBit-ManualDict-EraseBytes- DE: "\000\000\002\000"-
#36253	REDUCE cov: 2238 ft: 5665 corp: 184/88Kb lim: 5278 exec/s: 88 rss: 99Mb L: 55/5278 MS: 1 EraseBytes-
#36269	REDUCE cov: 2238 ft: 5665 corp: 184/88Kb lim: 5278 exec/s: 88 rss: 99Mb L: 74/5278 MS: 1 EraseBytes-
#36313	REDUCE cov: 2238 ft: 5665 corp: 184/88Kb lim: 5278 exec/s: 88 rss: 100Mb L: 11/5278 MS: 4 InsertByte-EraseBytes-ChangeBit-InsertByte-
#36358	REDUCE cov: 2238 ft: 5665 corp: 184/88Kb lim: 5278 exec/s: 88 rss: 100Mb L: 42/5278 MS: 5 EraseBytes-ChangeBit-CrossOver-EraseBytes-ChangeBit-
#36529	REDUCE cov: 2238 ft: 5665 corp: 184/88Kb lim: 5278 exec/s: 88 rss: 100Mb L: 5268/5278 MS: 1 CrossOver-
#36612	REDUCE cov: 2238 ft: 5665 corp: 184/88Kb lim: 5278 exec/s: 88 rss: 101Mb L: 58/5278 MS: 3 CrossOver-ChangeBit-EraseBytes-
#36990	REDUCE cov: 2238 ft: 5665 corp: 184/88Kb lim: 5278 exec/s: 88 rss: 101Mb L: 4/5278 MS: 3 InsertByte-EraseBytes-ChangeByte-
#37769	REDUCE cov: 2238 ft: 5665 corp: 184/86Kb lim: 5278 exec/s: 88 rss: 102Mb L: 1649/5278 MS: 4 ShuffleBytes-CrossOver-PersAutoDict-CrossOver- DE: "\027\001\021\202\003\177\000\000"-
#37908	REDUCE cov: 2238 ft: 5665 corp: 184/86Kb lim: 5278 exec/s: 88 rss: 102Mb L: 39/5278 MS: 4 CrossOver-ChangeBit-CopyPart-EraseBytes-
#38594	NEW    cov: 2238 ft: 5666 corp: 185/86Kb lim: 5278 exec/s: 88 rss: 103Mb L: 33/5278 MS: 1 ChangeBinInt-
#39762	REDUCE cov: 2238 ft: 5666 corp: 185/86Kb lim: 5278 exec/s: 88 rss: 104Mb L: 491/5278 MS: 3 ChangeByte-ManualDict-EraseBytes- DE: "\001\000\200\177"-
#40750	REDUCE cov: 2238 ft: 5666 corp: 185/86Kb lim: 5278 exec/s: 88 rss: 105Mb L: 138/5278 MS: 3 ChangeBinInt-ChangeBinInt-CrossOver-
#42137	REDUCE cov: 2238 ft: 5666 corp: 185/86Kb lim: 5278 exec/s: 88 rss: 106Mb L: 27/5278 MS: 2 EraseBytes-ShuffleBytes-
#42963	REDUCE cov: 2238 ft: 5666 corp: 185/86Kb lim: 5278 exec/s: 88 rss: 107Mb L: 60/5278 MS: 1 EraseBytes-
#43405	REDUCE cov: 2238 ft: 5666 corp: 185/86Kb lim: 5278 exec/s: 89 rss: 107Mb L: 46/5278 MS: 2 InsertRepeatedBytes-EraseBytes-
#43617	REDUCE cov: 2238 ft: 5666 corp: 185/86Kb lim: 5278 exec/s: 89 rss: 108Mb L: 64/5278 MS: 2 CrossOver-EraseBytes-
#43858	REDUCE cov: 2238 ft: 5666 corp: 185/86Kb lim: 5278 exec/s: 89 rss: 108Mb L: 42/5278 MS: 1 EraseBytes-
#43893	NEW    cov: 2238 ft: 5678 corp: 186/86Kb lim: 5278 exec/s: 89 rss: 108Mb L: 29/5278 MS: 5 InsertByte-CrossOver-CopyPart-CrossOver-ShuffleBytes-
#44492	NEW    cov: 2238 ft: 5682 corp: 187/86Kb lim: 5278 exec/s: 88 rss: 109Mb L: 125/5278 MS: 4 CMP-InsertRepeatedBytes-PersAutoDict-InsertByte- DE: "\011\000\000\000"-"\001\000\177\003\202\021\000\340"-
#46576	REDUCE cov: 2238 ft: 5682 corp: 187/86Kb lim: 5278 exec/s: 89 rss: 110Mb L: 66/5278 MS: 4 ChangeBit-ChangeBinInt-ChangeBinInt-EraseBytes-
#47988	REDUCE cov: 2238 ft: 5682 corp: 187/86Kb lim: 5278 exec/s: 89 rss: 111Mb L: 8/5278 MS: 2 EraseBytes-InsertByte-
#49829	REDUCE cov: 2238 ft: 5682 corp: 187/86Kb lim: 5278 exec/s: 89 rss: 113Mb L: 47/5278 MS: 1 EraseBytes-
#52265	REDUCE cov: 2238 ft: 5682 corp: 187/86Kb lim: 5278 exec/s: 89 rss: 115Mb L: 626/5278 MS: 1 EraseBytes-
#52911	REDUCE cov: 2239 ft: 5697 corp: 188/86Kb lim: 5278 exec/s: 89 rss: 116Mb L: 39/5278 MS: 1 ChangeBinInt-
#54463	NEW    cov: 2239 ft: 5702 corp: 189/91Kb lim: 5278 exec/s: 89 rss: 117Mb L: 5278/5278 MS: 2 ChangeBit-CopyPart-
#56024	REDUCE cov: 2239 ft: 5702 corp: 189/91Kb lim: 5278 exec/s: 89 rss: 119Mb L: 47/5278 MS: 1 EraseBytes-
#56026	REDUCE cov: 2239 ft: 5702 corp: 189/91Kb lim: 5278 exec/s: 89 rss: 119Mb L: 40/5278 MS: 2 ChangeBinInt-EraseBytes-
#57294	REDUCE cov: 2239 ft: 5702 corp: 189/91Kb lim: 5278 exec/s: 89 rss: 120Mb L: 21/5278 MS: 3 EraseBytes-ShuffleBytes-PersAutoDict- DE: "\000\000\002\000"-
#57806	NEW    cov: 2239 ft: 5706 corp: 190/96Kb lim: 5278 exec/s: 89 rss: 120Mb L: 5278/5278 MS: 2 ShuffleBytes-CrossOver-
#57946	REDUCE cov: 2239 ft: 5706 corp: 190/96Kb lim: 5278 exec/s: 89 rss: 121Mb L: 5271/5278 MS: 5 ChangeBinInt-ChangeBinInt-ChangeByte-EraseBytes-InsertRepeatedBytes-
#58508	REDUCE cov: 2239 ft: 5706 corp: 190/96Kb lim: 5278 exec/s: 89 rss: 121Mb L: 4/5278 MS: 2 EraseBytes-ManualDict- DE: "\000\000\002\000"-
#59439	REDUCE cov: 2239 ft: 5706 corp: 190/96Kb lim: 5278 exec/s: 89 rss: 122Mb L: 42/5278 MS: 1 EraseBytes-
#60016	REDUCE cov: 2239 ft: 5706 corp: 190/96Kb lim: 5278 exec/s: 89 rss: 123Mb L: 483/5278 MS: 2 CrossOver-EraseBytes-
#61563	REDUCE cov: 2239 ft: 5706 corp: 190/96Kb lim: 5278 exec/s: 89 rss: 124Mb L: 41/5278 MS: 2 PersAutoDict-EraseBytes- DE: "\001\000\200\177"-
#61739	REDUCE cov: 2239 ft: 5706 corp: 190/96Kb lim: 5278 exec/s: 89 rss: 125Mb L: 44/5278 MS: 1 EraseBytes-
#64394	REDUCE cov: 2239 ft: 5706 corp: 190/96Kb lim: 5278 exec/s: 89 rss: 127Mb L: 4251/5278 MS: 5 InsertByte-EraseBytes-ChangeByte-InsertRepeatedBytes-CopyPart-
#65536	pulse  cov: 2239 ft: 5706 corp: 190/96Kb lim: 5278 exec/s: 89 rss: 128Mb
#66089	REDUCE cov: 2239 ft: 5706 corp: 190/96Kb lim: 5278 exec/s: 89 rss: 129Mb L: 45/5278 MS: 5 InsertByte-ManualDict-ShuffleBytes-ChangeByte-EraseBytes- DE: "\000\000\002\000"-
#66765	REDUCE cov: 2239 ft: 5706 corp: 190/96Kb lim: 5278 exec/s: 89 rss: 130Mb L: 36/5278 MS: 1 EraseBytes-
#67247	REDUCE cov: 2239 ft: 5706 corp: 190/96Kb lim: 5278 exec/s: 89 rss: 130Mb L: 43/5278 MS: 1 EraseBytes-
#67302	REDUCE cov: 2239 ft: 5706 corp: 190/96Kb lim: 5278 exec/s: 89 rss: 130Mb L: 18/5278 MS: 5 CrossOver-EraseBytes-ChangeBinInt-PersAutoDict-CopyPart- DE: "\001\000\000\010"-
#68289	REDUCE cov: 2239 ft: 5706 corp: 190/96Kb lim: 5278 exec/s: 89 rss: 131Mb L: 1627/5278 MS: 2 ChangeBit-EraseBytes-
#68515	REDUCE cov: 2239 ft: 5706 corp: 190/96Kb lim: 5278 exec/s: 89 rss: 132Mb L: 56/5278 MS: 1 EraseBytes-
#68944	REDUCE cov: 2239 ft: 5706 corp: 190/96Kb lim: 5278 exec/s: 89 rss: 132Mb L: 68/5278 MS: 4 EraseBytes-PersAutoDict-CrossOver-InsertByte- DE: "\001@\210\035"-
#69370	REDUCE cov: 2239 ft: 5706 corp: 190/96Kb lim: 5278 exec/s: 89 rss: 133Mb L: 489/5278 MS: 1 EraseBytes-
#69692	REDUCE cov: 2239 ft: 5706 corp: 190/96Kb lim: 5278 exec/s: 89 rss: 134Mb L: 49/5278 MS: 2 CMP-EraseBytes- DE: "\007\000\000\000"-
#70686	REDUCE cov: 2239 ft: 5706 corp: 190/96Kb lim: 5278 exec/s: 89 rss: 135Mb L: 892/5278 MS: 4 ChangeBit-InsertByte-CrossOver-EraseBytes-
#71422	REDUCE cov: 2239 ft: 5706 corp: 190/96Kb lim: 5278 exec/s: 90 rss: 135Mb L: 40/5278 MS: 1 EraseBytes-
#71526	REDUCE cov: 2239 ft: 5706 corp: 190/94Kb lim: 5278 exec/s: 89 rss: 136Mb L: 2065/5278 MS: 4 ChangeByte-ShuffleBytes-EraseBytes-CrossOver-
#72373	REDUCE cov: 2239 ft: 5706 corp: 190/94Kb lim: 5278 exec/s: 90 rss: 137Mb L: 35/5278 MS: 2 CrossOver-EraseBytes-
#72910	NEW    cov: 2239 ft: 5718 corp: 191/94Kb lim: 5278 exec/s: 90 rss: 137Mb L: 68/5278 MS: 2 ManualDict-ShuffleBytes- DE: "\001\000\200\177"-
#76511	REDUCE cov: 2239 ft: 5718 corp: 191/94Kb lim: 5278 exec/s: 90 rss: 140Mb L: 36/5278 MS: 1 EraseBytes-
#76741	NEW    cov: 2239 ft: 5719 corp: 192/94Kb lim: 5278 exec/s: 90 rss: 141Mb L: 119/5278 MS: 5 InsertRepeatedBytes-EraseBytes-CrossOver-InsertRepeatedBytes-InsertByte-
#76894	REDUCE cov: 2239 ft: 5719 corp: 192/94Kb lim: 5278 exec/s: 90 rss: 141Mb L: 4202/5278 MS: 3 ChangeByte-CrossOver-EraseBytes-
#79084	NEW    cov: 2239 ft: 5723 corp: 193/94Kb lim: 5278 exec/s: 90 rss: 143Mb L: 60/5278 MS: 5 EraseBytes-CMP-PersAutoDict-CopyPart-InsertByte- DE: "\000\000\177\003\202\031\001\014"-"\001\000\177\003\202\021\000\340"-
#80445	REDUCE cov: 2239 ft: 5723 corp: 193/94Kb lim: 5278 exec/s: 90 rss: 145Mb L: 5/5278 MS: 1 EraseBytes-
#80973	REDUCE cov: 2239 ft: 5723 corp: 193/94Kb lim: 5278 exec/s: 90 rss: 145Mb L: 45/5278 MS: 3 EraseBytes-CrossOver-EraseBytes-
#81659	REDUCE cov: 2239 ft: 5723 corp: 193/94Kb lim: 5278 exec/s: 90 rss: 146Mb L: 1608/5278 MS: 1 EraseBytes-
#82275	REDUCE cov: 2239 ft: 5723 corp: 193/94Kb lim: 5278 exec/s: 90 rss: 147Mb L: 58/5278 MS: 1 EraseBytes-
#82468	REDUCE cov: 2239 ft: 5723 corp: 193/94Kb lim: 5278 exec/s: 90 rss: 147Mb L: 29/5278 MS: 3 EraseBytes-ChangeBit-PersAutoDict- DE: "\000\000\000\010"-
#83174	REDUCE cov: 2239 ft: 5723 corp: 193/94Kb lim: 5278 exec/s: 90 rss: 148Mb L: 37/5278 MS: 1 EraseBytes-
#87146	REDUCE cov: 2239 ft: 5723 corp: 193/94Kb lim: 5278 exec/s: 90 rss: 151Mb L: 19/5278 MS: 2 EraseBytes-EraseBytes-
#89420	REDUCE cov: 2239 ft: 5723 corp: 193/94Kb lim: 5278 exec/s: 90 rss: 153Mb L: 1080/5278 MS: 4 CopyPart-ShuffleBytes-ShuffleBytes-EraseBytes-
#90814	REDUCE cov: 2239 ft: 5723 corp: 193/94Kb lim: 5278 exec/s: 90 rss: 154Mb L: 1053/5278 MS: 4 CopyPart-InsertByte-CrossOver-CrossOver-
#91042	NEW    cov: 2239 ft: 5732 corp: 194/99Kb lim: 5278 exec/s: 90 rss: 154Mb L: 5265/5278 MS: 3 CrossOver-EraseBytes-InsertRepeatedBytes-
#92308	REDUCE cov: 2239 ft: 5732 corp: 194/99Kb lim: 5278 exec/s: 90 rss: 155Mb L: 43/5278 MS: 1 EraseBytes-
#92449	REDUCE cov: 2239 ft: 5735 corp: 195/99Kb lim: 5278 exec/s: 90 rss: 156Mb L: 44/5278 MS: 1 CMP- DE: "1:=\000"-
#92537	REDUCE cov: 2239 ft: 5735 corp: 195/99Kb lim: 5278 exec/s: 90 rss: 156Mb L: 15/5278 MS: 3 EraseBytes-CopyPart-ManualDict- DE: "\000\000\002\000"-
#93325	REDUCE cov: 2239 ft: 5735 corp: 195/99Kb lim: 5278 exec/s: 90 rss: 157Mb L: 1599/5278 MS: 3 ManualDict-PersAutoDict-EraseBytes- DE: "\001\000\200\177"-"\017\000\000\000"-
#94225	REDUCE cov: 2239 ft: 5735 corp: 195/99Kb lim: 5278 exec/s: 90 rss: 158Mb L: 5262/5278 MS: 5 ChangeBinInt-InsertByte-EraseBytes-ChangeASCIIInt-CopyPart-
#94604	REDUCE cov: 2239 ft: 5735 corp: 195/99Kb lim: 5278 exec/s: 90 rss: 158Mb L: 1589/5278 MS: 4 ChangeBit-ManualDict-ChangeByte-EraseBytes- DE: "`\360\005\000"-
#95513	REDUCE cov: 2239 ft: 5735 corp: 195/99Kb lim: 5278 exec/s: 90 rss: 160Mb L: 33/5278 MS: 4 ChangeByte-ChangeBinInt-EraseBytes-ChangeByte-
#97938	REDUCE cov: 2239 ft: 5735 corp: 195/99Kb lim: 5278 exec/s: 90 rss: 162Mb L: 13/5278 MS: 5 EraseBytes-PersAutoDict-ChangeBinInt-CopyPart-ManualDict- DE: "\017\000\000\000"-"\000\000\002\000"-
#98107	REDUCE cov: 2239 ft: 5735 corp: 195/99Kb lim: 5278 exec/s: 90 rss: 162Mb L: 34/5278 MS: 4 CrossOver-ChangeByte-InsertByte-EraseBytes-
#98471	REDUCE cov: 2239 ft: 5735 corp: 195/97Kb lim: 5278 exec/s: 90 rss: 163Mb L: 2588/5278 MS: 4 ChangeBit-EraseBytes-InsertRepeatedBytes-PersAutoDict- DE: "\377\377\377\377"-
#99333	REDUCE cov: 2239 ft: 5735 corp: 195/97Kb lim: 5278 exec/s: 90 rss: 163Mb L: 17/5278 MS: 2 EraseBytes-ChangeByte-
#99673	NEW    cov: 2239 ft: 5750 corp: 196/97Kb lim: 5278 exec/s: 90 rss: 164Mb L: 53/5278 MS: 5 CMP-InsertByte-ShuffleBytes-CrossOver-PersAutoDict- DE: "\261\020\000\000"-"\011\000\000\000"-
#100648	REDUCE cov: 2239 ft: 5750 corp: 196/97Kb lim: 5278 exec/s: 90 rss: 165Mb L: 41/5278 MS: 5 EraseBytes-CrossOver-CopyPart-ChangeBit-ChangeBit-
#101772	REDUCE cov: 2239 ft: 5750 corp: 196/97Kb lim: 5278 exec/s: 90 rss: 166Mb L: 3/5278 MS: 4 ManualDict-ChangeByte-EraseBytes-ChangeBit- DE: "\001\000\200\177"-
#102769	REDUCE cov: 2239 ft: 5750 corp: 196/97Kb lim: 5278 exec/s: 90 rss: 167Mb L: 38/5278 MS: 2 EraseBytes-ChangeByte-
#106507	NEW    cov: 2240 ft: 5751 corp: 197/102Kb lim: 5278 exec/s: 90 rss: 170Mb L: 5273/5278 MS: 3 PersAutoDict-CopyPart-CopyPart- DE: "\000\000\177\003\202\031\001\014"-
#106676	REDUCE cov: 2240 ft: 5751 corp: 197/102Kb lim: 5278 exec/s: 90 rss: 171Mb L: 33/5278 MS: 4 EraseBytes-ChangeByte-InsertByte-ChangeBinInt-
#107648	REDUCE cov: 2240 ft: 5751 corp: 197/102Kb lim: 5278 exec/s: 90 rss: 172Mb L: 43/5278 MS: 2 ChangeASCIIInt-EraseBytes-
#108386	REDUCE cov: 2240 ft: 5751 corp: 197/102Kb lim: 5278 exec/s: 90 rss: 173Mb L: 624/5278 MS: 3 CrossOver-EraseBytes-CrossOver-
#108427	REDUCE cov: 2240 ft: 5751 corp: 197/102Kb lim: 5278 exec/s: 90 rss: 173Mb L: 73/5278 MS: 1 EraseBytes-
#108887	REDUCE cov: 2240 ft: 5763 corp: 198/102Kb lim: 5278 exec/s: 90 rss: 173Mb L: 99/5278 MS: 5 CrossOver-ChangeByte-CrossOver-ChangeByte-CopyPart-
#109704	NEW    cov: 2240 ft: 5768 corp: 199/104Kb lim: 5278 exec/s: 90 rss: 174Mb L: 1684/5278 MS: 2 CrossOver-CrossOver-
#110110	NEW    cov: 2240 ft: 5769 corp: 200/104Kb lim: 5278 exec/s: 90 rss: 175Mb L: 322/5278 MS: 1 PersAutoDict- DE: "\001\000\177\003\202\021\000\340"-
#112592	REDUCE cov: 2240 ft: 5769 corp: 200/104Kb lim: 5278 exec/s: 89 rss: 177Mb L: 33/5278 MS: 2 CopyPart-EraseBytes-
#112942	REDUCE cov: 2240 ft: 5770 corp: 201/104Kb lim: 5278 exec/s: 89 rss: 177Mb L: 56/5278 MS: 5 CopyPart-ChangeBinInt-CrossOver-ManualDict-ShuffleBytes- DE: "`\360\005\000"-
#114088	REDUCE cov: 2240 ft: 5770 corp: 201/104Kb lim: 5278 exec/s: 89 rss: 179Mb L: 34/5278 MS: 1 EraseBytes-
#115069	REDUCE cov: 2240 ft: 5771 corp: 202/104Kb lim: 5278 exec/s: 89 rss: 179Mb L: 44/5278 MS: 1 PersAutoDict- DE: "\005\006\000\000"-
#115466	REDUCE cov: 2240 ft: 5771 corp: 202/104Kb lim: 5278 exec/s: 89 rss: 180Mb L: 23/5278 MS: 2 ManualDict-EraseBytes- DE: "`\360\005\000"-
#116888	REDUCE cov: 2240 ft: 5771 corp: 202/104Kb lim: 5278 exec/s: 89 rss: 182Mb L: 4153/5278 MS: 2 CMP-CrossOver- DE: "\377\235\034\202\003\177\000\000"-
#118630	REDUCE cov: 2240 ft: 5771 corp: 202/104Kb lim: 5278 exec/s: 89 rss: 183Mb L: 4544/5278 MS: 2 ChangeByte-EraseBytes-
#118731	REDUCE cov: 2240 ft: 5771 corp: 202/104Kb lim: 5278 exec/s: 89 rss: 184Mb L: 10/5278 MS: 1 EraseBytes-
#118773	REDUCE cov: 2240 ft: 5771 corp: 202/104Kb lim: 5278 exec/s: 89 rss: 184Mb L: 2/5278 MS: 2 ChangeBit-EraseBytes-
#119239	REDUCE cov: 2240 ft: 5771 corp: 202/104Kb lim: 5278 exec/s: 89 rss: 184Mb L: 44/5278 MS: 1 EraseBytes-
#120167	REDUCE cov: 2240 ft: 5771 corp: 202/104Kb lim: 5278 exec/s: 89 rss: 185Mb L: 44/5278 MS: 3 CMP-ChangeBit-EraseBytes- DE: "\000\000\015\277"-
#121370	REDUCE cov: 2240 ft: 5771 corp: 202/104Kb lim: 5278 exec/s: 89 rss: 187Mb L: 41/5278 MS: 3 ChangeBit-PersAutoDict-EraseBytes- DE: "\000\000\002\000"-
#121531	REDUCE cov: 2240 ft: 5771 corp: 202/104Kb lim: 5278 exec/s: 89 rss: 187Mb L: 35/5278 MS: 1 EraseBytes-
#122776	REDUCE cov: 2240 ft: 5771 corp: 202/104Kb lim: 5278 exec/s: 89 rss: 188Mb L: 1030/5278 MS: 5 ChangeASCIIInt-InsertRepeatedBytes-ChangeBit-CopyPart-EraseBytes-
#123520	REDUCE cov: 2240 ft: 5771 corp: 202/104Kb lim: 5278 exec/s: 89 rss: 189Mb L: 9/5278 MS: 4 ChangeBit-ShuffleBytes-ChangeByte-EraseBytes-
#124047	REDUCE cov: 2240 ft: 5771 corp: 202/104Kb lim: 5278 exec/s: 89 rss: 190Mb L: 41/5278 MS: 2 ShuffleBytes-EraseBytes-
#127859	REDUCE cov: 2240 ft: 5771 corp: 202/104Kb lim: 5278 exec/s: 89 rss: 193Mb L: 5/5278 MS: 2 PersAutoDict-EraseBytes- DE: "\000\000\000\016"-
#131072	pulse  cov: 2240 ft: 5771 corp: 202/104Kb lim: 5278 exec/s: 89 rss: 196Mb
#135002	NEW    cov: 2240 ft: 5775 corp: 203/109Kb lim: 5278 exec/s: 88 rss: 199Mb L: 5278/5278 MS: 3 ChangeASCIIInt-ShuffleBytes-CrossOver-
#135226	REDUCE cov: 2240 ft: 5775 corp: 203/109Kb lim: 5278 exec/s: 88 rss: 200Mb L: 115/5278 MS: 4 ShuffleBytes-CMP-ManualDict-EraseBytes- DE: "\341\000\035\202\003\177\000\000"-"\000\000\002\000"-
#135811	NEW    cov: 2240 ft: 5778 corp: 204/114Kb lim: 5278 exec/s: 88 rss: 201Mb L: 5278/5278 MS: 5 ChangeBit-CopyPart-ManualDict-ShuffleBytes-ManualDict- DE: "`\360\005\000"-"\001\000\200\177"-
#136122	REDUCE cov: 2240 ft: 5778 corp: 204/114Kb lim: 5278 exec/s: 88 rss: 201Mb L: 39/5278 MS: 1 EraseBytes-
#141805	NEW    cov: 2240 ft: 5780 corp: 205/120Kb lim: 5278 exec/s: 87 rss: 207Mb L: 5278/5278 MS: 3 ChangeASCIIInt-ChangeByte-CopyPart-
#142028	NEW    cov: 2240 ft: 5783 corp: 206/125Kb lim: 5278 exec/s: 87 rss: 207Mb L: 5278/5278 MS: 3 ShuffleBytes-ManualDict-CrossOver- DE: "\000\000\002\000"-
#142705	REDUCE cov: 2240 ft: 5783 corp: 206/125Kb lim: 5278 exec/s: 87 rss: 208Mb L: 38/5278 MS: 2 ChangeBit-EraseBytes-
#143002	REDUCE cov: 2240 ft: 5783 corp: 206/125Kb lim: 5278 exec/s: 87 rss: 209Mb L: 482/5278 MS: 2 ChangeBit-EraseBytes-
#145675	REDUCE cov: 2240 ft: 5783 corp: 206/125Kb lim: 5278 exec/s: 87 rss: 211Mb L: 1781/5278 MS: 3 EraseBytes-InsertRepeatedBytes-InsertRepeatedBytes-
#147541	REDUCE cov: 2240 ft: 5783 corp: 206/125Kb lim: 5278 exec/s: 87 rss: 214Mb L: 92/5278 MS: 1 EraseBytes-
#148433	NEW    cov: 2240 ft: 5787 corp: 207/130Kb lim: 5278 exec/s: 87 rss: 215Mb L: 5278/5278 MS: 2 ChangeByte-CMP- DE: "j\375"-
#149270	NEW    cov: 2240 ft: 5788 corp: 208/130Kb lim: 5278 exec/s: 87 rss: 216Mb L: 120/5278 MS: 2 ChangeByte-CopyPart-
#149981	REDUCE cov: 2240 ft: 5788 corp: 208/130Kb lim: 5278 exec/s: 87 rss: 217Mb L: 39/5278 MS: 1 EraseBytes-
#150815	REDUCE cov: 2240 ft: 5788 corp: 208/130Kb lim: 5278 exec/s: 87 rss: 218Mb L: 198/5278 MS: 4 PersAutoDict-CopyPart-ManualDict-EraseBytes- DE: "1:=\000"-"\000\000\002\000"-
#152906	NEW    cov: 2240 ft: 5791 corp: 209/130Kb lim: 5278 exec/s: 87 rss: 221Mb L: 255/5278 MS: 1 InsertByte-
#153467	REDUCE cov: 2240 ft: 5791 corp: 209/130Kb lim: 5278 exec/s: 87 rss: 221Mb L: 47/5278 MS: 1 EraseBytes-
#154688	REDUCE cov: 2240 ft: 5791 corp: 209/130Kb lim: 5278 exec/s: 88 rss: 223Mb L: 35/5278 MS: 1 EraseBytes-
#155343	NEW    cov: 2240 ft: 5792 corp: 210/130Kb lim: 5278 exec/s: 88 rss: 224Mb L: 143/5278 MS: 5 ChangeBinInt-ChangeBinInt-EraseBytes-InsertByte-CrossOver-
#155773	REDUCE cov: 2240 ft: 5795 corp: 211/133Kb lim: 5278 exec/s: 88 rss: 225Mb L: 3123/5278 MS: 5 EraseBytes-ChangeASCIIInt-CrossOver-CopyPart-CrossOver-
#157769	REDUCE cov: 2240 ft: 5795 corp: 211/133Kb lim: 5278 exec/s: 87 rss: 227Mb L: 33/5278 MS: 1 EraseBytes-
#157926	REDUCE cov: 2240 ft: 5795 corp: 211/133Kb lim: 5278 exec/s: 87 rss: 228Mb L: 5/5278 MS: 2 InsertByte-EraseBytes-
#160979	REDUCE cov: 2240 ft: 5795 corp: 211/133Kb lim: 5278 exec/s: 88 rss: 231Mb L: 27/5278 MS: 3 ChangeBinInt-EraseBytes-ChangeBinInt-
#162145	REDUCE cov: 2240 ft: 5795 corp: 211/133Kb lim: 5278 exec/s: 88 rss: 232Mb L: 38/5278 MS: 1 EraseBytes-
#167778	REDUCE cov: 2240 ft: 5795 corp: 211/133Kb lim: 5278 exec/s: 88 rss: 238Mb L: 33/5278 MS: 3 InsertByte-ManualDict-EraseBytes- DE: "\000\000\002\000"-
#168088	REDUCE cov: 2240 ft: 5795 corp: 211/133Kb lim: 5278 exec/s: 88 rss: 239Mb L: 5267/5278 MS: 5 InsertRepeatedBytes-ManualDict-ManualDict-EraseBytes-PersAutoDict- DE: "\000\000\002\000"-"\000\000\002\000"-"\001\000\177\003\202\020\000\340"-
#169049	NEW    cov: 2240 ft: 5804 corp: 212/138Kb lim: 5278 exec/s: 88 rss: 241Mb L: 5268/5278 MS: 1 CopyPart-
#169697	REDUCE cov: 2240 ft: 5804 corp: 212/138Kb lim: 5278 exec/s: 88 rss: 242Mb L: 54/5278 MS: 3 ManualDict-ChangeBinInt-EraseBytes- DE: "`\360\005\000"-
#173593	REDUCE cov: 2240 ft: 5822 corp: 213/139Kb lim: 5278 exec/s: 88 rss: 246Mb L: 624/5278 MS: 1 ManualDict- DE: "`\360\005\000"-
#174284	REDUCE cov: 2240 ft: 5823 corp: 214/144Kb lim: 5278 exec/s: 88 rss: 247Mb L: 5277/5278 MS: 1 CopyPart-
#175702	REDUCE cov: 2240 ft: 5823 corp: 214/144Kb lim: 5278 exec/s: 88 rss: 249Mb L: 2/5278 MS: 3 EraseBytes-EraseBytes-ChangeByte-
#176697	REDUCE cov: 2240 ft: 5823 corp: 214/144Kb lim: 5278 exec/s: 88 rss: 250Mb L: 621/5278 MS: 5 ManualDict-InsertByte-ShuffleBytes-EraseBytes-InsertRepeatedBytes- DE: "\000\000\002\000"-
#182260	REDUCE cov: 2240 ft: 5823 corp: 214/144Kb lim: 5278 exec/s: 88 rss: 255Mb L: 4/5278 MS: 3 EraseBytes-ChangeByte-ChangeBit-
#182639	NEW    cov: 2240 ft: 5824 corp: 215/149Kb lim: 5278 exec/s: 88 rss: 256Mb L: 5278/5278 MS: 4 ChangeBit-ChangeByte-ShuffleBytes-ChangeBit-
#185833	REDUCE cov: 2240 ft: 5825 corp: 216/149Kb lim: 5278 exec/s: 88 rss: 260Mb L: 68/5278 MS: 4 ChangeBinInt-ChangeByte-CMP-PersAutoDict- DE: "\011\000\000\000"-"\035\001\020\202\003\177\000\000"-
#196277	REDUCE cov: 2240 ft: 5825 corp: 216/149Kb lim: 5278 exec/s: 88 rss: 271Mb L: 36/5278 MS: 4 ChangeBit-ChangeByte-EraseBytes-ShuffleBytes-
#196568	REDUCE cov: 2240 ft: 5825 corp: 216/149Kb lim: 5278 exec/s: 88 rss: 271Mb L: 33/5278 MS: 1 EraseBytes-
#199909	REDUCE cov: 2240 ft: 5825 corp: 216/149Kb lim: 5278 exec/s: 87 rss: 275Mb L: 41/5278 MS: 1 EraseBytes-
#205130	REDUCE cov: 2240 ft: 5825 corp: 216/149Kb lim: 5278 exec/s: 86 rss: 282Mb L: 38/5278 MS: 1 EraseBytes-
#209828	REDUCE cov: 2240 ft: 5825 corp: 216/149Kb lim: 5278 exec/s: 86 rss: 287Mb L: 28/5278 MS: 3 EraseBytes-InsertByte-ChangeBit-
#210383	REDUCE cov: 2240 ft: 5825 corp: 216/149Kb lim: 5278 exec/s: 86 rss: 288Mb L: 40/5278 MS: 5 ShuffleBytes-ShuffleBytes-EraseBytes-PersAutoDict-InsertByte- DE: "\001\000\177\003\202\020\000\340"-
#210443	NEW    cov: 2240 ft: 5842 corp: 217/150Kb lim: 5278 exec/s: 86 rss: 288Mb L: 231/5278 MS: 5 CrossOver-ChangeBit-ChangeBinInt-ShuffleBytes-ChangeBit-
#211964	REDUCE cov: 2240 ft: 5842 corp: 217/150Kb lim: 5278 exec/s: 86 rss: 290Mb L: 47/5278 MS: 1 EraseBytes-
#213320	REDUCE cov: 2240 ft: 5842 corp: 217/150Kb lim: 5278 exec/s: 86 rss: 292Mb L: 34/5278 MS: 1 EraseBytes-
#216020	REDUCE cov: 2240 ft: 5842 corp: 217/150Kb lim: 5278 exec/s: 86 rss: 295Mb L: 1841/5278 MS: 5 InsertRepeatedBytes-CopyPart-PersAutoDict-CrossOver-EraseBytes- DE: "\000\000\177\003\202\030\001\015"-
#222253	NEW    cov: 2240 ft: 5843 corp: 218/150Kb lim: 5278 exec/s: 86 rss: 301Mb L: 98/5278 MS: 3 PersAutoDict-InsertRepeatedBytes-ChangeBinInt- DE: "\001\000\177\003\202\021\000\340"-
#223065	REDUCE cov: 2240 ft: 5843 corp: 218/150Kb lim: 5278 exec/s: 86 rss: 303Mb L: 79/5278 MS: 2 ChangeASCIIInt-EraseBytes-
#223443	REDUCE cov: 2240 ft: 5843 corp: 218/150Kb lim: 5278 exec/s: 86 rss: 303Mb L: 2058/5278 MS: 3 CrossOver-ShuffleBytes-EraseBytes-
#225899	REDUCE cov: 2240 ft: 5843 corp: 218/150Kb lim: 5278 exec/s: 86 rss: 306Mb L: 891/5278 MS: 1 EraseBytes-
#228397	REDUCE cov: 2240 ft: 5843 corp: 218/150Kb lim: 5278 exec/s: 86 rss: 309Mb L: 46/5278 MS: 3 EraseBytes-ManualDict-ShuffleBytes- DE: "`\360\005\000"-
#229373	REDUCE cov: 2240 ft: 5843 corp: 218/150Kb lim: 5278 exec/s: 86 rss: 310Mb L: 2/5278 MS: 1 EraseBytes-
#230577	REDUCE cov: 2240 ft: 5843 corp: 218/150Kb lim: 5278 exec/s: 86 rss: 312Mb L: 19/5278 MS: 4 EraseBytes-InsertByte-EraseBytes-ChangeByte-
#230634	REDUCE cov: 2240 ft: 5843 corp: 218/150Kb lim: 5278 exec/s: 86 rss: 312Mb L: 30/5278 MS: 2 ChangeBinInt-EraseBytes-
#235266	NEW    cov: 2240 ft: 5848 corp: 219/155Kb lim: 5278 exec/s: 87 rss: 316Mb L: 5278/5278 MS: 2 ChangeBit-CopyPart-
#235647	REDUCE cov: 2240 ft: 5848 corp: 219/155Kb lim: 5278 exec/s: 87 rss: 317Mb L: 505/5278 MS: 1 EraseBytes-
#236783	REDUCE cov: 2240 ft: 5848 corp: 219/155Kb lim: 5278 exec/s: 87 rss: 319Mb L: 5267/5278 MS: 1 EraseBytes-
#239578	REDUCE cov: 2240 ft: 5848 corp: 219/155Kb lim: 5278 exec/s: 87 rss: 322Mb L: 21/5278 MS: 5 ChangeByte-CrossOver-ChangeBinInt-EraseBytes-ChangeBinInt-
#240664	REDUCE cov: 2240 ft: 5848 corp: 219/155Kb lim: 5278 exec/s: 87 rss: 323Mb L: 4133/5278 MS: 1 EraseBytes-
#243006	REDUCE cov: 2240 ft: 5848 corp: 219/155Kb lim: 5278 exec/s: 87 rss: 327Mb L: 35/5278 MS: 2 InsertByte-EraseBytes-
#243932	REDUCE cov: 2240 ft: 5848 corp: 219/155Kb lim: 5278 exec/s: 87 rss: 328Mb L: 53/5278 MS: 1 EraseBytes-
#246891	REDUCE cov: 2240 ft: 5848 corp: 219/155Kb lim: 5278 exec/s: 87 rss: 332Mb L: 2/5278 MS: 4 ChangeBit-EraseBytes-ShuffleBytes-ChangeByte-
#256597	REDUCE cov: 2240 ft: 5848 corp: 219/155Kb lim: 5278 exec/s: 87 rss: 342Mb L: 51/5278 MS: 1 EraseBytes-
#260416	REDUCE cov: 2240 ft: 5848 corp: 219/155Kb lim: 5278 exec/s: 87 rss: 346Mb L: 28/5278 MS: 4 EraseBytes-EraseBytes-ChangeBit-ChangeBinInt-
#260497	REDUCE cov: 2240 ft: 5848 corp: 219/155Kb lim: 5278 exec/s: 87 rss: 347Mb L: 40/5278 MS: 1 EraseBytes-
#262144	pulse  cov: 2240 ft: 5848 corp: 219/155Kb lim: 5278 exec/s: 87 rss: 349Mb
#266373	REDUCE cov: 2240 ft: 5848 corp: 219/155Kb lim: 5278 exec/s: 87 rss: 353Mb L: 4/5278 MS: 1 EraseBytes-
#269071	NEW    cov: 2240 ft: 5849 corp: 220/160Kb lim: 5278 exec/s: 88 rss: 357Mb L: 5278/5278 MS: 3 ShuffleBytes-CrossOver-ManualDict- DE: "\001\000\200\177"-
#270853	REDUCE cov: 2240 ft: 5849 corp: 220/160Kb lim: 5278 exec/s: 88 rss: 359Mb L: 3/5278 MS: 2 ShuffleBytes-EraseBytes-
#271744	REDUCE cov: 2240 ft: 5849 corp: 220/160Kb lim: 5278 exec/s: 88 rss: 360Mb L: 5271/5278 MS: 1 CrossOver-
#272978	REDUCE cov: 2240 ft: 5849 corp: 220/160Kb lim: 5278 exec/s: 88 rss: 362Mb L: 620/5278 MS: 4 EraseBytes-PersAutoDict-ShuffleBytes-CopyPart- DE: "\001\000\000\000"-
#273153	REDUCE cov: 2240 ft: 5849 corp: 220/160Kb lim: 5278 exec/s: 88 rss: 363Mb L: 35/5278 MS: 5 CMP-CrossOver-InsertByte-CrossOver-EraseBytes- DE: "\377\377\377\012"-
#274670	REDUCE cov: 2240 ft: 5849 corp: 220/160Kb lim: 5278 exec/s: 88 rss: 365Mb L: 5273/5278 MS: 2 EraseBytes-CopyPart-
#277148	REDUCE cov: 2240 ft: 5849 corp: 220/160Kb lim: 5278 exec/s: 88 rss: 368Mb L: 486/5278 MS: 3 ChangeBit-PersAutoDict-EraseBytes- DE: "\000\000\000\000\000\000\000\000\000\000\000\000\000\000\000\000\000\000\000\000\000\000\000\000\000\000\000\000\000\000\000\000"-
#278405	REDUCE cov: 2240 ft: 5849 corp: 220/160Kb lim: 5278 exec/s: 88 rss: 370Mb L: 36/5278 MS: 2 ManualDict-EraseBytes- DE: "\000\000\002\000"-
#282706	REDUCE cov: 2240 ft: 5849 corp: 220/160Kb lim: 5278 exec/s: 88 rss: 375Mb L: 41/5278 MS: 1 EraseBytes-
#284255	REDUCE cov: 2240 ft: 5849 corp: 220/160Kb lim: 5278 exec/s: 88 rss: 377Mb L: 49/5278 MS: 4 ShuffleBytes-ChangeByte-ShuffleBytes-EraseBytes-
#285624	REDUCE cov: 2240 ft: 5849 corp: 220/160Kb lim: 5278 exec/s: 88 rss: 379Mb L: 1025/5278 MS: 4 CopyPart-PersAutoDict-EraseBytes-InsertRepeatedBytes- DE: "\005\006\000\000"-
#288483	NEW    cov: 2240 ft: 5850 corp: 221/165Kb lim: 5278 exec/s: 88 rss: 382Mb L: 5278/5278 MS: 4 CrossOver-ShuffleBytes-ChangeBit-CopyPart-
#289780	NEW    cov: 2240 ft: 5864 corp: 222/165Kb lim: 5278 exec/s: 88 rss: 384Mb L: 11/5278 MS: 2 CrossOver-ChangeBinInt-
#290740	REDUCE cov: 2240 ft: 5864 corp: 222/165Kb lim: 5278 exec/s: 88 rss: 385Mb L: 13/5278 MS: 5 ChangeBinInt-ChangeBit-PersAutoDict-EraseBytes-InsertByte- DE: "\001\000\177\003\202\026\001\033"-
#293391	REDUCE cov: 2240 ft: 5864 corp: 222/165Kb lim: 5278 exec/s: 88 rss: 389Mb L: 34/5278 MS: 1 EraseBytes-
#294862	REDUCE cov: 2240 ft: 5864 corp: 222/165Kb lim: 5278 exec/s: 88 rss: 391Mb L: 27/5278 MS: 1 EraseBytes-
#297926	REDUCE cov: 2240 ft: 5864 corp: 222/165Kb lim: 5278 exec/s: 88 rss: 395Mb L: 11/5278 MS: 4 ChangeByte-CopyPart-ChangeBit-EraseBytes-
#298192	NEW    cov: 2240 ft: 5865 corp: 223/165Kb lim: 5278 exec/s: 88 rss: 395Mb L: 12/5278 MS: 1 ChangeBinInt-
#300250	REDUCE cov: 2240 ft: 5865 corp: 223/165Kb lim: 5278 exec/s: 89 rss: 398Mb L: 14/5278 MS: 3 EraseBytes-EraseBytes-ShuffleBytes-
#302786	REDUCE cov: 2240 ft: 5865 corp: 223/165Kb lim: 5278 exec/s: 89 rss: 398Mb L: 485/5278 MS: 1 EraseBytes-
#311312	REDUCE cov: 2240 ft: 5865 corp: 223/165Kb lim: 5278 exec/s: 88 rss: 402Mb L: 34/5278 MS: 1 EraseBytes-
#312539	REDUCE cov: 2240 ft: 5865 corp: 223/165Kb lim: 5278 exec/s: 88 rss: 403Mb L: 5267/5278 MS: 2 CopyPart-CrossOver-
#313355	REDUCE cov: 2240 ft: 5865 corp: 223/165Kb lim: 5278 exec/s: 87 rss: 403Mb L: 40/5278 MS: 1 EraseBytes-
#320724	NEW    cov: 2240 ft: 5867 corp: 224/165Kb lim: 5278 exec/s: 86 rss: 408Mb L: 219/5278 MS: 4 InsertRepeatedBytes-ManualDict-ChangeByte-InsertRepeatedBytes- DE: "\000\000\000\000\000\000\000\000\000\000\000\000\000\000\000\000\000\000\000\000\000\000\000\000\000\000\000\000\000\000\000\000"-
#321008	REDUCE cov: 2240 ft: 5867 corp: 224/165Kb lim: 5278 exec/s: 86 rss: 408Mb L: 26/5278 MS: 4 CMP-ManualDict-ManualDict-EraseBytes- DE: "\377\000\025\202\003\177\000\000"-"`\360\005\000"-"\000\000\002\000"-
#321062	REDUCE cov: 2240 ft: 5867 corp: 224/165Kb lim: 5278 exec/s: 86 rss: 408Mb L: 29/5278 MS: 4 EraseBytes-PersAutoDict-ChangeByte-ChangeBit- DE: "\001\000\200\177"-
#323822	REDUCE cov: 2240 ft: 5867 corp: 224/165Kb lim: 5278 exec/s: 86 rss: 409Mb L: 177/5278 MS: 5 ChangeBit-EraseBytes-ChangeBinInt-PersAutoDict-ChangeBinInt- DE: "\000\000\000\000"-
#327813	NEW    cov: 2240 ft: 5870 corp: 225/165Kb lim: 5278 exec/s: 86 rss: 412Mb L: 34/5278 MS: 1 ChangeASCIIInt-
#328002	REDUCE cov: 2240 ft: 5870 corp: 225/165Kb lim: 5278 exec/s: 86 rss: 413Mb L: 35/5278 MS: 4 ChangeBinInt-EraseBytes-ChangeByte-ChangeBinInt-
#333757	REDUCE cov: 2240 ft: 5870 corp: 225/165Kb lim: 5278 exec/s: 86 rss: 414Mb L: 39/5278 MS: 5 ChangeBinInt-ChangeBit-CopyPart-ChangeBinInt-EraseBytes-
#334048	REDUCE cov: 2240 ft: 5870 corp: 225/165Kb lim: 5278 exec/s: 86 rss: 414Mb L: 109/5278 MS: 1 EraseBytes-
#336088	REDUCE cov: 2240 ft: 5870 corp: 225/165Kb lim: 5278 exec/s: 87 rss: 414Mb L: 19/5278 MS: 5 ChangeByte-ManualDict-ShuffleBytes-EraseBytes-ShuffleBytes- DE: "\000\000\002\000"-
#336764	REDUCE cov: 2240 ft: 5870 corp: 225/165Kb lim: 5278 exec/s: 86 rss: 414Mb L: 5263/5278 MS: 1 EraseBytes-
#338653	REDUCE cov: 2240 ft: 5870 corp: 225/165Kb lim: 5278 exec/s: 87 rss: 414Mb L: 90/5278 MS: 4 ChangeBit-ChangeByte-ChangeBinInt-EraseBytes-
#340499	REDUCE cov: 2240 ft: 5870 corp: 225/165Kb lim: 5278 exec/s: 87 rss: 414Mb L: 34/5278 MS: 1 EraseBytes-
#340896	REDUCE cov: 2240 ft: 5870 corp: 225/165Kb lim: 5278 exec/s: 87 rss: 414Mb L: 4114/5278 MS: 2 EraseBytes-InsertRepeatedBytes-
#342951	REDUCE cov: 2240 ft: 5871 corp: 226/165Kb lim: 5278 exec/s: 87 rss: 414Mb L: 401/5278 MS: 5 ManualDict-ChangeBinInt-CrossOver-CMP-ManualDict- DE: "\000\000\000\000\000\000\000\000\000\000\000\000\000\000\000\000\000\000\000\000\000\000\000\000\000\000\000\000\000\000\000\000"-"\377\377\377D"-"\001\000\200\177"-
#346477	REDUCE cov: 2240 ft: 5871 corp: 226/165Kb lim: 5278 exec/s: 87 rss: 414Mb L: 482/5278 MS: 1 EraseBytes-
#348982	REDUCE cov: 2240 ft: 5871 corp: 226/165Kb lim: 5278 exec/s: 87 rss: 414Mb L: 384/5278 MS: 5 CopyPart-ChangeBinInt-PersAutoDict-InsertRepeatedBytes-EraseBytes- DE: "\022\001\031\202\003\177\000\000"-
#349448	REDUCE cov: 2240 ft: 5871 corp: 226/165Kb lim: 5278 exec/s: 87 rss: 414Mb L: 617/5278 MS: 1 EraseBytes-
#349497	NEW    cov: 2240 ft: 5874 corp: 227/165Kb lim: 5278 exec/s: 87 rss: 414Mb L: 20/5278 MS: 4 InsertRepeatedBytes-ChangeBit-ShuffleBytes-CopyPart-
#352418	REDUCE cov: 2240 ft: 5874 corp: 227/165Kb lim: 5278 exec/s: 87 rss: 414Mb L: 43/5278 MS: 1 EraseBytes-
#352571	REDUCE cov: 2240 ft: 5874 corp: 227/165Kb lim: 5278 exec/s: 87 rss: 414Mb L: 364/5278 MS: 3 ManualDict-InsertByte-EraseBytes- DE: "\000\000\002\000"-
#353303	REDUCE cov: 2240 ft: 5874 corp: 227/165Kb lim: 5278 exec/s: 87 rss: 414Mb L: 2/5278 MS: 2 InsertByte-EraseBytes-
#354220	REDUCE cov: 2240 ft: 5874 corp: 227/165Kb lim: 5278 exec/s: 87 rss: 414Mb L: 190/5278 MS: 2 ChangeByte-EraseBytes-
#359146	REDUCE cov: 2240 ft: 5874 corp: 227/165Kb lim: 5278 exec/s: 87 rss: 414Mb L: 34/5278 MS: 1 EraseBytes-
#361040	REDUCE cov: 2240 ft: 5874 corp: 227/165Kb lim: 5278 exec/s: 87 rss: 414Mb L: 13/5278 MS: 4 ShuffleBytes-EraseBytes-ChangeByte-CopyPart-
#361162	REDUCE cov: 2240 ft: 5874 corp: 227/165Kb lim: 5278 exec/s: 87 rss: 414Mb L: 123/5278 MS: 2 CopyPart-EraseBytes-
#362933	REDUCE cov: 2240 ft: 5874 corp: 227/165Kb lim: 5278 exec/s: 87 rss: 414Mb L: 107/5278 MS: 1 EraseBytes-
#363900	REDUCE cov: 2240 ft: 5874 corp: 227/165Kb lim: 5278 exec/s: 87 rss: 414Mb L: 90/5278 MS: 2 ManualDict-EraseBytes- DE: "\000\000\002\000"-
#363931	REDUCE cov: 2240 ft: 5874 corp: 227/165Kb lim: 5278 exec/s: 87 rss: 414Mb L: 49/5278 MS: 1 EraseBytes-
#370605	REDUCE cov: 2240 ft: 5874 corp: 227/165Kb lim: 5278 exec/s: 87 rss: 414Mb L: 33/5278 MS: 4 ChangeByte-EraseBytes-ManualDict-PersAutoDict- DE: "`\360\005\000"-"\001@\210\035"-
#370737	REDUCE cov: 2240 ft: 5874 corp: 227/165Kb lim: 5278 exec/s: 87 rss: 414Mb L: 2026/5278 MS: 2 InsertRepeatedBytes-EraseBytes-
#373388	REDUCE cov: 2240 ft: 5874 corp: 227/165Kb lim: 5278 exec/s: 87 rss: 414Mb L: 47/5278 MS: 1 EraseBytes-
#374420	REDUCE cov: 2240 ft: 5874 corp: 227/165Kb lim: 5278 exec/s: 87 rss: 414Mb L: 43/5278 MS: 2 CopyPart-EraseBytes-
#375318	REDUCE cov: 2240 ft: 5874 corp: 227/165Kb lim: 5278 exec/s: 87 rss: 414Mb L: 29/5278 MS: 3 ChangeBinInt-ChangeByte-EraseBytes-
#381439	REDUCE cov: 2240 ft: 5874 corp: 227/165Kb lim: 5278 exec/s: 87 rss: 414Mb L: 43/5278 MS: 1 EraseBytes-
#382176	REDUCE cov: 2240 ft: 5874 corp: 227/165Kb lim: 5278 exec/s: 87 rss: 414Mb L: 5277/5278 MS: 2 ShuffleBytes-EraseBytes-
#382503	REDUCE cov: 2240 ft: 5874 corp: 227/165Kb lim: 5278 exec/s: 87 rss: 414Mb L: 5269/5278 MS: 2 ChangeBit-EraseBytes-
#387811	NEW    cov: 2240 ft: 5875 corp: 228/165Kb lim: 5278 exec/s: 87 rss: 414Mb L: 83/5278 MS: 3 CopyPart-CopyPart-PersAutoDict- DE: "\017\000\000\000"-
#390435	REDUCE cov: 2240 ft: 5875 corp: 228/164Kb lim: 5278 exec/s: 87 rss: 414Mb L: 1705/5278 MS: 4 InsertRepeatedBytes-EraseBytes-CopyPart-EraseBytes-
#391591	NEW    cov: 2240 ft: 5877 corp: 229/164Kb lim: 5278 exec/s: 88 rss: 414Mb L: 105/5278 MS: 1 PersAutoDict- DE: "\377\377~\003\202\024\000\340"-
#392306	REDUCE cov: 2240 ft: 5877 corp: 229/162Kb lim: 5278 exec/s: 88 rss: 414Mb L: 248/5278 MS: 5 EraseBytes-EraseBytes-ShuffleBytes-EraseBytes-ChangeBit-
#395449	REDUCE cov: 2240 ft: 5877 corp: 229/162Kb lim: 5278 exec/s: 88 rss: 414Mb L: 26/5278 MS: 3 CrossOver-ChangeBit-EraseBytes-
#399628	REDUCE cov: 2240 ft: 5877 corp: 229/162Kb lim: 5278 exec/s: 88 rss: 414Mb L: 27/5278 MS: 4 EraseBytes-CrossOver-ChangeBit-CMP- DE: "\377\377\377\007"-
#405281	REDUCE cov: 2240 ft: 5877 corp: 229/162Kb lim: 5278 exec/s: 88 rss: 414Mb L: 20/5278 MS: 3 ChangeByte-EraseBytes-CrossOver-
#406630	REDUCE cov: 2240 ft: 5877 corp: 229/162Kb lim: 5278 exec/s: 88 rss: 414Mb L: 890/5278 MS: 4 ManualDict-ShuffleBytes-EraseBytes-PersAutoDict- DE: "`\360\005\000"-"\011\001\036\202\003\177\000\000"-
#406659	REDUCE cov: 2240 ft: 5877 corp: 229/162Kb lim: 5278 exec/s: 88 rss: 414Mb L: 213/5278 MS: 4 ManualDict-PersAutoDict-EraseBytes-PersAutoDict- DE: "\000\000\002\000"-"\377\377\377\012"-"\001\000\000\010"-
#409126	REDUCE cov: 2240 ft: 5877 corp: 229/162Kb lim: 5278 exec/s: 88 rss: 414Mb L: 9/5278 MS: 2 PersAutoDict-EraseBytes- DE: "\000\000\002\000"-
#409516	REDUCE cov: 2240 ft: 5877 corp: 229/162Kb lim: 5278 exec/s: 88 rss: 414Mb L: 6/5278 MS: 5 PersAutoDict-ChangeBit-ChangeByte-ChangeBit-EraseBytes- DE: "\000\000\177\003\202\030\001\015"-
#411493	REDUCE cov: 2240 ft: 5877 corp: 229/162Kb lim: 5278 exec/s: 88 rss: 414Mb L: 5267/5278 MS: 2 ChangeASCIIInt-EraseBytes-
#413029	REDUCE cov: 2240 ft: 5877 corp: 229/162Kb lim: 5278 exec/s: 88 rss: 414Mb L: 33/5278 MS: 1 EraseBytes-
#422827	REDUCE cov: 2240 ft: 5877 corp: 229/162Kb lim: 5278 exec/s: 88 rss: 414Mb L: 1588/5278 MS: 3 PersAutoDict-ChangeBit-EraseBytes- DE: "j\375"-
#423086	REDUCE cov: 2240 ft: 5877 corp: 229/162Kb lim: 5278 exec/s: 88 rss: 414Mb L: 4/5278 MS: 4 EraseBytes-InsertByte-CopyPart-ChangeBinInt-
#423253	REDUCE cov: 2240 ft: 5877 corp: 229/162Kb lim: 5278 exec/s: 88 rss: 414Mb L: 36/5278 MS: 2 ShuffleBytes-EraseBytes-
#424731	REDUCE cov: 2240 ft: 5877 corp: 229/162Kb lim: 5278 exec/s: 88 rss: 414Mb L: 33/5278 MS: 3 InsertByte-EraseBytes-ChangeByte-
#428218	REDUCE cov: 2240 ft: 5877 corp: 229/162Kb lim: 5278 exec/s: 88 rss: 414Mb L: 40/5278 MS: 2 CMP-EraseBytes- DE: "\011\000\000\000"-
#428292	REDUCE cov: 2240 ft: 5877 corp: 229/162Kb lim: 5278 exec/s: 88 rss: 414Mb L: 26/5278 MS: 4 PersAutoDict-EraseBytes-CrossOver-CrossOver- DE: "\000\000\000\016"-
#435794	REDUCE cov: 2240 ft: 5877 corp: 229/162Kb lim: 5278 exec/s: 88 rss: 414Mb L: 481/5278 MS: 2 ChangeBit-EraseBytes-
#437985	REDUCE cov: 2240 ft: 5877 corp: 229/162Kb lim: 5278 exec/s: 88 rss: 414Mb L: 33/5278 MS: 1 EraseBytes-
#440449	REDUCE cov: 2240 ft: 5877 corp: 229/162Kb lim: 5278 exec/s: 88 rss: 414Mb L: 37/5278 MS: 4 ManualDict-EraseBytes-PersAutoDict-ChangeASCIIInt- DE: "\001\000\200\177"-"\005\006\000\000"-
#442340	NEW    cov: 2240 ft: 5881 corp: 230/162Kb lim: 5278 exec/s: 88 rss: 414Mb L: 9/5278 MS: 1 ManualDict- DE: "\001\000\200\177"-
#454515	REDUCE cov: 2240 ft: 5881 corp: 230/162Kb lim: 5278 exec/s: 89 rss: 414Mb L: 35/5278 MS: 5 ChangeASCIIInt-EraseBytes-CMP-ShuffleBytes-ChangeByte- DE: "\003\000\000\000"-
#454776	REDUCE cov: 2240 ft: 5881 corp: 230/162Kb lim: 5278 exec/s: 89 rss: 414Mb L: 33/5278 MS: 1 EraseBytes-
#457619	REDUCE cov: 2240 ft: 5881 corp: 230/162Kb lim: 5278 exec/s: 89 rss: 414Mb L: 9/5278 MS: 3 InsertByte-CMP-EraseBytes- DE: "\010\000\000\000"-
#461199	REDUCE cov: 2240 ft: 5881 corp: 230/162Kb lim: 5278 exec/s: 89 rss: 414Mb L: 5266/5278 MS: 5 ChangeBit-EraseBytes-CopyPart-ManualDict-InsertRepeatedBytes- DE: "\000\000\000\000\000\000\000\000\000\000\000\000\000\000\000\000\000\000\000\000\000\000\000\000\000\000\000\000\000\000\000\000"-
#477884	REDUCE cov: 2240 ft: 5881 corp: 230/162Kb lim: 5278 exec/s: 89 rss: 414Mb L: 209/5278 MS: 5 ManualDict-ChangeByte-ShuffleBytes-CopyPart-EraseBytes- DE: "\001\000\200\177"-
#482722	REDUCE cov: 2240 ft: 5881 corp: 230/162Kb lim: 5278 exec/s: 89 rss: 414Mb L: 37/5278 MS: 3 ChangeASCIIInt-ChangeByte-EraseBytes-
#489691	REDUCE cov: 2240 ft: 5882 corp: 231/162Kb lim: 5278 exec/s: 89 rss: 414Mb L: 36/5278 MS: 4 ChangeBinInt-ChangeBinInt-InsertByte-ChangeByte-
#495972	REDUCE cov: 2240 ft: 5882 corp: 231/162Kb lim: 5278 exec/s: 89 rss: 414Mb L: 23/5278 MS: 1 EraseBytes-
#496279	REDUCE cov: 2240 ft: 5882 corp: 231/162Kb lim: 5278 exec/s: 89 rss: 414Mb L: 37/5278 MS: 2 InsertByte-EraseBytes-
#496410	REDUCE cov: 2240 ft: 5882 corp: 231/162Kb lim: 5278 exec/s: 89 rss: 414Mb L: 33/5278 MS: 1 EraseBytes-
#498960	REDUCE cov: 2240 ft: 5882 corp: 231/162Kb lim: 5278 exec/s: 89 rss: 414Mb L: 4101/5278 MS: 5 ChangeBinInt-InsertByte-ChangeByte-CopyPart-EraseBytes-
#505107	REDUCE cov: 2240 ft: 5888 corp: 232/162Kb lim: 5278 exec/s: 89 rss: 414Mb L: 94/5278 MS: 2 ChangeBinInt-ManualDict- DE: "\001\000\200\177"-
#506815	REDUCE cov: 2240 ft: 5888 corp: 232/162Kb lim: 5278 exec/s: 89 rss: 414Mb L: 18/5278 MS: 3 CopyPart-ShuffleBytes-EraseBytes-
#511628	REDUCE cov: 2240 ft: 5888 corp: 232/162Kb lim: 5278 exec/s: 89 rss: 414Mb L: 3/5278 MS: 3 EraseBytes-ChangeByte-ChangeBit-
#514109	REDUCE cov: 2240 ft: 5888 corp: 232/162Kb lim: 5278 exec/s: 89 rss: 414Mb L: 74/5278 MS: 1 EraseBytes-
#517180	REDUCE cov: 2240 ft: 5888 corp: 232/162Kb lim: 5278 exec/s: 89 rss: 414Mb L: 5274/5278 MS: 1 EraseBytes-
#517906	REDUCE cov: 2240 ft: 5888 corp: 232/162Kb lim: 5278 exec/s: 89 rss: 414Mb L: 33/5278 MS: 1 EraseBytes-
#524288	pulse  cov: 2240 ft: 5888 corp: 232/162Kb lim: 5278 exec/s: 89 rss: 414Mb
#527942	REDUCE cov: 2240 ft: 5888 corp: 232/162Kb lim: 5278 exec/s: 89 rss: 414Mb L: 33/5278 MS: 1 EraseBytes-
#533022	REDUCE cov: 2240 ft: 5888 corp: 232/162Kb lim: 5278 exec/s: 89 rss: 414Mb L: 4/5278 MS: 5 CrossOver-EraseBytes-ChangeByte-CMP-EraseBytes- DE: "\377\377\377\377"-
#534485	REDUCE cov: 2240 ft: 5900 corp: 233/163Kb lim: 5278 exec/s: 89 rss: 414Mb L: 505/5278 MS: 3 PersAutoDict-ChangeBinInt-CMP- DE: "\001\000\177\003\202\021\000\340"-"\011\000\000\000"-
#535088	REDUCE cov: 2240 ft: 5900 corp: 233/163Kb lim: 5278 exec/s: 89 rss: 414Mb L: 102/5278 MS: 3 EraseBytes-PersAutoDict-ManualDict- DE: "\022\001\031\202\003\177\000\000"-"\000\000\000\000\000\000\000\000\000\000\000\000\000\000\000\000\000\000\000\000\000\000\000\000\000\000\000\000\000\000\000\000"-
#541037	REDUCE cov: 2240 ft: 5900 corp: 233/163Kb lim: 5278 exec/s: 88 rss: 414Mb L: 21/5278 MS: 4 EraseBytes-CopyPart-ChangeByte-CMP- DE: "\032\001\033\202\003\177\000\000"-
#551525	REDUCE cov: 2240 ft: 5900 corp: 233/163Kb lim: 5278 exec/s: 88 rss: 414Mb L: 14/5278 MS: 3 InsertByte-ChangeBit-EraseBytes-
#552359	REDUCE cov: 2240 ft: 5900 corp: 233/163Kb lim: 5278 exec/s: 88 rss: 414Mb L: 18/5278 MS: 3 InsertByte-EraseBytes-ShuffleBytes-
#564249	REDUCE cov: 2240 ft: 5900 corp: 233/161Kb lim: 5278 exec/s: 88 rss: 414Mb L: 2727/5278 MS: 5 CMP-InsertByte-CopyPart-InsertByte-EraseBytes- DE: "\377\357\254\223"-
#568995	REDUCE cov: 2240 ft: 5900 corp: 233/161Kb lim: 5278 exec/s: 88 rss: 414Mb L: 38/5278 MS: 1 EraseBytes-
#577075	REDUCE cov: 2240 ft: 5900 corp: 233/161Kb lim: 5278 exec/s: 88 rss: 414Mb L: 50/5278 MS: 5 EraseBytes-ManualDict-ChangeBit-PersAutoDict-ChangeBinInt- DE: "\001\000\200\177"-"\011\000\000\000"-
#578275	REDUCE cov: 2240 ft: 5900 corp: 233/161Kb lim: 5278 exec/s: 88 rss: 414Mb L: 39/5278 MS: 5 ChangeBit-ChangeBit-ManualDict-ShuffleBytes-EraseBytes- DE: "\000\000\002\000"-
#579222	REDUCE cov: 2240 ft: 5900 corp: 233/161Kb lim: 5278 exec/s: 88 rss: 414Mb L: 36/5278 MS: 2 CopyPart-EraseBytes-
#579539	REDUCE cov: 2240 ft: 5900 corp: 233/161Kb lim: 5278 exec/s: 88 rss: 414Mb L: 34/5278 MS: 2 InsertByte-EraseBytes-
#580394	REDUCE cov: 2240 ft: 5900 corp: 233/161Kb lim: 5278 exec/s: 88 rss: 414Mb L: 48/5278 MS: 5 ShuffleBytes-ChangeByte-ChangeBit-ChangeBit-EraseBytes-
#584504	REDUCE cov: 2240 ft: 5900 corp: 233/159Kb lim: 5278 exec/s: 89 rss: 414Mb L: 1487/5278 MS: 5 ManualDict-EraseBytes-ChangeBinInt-EraseBytes-InsertByte- DE: "\001\000\200\177"-
#585544	REDUCE cov: 2240 ft: 5900 corp: 233/159Kb lim: 5278 exec/s: 88 rss: 414Mb L: 21/5278 MS: 5 ShuffleBytes-EraseBytes-EraseBytes-ChangeByte-InsertByte-
#594594	REDUCE cov: 2240 ft: 5900 corp: 233/159Kb lim: 5278 exec/s: 88 rss: 414Mb L: 1574/5278 MS: 5 PersAutoDict-CMP-ChangeBit-PersAutoDict-EraseBytes- DE: "\003\000\000\000"-"ZgC\000"-"\022\001\031\202\003\177\000\000"-
#596028	REDUCE cov: 2240 ft: 5900 corp: 233/159Kb lim: 5278 exec/s: 89 rss: 414Mb L: 212/5278 MS: 4 ManualDict-CopyPart-PersAutoDict-EraseBytes- DE: "`\360\005\000"-"\377\377\377\007"-
#604096	REDUCE cov: 2240 ft: 5900 corp: 233/159Kb lim: 5278 exec/s: 89 rss: 414Mb L: 5269/5278 MS: 3 CopyPart-PersAutoDict-CrossOver- DE: "\377\377~\003\202\034\001\000"-
#621302	REDUCE cov: 2240 ft: 5901 corp: 234/159Kb lim: 5278 exec/s: 88 rss: 414Mb L: 16/5278 MS: 1 EraseBytes-
#626606	REDUCE cov: 2240 ft: 5901 corp: 234/159Kb lim: 5278 exec/s: 88 rss: 414Mb L: 14/5278 MS: 4 ChangeByte-ChangeBinInt-ChangeBinInt-EraseBytes-
#634276	REDUCE cov: 2240 ft: 5901 corp: 234/159Kb lim: 5278 exec/s: 88 rss: 414Mb L: 5262/5278 MS: 5 CrossOver-InsertByte-ChangeASCIIInt-CMP-EraseBytes- DE: "\001\000\177\003\202\031\205\300"-
#634899	REDUCE cov: 2240 ft: 5901 corp: 234/159Kb lim: 5278 exec/s: 88 rss: 414Mb L: 5268/5278 MS: 3 EraseBytes-ChangeByte-CopyPart-
#640024	DONE   cov: 2240 ft: 5901 corp: 234/159Kb lim: 5278 exec/s: 88 rss: 414Mb
###### Recommended dictionary. ######
"\001\000\000\000" # Uses: 1628
"\377\377~\003\202\034\001\000" # Uses: 1551
"\001\000\177\003\202\021\000\340" # Uses: 1642
"\000\000\000\000" # Uses: 1656
"\035\001\020\202\003\177\000\000" # Uses: 1622
"\017\000\000\000" # Uses: 1585
"\022\001\031\202\003\177\000\000" # Uses: 1577
"\001\000\000\010" # Uses: 1649
"\377\377~\003\202\024\000\340" # Uses: 1559
"\005\006\000\000" # Uses: 1535
"\001\000\177\003\202\026\001\033" # Uses: 1594
"\000\000\177\003\202\030\001\015" # Uses: 1409
"\001\000\177\003\202\020\000\340" # Uses: 1501
"\027\001\021\202\003\177\000\000" # Uses: 1585
"\000\000\000\010" # Uses: 1596
"\377\377\377\377" # Uses: 1524
"\377\377~\003\202\032\001\010" # Uses: 1476
"\011\001\036\202\003\177\000\000" # Uses: 1435
"\000\000\000\016" # Uses: 1507
"\001@\210\035" # Uses: 1486
"\011\000\000\000" # Uses: 1373
"\007\000\000\000" # Uses: 1341
"\000\000\177\003\202\031\001\014" # Uses: 1250
"1:=\000" # Uses: 1272
"\261\020\000\000" # Uses: 1266
"\377\235\034\202\003\177\000\000" # Uses: 1207
"\000\000\015\277" # Uses: 1156
"\341\000\035\202\003\177\000\000" # Uses: 1079
"j\375" # Uses: 1105
"\377\377\377\012" # Uses: 808
"\377\000\025\202\003\177\000\000" # Uses: 668
"\377\377\377D" # Uses: 653
"\377\377\377\007" # Uses: 521
"\003\000\000\000" # Uses: 383
"\010\000\000\000" # Uses: 380
"\032\001\033\202\003\177\000\000" # Uses: 165
"\377\357\254\223" # Uses: 142
"ZgC\000" # Uses: 85
"\001\000\177\003\202\031\205\300" # Uses: 12
###### End of recommended dictionary. ######
Done 640024 runs in 7201 second(s)
stat::number_of_executed_units: 640024
stat::average_exec_per_sec:     88
stat::new_units_added:          481
stat::slowest_unit_time_sec:    0
stat::peak_rss_mb:              414
