run started 2026-08-31T18:36:48Z; pass=52 fail=0 skip=23 wall=856s
test_aes_bitsliced.log:==29813== ERROR SUMMARY: 0 errors from 0 contexts (suppressed: 0 from 0)
test_aes_gcm_backend_introspect.log:==29228== ERROR SUMMARY: 0 errors from 0 contexts (suppressed: 0 from 0)
test_aes_gcm_neon_equiv.log:==29904== ERROR SUMMARY: 0 errors from 0 contexts (suppressed: 0 from 0)
test_aes_gcm_scalar_kat.log:==29207== ERROR SUMMARY: 0 errors from 0 contexts (suppressed: 0 from 0)
test_aes_gcm_vaes_equiv.log:==29903== ERROR SUMMARY: 0 errors from 0 contexts (suppressed: 0 from 0)
test_agent_binding.log:==29312== ERROR SUMMARY: 0 errors from 0 contexts (suppressed: 0 from 0)
test_argon2_g_avx2_equiv.log:==29920== ERROR SUMMARY: 0 errors from 0 contexts (suppressed: 0 from 0)
test_argon2_g_neon_equiv.log:==29915== ERROR SUMMARY: 0 errors from 0 contexts (suppressed: 0 from 0)
test_argon2id.log:==29464== ERROR SUMMARY: 0 errors from 0 contexts (suppressed: 0 from 0)
test_ascon.log:==29320== ERROR SUMMARY: 0 errors from 0 contexts (suppressed: 0 from 0)
test_chacha20_x8_avx2_equiv.log:==29905== ERROR SUMMARY: 0 errors from 0 contexts (suppressed: 0 from 0)
test_chacha20_x8_neon_equiv.log:==29930== ERROR SUMMARY: 0 errors from 0 contexts (suppressed: 0 from 0)
test_chacha20poly1305.log:==29446== ERROR SUMMARY: 0 errors from 0 contexts (suppressed: 0 from 0)
test_concurrent_init.log:==29855== ERROR SUMMARY: 0 errors from 0 contexts (suppressed: 0 from 0)
test_consttime.log:==29205== ERROR SUMMARY: 0 errors from 0 contexts (suppressed: 0 from 0)
test_core.log:==29206== ERROR SUMMARY: 0 errors from 0 contexts (suppressed: 0 from 0)
test_dilithium_invntt_bound.log:==29887== ERROR SUMMARY: 0 errors from 0 contexts (suppressed: 0 from 0)
test_dilithium_ntt_bench.log:==29902== ERROR SUMMARY: 0 errors from 0 contexts (suppressed: 0 from 0)
test_dilithium_ntt_equiv.log:==29900== ERROR SUMMARY: 0 errors from 0 contexts (suppressed: 0 from 0)
test_dilithium_rej_equiv.log:==29901== ERROR SUMMARY: 0 errors from 0 contexts (suppressed: 0 from 0)
test_dispatch_cache_file.log:==29265== ERROR SUMMARY: 0 errors from 0 contexts (suppressed: 0 from 0)
test_dispatch_only_aes-gcm-neon.log:==29251== ERROR SUMMARY: 0 errors from 0 contexts (suppressed: 0 from 0)
test_dispatch_only_argon2-g-avx2.log:==29250== ERROR SUMMARY: 0 errors from 0 contexts (suppressed: 0 from 0)
test_dispatch_only_argon2-g-neon.log:==29261== ERROR SUMMARY: 0 errors from 0 contexts (suppressed: 0 from 0)
test_dispatch_only_chacha20-avx2x8.log:==29249== ERROR SUMMARY: 0 errors from 0 contexts (suppressed: 0 from 0)
test_dispatch_only_chacha20-neon.log:==29252== ERROR SUMMARY: 0 errors from 0 contexts (suppressed: 0 from 0)
test_dispatch_only_dilithium-ntt-avx2.log:==29248== ERROR SUMMARY: 0 errors from 0 contexts (suppressed: 0 from 0)
test_dispatch_only_dilithium-ntt-neon.log:==29260== ERROR SUMMARY: 0 errors from 0 contexts (suppressed: 0 from 0)
test_dispatch_only_kyber-ntt-avx2.log:==29247== ERROR SUMMARY: 0 errors from 0 contexts (suppressed: 0 from 0)
test_dispatch_only_kyber-ntt-neon.log:==29259== ERROR SUMMARY: 0 errors from 0 contexts (suppressed: 0 from 0)
test_dispatch_only_kyber-sve2.log:==29262== ERROR SUMMARY: 0 errors from 0 contexts (suppressed: 0 from 0)
test_dispatch_only_sha3-avx512x4.log:==29246== ERROR SUMMARY: 0 errors from 0 contexts (suppressed: 0 from 0)
test_dispatch_only_sha3-neon.log:==29258== ERROR SUMMARY: 0 errors from 0 contexts (suppressed: 0 from 0)
test_dispatch_only_sha3-sve2.log:==29263== ERROR SUMMARY: 0 errors from 0 contexts (suppressed: 0 from 0)
test_dispatch_only_x25519-avx2.log:==29264== ERROR SUMMARY: 0 errors from 0 contexts (suppressed: 0 from 0)
test_dudect_verdict.log:==30200== ERROR SUMMARY: 0 errors from 0 contexts (suppressed: 0 from 0)
test_ed25519.log:==29338== ERROR SUMMARY: 0 errors from 0 contexts (suppressed: 0 from 0)
test_ed25519_canonical_r.log:==29356== ERROR SUMMARY: 0 errors from 0 contexts (suppressed: 0 from 0)
test_ed25519_canonical_s.log:==29346== ERROR SUMMARY: 0 errors from 0 contexts (suppressed: 0 from 0)
test_ed25519_scalarmult_contract.log:==29357== ERROR SUMMARY: 0 errors from 0 contexts (suppressed: 0 from 0)
test_ed25519_unaligned_input.log:==29339== ERROR SUMMARY: 0 errors from 0 contexts (suppressed: 0 from 0)
test_field_bench.log:==29441== ERROR SUMMARY: 0 errors from 0 contexts (suppressed: 0 from 0)
test_frost.log:==29799== ERROR SUMMARY: 0 errors from 0 contexts (suppressed: 0 from 0)
test_hkdf.log:==29301== ERROR SUMMARY: 0 errors from 0 contexts (suppressed: 0 from 0)
test_kat.log:==29814== ERROR SUMMARY: 0 errors from 0 contexts (suppressed: 0 from 0)
test_keccak_bmi_equiv.log:==29965== ERROR SUMMARY: 0 errors from 0 contexts (suppressed: 0 from 0)
test_keccak_equiv.log:==29955== ERROR SUMMARY: 0 errors from 0 contexts (suppressed: 0 from 0)
test_kyber_cbd2_equiv.log:==29882== ERROR SUMMARY: 0 errors from 0 contexts (suppressed: 0 from 0)
test_kyber_compress.log:==29871== ERROR SUMMARY: 0 errors from 0 contexts (suppressed: 0 from 0)
test_kyber_cpa.log:==29866== ERROR SUMMARY: 0 errors from 0 contexts (suppressed: 0 from 0)
test_kyber_debug.log:==29865== ERROR SUMMARY: 0 errors from 0 contexts (suppressed: 0 from 0)
test_kyber_ntt_equiv.log:==29931== ERROR SUMMARY: 0 errors from 0 contexts (suppressed: 0 from 0)
test_kyber_poly_equiv.log:==29947== ERROR SUMMARY: 0 errors from 0 contexts (suppressed: 0 from 0)
test_kyber_sample_ntt.log:==29872== ERROR SUMMARY: 0 errors from 0 contexts (suppressed: 0 from 0)
test_lms.log:==29321== ERROR SUMMARY: 0 errors from 0 contexts (suppressed: 0 from 0)
test_nistp.log:==29800== ERROR SUMMARY: 0 errors from 0 contexts (suppressed: 0 from 0)
test_nistp_mont_mulx_equiv.log:==29966== ERROR SUMMARY: 0 errors from 0 contexts (suppressed: 0 from 0)
test_platform_rand_generic.log:==30213== ERROR SUMMARY: 0 errors from 0 contexts (suppressed: 0 from 0)
test_pq_parser_stack.log:==29838== ERROR SUMMARY: 0 errors from 0 contexts (suppressed: 0 from 0)
test_pq_privkey_check_determinism.log:==29837== ERROR SUMMARY: 0 errors from 0 contexts (suppressed: 0 from 0)
test_secp256k1.log:==29473== ERROR SUMMARY: 0 errors from 0 contexts (suppressed: 0 from 0)
test_sha256_dispatch_equiv.log:==30199== ERROR SUMMARY: 0 errors from 0 contexts (suppressed: 0 from 0)
test_sha256_neon_kat.log:==30198== ERROR SUMMARY: 0 errors from 0 contexts (suppressed: 0 from 0)
test_sha3.log:==29282== ERROR SUMMARY: 0 errors from 0 contexts (suppressed: 0 from 0)
test_sha3_512_stream.log:==29287== ERROR SUMMARY: 0 errors from 0 contexts (suppressed: 0 from 0)
test_sha3_avx512_kat.log:==29300== ERROR SUMMARY: 0 errors from 0 contexts (suppressed: 0 from 0)
test_sha3_wrapper_equiv.log:==29967== ERROR SUMMARY: 0 errors from 0 contexts (suppressed: 0 from 0)
test_sha3_x4.log:==29292== ERROR SUMMARY: 0 errors from 0 contexts (suppressed: 0 from 0)
test_sha512_kat.log:==29221== ERROR SUMMARY: 0 errors from 0 contexts (suppressed: 0 from 0)
test_sphincs_simd_equiv.log:==29968== ERROR SUMMARY: 0 errors from 0 contexts (suppressed: 0 from 0)
test_x25519.log:==29366== ERROR SUMMARY: 0 errors from 0 contexts (suppressed: 0 from 0)
test_x25519_fe64_mulx_equiv.log:==29444== ERROR SUMMARY: 0 errors from 0 contexts (suppressed: 0 from 0)
test_x25519_field_equiv.log:==29438== ERROR SUMMARY: 0 errors from 0 contexts (suppressed: 0 from 0)
test_x25519_mulx_override.log:==29445== ERROR SUMMARY: 0 errors from 0 contexts (suppressed: 0 from 0)
test_x25519_path.log:==29437== ERROR SUMMARY: 0 errors from 0 contexts (suppressed: 0 from 0)
