Verified OK
Verified build using builder "https://github.com/slsa-framework/slsa-github-generator/.github/workflows/generator_generic_slsa3.yml@refs/tags/v2.1.0" at commit 32c3e0de27b7c21ceb8067c3e79fdaad1c4565d4
Verifying artifact /home/user/AMA-Cryptography/verification/v5-audit/artifacts/signed-distribution/ama_cryptography-5.0.0-cp310-cp310-macosx_10_9_x86_64.whl: PASSED

PASSED: SLSA verification passed
verified(1): ama_cryptography-5.0.0-cp310-cp310-macosx_10_9_x86_64.whl
Verified OK
Verified build using builder "https://github.com/slsa-framework/slsa-github-generator/.github/workflows/generator_generic_slsa3.yml@refs/tags/v2.1.0" at commit 32c3e0de27b7c21ceb8067c3e79fdaad1c4565d4
Verifying artifact /home/user/AMA-Cryptography/verification/v5-audit/artifacts/signed-distribution/ama_cryptography-5.0.0-cp310-cp310-macosx_11_0_arm64.whl: PASSED

PASSED: SLSA verification passed
verified(2): ama_cryptography-5.0.0-cp310-cp310-macosx_11_0_arm64.whl
Verified OK
Verified build using builder "https://github.com/slsa-framework/slsa-github-generator/.github/workflows/generator_generic_slsa3.yml@refs/tags/v2.1.0" at commit 32c3e0de27b7c21ceb8067c3e79fdaad1c4565d4
Verifying artifact /home/user/AMA-Cryptography/verification/v5-audit/artifacts/signed-distribution/ama_cryptography-5.0.0-cp310-cp310-manylinux_2_26_aarch64.manylinux_2_28_aarch64.whl: PASSED

PASSED: SLSA verification passed
verified(3): ama_cryptography-5.0.0-cp310-cp310-manylinux_2_26_aarch64.manylinux_2_28_aarch64.whl
Verified OK
Verified build using builder "https://github.com/slsa-framework/slsa-github-generator/.github/workflows/generator_generic_slsa3.yml@refs/tags/v2.1.0" at commit 32c3e0de27b7c21ceb8067c3e79fdaad1c4565d4
Verifying artifact /home/user/AMA-Cryptography/verification/v5-audit/artifacts/signed-distribution/ama_cryptography-5.0.0-cp310-cp310-manylinux_2_26_x86_64.manylinux_2_28_x86_64.whl: PASSED

PASSED: SLSA verification passed
verified(4): ama_cryptography-5.0.0-cp310-cp310-manylinux_2_26_x86_64.manylinux_2_28_x86_64.whl
Verified OK
Verified build using builder "https://github.com/slsa-framework/slsa-github-generator/.github/workflows/generator_generic_slsa3.yml@refs/tags/v2.1.0" at commit 32c3e0de27b7c21ceb8067c3e79fdaad1c4565d4
Verifying artifact /home/user/AMA-Cryptography/verification/v5-audit/artifacts/signed-distribution/ama_cryptography-5.0.0-cp310-cp310-win_amd64.whl: PASSED

PASSED: SLSA verification passed
verified(5): ama_cryptography-5.0.0-cp310-cp310-win_amd64.whl
Verified OK
Verified build using builder "https://github.com/slsa-framework/slsa-github-generator/.github/workflows/generator_generic_slsa3.yml@refs/tags/v2.1.0" at commit 32c3e0de27b7c21ceb8067c3e79fdaad1c4565d4
Verifying artifact /home/user/AMA-Cryptography/verification/v5-audit/artifacts/signed-distribution/ama_cryptography-5.0.0-cp311-cp311-macosx_10_9_x86_64.whl: PASSED

PASSED: SLSA verification passed
verified(6): ama_cryptography-5.0.0-cp311-cp311-macosx_10_9_x86_64.whl
Verified OK
Verified build using builder "https://github.com/slsa-framework/slsa-github-generator/.github/workflows/generator_generic_slsa3.yml@refs/tags/v2.1.0" at commit 32c3e0de27b7c21ceb8067c3e79fdaad1c4565d4
Verifying artifact /home/user/AMA-Cryptography/verification/v5-audit/artifacts/signed-distribution/ama_cryptography-5.0.0-cp311-cp311-macosx_11_0_arm64.whl: PASSED

PASSED: SLSA verification passed
verified(7): ama_cryptography-5.0.0-cp311-cp311-macosx_11_0_arm64.whl
Verified OK
Verified build using builder "https://github.com/slsa-framework/slsa-github-generator/.github/workflows/generator_generic_slsa3.yml@refs/tags/v2.1.0" at commit 32c3e0de27b7c21ceb8067c3e79fdaad1c4565d4
Verifying artifact /home/user/AMA-Cryptography/verification/v5-audit/artifacts/signed-distribution/ama_cryptography-5.0.0-cp311-cp311-manylinux_2_26_aarch64.manylinux_2_28_aarch64.whl: PASSED

PASSED: SLSA verification passed
verified(8): ama_cryptography-5.0.0-cp311-cp311-manylinux_2_26_aarch64.manylinux_2_28_aarch64.whl
Verified OK
Verified build using builder "https://github.com/slsa-framework/slsa-github-generator/.github/workflows/generator_generic_slsa3.yml@refs/tags/v2.1.0" at commit 32c3e0de27b7c21ceb8067c3e79fdaad1c4565d4
Verifying artifact /home/user/AMA-Cryptography/verification/v5-audit/artifacts/signed-distribution/ama_cryptography-5.0.0-cp311-cp311-manylinux_2_26_x86_64.manylinux_2_28_x86_64.whl: PASSED

PASSED: SLSA verification passed
verified(9): ama_cryptography-5.0.0-cp311-cp311-manylinux_2_26_x86_64.manylinux_2_28_x86_64.whl
Verified OK
Verified build using builder "https://github.com/slsa-framework/slsa-github-generator/.github/workflows/generator_generic_slsa3.yml@refs/tags/v2.1.0" at commit 32c3e0de27b7c21ceb8067c3e79fdaad1c4565d4
Verifying artifact /home/user/AMA-Cryptography/verification/v5-audit/artifacts/signed-distribution/ama_cryptography-5.0.0-cp311-cp311-win_amd64.whl: PASSED

PASSED: SLSA verification passed
verified(10): ama_cryptography-5.0.0-cp311-cp311-win_amd64.whl
Verified OK
Verified build using builder "https://github.com/slsa-framework/slsa-github-generator/.github/workflows/generator_generic_slsa3.yml@refs/tags/v2.1.0" at commit 32c3e0de27b7c21ceb8067c3e79fdaad1c4565d4
Verifying artifact /home/user/AMA-Cryptography/verification/v5-audit/artifacts/signed-distribution/ama_cryptography-5.0.0-cp312-cp312-macosx_10_13_x86_64.whl: PASSED

PASSED: SLSA verification passed
verified(11): ama_cryptography-5.0.0-cp312-cp312-macosx_10_13_x86_64.whl
Verified OK
Verified build using builder "https://github.com/slsa-framework/slsa-github-generator/.github/workflows/generator_generic_slsa3.yml@refs/tags/v2.1.0" at commit 32c3e0de27b7c21ceb8067c3e79fdaad1c4565d4
Verifying artifact /home/user/AMA-Cryptography/verification/v5-audit/artifacts/signed-distribution/ama_cryptography-5.0.0-cp312-cp312-macosx_11_0_arm64.whl: PASSED

PASSED: SLSA verification passed
verified(12): ama_cryptography-5.0.0-cp312-cp312-macosx_11_0_arm64.whl
Verified OK
Verified build using builder "https://github.com/slsa-framework/slsa-github-generator/.github/workflows/generator_generic_slsa3.yml@refs/tags/v2.1.0" at commit 32c3e0de27b7c21ceb8067c3e79fdaad1c4565d4
Verifying artifact /home/user/AMA-Cryptography/verification/v5-audit/artifacts/signed-distribution/ama_cryptography-5.0.0-cp312-cp312-manylinux_2_26_aarch64.manylinux_2_28_aarch64.whl: PASSED

PASSED: SLSA verification passed
verified(13): ama_cryptography-5.0.0-cp312-cp312-manylinux_2_26_aarch64.manylinux_2_28_aarch64.whl
Verified OK
Verified build using builder "https://github.com/slsa-framework/slsa-github-generator/.github/workflows/generator_generic_slsa3.yml@refs/tags/v2.1.0" at commit 32c3e0de27b7c21ceb8067c3e79fdaad1c4565d4
Verifying artifact /home/user/AMA-Cryptography/verification/v5-audit/artifacts/signed-distribution/ama_cryptography-5.0.0-cp312-cp312-manylinux_2_26_x86_64.manylinux_2_28_x86_64.whl: PASSED

PASSED: SLSA verification passed
verified(14): ama_cryptography-5.0.0-cp312-cp312-manylinux_2_26_x86_64.manylinux_2_28_x86_64.whl
Verified OK
Verified build using builder "https://github.com/slsa-framework/slsa-github-generator/.github/workflows/generator_generic_slsa3.yml@refs/tags/v2.1.0" at commit 32c3e0de27b7c21ceb8067c3e79fdaad1c4565d4
Verifying artifact /home/user/AMA-Cryptography/verification/v5-audit/artifacts/signed-distribution/ama_cryptography-5.0.0-cp312-cp312-win_amd64.whl: PASSED

PASSED: SLSA verification passed
verified(15): ama_cryptography-5.0.0-cp312-cp312-win_amd64.whl
Verified OK
Verified build using builder "https://github.com/slsa-framework/slsa-github-generator/.github/workflows/generator_generic_slsa3.yml@refs/tags/v2.1.0" at commit 32c3e0de27b7c21ceb8067c3e79fdaad1c4565d4
Verifying artifact /home/user/AMA-Cryptography/verification/v5-audit/artifacts/signed-distribution/ama_cryptography-5.0.0-cp313-cp313-macosx_10_13_x86_64.whl: PASSED

PASSED: SLSA verification passed
verified(16): ama_cryptography-5.0.0-cp313-cp313-macosx_10_13_x86_64.whl
Verified OK
Verified build using builder "https://github.com/slsa-framework/slsa-github-generator/.github/workflows/generator_generic_slsa3.yml@refs/tags/v2.1.0" at commit 32c3e0de27b7c21ceb8067c3e79fdaad1c4565d4
Verifying artifact /home/user/AMA-Cryptography/verification/v5-audit/artifacts/signed-distribution/ama_cryptography-5.0.0-cp313-cp313-macosx_11_0_arm64.whl: PASSED

PASSED: SLSA verification passed
verified(17): ama_cryptography-5.0.0-cp313-cp313-macosx_11_0_arm64.whl
Verified OK
Verified build using builder "https://github.com/slsa-framework/slsa-github-generator/.github/workflows/generator_generic_slsa3.yml@refs/tags/v2.1.0" at commit 32c3e0de27b7c21ceb8067c3e79fdaad1c4565d4
Verifying artifact /home/user/AMA-Cryptography/verification/v5-audit/artifacts/signed-distribution/ama_cryptography-5.0.0-cp313-cp313-manylinux_2_26_aarch64.manylinux_2_28_aarch64.whl: PASSED

PASSED: SLSA verification passed
verified(18): ama_cryptography-5.0.0-cp313-cp313-manylinux_2_26_aarch64.manylinux_2_28_aarch64.whl
Verified OK
Verified build using builder "https://github.com/slsa-framework/slsa-github-generator/.github/workflows/generator_generic_slsa3.yml@refs/tags/v2.1.0" at commit 32c3e0de27b7c21ceb8067c3e79fdaad1c4565d4
Verifying artifact /home/user/AMA-Cryptography/verification/v5-audit/artifacts/signed-distribution/ama_cryptography-5.0.0-cp313-cp313-manylinux_2_26_x86_64.manylinux_2_28_x86_64.whl: PASSED

PASSED: SLSA verification passed
verified(19): ama_cryptography-5.0.0-cp313-cp313-manylinux_2_26_x86_64.manylinux_2_28_x86_64.whl
Verified OK
Verified build using builder "https://github.com/slsa-framework/slsa-github-generator/.github/workflows/generator_generic_slsa3.yml@refs/tags/v2.1.0" at commit 32c3e0de27b7c21ceb8067c3e79fdaad1c4565d4
Verifying artifact /home/user/AMA-Cryptography/verification/v5-audit/artifacts/signed-distribution/ama_cryptography-5.0.0-cp313-cp313-win_amd64.whl: PASSED

PASSED: SLSA verification passed
verified(20): ama_cryptography-5.0.0-cp313-cp313-win_amd64.whl
Verified OK
Verified build using builder "https://github.com/slsa-framework/slsa-github-generator/.github/workflows/generator_generic_slsa3.yml@refs/tags/v2.1.0" at commit 32c3e0de27b7c21ceb8067c3e79fdaad1c4565d4
Verifying artifact /home/user/AMA-Cryptography/verification/v5-audit/artifacts/signed-distribution/ama_cryptography-5.0.0-cp314-cp314-macosx_10_15_x86_64.whl: PASSED

PASSED: SLSA verification passed
verified(21): ama_cryptography-5.0.0-cp314-cp314-macosx_10_15_x86_64.whl
Verified OK
Verified build using builder "https://github.com/slsa-framework/slsa-github-generator/.github/workflows/generator_generic_slsa3.yml@refs/tags/v2.1.0" at commit 32c3e0de27b7c21ceb8067c3e79fdaad1c4565d4
Verifying artifact /home/user/AMA-Cryptography/verification/v5-audit/artifacts/signed-distribution/ama_cryptography-5.0.0-cp314-cp314-macosx_11_0_arm64.whl: PASSED

PASSED: SLSA verification passed
verified(22): ama_cryptography-5.0.0-cp314-cp314-macosx_11_0_arm64.whl
Verified OK
Verified build using builder "https://github.com/slsa-framework/slsa-github-generator/.github/workflows/generator_generic_slsa3.yml@refs/tags/v2.1.0" at commit 32c3e0de27b7c21ceb8067c3e79fdaad1c4565d4
Verifying artifact /home/user/AMA-Cryptography/verification/v5-audit/artifacts/signed-distribution/ama_cryptography-5.0.0-cp314-cp314-manylinux_2_26_aarch64.manylinux_2_28_aarch64.whl: PASSED

PASSED: SLSA verification passed
verified(23): ama_cryptography-5.0.0-cp314-cp314-manylinux_2_26_aarch64.manylinux_2_28_aarch64.whl
Verified OK
Verified build using builder "https://github.com/slsa-framework/slsa-github-generator/.github/workflows/generator_generic_slsa3.yml@refs/tags/v2.1.0" at commit 32c3e0de27b7c21ceb8067c3e79fdaad1c4565d4
Verifying artifact /home/user/AMA-Cryptography/verification/v5-audit/artifacts/signed-distribution/ama_cryptography-5.0.0-cp314-cp314-manylinux_2_26_x86_64.manylinux_2_28_x86_64.whl: PASSED

PASSED: SLSA verification passed
verified(24): ama_cryptography-5.0.0-cp314-cp314-manylinux_2_26_x86_64.manylinux_2_28_x86_64.whl
Verified OK
Verified build using builder "https://github.com/slsa-framework/slsa-github-generator/.github/workflows/generator_generic_slsa3.yml@refs/tags/v2.1.0" at commit 32c3e0de27b7c21ceb8067c3e79fdaad1c4565d4
Verifying artifact /home/user/AMA-Cryptography/verification/v5-audit/artifacts/signed-distribution/ama_cryptography-5.0.0-cp314-cp314-win_amd64.whl: PASSED

PASSED: SLSA verification passed
verified(25): ama_cryptography-5.0.0-cp314-cp314-win_amd64.whl
Verified OK
Verified build using builder "https://github.com/slsa-framework/slsa-github-generator/.github/workflows/generator_generic_slsa3.yml@refs/tags/v2.1.0" at commit 32c3e0de27b7c21ceb8067c3e79fdaad1c4565d4
Verifying artifact /home/user/AMA-Cryptography/verification/v5-audit/artifacts/signed-distribution/ama_cryptography-5.0.0.tar.gz: PASSED

PASSED: SLSA verification passed
verified(26): ama_cryptography-5.0.0.tar.gz
artifacts checked: 26 (expect 26)
