== date ==
Thu Sep  3 04:58:22 UTC 2026
== model ==
CPU(s):                                  4
Model name:                              Intel(R) Xeon(R) Processor @ 2.80GHz
Model:                                   85
Stepping:                                7
== target features ==
  PRESENT  avx2
  PRESENT  avx512f
  PRESENT  avx512vl
  PRESENT  avx512dq
  PRESENT  avx512bw
  ABSENT   avx512ifma
  ABSENT   vaes
  ABSENT   vpclmulqdq
  ABSENT   gfni
  ABSENT   sha_ni
  PRESENT  aes
  PRESENT  pclmulqdq
== verdict ==
canonical-host silicon ABSENT (AVX-512 present, VAES/VPCLMULQDQ absent)
