======================================================================
NIST ACVP Vector Validation — AMA Cryptography
======================================================================

Loading native library...
  Loaded from /home/user/AMA-Cryptography/build/lib
  OS: Linux 6.18.44-fc-v22
  Python: 3.11.15
  Arch: x86_64

--- SHA3-256 ---
  Tested: 251  Pass: 251  Fail: 0  Skipped: 1043  MCT/other skipped: 4  [PASS]

--- SHA3-512 ---
  Tested: 186  Pass: 186  Fail: 0  Skipped: 596  MCT/other skipped: 4  [PASS]

--- SHAKE-128 ---
  Tested: 274  Pass: 274  Fail: 0  Skipped: 1218  MCT/other skipped: 512  [PASS]

--- SHAKE-256 ---
  Tested: 243  Pass: 243  Fail: 0  Skipped: 1005  MCT/other skipped: 512  [PASS]

--- HMAC-SHA-256 ---
  Tested: 150  Pass: 150  Fail: 0  Skipped: 0  MCT/other skipped: 0  [PASS]

--- SHA-256 ---
  Tested: 3  Pass: 3  Fail: 0  Skipped: 0  MCT/other skipped: 0  [PASS]

--- AES-256-GCM ---
  Tested: 4  Pass: 4  Fail: 0  Skipped: 0  MCT/other skipped: 0  [PASS]

--- ML-KEM-1024 KeyGen ---
  Tested: 25  Pass: 25  Fail: 0  Skipped: 50  MCT/other skipped: 0  [PASS]

--- ML-KEM-1024 EncapDecap ---
  Tested: 25  Pass: 25  Fail: 0  Skipped: 50  MCT/other skipped: 90  [PASS]

--- ML-DSA-65 KeyGen ---
  Tested: 25  Pass: 25  Fail: 0  Skipped: 50  MCT/other skipped: 0  [PASS]

--- ML-DSA-65 SigVer ---
  Tested: 15  Pass: 15  Fail: 0  Skipped: 165  MCT/other skipped: 0  [PASS]

--- SLH-DSA-SHA2-256f SigVer ---
  Tested: 14  Pass: 14  Fail: 0  Skipped: 490  MCT/other skipped: 0  [PASS]

======================================================================
Total time: 1.1s
Total vectors tested: 1215
Total pass: 1215
Total fail: 0
Total skipped: 4667

Results written to /home/user/AMA-Cryptography/nist_vectors/results.json

ACVP VALIDATION PASSED — every algorithm in the inventory ran vectors.
