== ama_cryptography/dilithium_binding.cpython-311-x86_64-linux-gnu.so
	linux-vdso.so.1 (0x00007f66fd043000)
	libama_cryptography.so.5 => /home/user/AMA-Cryptography/ama_cryptography/libama_cryptography.so.5 (0x00007f66fcf76000)
	libc.so.6 => /lib/x86_64-linux-gnu/libc.so.6 (0x00007f66fcc00000)
	/lib64/ld-linux-x86-64.so.2 (0x00007f66fd045000)
 0x0000000000000001 (NEEDED)             Shared library: [libama_cryptography.so.5]
 0x0000000000000001 (NEEDED)             Shared library: [libc.so.6]
== ama_cryptography/ed25519_binding.cpython-311-x86_64-linux-gnu.so
	linux-vdso.so.1 (0x00007f0a49676000)
	libama_cryptography.so.5 => /home/user/AMA-Cryptography/ama_cryptography/libama_cryptography.so.5 (0x00007f0a495a3000)
	libc.so.6 => /lib/x86_64-linux-gnu/libc.so.6 (0x00007f0a49200000)
	/lib64/ld-linux-x86-64.so.2 (0x00007f0a49678000)
 0x0000000000000001 (NEEDED)             Shared library: [libama_cryptography.so.5]
 0x0000000000000001 (NEEDED)             Shared library: [libc.so.6]
== ama_cryptography/hkdf_binding.cpython-311-x86_64-linux-gnu.so
	linux-vdso.so.1 (0x00007fdece9ee000)
	libama_cryptography.so.5 => /home/user/AMA-Cryptography/ama_cryptography/libama_cryptography.so.5 (0x00007fdece922000)
	libc.so.6 => /lib/x86_64-linux-gnu/libc.so.6 (0x00007fdece600000)
	/lib64/ld-linux-x86-64.so.2 (0x00007fdece9f0000)
 0x0000000000000001 (NEEDED)             Shared library: [libama_cryptography.so.5]
 0x0000000000000001 (NEEDED)             Shared library: [libc.so.6]
== ama_cryptography/hmac_binding.cpython-311-x86_64-linux-gnu.so
	linux-vdso.so.1 (0x00007f6c05311000)
	libama_cryptography.so.5 => /home/user/AMA-Cryptography/ama_cryptography/libama_cryptography.so.5 (0x00007f6c05247000)
	libc.so.6 => /lib/x86_64-linux-gnu/libc.so.6 (0x00007f6c05000000)
	/lib64/ld-linux-x86-64.so.2 (0x00007f6c05313000)
 0x0000000000000001 (NEEDED)             Shared library: [libama_cryptography.so.5]
 0x0000000000000001 (NEEDED)             Shared library: [libc.so.6]
== ama_cryptography/libama_cryptography.so
	linux-vdso.so.1 (0x00007f6f3005c000)
	libc.so.6 => /lib/x86_64-linux-gnu/libc.so.6 (0x00007f6f2fc00000)
	/lib64/ld-linux-x86-64.so.2 (0x00007f6f3005e000)
 0x0000000000000001 (NEEDED)             Shared library: [libc.so.6]
 0x0000000000000001 (NEEDED)             Shared library: [ld-linux-x86-64.so.2]
== ama_cryptography/math_engine.cpython-311-x86_64-linux-gnu.so
	linux-vdso.so.1 (0x00007f2ae2f65000)
	libc.so.6 => /lib/x86_64-linux-gnu/libc.so.6 (0x00007f2ae2c00000)
	/lib64/ld-linux-x86-64.so.2 (0x00007f2ae2f67000)
 0x0000000000000001 (NEEDED)             Shared library: [libc.so.6]
== ama_cryptography/sha3_binding.cpython-311-x86_64-linux-gnu.so
	linux-vdso.so.1 (0x00007f82a04e2000)
	libama_cryptography.so.5 => /home/user/AMA-Cryptography/ama_cryptography/libama_cryptography.so.5 (0x00007f82a0418000)
	libc.so.6 => /lib/x86_64-linux-gnu/libc.so.6 (0x00007f82a0000000)
	/lib64/ld-linux-x86-64.so.2 (0x00007f82a04e4000)
 0x0000000000000001 (NEEDED)             Shared library: [libama_cryptography.so.5]
 0x0000000000000001 (NEEDED)             Shared library: [libc.so.6]
