0
TM_deregisterTMCloneTable
_ITM_registerTMCloneTable
__cxa_finalize@GLIBC_2.2.5
__errno_location@GLIBC_2.2.5
__fprintf_chk@GLIBC_2.3.4
__gmon_start__
__memcpy_chk@GLIBC_2.3.4
__memset_chk@GLIBC_2.3.4
__realpath_chk@GLIBC_2.4
__snprintf_chk@GLIBC_2.3.4
__stack_chk_fail@GLIBC_2.4
__tls_get_addr@GLIBC_2.3
calloc@GLIBC_2.2.5
clock_gettime@GLIBC_2.17
close@GLIBC_2.2.5
fclose@GLIBC_2.2.5
fdopen@GLIBC_2.2.5
fgets@GLIBC_2.2.5
free@GLIBC_2.2.5
fstat@GLIBC_2.33
getauxval@GLIBC_2.16
getenv@GLIBC_2.2.5
getpid@GLIBC_2.2.5
getrandom@GLIBC_2.25
madvise@GLIBC_2.2.5
malloc@GLIBC_2.2.5
memcpy@GLIBC_2.14
memset@GLIBC_2.2.5
mlock@GLIBC_2.2.5
munlock@GLIBC_2.2.5
open@GLIBC_2.2.5
openat@GLIBC_2.4
pthread_once@GLIBC_2.34
renameat@GLIBC_2.4
stderr@GLIBC_2.2.5
strchr@GLIBC_2.2.5
strcmp@GLIBC_2.2.5
strlen@GLIBC_2.2.5
strrchr@GLIBC_2.2.5
strtol@GLIBC_2.2.5
strtoll@GLIBC_2.2.5
sysconf@GLIBC_2.2.5
unlinkat@GLIBC_2.4
