============================= test session starts ==============================
platform linux -- Python 3.11.15, pytest-9.1.1, pluggy-1.6.0 -- /opt/ama-venv/bin/python
benchmark: 5.3.0 (defaults: timer=time.perf_counter disable_gc=False min_rounds=5 min_time=0.000005 max_time=1.0 calibration_precision=10 warmup=False warmup_iterations=100000)
hypothesis profile 'default'
rootdir: /home/user/AMA-Cryptography
configfile: pyproject.toml
plugins: xdist-3.8.0, benchmark-5.3.0, hypothesis-6.167.1, anyio-4.14.2, timeout-2.4.0, cov-7.1.0
collecting ... collected 6812 items / 6300 deselected / 512 selected

tests/test_acvp_attestation_coverage.py::test_the_coverage_map_is_not_empty PASSED [  0%]
tests/test_acvp_attestation_coverage.py::test_the_immutable_attestation_is_untouched PASSED [  0%]
tests/test_acvp_attestation_coverage.py::test_every_coverage_entry_names_a_real_corpus[ML-DSA-44 KeyGen + SigGen] PASSED [  0%]
tests/test_acvp_attestation_coverage.py::test_every_coverage_entry_names_a_real_corpus[ML-DSA-87 KeyGen + SigGen] PASSED [  0%]
tests/test_acvp_attestation_coverage.py::test_every_coverage_entry_names_a_real_corpus[ML-KEM-512 KeyGen + Decapsulation] PASSED [  0%]
tests/test_acvp_attestation_coverage.py::test_every_coverage_entry_names_a_real_corpus[ML-KEM-768 KeyGen + Decapsulation] PASSED [  1%]
tests/test_acvp_attestation_coverage.py::test_every_coverage_entry_names_a_real_corpus[NIST P-256 / P-384 / P-521 ECDSA] PASSED [  1%]
tests/test_acvp_attestation_coverage.py::test_every_record_count_matches_the_corpus[ML-DSA-44 KeyGen + SigGen] PASSED [  1%]
tests/test_acvp_attestation_coverage.py::test_every_record_count_matches_the_corpus[ML-DSA-87 KeyGen + SigGen] PASSED [  1%]
tests/test_acvp_attestation_coverage.py::test_every_record_count_matches_the_corpus[ML-KEM-512 KeyGen + Decapsulation] PASSED [  1%]
tests/test_acvp_attestation_coverage.py::test_every_record_count_matches_the_corpus[ML-KEM-768 KeyGen + Decapsulation] PASSED [  2%]
tests/test_acvp_attestation_coverage.py::test_the_single_corpus_list_is_not_empty PASSED [  2%]
tests/test_acvp_attestation_coverage.py::test_every_gate_names_a_test_that_exists[ML-DSA-44 KeyGen + SigGen] PASSED [  2%]
tests/test_acvp_attestation_coverage.py::test_every_gate_names_a_test_that_exists[ML-DSA-87 KeyGen + SigGen] PASSED [  2%]
tests/test_acvp_attestation_coverage.py::test_every_gate_names_a_test_that_exists[ML-KEM-512 KeyGen + Decapsulation] PASSED [  2%]
tests/test_acvp_attestation_coverage.py::test_every_gate_names_a_test_that_exists[ML-KEM-768 KeyGen + Decapsulation] PASSED [  3%]
tests/test_acvp_attestation_coverage.py::test_every_gate_names_a_test_that_exists[NIST P-256 / P-384 / P-521 ECDSA] PASSED [  3%]
tests/test_acvp_attestation_coverage.py::test_nothing_in_the_coverage_map_claims_acvp_attestation[ML-DSA-44 KeyGen + SigGen] PASSED [  3%]
tests/test_acvp_attestation_coverage.py::test_nothing_in_the_coverage_map_claims_acvp_attestation[ML-DSA-87 KeyGen + SigGen] PASSED [  3%]
tests/test_acvp_attestation_coverage.py::test_nothing_in_the_coverage_map_claims_acvp_attestation[ML-KEM-512 KeyGen + Decapsulation] PASSED [  3%]
tests/test_acvp_attestation_coverage.py::test_nothing_in_the_coverage_map_claims_acvp_attestation[ML-KEM-768 KeyGen + Decapsulation] PASSED [  4%]
tests/test_acvp_attestation_coverage.py::test_nothing_in_the_coverage_map_claims_acvp_attestation[NIST P-256 / P-384 / P-521 ECDSA] PASSED [  4%]
tests/test_acvp_attestation_coverage.py::test_every_implemented_pq_parameter_set_appears_somewhere PASSED [  4%]
tests/test_acvp_attestation_coverage.py::test_every_implemented_nist_curve_appears PASSED [  4%]
tests/test_acvp_fetch_fails_closed.py::test_a_failed_fetch_is_returned_not_swallowed PASSED [  4%]
tests/test_acvp_fetch_fails_closed.py::test_main_fails_when_vectors_are_missing PASSED [  5%]
tests/test_acvp_fetch_fails_closed.py::test_main_succeeds_when_everything_was_fetched PASSED [  5%]
tests/test_acvp_fetch_fails_closed.py::test_the_fetch_goes_through_the_shared_retry_policy PASSED [  5%]
tests/test_acvp_harness_library_discovery.py::TestVersionedDiscovery::test_the_unversioned_symlink_is_preferred PASSED [  5%]
tests/test_acvp_harness_library_discovery.py::TestVersionedDiscovery::test_any_single_major_is_found[3] PASSED [  5%]
tests/test_acvp_harness_library_discovery.py::TestVersionedDiscovery::test_any_single_major_is_found[4] PASSED [  6%]
tests/test_acvp_harness_library_discovery.py::TestVersionedDiscovery::test_any_single_major_is_found[5] PASSED [  6%]
tests/test_acvp_harness_library_discovery.py::TestVersionedDiscovery::test_any_single_major_is_found[6] PASSED [  6%]
tests/test_acvp_harness_library_discovery.py::TestVersionedDiscovery::test_any_single_major_is_found[17] PASSED [  6%]
tests/test_acvp_harness_library_discovery.py::TestVersionedDiscovery::test_the_highest_major_wins_when_several_are_present PASSED [  6%]
tests/test_acvp_harness_library_discovery.py::TestVersionedDiscovery::test_full_version_suffixes_are_ordered_numerically PASSED [  7%]
tests/test_acvp_harness_library_discovery.py::TestVersionedDiscovery::test_an_unparseable_suffix_is_not_loaded PASSED [  7%]
tests/test_acvp_harness_library_discovery.py::TestVersionedDiscovery::test_only_an_unparseable_candidate_is_a_clean_failure PASSED [  7%]
tests/test_acvp_harness_library_discovery.py::TestVersionedDiscovery::test_nothing_present_names_the_remedy PASSED [  7%]
tests/test_acvp_harness_library_discovery.py::TestNoHardcodedMajorRemains::test_the_harness_does_not_pin_a_soname_major PASSED [  7%]
tests/test_aes_gcm_native.py::TestAESGCMNISTVectors::test_nist_case_16 PASSED [  8%]
tests/test_aes_gcm_vectors.py::TestNISTAES256Vectors::test_encrypt_matches_nist[NIST Case 13 (no PT, no AAD)] PASSED [  8%]
tests/test_aes_gcm_vectors.py::TestNISTAES256Vectors::test_encrypt_matches_nist[NIST Case 14 (PT, no AAD)] PASSED [  8%]
tests/test_aes_gcm_vectors.py::TestNISTAES256Vectors::test_encrypt_matches_nist[NIST Case 15 (no PT, AAD)] PASSED [  8%]
tests/test_aes_gcm_vectors.py::TestNISTAES256Vectors::test_encrypt_matches_nist[NIST Case 16 (PT + AAD)] PASSED [  8%]
tests/test_aes_gcm_vectors.py::TestNISTAES256Vectors::test_decrypt_matches_nist[NIST Case 13 (no PT, no AAD)] PASSED [  8%]
tests/test_aes_gcm_vectors.py::TestNISTAES256Vectors::test_decrypt_matches_nist[NIST Case 14 (PT, no AAD)] PASSED [  9%]
tests/test_aes_gcm_vectors.py::TestNISTAES256Vectors::test_decrypt_matches_nist[NIST Case 15 (no PT, AAD)] PASSED [  9%]
tests/test_aes_gcm_vectors.py::TestNISTAES256Vectors::test_decrypt_matches_nist[NIST Case 16 (PT + AAD)] PASSED [  9%]
tests/test_aes_gcm_vectors.py::TestGHASHEdgeCases::test_encrypt_decrypt_roundtrip[Single block PT, zero key] PASSED [  9%]
tests/test_aes_gcm_vectors.py::TestGHASHEdgeCases::test_encrypt_decrypt_roundtrip[3 blocks PT, no AAD] PASSED [  9%]
tests/test_aes_gcm_vectors.py::TestGHASHEdgeCases::test_encrypt_decrypt_roundtrip[1-byte AAD, no PT] PASSED [ 10%]
tests/test_aes_gcm_vectors.py::TestGHASHEdgeCases::test_encrypt_decrypt_roundtrip[256-byte AAD, 1-byte PT] PASSED [ 10%]
tests/test_aes_gcm_vectors.py::TestGHASHEdgeCases::test_empty_pt_empty_aad PASSED [ 10%]
tests/test_aes_gcm_vectors.py::TestGHASHEdgeCases::test_non_block_aligned_aad PASSED [ 10%]
tests/test_aes_gcm_vectors.py::TestGHASHEdgeCases::test_non_block_aligned_plaintext PASSED [ 10%]
tests/test_aes_gcm_vectors.py::TestGHASHEdgeCases::test_large_aad PASSED [ 11%]
tests/test_aes_gcm_vectors.py::TestGHASHEdgeCases::test_tampered_aad_bit_detected PASSED [ 11%]
tests/test_aes_gcm_vectors.py::TestGHASHDispatch::test_dispatch_status PASSED [ 11%]
tests/test_aes_gcm_vectors.py::TestGHASHDispatch::test_multi_block_consistency PASSED [ 11%]
tests/test_agentic_abuse_detectors.py::TestHashHelpers::test_fnv1a64_matches_reference_vectors PASSED [ 11%]
tests/test_agentic_abuse_detectors.py::TestHashHelpers::test_bigram_hash_matches_reference_vectors PASSED [ 12%]
tests/test_ascon.py::test_hash256_known_answer_vectors PASSED            [ 12%]
tests/test_ascon.py::test_aead128_known_answer_vectors PASSED            [ 12%]
tests/test_ascon.py::test_empty_message_vectors PASSED                   [ 12%]
tests/test_avx_scoping_gate.py::test_kernel_symbols_are_allowed_to_carry_vectors[ama_kyber_ntt_avx2] PASSED [ 12%]
tests/test_avx_scoping_gate.py::test_kernel_symbols_are_allowed_to_carry_vectors[ama_dilithium_invntt_avx2] PASSED [ 13%]
tests/test_avx_scoping_gate.py::test_kernel_symbols_are_allowed_to_carry_vectors[ama_keccak_f1600_x4_avx512] PASSED [ 13%]
tests/test_avx_scoping_gate.py::test_kernel_symbols_are_allowed_to_carry_vectors[ama_sphincs_wots_chain_avx2.part.0] PASSED [ 13%]
tests/test_avx_scoping_gate.py::test_kernel_symbols_are_allowed_to_carry_vectors[ama_kyber_ntt_avx2.constprop.0] PASSED [ 13%]
tests/test_avx_scoping_gate.py::test_kernel_symbols_are_allowed_to_carry_vectors[fe_mul_x4] PASSED [ 13%]
tests/test_avx_scoping_gate.py::test_kernel_symbols_are_allowed_to_carry_vectors[fe25519_10_contract] PASSED [ 14%]
tests/test_avx_scoping_gate.py::test_vector_operands_are_attributed_to_their_enclosing_symbol PASSED [ 14%]
tests/test_avx_scoping_gate.py::test_main_fails_when_a_non_kernel_symbol_carries_a_vector PASSED [ 14%]
tests/test_comprehensive_system.py::TestEthicalVectorIntegration::test_ethical_vector_sum_equals_twelve PASSED [ 14%]
tests/test_comprehensive_system.py::TestEthicalVectorIntegration::test_ethical_vector_all_weights_equal_three PASSED [ 14%]
tests/test_comprehensive_system.py::TestEthicalVectorIntegration::test_ethical_vector_has_four_pillars PASSED [ 15%]
tests/test_comprehensive_system.py::TestEthicalVectorIntegration::test_ethical_context_with_none_uses_default PASSED [ 15%]
tests/test_comprehensive_system.py::TestEthicalVectorIntegration::test_derive_keys_with_none_ethical_vector PASSED [ 15%]
tests/test_comprehensive_system.py::TestKMSGenerationEdgeCases::test_kms_with_custom_ethical_vector PASSED [ 15%]
tests/test_corpus_originality.py::TestVectorGeneratorsComputeNothing::test_a_stdlib_digest_in_a_generator_is_reported[import hashlib\nD = hashlib.sha256(b"abc").hexdigest()\n-plain call] PASSED [ 15%]
tests/test_corpus_originality.py::TestVectorGeneratorsComputeNothing::test_a_stdlib_digest_in_a_generator_is_reported[D = __import__("hashlib").sha256(b"abc").hexdigest()\n-__import__ call] PASSED [ 16%]
tests/test_corpus_originality.py::TestVectorGeneratorsComputeNothing::test_a_stdlib_digest_in_a_generator_is_reported[import hashlib\n-a bare import, with no call at all] PASSED [ 16%]
tests/test_corpus_originality.py::TestVectorGeneratorsComputeNothing::test_a_stdlib_digest_in_a_generator_is_reported[from hashlib import sha256\n-a from-import] PASSED [ 16%]
tests/test_corpus_originality.py::TestVectorGeneratorsComputeNothing::test_a_stdlib_digest_in_a_generator_is_reported[import hmac\nD = hmac.new(b"k", b"m").hexdigest()\n-hmac] PASSED [ 16%]
tests/test_corpus_originality.py::TestVectorGeneratorsComputeNothing::test_a_stdlib_digest_in_a_generator_is_reported[import hashlib\nD = hashlib.new("sha256", b"abc").hexdigest()\n-hashlib.new] PASSED [ 16%]
tests/test_corpus_originality.py::TestVectorGeneratorsComputeNothing::test_a_transcribing_generator_passes PASSED [ 16%]
tests/test_corpus_originality.py::TestVectorGeneratorsComputeNothing::test_an_empty_scope_fails_closed PASSED [ 17%]
tests/test_corpus_originality.py::TestVectorGeneratorsComputeNothing::test_the_repository_generators_are_clean PASSED [ 17%]
tests/test_corpus_originality.py::TestVectorGeneratorsComputeNothing::test_the_committed_sha256_vectors_are_the_published_ones PASSED [ 17%]
tests/test_crypto_core_penetration.py::TestEthicalHKDFContext::test_context_different_vector_different_output PASSED [ 17%]
tests/test_crypto_core_penetration.py::TestKeyManagementSystem::test_kms_ethical_vector_stored PASSED [ 17%]
tests/test_crypto_core_penetration.py::TestKeyManagementSystem::test_kms_custom_ethical_vector PASSED [ 18%]
tests/test_crypto_core_penetration.py::TestCryptoPackageCreation::test_package_ethical_vector_included PASSED [ 18%]
tests/test_documented_source_paths_exist.py::test_every_source_path_a_document_cites_exists[docs/compliance/ACVP_SELF_ATTESTATION.md] PASSED [ 18%]
tests/test_documented_source_paths_exist.py::test_every_source_path_a_document_cites_exists[tests/kat/README.md] PASSED [ 18%]
tests/test_documented_source_paths_exist.py::test_every_source_path_a_document_cites_exists[tests/kat/ascon/README.md] PASSED [ 18%]
tests/test_documented_source_paths_exist.py::test_every_source_path_a_document_cites_exists[tests/kat/fips205/README.md] PASSED [ 19%]
tests/test_documented_source_paths_exist.py::test_every_source_path_a_document_cites_exists[tests/kat/keyformats/README.md] PASSED [ 19%]
tests/test_documented_source_paths_exist.py::test_every_source_path_a_document_cites_exists[wycheproof_vectors/README.md] PASSED [ 19%]
tests/test_documented_source_paths_exist.py::test_every_bare_filename_a_document_cites_exists[docs/compliance/ACVP_SELF_ATTESTATION.md] PASSED [ 19%]
tests/test_documented_source_paths_exist.py::test_every_bare_filename_a_document_cites_exists[tests/kat/README.md] PASSED [ 19%]
tests/test_documented_source_paths_exist.py::test_every_bare_filename_a_document_cites_exists[tests/kat/ascon/README.md] PASSED [ 20%]
tests/test_documented_source_paths_exist.py::test_every_bare_filename_a_document_cites_exists[tests/kat/fips205/README.md] PASSED [ 20%]
tests/test_documented_source_paths_exist.py::test_every_bare_filename_a_document_cites_exists[tests/kat/keyformats/README.md] PASSED [ 20%]
tests/test_documented_source_paths_exist.py::test_every_bare_filename_a_document_cites_exists[wycheproof_vectors/README.md] PASSED [ 20%]
tests/test_ed25519_batch_verify.py::TestBatchVerifyRFC8032::test_rfc8032_vectors_batch PASSED [ 20%]
tests/test_ed25519_batch_verify.py::TestBatchVerifyWycheproofFullCorpus::test_corpus_shape_is_as_pinned PASSED [ 21%]
tests/test_ed25519_batch_verify.py::TestBatchVerifyWycheproofFullCorpus::test_full_corpus_batch_matches_expected PASSED [ 21%]
tests/test_ed25519_batch_verify.py::TestBatchVerifyWycheproofFullCorpus::test_full_corpus_batch_agrees_with_single PASSED [ 21%]
tests/test_ed25519_batch_verify.py::TestBatchVerifyWycheproofFullCorpus::test_malformed_length_signatures_rejected_by_batch PASSED [ 21%]
tests/test_ed25519_batch_verify.py::TestBatchVerifyWycheproofFullCorpus::test_signature_malleability_cases_rejected_in_batch PASSED [ 21%]
tests/test_ed25519_native.py::TestRFC8032Vectors::test_rfc8032_native[TEST 1 (empty message)] PASSED [ 22%]
tests/test_ed25519_native.py::TestRFC8032Vectors::test_rfc8032_native[TEST 2 (single byte 0x72)] PASSED [ 22%]
tests/test_ed25519_native.py::TestRFC8032Vectors::test_rfc8032_native[TEST 3 (two-byte message)] PASSED [ 22%]
tests/test_ed25519_native.py::TestRFC8032Vectors::test_rfc8032_pyca[TEST 1 (empty message)] PASSED [ 22%]
tests/test_ed25519_native.py::TestRFC8032Vectors::test_rfc8032_pyca[TEST 2 (single byte 0x72)] PASSED [ 22%]
tests/test_ed25519_native.py::TestRFC8032Vectors::test_rfc8032_pyca[TEST 3 (two-byte message)] PASSED [ 23%]
tests/test_fips140_self_test.py::TestPowerOnSelfTests::test_all_kats_passed PASSED [ 23%]
tests/test_fips140_self_test.py::TestPowerOnSelfTests::test_expected_kat_names_present PASSED [ 23%]
tests/test_fips140_self_test.py::TestPowerOnSelfTests::test_individual_kat_sha3_256 PASSED [ 23%]
tests/test_fips140_self_test.py::TestPowerOnSelfTests::test_individual_kat_hmac_sha3_256 PASSED [ 23%]
tests/test_fips140_self_test.py::TestPowerOnSelfTests::test_individual_kat_aes_256_gcm PASSED [ 24%]
tests/test_fips140_self_test.py::TestPowerOnSelfTests::test_individual_kat_ml_kem_1024 PASSED [ 24%]
tests/test_fips140_self_test.py::TestPowerOnSelfTests::test_individual_kat_ml_dsa_65 PASSED [ 24%]
tests/test_fips140_self_test.py::TestPowerOnSelfTests::test_individual_kat_slh_dsa PASSED [ 24%]
tests/test_fips140_self_test.py::TestPowerOnSelfTests::test_individual_kat_ed25519 PASSED [ 24%]
tests/test_gap_closure_review.py::TestItem10_KATSkipNotPass::test_all_kat_skips_return_none PASSED [ 25%]
tests/test_gap_closure_review.py::TestItem10_KATSkipNotPass::test_strict_mode_escalates_skip_to_failure PASSED [ 25%]
tests/test_gap_closure_review.py::TestItem10_KATSkipNotPass::test_non_strict_mode_skips_continue PASSED [ 25%]
tests/test_gap_closure_review.py::TestItem10_KATSkipNotPass::test_module_self_test_results_tri_state_typing PASSED [ 25%]
tests/test_hd_key_derivation_vectors.py::TestMasterKeyGeneration::test_master_key_length PASSED [ 25%]
tests/test_hd_key_derivation_vectors.py::TestMasterKeyGeneration::test_master_chain_code_length PASSED [ 25%]
tests/test_hd_key_derivation_vectors.py::TestMasterKeyGeneration::test_random_seed_generation PASSED [ 26%]
tests/test_hd_key_derivation_vectors.py::TestMasterKeyGeneration::test_seed_phrase_derivation PASSED [ 26%]
tests/test_hd_key_derivation_vectors.py::TestChildKeyDerivation::test_derive_path_returns_tuple PASSED [ 26%]
tests/test_hd_key_derivation_vectors.py::TestChildKeyDerivation::test_derive_key_convenience PASSED [ 26%]
tests/test_hd_key_derivation_vectors.py::TestDerivationPathParsing::test_path_must_start_with_m PASSED [ 26%]
tests/test_hd_key_derivation_vectors.py::TestDerivationPathParsing::test_hardened_marker_parsed PASSED [ 27%]
tests/test_hd_key_derivation_vectors.py::TestDerivationPathParsing::test_single_level_path PASSED [ 27%]
tests/test_hd_key_derivation_vectors.py::TestConsistency::test_same_seed_same_key PASSED [ 27%]
tests/test_hd_key_derivation_vectors.py::TestConsistency::test_different_paths_different_keys PASSED [ 27%]
tests/test_hd_key_derivation_vectors.py::TestConsistency::test_different_seeds_different_keys PASSED [ 27%]
tests/test_hd_key_derivation_vectors.py::TestChainCodeHandling::test_chain_code_differs_across_levels PASSED [ 28%]
tests/test_hd_key_derivation_vectors.py::TestChainCodeHandling::test_chain_code_is_deterministic PASSED [ 28%]
tests/test_hd_key_derivation_vectors.py::TestMultipleLevelsOfDerivation::test_five_level_path PASSED [ 28%]
tests/test_hd_key_derivation_vectors.py::TestMultipleLevelsOfDerivation::test_deeper_path_still_works PASSED [ 28%]
tests/test_hd_key_derivation_vectors.py::TestMultipleLevelsOfDerivation::test_intermediate_keys_differ PASSED [ 28%]
tests/test_hkdf_sha3_256.py::TestEthicalHKDFContext::test_ethical_context_different_vectors_produce_different_contexts PASSED [ 29%]
tests/test_hkdf_sha3_256.py::TestEthicalHKDFContext::test_ethical_vector_affects_derived_keys PASSED [ 29%]
tests/test_hkdf_sha3_256.py::TestNISTSHA3256Vectors::test_sha3_256_empty_string_nist_fips_202 PASSED [ 29%]
tests/test_hkdf_sha3_256.py::TestNISTSHA3256Vectors::test_sha3_256_abc_nist_fips_202 PASSED [ 29%]
tests/test_hkdf_sha3_256.py::TestProjectSpecificVectors::test_hmac_sha3_256_project_vector_1 PASSED [ 29%]
tests/test_hkdf_sha3_256.py::TestProjectSpecificVectors::test_hmac_sha3_256_project_vector_2 PASSED [ 30%]
tests/test_hkdf_sha3_256.py::TestProjectSpecificVectors::test_hkdf_sha3_256_project_vector PASSED [ 30%]
tests/test_hkdf_sha3_256.py::TestProjectSpecificVectors::test_ethical_signature_golden_vector PASSED [ 30%]
tests/test_integration_e2e.py::TestEthicalIntegration::test_ethical_vector_in_key_derivation PASSED [ 30%]
tests/test_key_formats.py::test_pq_private_key_vectors_parse[C.1.1.1_0] PASSED [ 30%]
tests/test_key_formats.py::test_pq_private_key_vectors_parse[C.1.1.2_0] PASSED [ 31%]
tests/test_key_formats.py::test_pq_private_key_vectors_parse[C.1.1.3_0] PASSED [ 31%]
tests/test_key_formats.py::test_pq_private_key_vectors_parse[C.1.2.1_0] PASSED [ 31%]
tests/test_key_formats.py::test_pq_private_key_vectors_parse[C.1.2.2_0] PASSED [ 31%]
tests/test_key_formats.py::test_pq_private_key_vectors_parse[C.1.2.3_0] PASSED [ 31%]
tests/test_key_formats.py::test_pq_private_key_vectors_parse[C.1.3.1_0] PASSED [ 32%]
tests/test_key_formats.py::test_pq_private_key_vectors_parse[C.1.3.2_0] PASSED [ 32%]
tests/test_key_formats.py::test_pq_private_key_vectors_parse[C.1.3.3_0] PASSED [ 32%]
tests/test_key_formats.py::test_pq_private_key_vectors_parse[C.1.1.1_1] PASSED [ 32%]
tests/test_key_formats.py::test_pq_private_key_vectors_parse[C.1.1.2_1] PASSED [ 32%]
tests/test_key_formats.py::test_pq_private_key_vectors_parse[C.1.1.3_1] PASSED [ 33%]
tests/test_key_formats.py::test_pq_private_key_vectors_parse[C.1.2.1_1] PASSED [ 33%]
tests/test_key_formats.py::test_pq_private_key_vectors_parse[C.1.2.2_1] PASSED [ 33%]
tests/test_key_formats.py::test_pq_private_key_vectors_parse[C.1.2.3_1] PASSED [ 33%]
tests/test_key_formats.py::test_pq_private_key_vectors_parse[C.1.3.1_1] PASSED [ 33%]
tests/test_key_formats.py::test_pq_private_key_vectors_parse[C.1.3.2_1] PASSED [ 33%]
tests/test_key_formats.py::test_pq_private_key_vectors_parse[C.1.3.3_1] PASSED [ 34%]
tests/test_key_formats.py::test_pq_private_key_vectors_reencode_exactly[C.1.1.1_0] PASSED [ 34%]
tests/test_key_formats.py::test_pq_private_key_vectors_reencode_exactly[C.1.1.2_0] PASSED [ 34%]
tests/test_key_formats.py::test_pq_private_key_vectors_reencode_exactly[C.1.1.3_0] PASSED [ 34%]
tests/test_key_formats.py::test_pq_private_key_vectors_reencode_exactly[C.1.2.1_0] PASSED [ 34%]
tests/test_key_formats.py::test_pq_private_key_vectors_reencode_exactly[C.1.2.2_0] PASSED [ 35%]
tests/test_key_formats.py::test_pq_private_key_vectors_reencode_exactly[C.1.2.3_0] PASSED [ 35%]
tests/test_key_formats.py::test_pq_private_key_vectors_reencode_exactly[C.1.3.1_0] PASSED [ 35%]
tests/test_key_formats.py::test_pq_private_key_vectors_reencode_exactly[C.1.3.2_0] PASSED [ 35%]
tests/test_key_formats.py::test_pq_private_key_vectors_reencode_exactly[C.1.3.3_0] PASSED [ 35%]
tests/test_key_formats.py::test_pq_private_key_vectors_reencode_exactly[C.1.1.1_1] PASSED [ 36%]
tests/test_key_formats.py::test_pq_private_key_vectors_reencode_exactly[C.1.1.2_1] PASSED [ 36%]
tests/test_key_formats.py::test_pq_private_key_vectors_reencode_exactly[C.1.1.3_1] PASSED [ 36%]
tests/test_key_formats.py::test_pq_private_key_vectors_reencode_exactly[C.1.2.1_1] PASSED [ 36%]
tests/test_key_formats.py::test_pq_private_key_vectors_reencode_exactly[C.1.2.2_1] PASSED [ 36%]
tests/test_key_formats.py::test_pq_private_key_vectors_reencode_exactly[C.1.2.3_1] PASSED [ 37%]
tests/test_key_formats.py::test_pq_private_key_vectors_reencode_exactly[C.1.3.1_1] PASSED [ 37%]
tests/test_key_formats.py::test_pq_private_key_vectors_reencode_exactly[C.1.3.2_1] PASSED [ 37%]
tests/test_key_formats.py::test_pq_private_key_vectors_reencode_exactly[C.1.3.3_1] PASSED [ 37%]
tests/test_key_formats.py::test_pq_public_key_vectors_round_trip[C.2.  Example Public0] PASSED [ 37%]
tests/test_key_formats.py::test_pq_public_key_vectors_round_trip[C.2.  Example Public1] PASSED [ 38%]
tests/test_key_formats.py::test_pq_public_key_vectors_round_trip[C.2.  Example Public2] PASSED [ 38%]
tests/test_key_formats.py::test_pq_public_key_vectors_round_trip[C.2.  Example Public3] PASSED [ 38%]
tests/test_key_formats.py::test_pq_public_key_vectors_round_trip[C.2.  Example Public4] PASSED [ 38%]
tests/test_key_formats.py::test_pq_public_key_vectors_round_trip[C.2.  Example Public5] PASSED [ 38%]
tests/test_key_formats.py::test_rfc8410_public_key_vector PASSED         [ 39%]
tests/test_key_formats.py::test_rfc8037_private_jwk_vector PASSED        [ 39%]
tests/test_key_formats.py::test_rfc8037_public_jwk_vector PASSED         [ 39%]
tests/test_key_formats.py::test_rfc7638_thumbprint_vector PASSED         [ 39%]
tests/test_key_formats.py::test_rfc8152_cose_key_vectors[P-256] PASSED   [ 39%]
tests/test_key_formats.py::test_rfc8152_cose_key_vectors[P-521] PASSED   [ 40%]
tests/test_keyformat_corpus_provenance.py::test_a_truncated_hex_vector_is_caught PASSED [ 40%]
tests/test_lazy_exports.py::test_every_declared_export_is_resolvable_statically[ETHICAL_VECTOR] PASSED [ 40%]
tests/test_math_engine_shape_safety.py::test_matrix_vector_multiply_rejects_length_mismatch PASSED [ 40%]
tests/test_math_engine_shape_safety.py::test_matrix_vector_multiply_accepts_matching_shapes PASSED [ 40%]
tests/test_native_integrity.py::TestThePackageDigestIsAnInjectiveCommitment::test_a_crafted_body_cannot_forge_the_post_kats_section PASSED [ 41%]
tests/test_native_integrity.py::TestPostKatVectors::test_provenance_gate_passes_and_is_not_vacuous PASSED [ 41%]
tests/test_native_integrity.py::TestPostKatVectors::test_module_digest_covers_post_kats PASSED [ 41%]
tests/test_native_integrity.py::TestPostKatVectors::test_swapped_vector_fails_import PASSED [ 41%]
tests/test_native_integrity.py::TestPostKatVectors::test_kats_are_known_answer_not_roundtrip PASSED [ 41%]
tests/test_native_integrity.py::TestStageOrdering::test_ed25519_kat_precedes_integrity_in_source_ordering PASSED [ 41%]
tests/test_native_lib_override_hardening.py::TestLibcProbesArePreferred::test_getauxval_agrees_with_the_parsed_vector PASSED [ 42%]
tests/test_new_primitives.py::TestSecp256k1::test_pubkey_from_privkey_known_vector PASSED [ 42%]
tests/test_new_primitives.py::TestChaCha20Poly1305::test_rfc8439_test_vector PASSED [ 42%]
tests/test_nist_kat.py::TestKATVectorParsing::test_kat_directory_exists PASSED [ 42%]
tests/test_nist_kat.py::TestKATVectorParsing::test_parse_kyber1024_kat PASSED [ 42%]
tests/test_nist_kat.py::TestKATVectorParsing::test_parse_kyber768_kat PASSED [ 43%]
tests/test_nist_kat.py::TestKATVectorParsing::test_parse_kyber512_kat PASSED [ 43%]
tests/test_nist_kat.py::TestKATVectorParsing::test_parse_dilithium3_kat PASSED [ 43%]
tests/test_nist_kat.py::TestKATVectorParsing::test_parse_dilithium2_kat PASSED [ 43%]
tests/test_nist_kat.py::TestKATVectorParsing::test_parse_dilithium5_kat PASSED [ 43%]
tests/test_nist_kat.py::TestMLKEMKATValidation::test_kyber1024_key_sizes_match_kat PASSED [ 44%]
tests/test_nist_kat.py::TestMLKEMKATValidation::test_kyber1024_encaps_decaps_roundtrip PASSED [ 44%]
tests/test_nist_kat.py::TestMLKEMKATValidation::test_kyber1024_shared_secret_size_matches_kat PASSED [ 44%]
tests/test_nist_kat.py::TestMLKEMKATValidation::test_kyber1024_multiple_kat_vectors PASSED [ 44%]
tests/test_nist_kat.py::TestMLKEMKATValidation::test_kyber_ciphertext_uniqueness PASSED [ 44%]
tests/test_nist_kat.py::TestMLDSAKATValidation::test_dilithium3_key_sizes_match_kat PASSED [ 45%]
tests/test_nist_kat.py::TestMLDSAKATValidation::test_dilithium3_signature_size_matches_kat PASSED [ 45%]
tests/test_nist_kat.py::TestMLDSAKATValidation::test_dilithium3_sign_verify_roundtrip PASSED [ 45%]
tests/test_nist_kat.py::TestMLDSAKATValidation::test_dilithium3_roundtrip3_rejects_gracefully PASSED [ 45%]
tests/test_nist_kat.py::TestMLDSAKATValidation::test_fips204_ml_dsa_65_verify_kat_signature PASSED [ 45%]
tests/test_nist_kat.py::TestMLDSAKATValidation::test_dilithium_sign_ctx_round_trip PASSED [ 46%]
tests/test_nist_kat.py::TestMLDSAKATValidation::test_dilithium_sign_ctx_negative PASSED [ 46%]
tests/test_nist_kat.py::TestMLDSAKATValidation::test_dilithium_sign_ctx_rejects_oversized_context PASSED [ 46%]
tests/test_nist_kat.py::TestMLDSAKATValidation::test_dilithium_sign_ctx_matches_verify_ctx_wrapper PASSED [ 46%]
tests/test_nist_kat.py::TestMLDSAKATValidation::test_fips204_ml_dsa_65_sign_ctx_kat_round_trip PASSED [ 46%]
tests/test_nist_kat.py::TestMLDSAKATValidation::test_dilithium3_multiple_kat_vectors PASSED [ 47%]
tests/test_nist_kat.py::TestMLDSAKATValidation::test_dilithium_signature_uniqueness PASSED [ 47%]
tests/test_nist_kat.py::TestMLDSAKATValidation::test_dilithium_wrong_key_fails PASSED [ 47%]
tests/test_nist_kat.py::TestMLDSAKATValidation::test_dilithium_modified_message_fails PASSED [ 47%]
tests/test_nist_kat.py::TestKATVectorComprehensiveCoverage::test_kyber1024_kat_count PASSED [ 47%]
tests/test_nist_kat.py::TestKATVectorComprehensiveCoverage::test_kyber768_kat_count PASSED [ 48%]
tests/test_nist_kat.py::TestKATVectorComprehensiveCoverage::test_kyber512_kat_count PASSED [ 48%]
tests/test_nist_kat.py::TestKATVectorComprehensiveCoverage::test_dilithium3_kat_count PASSED [ 48%]
tests/test_nist_kat.py::TestKATVectorComprehensiveCoverage::test_dilithium2_kat_count PASSED [ 48%]
tests/test_nist_kat.py::TestKATVectorComprehensiveCoverage::test_dilithium5_kat_count PASSED [ 48%]
tests/test_nist_kat.py::TestKATVectorIntegrity::test_kat_files_not_empty PASSED [ 49%]
tests/test_nist_kat.py::TestKATVectorIntegrity::test_kat_vectors_have_required_fields PASSED [ 49%]
tests/test_nistp_curves.py::test_rfc6979_published_vectors PASSED        [ 49%]
tests/test_nistp_curves.py::test_rfc6979_vectors_reject_low_s_normalisation PASSED [ 49%]
tests/test_post_failclosed.py::TestImportFailsClosed::test_build_pipeline_flag_does_not_excuse_a_kat_failure PASSED [ 49%]
tests/test_pqc_kat.py::TestMLDSA65KAT::test_public_key_size PASSED       [ 50%]
tests/test_pqc_kat.py::TestMLDSA65KAT::test_secret_key_size PASSED       [ 50%]
tests/test_pqc_kat.py::TestMLDSA65KAT::test_signature_size PASSED        [ 50%]
tests/test_pqc_kat.py::TestMLDSA65KAT::test_sign_verify_roundtrip PASSED [ 50%]
tests/test_pqc_kat.py::TestMLDSA65KAT::test_invalid_signature_fails PASSED [ 50%]
tests/test_pqc_kat.py::TestMLDSA65KAT::test_wrong_message_fails PASSED   [ 50%]
tests/test_pqc_kat.py::TestMLDSA65KAT::test_wrong_public_key_fails PASSED [ 51%]
tests/test_pqc_kat.py::TestMLDSA65KAT::test_signature_consistency PASSED [ 51%]
tests/test_pqc_kat.py::TestMLDSA65KAT::test_empty_message PASSED         [ 51%]
tests/test_pqc_kat.py::TestMLDSA65KAT::test_large_message PASSED         [ 51%]
tests/test_pqc_kat.py::TestMLDSA65KAT::test_entropy_in_keys PASSED       [ 51%]
tests/test_pqc_kat.py::TestMLKEM1024KAT::test_public_key_size PASSED     [ 52%]
tests/test_pqc_kat.py::TestMLKEM1024KAT::test_secret_key_size PASSED     [ 52%]
tests/test_pqc_kat.py::TestMLKEM1024KAT::test_ciphertext_size PASSED     [ 52%]
tests/test_pqc_kat.py::TestMLKEM1024KAT::test_shared_secret_size PASSED  [ 52%]
tests/test_pqc_kat.py::TestMLKEM1024KAT::test_encapsulate_decapsulate_roundtrip PASSED [ 52%]
tests/test_pqc_kat.py::TestMLKEM1024KAT::test_different_keypairs_different_secrets PASSED [ 53%]
tests/test_pqc_kat.py::TestMLKEM1024KAT::test_encapsulation_randomness PASSED [ 53%]
tests/test_pqc_kat.py::TestMLKEM1024KAT::test_wrong_secret_key_implicit_rejection PASSED [ 53%]
tests/test_pqc_kat.py::TestMLKEM1024KAT::test_entropy_in_shared_secret PASSED [ 53%]
tests/test_pqc_kat.py::TestMLKEM1024KAT::test_random_encaps_decaps_50_trials PASSED [ 53%]
tests/test_pqc_kat.py::TestMLKEM1024KAT::test_random_keypair_encaps_decaps_25_trials PASSED [ 54%]
tests/test_pqc_kat.py::TestPQCInteroperability::test_dilithium_kyber_independent PASSED [ 54%]
tests/test_pqc_kat.py::TestPQCStress::test_dilithium_repeated_operations[10] PASSED [ 54%]
tests/test_pqc_kat.py::TestPQCStress::test_kyber_repeated_operations[10] PASSED [ 54%]
tests/test_pqc_kat.py::TestSLHDSA_SHA2_256f_KAT::test_public_key_size PASSED [ 54%]
tests/test_pqc_kat.py::TestSLHDSA_SHA2_256f_KAT::test_secret_key_size PASSED [ 55%]
tests/test_pqc_kat.py::TestSLHDSA_SHA2_256f_KAT::test_signature_size PASSED [ 55%]
tests/test_pqc_kat.py::TestSLHDSA_SHA2_256f_KAT::test_sign_verify_roundtrip PASSED [ 55%]
tests/test_pqc_kat.py::TestSLHDSA_SHA2_256f_KAT::test_invalid_signature_fails PASSED [ 55%]
tests/test_pqc_kat.py::TestSLHDSA_SHA2_256f_KAT::test_wrong_message_fails PASSED [ 55%]
tests/test_pqc_kat.py::TestSLHDSA_SHA2_256f_KAT::test_acvp_sigver_internal_vectors PASSED [ 56%]
tests/test_pqc_kat.py::TestSLHDSA_SHA2_256f_KAT::test_acvp_sigver_external_pure_vectors PASSED [ 56%]
tests/test_pqc_kat.py::TestSLHDSA_SHAKE_128s_ACVP::test_size_constants PASSED [ 56%]
tests/test_pqc_kat.py::TestSLHDSA_SHAKE_128s_ACVP::test_round_trip PASSED [ 56%]
tests/test_pqc_kat.py::TestSLHDSA_SHAKE_128s_ACVP::test_round_trip_with_context PASSED [ 56%]
tests/test_pqc_kat.py::TestSLHDSA_SHAKE_128s_ACVP::test_ctx_too_long_rejected PASSED [ 57%]
tests/test_pqc_kat.py::TestSLHDSA_SHAKE_128s_ACVP::test_acvp_siggen_byte_exact PASSED [ 57%]
tests/test_pqc_kat.py::TestSLHDSA_SHAKE_128s_ACVP::test_acvp_siggen_verify_round_trip PASSED [ 57%]
tests/test_pqc_kat.py::TestSLHDSA_SHA2_256f_ACVP_sigGen::test_size_constants PASSED [ 57%]
tests/test_pqc_kat.py::TestSLHDSA_SHA2_256f_ACVP_sigGen::test_round_trip PASSED [ 57%]
tests/test_pqc_kat.py::TestSLHDSA_SHA2_256f_ACVP_sigGen::test_acvp_siggen_randomizer_byte_exact PASSED [ 58%]
tests/test_pqc_kat.py::TestSLHDSA_SHA2_256f_ACVP_sigGen::test_acvp_siggen_deterministic_reproducible PASSED [ 58%]
tests/test_pqc_kat.py::TestSLHDSA_SHA2_256f_ACVP_sigGen::test_acvp_siggen_verify_round_trip PASSED [ 58%]
tests/test_pqc_kat.py::TestSLHDSA_SHA2_256f_ACVP_sigGen::test_acvp_siggen_byte_exact PASSED [ 58%]
tests/test_pqc_param_sets.py::test_ml_kem_known_answer_vectors[512-ml_kem_512.kat] PASSED [ 58%]
tests/test_pqc_param_sets.py::test_ml_kem_known_answer_vectors[768-ml_kem_768.kat] PASSED [ 58%]
tests/test_pqc_param_sets.py::test_ml_dsa_known_answer_vectors[44-ml_dsa_44.kat] PASSED [ 59%]
tests/test_pqc_param_sets.py::test_ml_dsa_known_answer_vectors[87-ml_dsa_87.kat] PASSED [ 59%]
tests/test_precommit_verbatim_bytes.py::test_protected_roots_are_excluded[ama_cryptography/_post_kats-FIPS 140-3 power-on self-test vectors-trailing-whitespace] PASSED [ 59%]
tests/test_precommit_verbatim_bytes.py::test_protected_roots_are_excluded[ama_cryptography/_post_kats-FIPS 140-3 power-on self-test vectors-end-of-file-fixer] PASSED [ 59%]
tests/test_precommit_verbatim_bytes.py::test_protected_roots_are_excluded[tests/kat-NIST/Ascon reference vectors as published-trailing-whitespace] PASSED [ 59%]
tests/test_precommit_verbatim_bytes.py::test_protected_roots_are_excluded[tests/kat-NIST/Ascon reference vectors as published-end-of-file-fixer] PASSED [ 60%]
tests/test_release_tag_trust_store.py::TestTheVerifierItself::test_the_rfc_8032_vector_verifies PASSED [ 60%]
tests/test_rfc8554_vectors.py::test_the_corpus_carries_both_published_test_cases PASSED [ 60%]
tests/test_rfc8554_vectors.py::test_the_source_is_the_rfc PASSED         [ 60%]
tests/test_rfc8554_vectors.py::test_the_public_key_has_the_size_the_structure_implies[1] PASSED [ 60%]
tests/test_rfc8554_vectors.py::test_the_public_key_has_the_size_the_structure_implies[2] PASSED [ 61%]
tests/test_rfc8554_vectors.py::test_the_header_constants_match_the_structure PASSED [ 61%]
tests/test_rfc8554_vectors.py::test_the_signature_has_the_size_its_parameter_sets_imply[1-2644] PASSED [ 61%]
tests/test_rfc8554_vectors.py::test_the_signature_has_the_size_its_parameter_sets_imply[2-3860] PASSED [ 61%]
tests/test_rfc8554_vectors.py::test_every_value_is_well_formed_hexadecimal[case1-message] PASSED [ 61%]
tests/test_rfc8554_vectors.py::test_every_value_is_well_formed_hexadecimal[case1-public_key] PASSED [ 62%]
tests/test_rfc8554_vectors.py::test_every_value_is_well_formed_hexadecimal[case1-signature] PASSED [ 62%]
tests/test_rfc8554_vectors.py::test_every_value_is_well_formed_hexadecimal[case2-message] PASSED [ 62%]
tests/test_rfc8554_vectors.py::test_every_value_is_well_formed_hexadecimal[case2-public_key] PASSED [ 62%]
tests/test_rfc8554_vectors.py::test_every_value_is_well_formed_hexadecimal[case2-signature] PASSED [ 62%]
tests/test_rfc8554_vectors.py::test_the_messages_are_the_texts_the_rfc_prints PASSED [ 63%]
tests/test_rfc8554_vectors.py::test_the_first_signature_declares_one_signed_public_key PASSED [ 63%]
tests/test_rfc8554_vectors.py::test_the_public_keys_declare_the_parameter_sets_the_rfc_names[1-5-4] PASSED [ 63%]
tests/test_rfc8554_vectors.py::test_the_public_keys_declare_the_parameter_sets_the_rfc_names[2-6-3] PASSED [ 63%]
tests/test_rfc8554_vectors.py::test_the_published_signatures_verify[1] PASSED [ 63%]
tests/test_rfc8554_vectors.py::test_the_published_signatures_verify[2] PASSED [ 64%]
tests/test_rfc8554_vectors.py::test_the_parameters_are_reported_from_the_key[1-5-4-5-8] PASSED [ 64%]
tests/test_rfc8554_vectors.py::test_the_parameters_are_reported_from_the_key[2-6-3-10-4] PASSED [ 64%]
tests/test_rfc8554_vectors.py::test_every_signature_region_is_checked[1] PASSED [ 64%]
tests/test_rfc8554_vectors.py::test_every_signature_region_is_checked[2] PASSED [ 64%]
tests/test_rfc8554_vectors.py::test_the_message_is_bound[1] PASSED       [ 65%]
tests/test_rfc8554_vectors.py::test_the_message_is_bound[2] PASSED       [ 65%]
tests/test_rfc8554_vectors.py::test_the_public_key_is_bound[1] PASSED    [ 65%]
tests/test_rfc8554_vectors.py::test_the_public_key_is_bound[2] PASSED    [ 65%]
tests/test_rfc8554_vectors.py::test_the_two_cases_do_not_verify_under_each_others_keys PASSED [ 65%]
tests/test_rfc8554_vectors.py::test_the_levels_verify_independently[1-1292] PASSED [ 66%]
tests/test_rfc8554_vectors.py::test_the_levels_verify_independently[2-2508] PASSED [ 66%]
tests/test_rfc8554_vectors.py::test_the_length_walker_refuses_what_it_cannot_bound PASSED [ 66%]
tests/test_rfc8554_vectors.py::test_truncation_and_trailing_data_are_refused[1] PASSED [ 66%]
tests/test_rfc8554_vectors.py::test_truncation_and_trailing_data_are_refused[2] PASSED [ 66%]
tests/test_rfc8554_vectors.py::test_the_level_count_must_match_the_public_key PASSED [ 66%]
tests/test_rfc8554_vectors.py::test_an_out_of_range_leaf_index_is_refused PASSED [ 67%]
tests/test_rfc8554_vectors.py::test_unknown_typecodes_are_refused_not_resolved PASSED [ 67%]
tests/test_rfc8554_vectors.py::test_a_public_key_of_the_wrong_length_is_refused[0] PASSED [ 67%]
tests/test_rfc8554_vectors.py::test_a_public_key_of_the_wrong_length_is_refused[1] PASSED [ 67%]
tests/test_rfc8554_vectors.py::test_a_public_key_of_the_wrong_length_is_refused[3] PASSED [ 67%]
tests/test_rfc8554_vectors.py::test_a_public_key_of_the_wrong_length_is_refused[4] PASSED [ 68%]
tests/test_rfc8554_vectors.py::test_a_public_key_of_the_wrong_length_is_refused[8] PASSED [ 68%]
tests/test_rfc8554_vectors.py::test_a_public_key_of_the_wrong_length_is_refused[55] PASSED [ 68%]
tests/test_rfc8554_vectors.py::test_a_public_key_of_the_wrong_length_is_refused[59] PASSED [ 68%]
tests/test_rfc8554_vectors.py::test_a_public_key_of_the_wrong_length_is_refused[61] PASSED [ 68%]
tests/test_rfc8554_vectors.py::test_a_public_key_of_the_wrong_length_is_refused[120] PASSED [ 69%]
tests/test_rfc8554_vectors.py::test_ama_does_not_offer_to_sign_with_lms PASSED [ 69%]
tests/test_rfc8554_vectors.py::test_ama_does_not_claim_xmss PASSED       [ 69%]
tests/test_secp256k1_ecdsa_rfc6979.py::test_native_matches_trezor_signature_vectors[312155017c70a204106e034520e0cdf17b3e54516e2ece38e38e38e38e38e38e-ffffffffffffffffffffffffffffffff20202020202020202020202020202020-e3d70248ea2fc771fc8d5e62d76b9cfd5402c96990333549eaadce1ae9f737eb5cfbdc7d1e0ec18cc9b57bbb18f0a57dc929ec3c4dfac9073c581705015f6a8a] PASSED [ 69%]
tests/test_secp256k1_ecdsa_rfc6979.py::test_native_matches_trezor_signature_vectors[312155017c70a204106e034520e0cdf17b3e54516e2ece38e38e38e38e38e38e-2020202020202020202020202020202020202020202020202020202020202020-40666188895430715552a7e4c6b53851f37a93030fb94e043850921242db78e875aa2ac9fd7e5a19402973e60e64382cdc29a09ebf6cb37e92f23be5b9251aee] PASSED [ 69%]
tests/test_secret_scanner.py::TestDoesNotFlagPublishedArtefacts::test_kat_vectors_are_allowlisted PASSED [ 70%]
tests/test_self_test_branches.py::TestKatFailureBranches::test_kat_sha3_256_returns_false_on_wrong_digest PASSED [ 70%]
tests/test_self_test_branches.py::TestKatFailureBranches::test_kat_hmac_sha3_256_wrong_output PASSED [ 70%]
tests/test_self_test_branches.py::TestKatFailureBranches::test_kat_hmac_sha3_256_exception_branch PASSED [ 70%]
tests/test_self_test_branches.py::TestKatFailureBranches::test_kat_aes_256_gcm_ciphertext_mismatch PASSED [ 70%]
tests/test_self_test_branches.py::TestKatFailureBranches::test_kat_aes_256_gcm_exception_branch PASSED [ 71%]
tests/test_self_test_branches.py::TestKatFailureBranches::test_kat_ml_kem_1024_mismatch PASSED [ 71%]
tests/test_self_test_branches.py::TestKatFailureBranches::test_kat_ml_dsa_65_exception PASSED [ 71%]
tests/test_self_test_branches.py::TestRunSelfTestsFailures::test_kat_exception_sets_error PASSED [ 71%]
tests/test_self_test_branches.py::TestRunSelfTestsFailures::test_kat_soft_failure_sets_error PASSED [ 71%]
tests/test_self_test_coverage.py::TestKATs::test_kat_sha3_256_passes PASSED [ 72%]
tests/test_self_test_coverage.py::TestKATs::test_kat_hmac_sha3_256 PASSED [ 72%]
tests/test_self_test_coverage.py::TestKATs::test_kat_aes_256_gcm PASSED  [ 72%]
tests/test_self_test_coverage.py::TestKATs::test_kat_ml_kem_1024 PASSED  [ 72%]
tests/test_self_test_coverage.py::TestKATs::test_kat_ml_dsa_65 PASSED    [ 72%]
tests/test_self_test_coverage.py::TestKATs::test_kat_slh_dsa PASSED      [ 73%]
tests/test_self_test_coverage.py::TestKATs::test_kat_ed25519 PASSED      [ 73%]
tests/test_sha2_pbkdf2_native.py::TestSha2ExtKats::test_sha512_fips_180_4_abc PASSED [ 73%]
tests/test_sha2_pbkdf2_native.py::TestSha2ExtKats::test_sha512_fips_180_4_empty PASSED [ 73%]
tests/test_sha2_pbkdf2_native.py::TestSha2ExtKats::test_sha384_fips_180_4_abc PASSED [ 73%]
tests/test_sha2_pbkdf2_native.py::TestSha2ExtKats::test_sha3_384_fips_202_abc PASSED [ 74%]
tests/test_sha2_pbkdf2_native.py::TestSha2ExtKats::test_sha3_384_fips_202_empty PASSED [ 74%]
tests/test_sha2_pbkdf2_native.py::TestSha2ExtKats::test_differential_against_hashlib_at_block_boundaries[0] PASSED [ 74%]
tests/test_sha2_pbkdf2_native.py::TestSha2ExtKats::test_differential_against_hashlib_at_block_boundaries[1] PASSED [ 74%]
tests/test_sha2_pbkdf2_native.py::TestSha2ExtKats::test_differential_against_hashlib_at_block_boundaries[47] PASSED [ 74%]
tests/test_sha2_pbkdf2_native.py::TestSha2ExtKats::test_differential_against_hashlib_at_block_boundaries[48] PASSED [ 75%]
tests/test_sha2_pbkdf2_native.py::TestSha2ExtKats::test_differential_against_hashlib_at_block_boundaries[63] PASSED [ 75%]
tests/test_sha2_pbkdf2_native.py::TestSha2ExtKats::test_differential_against_hashlib_at_block_boundaries[64] PASSED [ 75%]
tests/test_sha2_pbkdf2_native.py::TestSha2ExtKats::test_differential_against_hashlib_at_block_boundaries[103] PASSED [ 75%]
tests/test_sha2_pbkdf2_native.py::TestSha2ExtKats::test_differential_against_hashlib_at_block_boundaries[104] PASSED [ 75%]
tests/test_sha2_pbkdf2_native.py::TestSha2ExtKats::test_differential_against_hashlib_at_block_boundaries[111] PASSED [ 75%]
tests/test_sha2_pbkdf2_native.py::TestSha2ExtKats::test_differential_against_hashlib_at_block_boundaries[112] PASSED [ 76%]
tests/test_sha2_pbkdf2_native.py::TestSha2ExtKats::test_differential_against_hashlib_at_block_boundaries[127] PASSED [ 76%]
tests/test_sha2_pbkdf2_native.py::TestSha2ExtKats::test_differential_against_hashlib_at_block_boundaries[128] PASSED [ 76%]
tests/test_sha2_pbkdf2_native.py::TestSha2ExtKats::test_differential_against_hashlib_at_block_boundaries[129] PASSED [ 76%]
tests/test_sha2_pbkdf2_native.py::TestSha2ExtKats::test_differential_against_hashlib_at_block_boundaries[255] PASSED [ 76%]
tests/test_sha2_pbkdf2_native.py::TestSha2ExtKats::test_differential_against_hashlib_at_block_boundaries[1000] PASSED [ 77%]
tests/test_sha2_pbkdf2_native.py::TestSha2ExtKats::test_differential_against_hashlib_at_block_boundaries[4096] PASSED [ 77%]
tests/test_sha2_pbkdf2_native.py::TestPbkdf2Kats::test_rfc7914_pbkdf2_sha256_vector_1 PASSED [ 77%]
tests/test_sha2_pbkdf2_native.py::TestPbkdf2Kats::test_rfc7914_pbkdf2_sha256_vector_2 PASSED [ 77%]
tests/test_sha2_pbkdf2_native.py::TestPbkdf2Kats::test_bip39_official_vector PASSED [ 77%]
tests/test_sha2_pbkdf2_native.py::TestPbkdf2Kats::test_differential_against_hashlib[0-4-1-32] PASSED [ 78%]
tests/test_sha2_pbkdf2_native.py::TestPbkdf2Kats::test_differential_against_hashlib[5-0-2-31] PASSED [ 78%]
tests/test_sha2_pbkdf2_native.py::TestPbkdf2Kats::test_differential_against_hashlib[64-17-3-33] PASSED [ 78%]
tests/test_sha2_pbkdf2_native.py::TestPbkdf2Kats::test_differential_against_hashlib[65-8-10-96] PASSED [ 78%]
tests/test_sha2_pbkdf2_native.py::TestPbkdf2Kats::test_differential_against_hashlib[129-20-7-65] PASSED [ 78%]
tests/test_sha2_pbkdf2_native.py::TestPbkdf2Kats::test_differential_against_hashlib[1-1-1-1] PASSED [ 79%]
tests/test_sha2_pbkdf2_native.py::TestPbkdf2Kats::test_random_differential PASSED [ 79%]
tests/test_simd_kat.py::TestSHA3_256_SIMD_KAT::test_empty_input PASSED   [ 79%]
tests/test_simd_kat.py::TestSHA3_256_SIMD_KAT::test_abc PASSED           [ 79%]
tests/test_simd_kat.py::TestSHA3_256_SIMD_KAT::test_448_bit_input PASSED [ 79%]
tests/test_simd_kat.py::TestSHA3_256_SIMD_KAT::test_multi_block_input PASSED [ 80%]
tests/test_simd_kat.py::TestSHA3_256_SIMD_KAT::test_exact_rate_boundary PASSED [ 80%]
tests/test_simd_kat.py::TestAES256GCM_SIMD_KAT::test_nist_gcm_roundtrip PASSED [ 80%]
tests/test_simd_kat.py::TestAES256GCM_SIMD_KAT::test_deterministic_encryption PASSED [ 80%]
tests/test_simd_kat.py::TestAES256GCM_SIMD_KAT::test_authentication_tag_verification PASSED [ 80%]
tests/test_simd_kat.py::TestEd25519_SIMD_KAT::test_sign_verify_roundtrip_empty_message PASSED [ 81%]
tests/test_simd_kat.py::TestEd25519_SIMD_KAT::test_sign_verify_roundtrip_short_message PASSED [ 81%]
tests/test_simd_kat.py::TestHMACSHA3_256_SIMD_KAT::test_empty_message PASSED [ 81%]
tests/test_simd_kat.py::TestHMACSHA3_256_SIMD_KAT::test_short_message PASSED [ 81%]
tests/test_simd_kat.py::TestHMACSHA3_256_SIMD_KAT::test_long_key PASSED  [ 81%]
tests/test_simd_kat.py::TestChaCha20Poly1305_SIMD_KAT::test_roundtrip PASSED [ 82%]
tests/test_simd_kat.py::TestChaCha20Poly1305_SIMD_KAT::test_deterministic PASSED [ 82%]
tests/test_simd_kat.py::TestChaCha20Poly1305_SIMD_KAT::test_authentication_rejects_tampered PASSED [ 82%]
tests/test_simd_kat.py::TestCrossImplementationConsistency::test_sha3_256_various_sizes[0B] PASSED [ 82%]
tests/test_simd_kat.py::TestCrossImplementationConsistency::test_sha3_256_various_sizes[1B] PASSED [ 82%]
tests/test_simd_kat.py::TestCrossImplementationConsistency::test_sha3_256_various_sizes[31B] PASSED [ 83%]
tests/test_simd_kat.py::TestCrossImplementationConsistency::test_sha3_256_various_sizes[32B] PASSED [ 83%]
tests/test_simd_kat.py::TestCrossImplementationConsistency::test_sha3_256_various_sizes[33B] PASSED [ 83%]
tests/test_simd_kat.py::TestCrossImplementationConsistency::test_sha3_256_various_sizes[55B] PASSED [ 83%]
tests/test_simd_kat.py::TestCrossImplementationConsistency::test_sha3_256_various_sizes[56B] PASSED [ 83%]
tests/test_simd_kat.py::TestCrossImplementationConsistency::test_sha3_256_various_sizes[64B] PASSED [ 83%]
tests/test_simd_kat.py::TestCrossImplementationConsistency::test_sha3_256_various_sizes[135B] PASSED [ 84%]
tests/test_simd_kat.py::TestCrossImplementationConsistency::test_sha3_256_various_sizes[136B] PASSED [ 84%]
tests/test_simd_kat.py::TestCrossImplementationConsistency::test_sha3_256_various_sizes[137B] PASSED [ 84%]
tests/test_simd_kat.py::TestCrossImplementationConsistency::test_sha3_256_various_sizes[255B] PASSED [ 84%]
tests/test_simd_kat.py::TestCrossImplementationConsistency::test_sha3_256_various_sizes[256B] PASSED [ 84%]
tests/test_simd_kat.py::TestCrossImplementationConsistency::test_sha3_256_various_sizes[1024B] PASSED [ 85%]
tests/test_simd_kat.py::TestCrossImplementationConsistency::test_sha3_256_various_sizes[4096B] PASSED [ 85%]
tests/test_simd_kat.py::TestAES256KeyExpansion::test_aes256_encrypt_known_block PASSED [ 85%]
tests/test_smoke_import.py::test_math_engine_has_matrix_vector_multiply PASSED [ 85%]
tests/test_update_docs_changelog_guard.py::TestTextIOIsPlatformIndependent::test_reads_name_their_encoding[tools/build_post_kats.py] PASSED [ 85%]
tests/test_update_docs_changelog_guard.py::TestTextIOIsPlatformIndependent::test_reads_name_their_encoding[tools/refresh_wycheproof_corpus.py] PASSED [ 86%]
tests/test_update_docs_changelog_guard.py::TestTextIOIsPlatformIndependent::test_writes_name_their_encoding_and_newline[tools/build_post_kats.py] PASSED [ 86%]
tests/test_update_docs_changelog_guard.py::TestTextIOIsPlatformIndependent::test_writes_name_their_encoding_and_newline[tools/refresh_wycheproof_corpus.py] PASSED [ 86%]
tests/test_vector_provenance_gate.py::test_the_tree_matches_its_manifest PASSED [ 86%]
tests/test_vector_provenance_gate.py::test_the_manifest_exists_and_covers_every_protected_root PASSED [ 86%]
tests/test_vector_provenance_gate.py::test_every_protected_root_is_real_and_populated PASSED [ 87%]
tests/test_vector_provenance_gate.py::test_wycheproof_is_deliberately_not_double_pinned PASSED [ 87%]
tests/test_vector_provenance_gate.py::test_anchor_files_still_hash_to_their_recorded_digest[ama_cryptography/_post_kats/slh_dsa_shake_128s_sigver.json-expected0] PASSED [ 87%]
tests/test_vector_provenance_gate.py::test_anchor_files_still_hash_to_their_recorded_digest[tests/kat/ascon/ascon_aead128.kat-expected1] PASSED [ 87%]
tests/test_vector_provenance_gate.py::test_anchor_files_still_hash_to_their_recorded_digest[tests/kat/fips203/ml_kem_1024.kat-expected2] PASSED [ 87%]
tests/test_vector_provenance_gate.py::test_anchor_files_still_hash_to_their_recorded_digest[tests/kat/fips204/ml_dsa_65.kat-expected3] PASSED [ 88%]
tests/test_vector_provenance_gate.py::test_the_anchors_span_every_published_family PASSED [ 88%]
tests/test_vector_provenance_gate.py::test_an_edited_vector_fails PASSED [ 88%]
tests/test_vector_provenance_gate.py::test_an_unpinned_new_vector_fails PASSED [ 88%]
tests/test_vector_provenance_gate.py::test_an_unknown_suffix_file_under_a_protected_root_fails PASSED [ 88%]
tests/test_vector_provenance_gate.py::test_the_allowlist_is_exactly_the_tracked_non_vector_files PASSED [ 89%]
tests/test_vector_provenance_gate.py::test_a_deleted_vector_fails PASSED [ 89%]
tests/test_vector_provenance_gate.py::test_a_tree_it_could_not_read_fails_closed PASSED [ 89%]
tests/test_vector_provenance_gate.py::test_a_missing_root_fails_closed PASSED [ 89%]
tests/test_vector_provenance_gate.py::test_a_missing_manifest_fails_closed PASSED [ 89%]
tests/test_vector_provenance_scope.py::test_the_manifest_is_not_empty PASSED [ 90%]
tests/test_vector_provenance_scope.py::test_the_manifest_pins_no_first_party_source PASSED [ 90%]
tests/test_vector_provenance_scope.py::test_every_pinned_path_has_a_vector_suffix PASSED [ 90%]
tests/test_vector_provenance_scope.py::test_a_generated_untracked_vector_is_not_demanded PASSED [ 90%]
tests/test_vector_provenance_scope.py::test_a_tree_without_git_still_scans PASSED [ 90%]
tests/test_verify_install_oob.py::TestSelfKATs::test_self_kats_pass PASSED [ 91%]
tests/test_verify_install_oob.py::TestSelfKATs::test_self_kat_failure_is_reported PASSED [ 91%]
tests/test_verify_install_oob.py::TestSelfKATs::test_cli_fails_closed_on_kat_failure PASSED [ 91%]
tests/test_verify_install_oob.py::TestEd25519Verify::test_accepts_rfc8032_vector[TEST 1 (empty)] PASSED [ 91%]
tests/test_verify_install_oob.py::TestEd25519Verify::test_accepts_rfc8032_vector[TEST 2 (0x72)] PASSED [ 91%]
tests/test_verify_install_oob.py::TestEd25519Verify::test_accepts_rfc8032_vector[TEST 3 (0xaf82)] PASSED [ 91%]
tests/test_workflow_command_checks.py::TestExpressionSyntax::test_the_real_arm_workflow_parses_and_has_both_vector_lengths PASSED [ 92%]
tests/test_wycheproof_corpus_provenance.py::test_vendored_corpus_matches_manifest PASSED [ 92%]
tests/test_wycheproof_corpus_provenance.py::test_offline_verify_is_not_vacuous PASSED [ 92%]
tests/test_wycheproof_corpus_provenance.py::test_offline_verify_catches_a_vector_count_drift PASSED [ 92%]
tests/test_wycheproof_corpus_provenance.py::test_derive_file_meta_counts_and_digest PASSED [ 92%]
tests/test_wycheproof_corpus_provenance.py::test_upstream_url_targets_raw_github_at_the_commit PASSED [ 93%]
tests/test_wycheproof_corpus_provenance.py::test_vendored_bytes_match_upstream SKIPPED [ 93%]
tests/test_wycheproof_fetch_retry.py::test_a_reset_connection_is_retried_and_survived PASSED [ 93%]
tests/test_wycheproof_fetch_retry.py::test_the_final_attempt_is_unguarded PASSED [ 93%]
tests/test_wycheproof_fetch_retry.py::test_a_permanent_status_is_not_retried[400] PASSED [ 93%]
tests/test_wycheproof_fetch_retry.py::test_a_permanent_status_is_not_retried[401] PASSED [ 94%]
tests/test_wycheproof_fetch_retry.py::test_a_permanent_status_is_not_retried[403] PASSED [ 94%]
tests/test_wycheproof_fetch_retry.py::test_a_permanent_status_is_not_retried[404] PASSED [ 94%]
tests/test_wycheproof_fetch_retry.py::test_a_permanent_status_is_not_retried[410] PASSED [ 94%]
tests/test_wycheproof_fetch_retry.py::test_a_transient_status_is_retried[429] PASSED [ 94%]
tests/test_wycheproof_fetch_retry.py::test_a_transient_status_is_retried[500] PASSED [ 95%]
tests/test_wycheproof_fetch_retry.py::test_a_transient_status_is_retried[502] PASSED [ 95%]
tests/test_wycheproof_fetch_retry.py::test_a_transient_status_is_retried[503] PASSED [ 95%]
tests/test_wycheproof_fetch_retry.py::test_a_transient_status_is_retried[504] PASSED [ 95%]
tests/test_wycheproof_fetch_retry.py::test_a_non_transport_error_is_not_retried PASSED [ 95%]
tests/test_wycheproof_fetch_retry.py::test_the_https_guard_is_checked_before_any_attempt PASSED [ 96%]
tests/test_wycheproof_fetch_retry.py::test_a_wrong_digest_still_fails_and_is_never_retried PASSED [ 96%]
tests/test_wycheproof_fetch_retry.py::test_the_fixture_errors_own_no_operating_system_resource PASSED [ 96%]
tests/test_wycheproof_fetch_retry.py::test_zero_attempts_still_makes_one PASSED [ 96%]
tests/test_wycheproof_fetch_retry.py::TestRedirectsCannotLeaveHTTPS::test_a_redirect_off_https_is_refused[http://mirror.invalid/corpus.json] PASSED [ 96%]
tests/test_wycheproof_fetch_retry.py::TestRedirectsCannotLeaveHTTPS::test_a_redirect_off_https_is_refused[ftp://mirror.invalid/corpus.json] PASSED [ 97%]
tests/test_wycheproof_fetch_retry.py::TestRedirectsCannotLeaveHTTPS::test_a_redirect_off_https_is_refused[file:///etc/passwd] PASSED [ 97%]
tests/test_wycheproof_fetch_retry.py::TestRedirectsCannotLeaveHTTPS::test_a_redirect_off_https_is_refused[//mirror.invalid/corpus.json] PASSED [ 97%]
tests/test_wycheproof_fetch_retry.py::TestRedirectsCannotLeaveHTTPS::test_an_https_redirect_is_allowed PASSED [ 97%]
tests/test_wycheproof_fetch_retry.py::TestRedirectsCannotLeaveHTTPS::test_the_fetcher_installs_the_handler PASSED [ 97%]
tests/test_wycheproof_gate.py::test_real_drivers_pass_the_tripwire PASSED [ 98%]
tests/test_wycheproof_gate.py::test_hollow_driver_is_caught_for_each_family[aead_test_schema_v1.json] PASSED [ 98%]
tests/test_wycheproof_gate.py::test_hollow_driver_is_caught_for_each_family[ecdsa_verify_schema_v1.json] PASSED [ 98%]
tests/test_wycheproof_gate.py::test_hollow_driver_is_caught_for_each_family[eddsa_verify_schema_v1.json] PASSED [ 98%]
tests/test_wycheproof_gate.py::test_hollow_driver_is_caught_for_each_family[hkdf_test_schema_v1.json] PASSED [ 98%]
tests/test_wycheproof_gate.py::test_hollow_driver_is_caught_for_each_family[mac_test_schema_v1.json] PASSED [ 99%]
tests/test_wycheproof_gate.py::test_hollow_driver_is_caught_for_each_family[xdh_comp_schema_v1.json] PASSED [ 99%]
tests/test_wycheproof_gate.py::test_every_driven_schema_has_a_tripwire_field PASSED [ 99%]
tests/test_wycheproof_gate.py::test_ecdsa_tripwire_flips_inside_s_not_the_der_tag PASSED [ 99%]
tests/test_wycheproof_gate.py::test_reverse_coverage_flags_an_unlisted_vector_file PASSED [ 99%]
tests/test_x25519_canonical_u.py::test_wycheproof_tc88_matches_the_reduced_interpretation PASSED [100%]

=========================== short test summary info ============================
SKIPPED [1] tests/test_wycheproof_corpus_provenance.py:113: network-dependent; set AMA_WYCHEPROOF_ONLINE=1 to check upstream bytes
========== 511 passed, 1 skipped, 6300 deselected in 65.52s (0:01:05) ==========
