=======================================================
dudect Constant-Time Verification Suite
AMA Cryptography
=======================================================

Methodology: Welch's t-test on execution times
Threshold:   |t| < 5.0 (99.999% confidence)
Measurements: 100000 per test, up to 3 rounds
Timeout:     1800 seconds (whole run)

=== Round 1/3 ===

--- Utility Functions ---
  ama_consttime_memcmp                t = -339.0217  [OVER THRESHOLD]  (100000 measurements, rung 6, class0-class1 = -5.148 ns)
  ama_consttime_swap                  t =  -1.5097  [within threshold]  (100000 measurements, rung 0, class0-class1 = -1.878 ns)
  ama_secure_memzero                  t =  -1.5274  [within threshold]  (100000 measurements, rung 18, class0-class1 = -0.369 ns)
  ama_consttime_lookup                t =  -2.0571  [within threshold]  (100000 measurements, rung 19, class0-class1 = -0.048 ns)
  ama_consttime_copy                  t =  +1.9559  [within threshold]  (100000 measurements, rung 14, class0-class1 = -39.730 ns)

--- Cryptographic Primitives ---
  Ed25519 sign (key-independent)      t =  -2.0712  [within threshold]  (100000 measurements, rung 14, class0-class1 = +73.982 ns)
  Ed25519 verify (vartime, info-only) t =  +1.7646  [within threshold]  (100000 measurements, rung 1, class0-class1 = +48.214 ns)
  ChaCha20-Poly1305 tag verify        t =  +2.2276  [within threshold]  (100000 measurements, rung 10, class0-class1 = +0.583 ns)
  ChaCha20-Poly1305 tag verify (forgery position) t =  -0.7820  [within threshold]  (100000 measurements, rung 0, class0-class1 = -5.023 ns)
  Ascon-AEAD128 tag verify (forgery position) t =  -1.3765  [within threshold]  (100000 measurements, rung 11, class0-class1 = +1.268 ns)
  Ascon-AEAD128 encrypt (key-independent) t =  -1.9822  [within threshold]  (100000 measurements, rung 12, class0-class1 = +1.068 ns)
  Ascon-Hash256 (input-independent)   t =  +1.6619  [within threshold]  (100000 measurements, rung 20, class0-class1 = +4.539 ns)
  Argon2id legacy verify              t =  +2.0308  [within threshold]  (8192 measurements, rung 1, class0-class1 = -34.289 ns)
  AES-GCM tag verify                  t =  -1.4948  [within threshold]  (100000 measurements, rung 18, class0-class1 = -0.650 ns)
  AES-GCM tag verify (forgery position) t =  -2.5406  [within threshold]  (100000 measurements, rung 4, class0-class1 = +9.869 ns)
  HKDF-SHA3-256 (IKM-independent)     t =  +1.3113  [within threshold]  (100000 measurements, rung 5, class0-class1 = +8.799 ns)
  HMAC-SHA3-256 verify (compute+compare) t =  -2.0574  [within threshold]  (100000 measurements, rung 18, class0-class1 = -16.568 ns)
  agent binding check (verdict-independent) t =  -1.9295  [within threshold]  (100000 measurements, rung 0, class0-class1 = -32.314 ns)

--- Classical (key exchange) ---
  X25519 scalarmult (path=fe64, scalar-independent) t =  -1.6662  [within threshold]  (100000 measurements, rung 1, class0-class1 = +57.906 ns)
  X25519 scalarmult batch×4 (scalar-independent) t =  +1.3883  [within threshold]  (100000 measurements, rung 11, class0-class1 = +156.410 ns)

--- Threshold Signature Building Blocks ---
  FROST scalar_negate (0x00 vs 0xFF)  t =  -1.6208  [within threshold]  (100000 measurements, rung 10, class0-class1 = -3.708 ns)
  FROST scalar_negate (0x00 vs mid-range) t =  +1.2511  [within threshold]  (100000 measurements, rung 13, class0-class1 = +2.660 ns)
  secp256k1 scalar multiplication     t =  +1.2800  [within threshold]  (100000 measurements, rung 5, class0-class1 = -1102.929 ns)
  secp256k1 ECDSA sign (RFC 6979)     t =  -3.0758  [within threshold]  (100000 measurements, rung 2, class0-class1 = +1081.897 ns)

--- Post-Quantum Cryptography ---
  Kyber-1024 decaps (CT reject)       t =  +1.3324  [within threshold]  (100000 measurements, rung 4, class0-class1 = +221.664 ns)
  ML-DSA-65 sign (msg-independent)    t = +2035.0934  [OVER THRESHOLD]  (100000 measurements, rung 4, class0-class1 = +482005.714 ns)
  SLH-DSA-SHA2-256f sign (msg-independent) t =  -1.4019  [within threshold]  (256 measurements, rung 0, class0-class1 = -11106029.128 ns)
    NOTE: UNCROPPED statistic — no cropped rung reached DUDECT_CROP_MIN_PER_CLASS (128) in both classes at 256 measurements, so this lane ran the raw Welch t.

1 lane(s) over the threshold this round. Re-running: a real leak reproduces every round, noise moves.

=== Round 2/3 ===

--- Utility Functions ---
  ama_consttime_memcmp                t = -330.1032  [OVER THRESHOLD]  (100000 measurements, rung 6, class0-class1 = -6.857 ns)
  ama_consttime_swap                  t =  -2.4148  [within threshold]  (100000 measurements, rung 15, class0-class1 = -1.503 ns)
  ama_secure_memzero                  t =  +1.9673  [within threshold]  (100000 measurements, rung 18, class0-class1 = -0.927 ns)
  ama_consttime_lookup                t =  -2.6531  [within threshold]  (100000 measurements, rung 19, class0-class1 = -1.773 ns)
  ama_consttime_copy                  t =  -1.4352  [within threshold]  (100000 measurements, rung 19, class0-class1 = -0.564 ns)

--- Cryptographic Primitives ---
  Ed25519 sign (key-independent)      t =  +1.6656  [within threshold]  (100000 measurements, rung 11, class0-class1 = +24.228 ns)
  Ed25519 verify (vartime, info-only) t =  -1.9067  [within threshold]  (100000 measurements, rung 8, class0-class1 = -77.547 ns)
  ChaCha20-Poly1305 tag verify        t =  +2.8426  [within threshold]  (100000 measurements, rung 1, class0-class1 = +2.422 ns)
  ChaCha20-Poly1305 tag verify (forgery position) t =  +1.9487  [within threshold]  (100000 measurements, rung 3, class0-class1 = -1.220 ns)
  Ascon-AEAD128 tag verify (forgery position) t =  +2.0327  [within threshold]  (100000 measurements, rung 7, class0-class1 = -1.377 ns)
  Ascon-AEAD128 encrypt (key-independent) t =  +2.3409  [within threshold]  (100000 measurements, rung 2, class0-class1 = +0.936 ns)
  Ascon-Hash256 (input-independent)   t =  -3.2193  [within threshold]  (100000 measurements, rung 10, class0-class1 = -4.022 ns)
  Argon2id legacy verify              t =  -1.3070  [within threshold]  (8192 measurements, rung 4, class0-class1 = +123.559 ns)
  AES-GCM tag verify                  t =  +1.4238  [within threshold]  (100000 measurements, rung 3, class0-class1 = +1.207 ns)
  AES-GCM tag verify (forgery position) t =  +2.3203  [within threshold]  (100000 measurements, rung 3, class0-class1 = -9.847 ns)
  HKDF-SHA3-256 (IKM-independent)     t =  +2.9268  [within threshold]  (100000 measurements, rung 3, class0-class1 = +54.322 ns)
  HMAC-SHA3-256 verify (compute+compare) t =  -2.0001  [within threshold]  (100000 measurements, rung 15, class0-class1 = -3.419 ns)
  agent binding check (verdict-independent) t =  -1.6564  [within threshold]  (100000 measurements, rung 15, class0-class1 = -3.023 ns)

--- Classical (key exchange) ---
  X25519 scalarmult (path=fe64, scalar-independent) t =  -2.1267  [within threshold]  (100000 measurements, rung 17, class0-class1 = -103.183 ns)
  X25519 scalarmult batch×4 (scalar-independent) t =  +1.3422  [within threshold]  (100000 measurements, rung 10, class0-class1 = +114.471 ns)

--- Threshold Signature Building Blocks ---
  FROST scalar_negate (0x00 vs 0xFF)  t =  +1.3544  [within threshold]  (100000 measurements, rung 17, class0-class1 = +2.709 ns)
  FROST scalar_negate (0x00 vs mid-range) t =  -1.2060  [within threshold]  (100000 measurements, rung 2, class0-class1 = +3.406 ns)
  secp256k1 scalar multiplication     t =  +0.9296  [within threshold]  (100000 measurements, rung 8, class0-class1 = +281.270 ns)
  secp256k1 ECDSA sign (RFC 6979)     t =  -3.3533  [within threshold]  (100000 measurements, rung 2, class0-class1 = +184.983 ns)

--- Post-Quantum Cryptography ---
  Kyber-1024 decaps (CT reject)       t =  +1.8835  [within threshold]  (100000 measurements, rung 1, class0-class1 = +428.378 ns)
  ML-DSA-65 sign (msg-independent)    t = -252.8497  [OVER THRESHOLD]  (100000 measurements, rung 1, class0-class1 = -23433.847 ns)
  SLH-DSA-SHA2-256f sign (msg-independent) t =  -1.2978  [within threshold]  (256 measurements, rung 0, class0-class1 = -3235731.443 ns)
    NOTE: UNCROPPED statistic — no cropped rung reached DUDECT_CROP_MIN_PER_CLASS (128) in both classes at 256 measurements, so this lane ran the raw Welch t.

1 lane(s) over the threshold this round. Re-running: a real leak reproduces every round, noise moves.

=== Round 3/3 ===

--- Utility Functions ---
  ama_consttime_memcmp                t = -342.3850  [OVER THRESHOLD]  (100000 measurements, rung 7, class0-class1 = -6.826 ns)
  ama_consttime_swap                  t =  +0.8973  [within threshold]  (100000 measurements, rung 5, class0-class1 = -0.225 ns)
  ama_secure_memzero                  t =  -1.1728  [within threshold]  (100000 measurements, rung 1, class0-class1 = -0.571 ns)
  ama_consttime_lookup                t =  +1.3885  [within threshold]  (100000 measurements, rung 1, class0-class1 = -0.022 ns)
  ama_consttime_copy                  t =  -2.1202  [within threshold]  (100000 measurements, rung 1, class0-class1 = +0.363 ns)

--- Cryptographic Primitives ---
  Ed25519 sign (key-independent)      t =  -1.8283  [within threshold]  (100000 measurements, rung 11, class0-class1 = -33.312 ns)
  Ed25519 verify (vartime, info-only) t =  -1.4946  [within threshold]  (100000 measurements, rung 8, class0-class1 = -44.972 ns)
  ChaCha20-Poly1305 tag verify        t =  +1.2380  [within threshold]  (100000 measurements, rung 12, class0-class1 = +2.052 ns)
  ChaCha20-Poly1305 tag verify (forgery position) t =  -1.9204  [within threshold]  (100000 measurements, rung 1, class0-class1 = +1.242 ns)
  Ascon-AEAD128 tag verify (forgery position) t =  +1.7788  [within threshold]  (100000 measurements, rung 9, class0-class1 = +1.405 ns)
  Ascon-AEAD128 encrypt (key-independent) t =  +1.3843  [within threshold]  (100000 measurements, rung 12, class0-class1 = +0.087 ns)
  Ascon-Hash256 (input-independent)   t =  +2.2186  [within threshold]  (100000 measurements, rung 11, class0-class1 = +5.846 ns)
  Argon2id legacy verify              t =  +2.4361  [within threshold]  (8192 measurements, rung 11, class0-class1 = +224.634 ns)
  AES-GCM tag verify                  t =  -2.0537  [within threshold]  (100000 measurements, rung 11, class0-class1 = +3.193 ns)
  AES-GCM tag verify (forgery position) t =  -2.3288  [within threshold]  (100000 measurements, rung 20, class0-class1 = -2.366 ns)
  HKDF-SHA3-256 (IKM-independent)     t =  -1.1100  [within threshold]  (100000 measurements, rung 9, class0-class1 = -8.911 ns)
  HMAC-SHA3-256 verify (compute+compare) t =  -0.9827  [within threshold]  (100000 measurements, rung 1, class0-class1 = -3.274 ns)
  agent binding check (verdict-independent) t =  +2.5763  [within threshold]  (100000 measurements, rung 10, class0-class1 = -6.314 ns)

--- Classical (key exchange) ---
  X25519 scalarmult (path=fe64, scalar-independent) t =  +1.4344  [within threshold]  (100000 measurements, rung 6, class0-class1 = +17.789 ns)
  X25519 scalarmult batch×4 (scalar-independent) t =  -1.6749  [within threshold]  (100000 measurements, rung 2, class0-class1 = -263.774 ns)

--- Threshold Signature Building Blocks ---
  FROST scalar_negate (0x00 vs 0xFF)  t =  -2.7787  [within threshold]  (100000 measurements, rung 0, class0-class1 = -5.185 ns)
  FROST scalar_negate (0x00 vs mid-range) t =  +2.3333  [within threshold]  (100000 measurements, rung 10, class0-class1 = +4.318 ns)
  secp256k1 scalar multiplication     t =  -1.4423  [within threshold]  (100000 measurements, rung 1, class0-class1 = +121.929 ns)
  secp256k1 ECDSA sign (RFC 6979)     t =  -3.9342  [within threshold]  (100000 measurements, rung 1, class0-class1 = -255.828 ns)

--- Post-Quantum Cryptography ---
  Kyber-1024 decaps (CT reject)       t =  +1.1252  [within threshold]  (100000 measurements, rung 2, class0-class1 = -100.119 ns)
  ML-DSA-65 sign (msg-independent)    t = +1006.4642  [OVER THRESHOLD]  (100000 measurements, rung 2, class0-class1 = +238091.087 ns)
  SLH-DSA-SHA2-256f sign (msg-independent) t =  -0.2153  [within threshold]  (256 measurements, rung 0, class0-class1 = -602064.441 ns)
    NOTE: UNCROPPED statistic — no cropped rung reached DUDECT_CROP_MIN_PER_CLASS (128) in both classes at 256 measurements, so this lane ran the raw Welch t.

=======================================================
Summary (3 rounds):

  Function                              worst |t|     diff (ns)    rounds     Status
  -----------------------------------  ----------  ------------  --------  ---------
  ama_consttime_memcmp                  -342.3850        -6.826       3/3       FAIL
  ama_consttime_swap                      -2.4148        -1.503       0/3       PASS
  ama_secure_memzero                      +1.9673        -0.927       0/3       PASS
  ama_consttime_lookup                    -2.6531        -1.773       0/3       PASS
  ama_consttime_copy                      -2.1202        +0.363       0/3       PASS
  Ed25519 sign                            -2.0712       +73.982       0/3       PASS
  Ed25519 verify                          -1.9067       -77.547       0/3       PASS
  ChaCha20-Poly1305 tag verify            +2.8426        +2.422       0/3       PASS
  ChaCha20-Poly1305 tag verify (forgery position)     +1.9487        -1.220       0/3       PASS
  Ascon-AEAD128 tag verify                +2.0327        -1.377       0/3       PASS
  Ascon-AEAD128 encrypt                   +2.3409        +0.936       0/3       PASS
  Ascon-Hash256                           -3.2193        -4.022       0/3       PASS
  Argon2id legacy verify                  +2.4361      +224.634       0/3       PASS
  AES-GCM tag verify                      -2.0537        +3.193       0/3       PASS
  AES-GCM tag verify (forgery position)     -2.5406        +9.869       0/3       PASS
  HKDF-SHA3-256                           +2.9268       +54.322       0/3       PASS
  HMAC-SHA3-256 verify                    -2.0574       -16.568       0/3       PASS
  Agent binding check                     +2.5763        -6.314       0/3       PASS
  X25519 scalarmult                       -2.1267      -103.183       0/3       PASS
  X25519 scalarmult batch×4              -1.6749      -263.774       0/3       PASS
  FROST scalar_negate (extremes)          -2.7787        -5.185       0/3       PASS
  FROST scalar_negate (mid-range)         +2.3333        +4.318       0/3       PASS
  secp256k1 scalar multiplication         -1.4423      +121.929       0/3       PASS
  secp256k1 ECDSA sign (RFC 6979)         -3.9342      -255.828       0/3       PASS
  Kyber-1024 decaps                       +1.8835      +428.378       0/3       PASS
  ML-DSA-65 sign                       +2035.0934   +482005.714  3/3 2+/1-       INFO
  SLH-DSA-SHA2-256f sign                  -1.4019  -11106029.128       0/3       PASS

=======================================================
Overall: FAIL - the following lane(s) were over the threshold in a majority of 3 round(s):
  - ama_consttime_memcmp: |t| reached 342.3850 (threshold 5.0) in 3 of 3 round(s), consistently signed (0+/3-), per-class difference -6.857 ns (floor 2.0 ns)

A lane over the threshold in a minority of rounds is reported NOISE
above and does not fail the run. Reproduce a real finding on quiet
hardware: taskset -c 0 nice -n -20 ./test_dudect --measurements 10000000
=======================================================
