=======================================================
dudect Constant-Time Verification Suite
AMA Cryptography
=======================================================

Methodology: Welch's t-test on execution times
Threshold:   |t| < 5.0 (99.999% confidence)
Measurements: 100000 per test, up to 3 rounds
Timeout:     600 seconds (whole run)

=== Round 1/3 ===

--- Utility Functions ---
  ama_consttime_memcmp                t =  +1.3546  [within threshold]  (100000 measurements, rung 5, class0-class1 = +0.237 ns)
  ama_consttime_swap                  t =  +0.9697  [within threshold]  (100000 measurements, rung 8, class0-class1 = +0.770 ns)
  ama_secure_memzero                  t =  -1.2086  [within threshold]  (100000 measurements, rung 2, class0-class1 = +0.809 ns)
  ama_consttime_lookup                t =  -2.1809  [within threshold]  (100000 measurements, rung 18, class0-class1 = +0.576 ns)
  ama_consttime_copy                  t =  -2.0583  [within threshold]  (100000 measurements, rung 0, class0-class1 = -2.733 ns)

--- Cryptographic Primitives ---
  Ed25519 sign (key-independent)      t =  +1.4852  [within threshold]  (100000 measurements, rung 3, class0-class1 = -593.025 ns)
  Ed25519 verify (vartime, info-only) t =  +1.2797  [within threshold]  (100000 measurements, rung 18, class0-class1 = +64.050 ns)
  ChaCha20-Poly1305 tag verify        t =  +3.4695  [within threshold]  (100000 measurements, rung 3, class0-class1 = +8.865 ns)
  ChaCha20-Poly1305 tag verify (forgery position) t =  +2.3391  [within threshold]  (100000 measurements, rung 3, class0-class1 = -0.761 ns)
  Ascon-AEAD128 tag verify (forgery position) t =  +3.1322  [within threshold]  (100000 measurements, rung 4, class0-class1 = -5.298 ns)
  Ascon-AEAD128 encrypt (key-independent) t =  +3.2243  [within threshold]  (100000 measurements, rung 7, class0-class1 = -5.757 ns)
  Ascon-Hash256 (input-independent)   t =  -1.3886  [within threshold]  (100000 measurements, rung 11, class0-class1 = -0.822 ns)
  Argon2id legacy verify              t =  +2.2122  [within threshold]  (8192 measurements, rung 8, class0-class1 = +120.458 ns)
  AES-GCM tag verify                  t =  -1.5909  [within threshold]  (100000 measurements, rung 8, class0-class1 = -2.446 ns)
  AES-GCM tag verify (forgery position) t =  +2.5207  [within threshold]  (100000 measurements, rung 18, class0-class1 = -1.792 ns)
  HKDF-SHA3-256 (IKM-independent)     t =  +2.3813  [within threshold]  (100000 measurements, rung 8, class0-class1 = +0.946 ns)
  HMAC-SHA3-256 verify (compute+compare) t =  +1.3583  [within threshold]  (100000 measurements, rung 5, class0-class1 = +5.824 ns)
  agent binding check (verdict-independent) t =  -2.0492  [within threshold]  (100000 measurements, rung 5, class0-class1 = -11.681 ns)

--- Classical (key exchange) ---
  X25519 scalarmult (path=fe64, scalar-independent) t =  -1.6853  [within threshold]  (100000 measurements, rung 5, class0-class1 = +13.733 ns)
  X25519 scalarmult batch×4 (scalar-independent) t =  +1.5745  [within threshold]  (100000 measurements, rung 10, class0-class1 = +122.818 ns)

--- Threshold Signature Building Blocks ---
  FROST scalar_negate (0x00 vs 0xFF)  t =  -1.8794  [within threshold]  (100000 measurements, rung 5, class0-class1 = -3.614 ns)
  FROST scalar_negate (0x00 vs mid-range) t =  -2.7303  [within threshold]  (100000 measurements, rung 18, class0-class1 = +1.314 ns)
  secp256k1 scalar multiplication     t =  +1.7255  [within threshold]  (100000 measurements, rung 12, class0-class1 = +486.195 ns)
  secp256k1 ECDSA sign (RFC 6979)     t =  -3.4394  [within threshold]  (100000 measurements, rung 1, class0-class1 = +110.415 ns)

--- Post-Quantum Cryptography ---
  Kyber-1024 decaps (CT reject)       t =  +0.9453  [within threshold]  (100000 measurements, rung 18, class0-class1 = +86.694 ns)
  ML-DSA-65 sign (msg-independent)    t = -1588.3105  [OVER THRESHOLD]  (100000 measurements, rung 4, class0-class1 = -410628.063 ns)
  SLH-DSA-SHA2-256f sign (msg-independent) t =  +0.4717  [within threshold]  (256 measurements, rung 0, class0-class1 = +1231129.761 ns)
    NOTE: UNCROPPED statistic — no cropped rung reached DUDECT_CROP_MIN_PER_CLASS (128) in both classes at 256 measurements, so this lane ran the raw Welch t.

=======================================================
Summary (1 round):

  Function                              worst |t|     diff (ns)    rounds     Status
  -----------------------------------  ----------  ------------  --------  ---------
  ama_consttime_memcmp                    +1.3546        +0.237       0/1       PASS
  ama_consttime_swap                      +0.9697        +0.770       0/1       PASS
  ama_secure_memzero                      -1.2086        +0.809       0/1       PASS
  ama_consttime_lookup                    -2.1809        +0.576       0/1       PASS
  ama_consttime_copy                      -2.0583        -2.733       0/1       PASS
  Ed25519 sign                            +1.4852      -593.025       0/1       PASS
  Ed25519 verify                          +1.2797       +64.050       0/1       PASS
  ChaCha20-Poly1305 tag verify            +3.4695        +8.865       0/1       PASS
  ChaCha20-Poly1305 tag verify (forgery position)     +2.3391        -0.761       0/1       PASS
  Ascon-AEAD128 tag verify                +3.1322        -5.298       0/1       PASS
  Ascon-AEAD128 encrypt                   +3.2243        -5.757       0/1       PASS
  Ascon-Hash256                           -1.3886        -0.822       0/1       PASS
  Argon2id legacy verify                  +2.2122      +120.458       0/1       PASS
  AES-GCM tag verify                      -1.5909        -2.446       0/1       PASS
  AES-GCM tag verify (forgery position)     +2.5207        -1.792       0/1       PASS
  HKDF-SHA3-256                           +2.3813        +0.946       0/1       PASS
  HMAC-SHA3-256 verify                    +1.3583        +5.824       0/1       PASS
  Agent binding check                     -2.0492       -11.681       0/1       PASS
  X25519 scalarmult                       -1.6853       +13.733       0/1       PASS
  X25519 scalarmult batch×4              +1.5745      +122.818       0/1       PASS
  FROST scalar_negate (extremes)          -1.8794        -3.614       0/1       PASS
  FROST scalar_negate (mid-range)         -2.7303        +1.314       0/1       PASS
  secp256k1 scalar multiplication         +1.7255      +486.195       0/1       PASS
  secp256k1 ECDSA sign (RFC 6979)         -3.4394      +110.415       0/1       PASS
  Kyber-1024 decaps                       +0.9453       +86.694       0/1       PASS
  ML-DSA-65 sign                       -1588.3105   -410628.063       1/1       INFO
  SLH-DSA-SHA2-256f sign                  +0.4717  +1231129.761       0/1       PASS

=======================================================
Overall: PASS - No unexpected constant-time violations detected
=======================================================
