OK    actions/checkout                               3d3c42e5aac5 -> v7
OK    actions/setup-python                           5fda3b95a4ea -> v7
OK    actions/upload-artifact                        043fb46d1a93 -> v7
OK    actions/checkout                               3d3c42e5aac5 -> v7
OK    actions/checkout                               3d3c42e5aac5 -> v7
OK    actions/checkout                               3d3c42e5aac5 -> v7
OK    actions/checkout                               3d3c42e5aac5 -> v7
OK    actions/checkout                               3d3c42e5aac5 -> v7
OK    actions/setup-python                           5fda3b95a4ea -> v7
OK    actions/upload-artifact                        043fb46d1a93 -> v7
OK    actions/checkout                               3d3c42e5aac5 -> v7
OK    actions/setup-python                           5fda3b95a4ea -> v7
OK    actions/checkout                               3d3c42e5aac5 -> v7
OK    actions/checkout                               3d3c42e5aac5 -> v7
OK    actions/checkout                               3d3c42e5aac5 -> v7
OK    actions/setup-python                           5fda3b95a4ea -> v7
OK    actions/setup-python                           5fda3b95a4ea -> v7
OK    codecov/codecov-action                         fb8b3582c8e4 -> v6
OK    actions/checkout                               3d3c42e5aac5 -> v7
OK    actions/setup-python                           5fda3b95a4ea -> v7
OK    actions/checkout                               3d3c42e5aac5 -> v7
OK    actions/setup-python                           5fda3b95a4ea -> v7
OK    actions/checkout                               3d3c42e5aac5 -> v7
OK    actions/setup-python                           5fda3b95a4ea -> v7
OK    actions/upload-artifact                        043fb46d1a93 -> v7
OK    actions/checkout                               3d3c42e5aac5 -> v7
OK    docker/setup-buildx-action                     bb05f3f5519d -> v4.2.0
OK    docker/login-action                            371161bbe702 -> v4.5.2
OK    docker/build-push-action                       53b7df96c91f -> v7
OK    docker/build-push-action                       53b7df96c91f -> v7
OK    actions/checkout                               3d3c42e5aac5 -> v7
OK    actions/setup-python                           5fda3b95a4ea -> v7
OK    actions/setup-python                           5fda3b95a4ea -> v7
OK    actions/checkout                               3d3c42e5aac5 -> v7
OK    actions/setup-python                           5fda3b95a4ea -> v7
OK    actions/checkout                               3d3c42e5aac5 -> v7
OK    actions/setup-python                           5fda3b95a4ea -> v7
OK    actions/checkout                               3d3c42e5aac5 -> v7
OK    actions/setup-python                           5fda3b95a4ea -> v7
OK    actions/upload-artifact                        043fb46d1a93 -> v7
OK    actions/upload-artifact                        043fb46d1a93 -> v7
OK    actions/checkout                               3d3c42e5aac5 -> v7
OK    actions/setup-python                           5fda3b95a4ea -> v7
OK    actions/upload-artifact                        043fb46d1a93 -> v7
OK    actions/checkout                               3d3c42e5aac5 -> v7
OK    actions/upload-artifact                        043fb46d1a93 -> v7
OK    actions/checkout                               3d3c42e5aac5 -> v7
OK    actions/checkout                               3d3c42e5aac5 -> v7
OK    actions/setup-python                           5fda3b95a4ea -> v7
OK    actions/checkout                               3d3c42e5aac5 -> v7
OK    actions/checkout                               3d3c42e5aac5 -> v7
OK    actions/setup-python                           5fda3b95a4ea -> v7
OK    actions/checkout                               3d3c42e5aac5 -> v7
OK    actions/setup-python                           5fda3b95a4ea -> v7
OK    actions/checkout                               3d3c42e5aac5 -> v7
OK    actions/setup-python                           5fda3b95a4ea -> v7
OK    actions/checkout                               3d3c42e5aac5 -> v7
OK    actions/checkout                               3d3c42e5aac5 -> v7
OK    actions/checkout                               3d3c42e5aac5 -> v7
OK    actions/checkout                               3d3c42e5aac5 -> v7
OK    actions/checkout                               3d3c42e5aac5 -> v7
OK    actions/checkout                               3d3c42e5aac5 -> v7
OK    actions/setup-python                           5fda3b95a4ea -> v7
OK    actions/checkout                               3d3c42e5aac5 -> v7
OK    actions/setup-python                           5fda3b95a4ea -> v7
OK    actions/checkout                               3d3c42e5aac5 -> v7
OK    actions/upload-artifact                        043fb46d1a93 -> v7
OK    actions/checkout                               3d3c42e5aac5 -> v7
OK    actions/checkout                               3d3c42e5aac5 -> v7
OK    actions/upload-artifact                        043fb46d1a93 -> v7
OK    actions/checkout                               3d3c42e5aac5 -> v7
OK    actions/setup-python                           5fda3b95a4ea -> v7
OK    actions/upload-artifact                        043fb46d1a93 -> v7
OK    actions/checkout                               3d3c42e5aac5 -> v7
OK    actions/upload-artifact                        043fb46d1a93 -> v7
OK    actions/checkout                               3d3c42e5aac5 -> v7
OK    actions/setup-python                           5fda3b95a4ea -> v7
OK    actions/checkout                               3d3c42e5aac5 -> v7
OK    actions/setup-python                           5fda3b95a4ea -> v7
OK    actions/checkout                               3d3c42e5aac5 -> v7
OK    actions/setup-python                           5fda3b95a4ea -> v7
OK    pypa/cibuildwheel                              4726cd35bb13 -> v4.1
OK    actions/upload-artifact                        043fb46d1a93 -> v7
OK    actions/checkout                               3d3c42e5aac5 -> v7
OK    actions/setup-python                           5fda3b95a4ea -> v7
OK    actions/upload-artifact                        043fb46d1a93 -> v7
OK    actions/download-artifact                      3e5f45b2cfb9 -> v8
OK    actions/download-artifact                      3e5f45b2cfb9 -> v8
OK    actions/download-artifact                      3e5f45b2cfb9 -> v8
OK    actions/download-artifact                      3e5f45b2cfb9 -> v8
OK    sigstore/gh-action-sigstore-python             5b79a39c3819 -> v3.4.0
OK    actions/upload-artifact                        043fb46d1a93 -> v7
OK    actions/download-artifact                      3e5f45b2cfb9 -> v8
OK    pypa/gh-action-pypi-publish                    ba38be9e461d -> v1.14.1
OK    actions/checkout                               3d3c42e5aac5 -> v7
OK    actions/download-artifact                      3e5f45b2cfb9 -> v8
OK    softprops/action-gh-release                    3d0d9888cb7f -> v3.0.2
OK    actions/checkout                               3d3c42e5aac5 -> v7
OK    actions/setup-python                           5fda3b95a4ea -> v7
OK    actions/upload-artifact                        043fb46d1a93 -> v7
OK    actions/checkout                               3d3c42e5aac5 -> v7
OK    actions/setup-python                           5fda3b95a4ea -> v7
OK    actions/upload-artifact                        043fb46d1a93 -> v7
OK    actions/checkout                               3d3c42e5aac5 -> v7
OK    trufflesecurity/trufflehog                     6f3c981e7b77 -> v3.96.0
OK    actions/checkout                               3d3c42e5aac5 -> v7
OK    actions/upload-artifact                        043fb46d1a93 -> v7
OK    actions/checkout                               3d3c42e5aac5 -> v7
OK    actions/upload-artifact                        043fb46d1a93 -> v7
OK    actions/checkout                               3d3c42e5aac5 -> v7
OK    github/codeql-action/init                      e4fba868fa4b -> v4.37.3
OK    github/codeql-action/analyze                   e4fba868fa4b -> v4.37.3
OK    actions/checkout                               3d3c42e5aac5 -> v7
OK    actions/checkout                               3d3c42e5aac5 -> v7
OK    actions/checkout                               3d3c42e5aac5 -> v7
OK    actions/checkout                               3d3c42e5aac5 -> v7
OK    actions/checkout                               3d3c42e5aac5 -> v7
OK    actions/checkout                               3d3c42e5aac5 -> v7
OK    actions/checkout                               3d3c42e5aac5 -> v7
OK    actions/checkout                               3d3c42e5aac5 -> v7
OK    actions/upload-artifact                        043fb46d1a93 -> v7
OK    actions/checkout                               3d3c42e5aac5 -> v7
OK    actions/upload-artifact                        043fb46d1a93 -> v7
OK    actions/checkout                               3d3c42e5aac5 -> v7
OK    actions/checkout                               3d3c42e5aac5 -> v7

All 125 pinned action reference(s) resolve upstream.
