OK    SONAME literals (6 checked)                                = .so.5
OK    .github/INVARIANTS.md -> ../INVARIANTS.md pointer
OK    invariant-range claims (5 checked)      = INVARIANT-1 through INVARIANT-43
OK    src/c/ embedded-version-literal scan: 0 hits
OK    C constant transcriptions (62 checked)

FAIL: canonical version = '5.0.1'
Mismatches:
  - ama_cryptography/__init__.py docstring Version field: '5.0.0' != canonical '5.0.1' (in ama_cryptography/__init__.py)
  - include/ama_cryptography.h @version tag: '5.0.0' != canonical '5.0.1' (in include/ama_cryptography.h)
  - setup.py VERSION literal: '5.0.0' != canonical '5.0.1' (in setup.py)
  - pyproject.toml [project].version: '5.0.0' != canonical '5.0.1' (in pyproject.toml)
  - CMakeLists.txt project() VERSION: '5.0.0' != canonical '5.0.1' (in CMakeLists.txt)
  - docs/conf.py version: '5.0.0' != canonical '5.0.1' (in docs/conf.py)
  - docs/conf.py release: '5.0.0' != canonical '5.0.1' (in docs/conf.py)
  - include/ama_cryptography.h AMA_CRYPTOGRAPHY_VERSION_STRING: '5.0.0' != canonical '5.0.1' (in include/ama_cryptography.h)
  - docs/compliance/sbom-c-library.json metadata.component.version: '5.0.0' != canonical '5.0.1' (in docs/compliance/sbom-c-library.json)
  - docker/Dockerfile LABEL version: '5.0.0' != canonical '5.0.1' (in docker/Dockerfile)
  - docker/Dockerfile.alpine LABEL version: '5.0.0' != canonical '5.0.1' (in docker/Dockerfile.alpine)
  - docker/Dockerfile.c-api LABEL org.opencontainers.image.version: '5.0.0' != canonical '5.0.1' (in docker/Dockerfile.c-api)
  - wiki/_Footer.md release badge: '5.0.0' != canonical '5.0.1' (in wiki/_Footer.md)
  - docs/Doxyfile PROJECT_NUMBER: '5.0.0' != canonical '5.0.1' (in docs/Doxyfile)
  - README.md git-tag install pin: @v5.0.0 != canonical '5.0.1'
  - README.md git-tag install pin: @v5.0.0 != canonical '5.0.1'
  - docs/index.rst git-tag install pin: @v5.0.0 != canonical '5.0.1'
  - documentation version headers (20 stale):
      AMA_CRYPTOGRAPHY_ETHICAL_PILLARS.md: header version '5.0.0' != canonical '5.0.1'
      ARCHITECTURE.md: header version '5.0.0' != canonical '5.0.1'
      CODE_OF_CONDUCT.md: header version '5.0.0' != canonical '5.0.1'
      CODE_OF_CONDUCT.md: header version '5.0.0' != canonical '5.0.1'
      CONSTANT_TIME_VERIFICATION.md: header version '5.0.0' != canonical '5.0.1'
      CONTRIBUTING.md: header version '5.0.0' != canonical '5.0.1'
      CRYPTOGRAPHY.md: header version '5.0.0' != canonical '5.0.1'
      CRYPTO_REVIEW_CHECKLIST.md: header version '5.0.0' != canonical '5.0.1'
      CSRC_STANDARDS.md: header version '5.0.0' != canonical '5.0.1'
      ENHANCED_FEATURES.md: header version '5.0.0' != canonical '5.0.1'
      IMPLEMENTATION_GUIDE.md: header version '5.0.0' != canonical '5.0.1'
      IMPLEMENTATION_GUIDE.md: header version '5.0.0' != canonical '5.0.1'
      MONITORING.md: header version '5.0.0' != canonical '5.0.1'
      README.md: header version '5.0.0' != canonical '5.0.1'
      SECURITY.md: header version '5.0.0' != canonical '5.0.1'
      THREAT_MODEL.md: header version '5.0.0' != canonical '5.0.1'
      docs/DESIGN_NOTES.md: header version '5.0.0' != canonical '5.0.1'
      docs/METRICS_REPORT.md: header version '5.0.0' != canonical '5.0.1'
      wiki/Home.md: header version '5.0.0' != canonical '5.0.1'
      wiki/Security-Model.md: header version '5.0.0' != canonical '5.0.1'
  - declared version stamps out of sync (17):
      ama_cryptography/__init__.py:13: Version: = '5.0.0' != canonical '5.0.1'
      ama_cryptography/_self_test.py:19: Version: = '5.0.0' != canonical '5.0.1'
      ama_cryptography/adaptive_posture.py:22: Version: = '5.0.0' != canonical '5.0.1'
      ama_cryptography/double_helix_engine.py:86: __version__ = '5.0.0' != canonical '5.0.1'
      ama_cryptography/double_helix_engine.py:36: Version: = '5.0.0' != canonical '5.0.1'
      ama_cryptography/equations.py:63: __version__ = '5.0.0' != canonical '5.0.1'
      ama_cryptography/equations.py:35: Version: = '5.0.0' != canonical '5.0.1'
      ama_cryptography/exceptions.py:14: Version: = '5.0.0' != canonical '5.0.1'
      ama_cryptography/hybrid_combiner.py:43: Version: = '5.0.0' != canonical '5.0.1'
      ama_cryptography/legacy_compat.py:28: Version: = '5.0.0' != canonical '5.0.1'
      ama_cryptography/monitoring.py:494: __version__ = '5.0.0' != canonical '5.0.1'
      ama_cryptography/monitoring.py:30: Version: = '5.0.0' != canonical '5.0.1'
      ama_cryptography/secure_channel.py:69: Version: = '5.0.0' != canonical '5.0.1'
      ama_cryptography/session.py:23: Version: = '5.0.0' != canonical '5.0.1'
      tools/monitoring/ama_cryptography_monitor_demo.py:23: Version: = '5.0.0' != canonical '5.0.1'
      src/c/ama_frost.c:6: @version = '5.0.0' != canonical '5.0.1'
      include/ama_cryptography.h:6: @version = '5.0.0' != canonical '5.0.1'
