target                    deepest guard  largest seed    -max_len
fuzz_aes_gcm                         62         1,970       4,096
fuzz_agent_binding                  102           613       4,096
fuzz_argon2                          20            25       4,096
fuzz_ascon                           34           162       4,096
fuzz_chacha20poly1305                62           728       4,096
fuzz_consttime                        6           516       4,096
fuzz_dilithium                    5,263         5,278       5,278  <- raised
fuzz_ed25519                         98           105       4,096
fuzz_frost                          780            45       4,096
fuzz_hkdf                             6           150       4,096
fuzz_kyber                        3,169         3,170       4,096
fuzz_secp256k1                       98           107       4,096
fuzz_sha3                             3         4,491       4,491  <- raised
fuzz_sphincs                     49,922        49,937      49,937  <- raised
fuzz_x25519                          66            65       4,096
note: fuzz_aes_gcm: `pt_len > 4096) pt_len = 4096; uint8_t *ct = (uin...` (data-dependent length) — not an input-length floor, contributes no bound.
note: fuzz_aes_gcm: `pt_len > 0 ? pt_len : 1); uint8_t *rt = (uint8_t...` (data-dependent length) — not an input-length floor, contributes no bound.
note: fuzz_aes_gcm: `pt_len > 0 ? pt_len : 1); uint8_t tag[16]; if (!...` (data-dependent length) — not an input-length floor, contributes no bound.
note: fuzz_aes_gcm: `pt_len > 0 && memcmp(pt, rt, pt_len) != 0) { __b...` (data-dependent length) — not an input-length floor, contributes no bound.
note: fuzz_aes_gcm: `pt_len > 2048) pt_len = 2048; uint8_t *ct = (uin...` (data-dependent length) — not an input-length floor, contributes no bound.
note: fuzz_aes_gcm: `ct_len > 2048) ct_len = 2048; uint8_t *pt = (uin...` (data-dependent length) — not an input-length floor, contributes no bound.
note: fuzz_aes_gcm: `ct_len > 0 ? ct_len : 1); if (!pt) break; ama_ae...` (data-dependent length) — not an input-length floor, contributes no bound.
note: fuzz_agent_binding: `key_len > tail_len) key_len = tail_len; const ui...` (data-dependent length) — not an input-length floor, contributes no bound.
note: fuzz_agent_binding: `key_len < 32u) { __builtin_trap(); } if (buffer_...` (data-dependent length) — not an input-length floor, contributes no bound.
note: fuzz_agent_binding: `info_len > 512u ? 512u : info_len; ama_error_t h...` (data-dependent length) — not an input-length floor, contributes no bound.
note: fuzz_agent_binding: `key_len >= 32u) { ama_agent_binding_t issued; if...` (data-dependent length) — not an input-length floor, contributes no bound.
note: fuzz_argon2: `pwd_len > 128) pwd_len = 128; uint8_t output1[32...` (data-dependent length) — not an input-length floor, contributes no bound.
note: fuzz_ascon: `body_len_raw > MAX_BODY ? MAX_BODY : body_len_ra...` (value-select clamp) — not an input-length floor, contributes no bound.
note: fuzz_chacha20poly1305: `pt_len > 4096) pt_len = 4096; uint8_t *ct = (uin...` (data-dependent length) — not an input-length floor, contributes no bound.
note: fuzz_chacha20poly1305: `pt_len > 0 ? pt_len : 1); uint8_t *rt = (uint8_t...` (data-dependent length) — not an input-length floor, contributes no bound.
note: fuzz_chacha20poly1305: `pt_len > 0 ? pt_len : 1); uint8_t tag[16]; if (!...` (data-dependent length) — not an input-length floor, contributes no bound.
note: fuzz_chacha20poly1305: `pt_len > 0 && memcmp(pt, rt, pt_len) != 0) { __b...` (data-dependent length) — not an input-length floor, contributes no bound.
note: fuzz_chacha20poly1305: `pt_len > 2048) pt_len = 2048; uint8_t *ct = (uin...` (data-dependent length) — not an input-length floor, contributes no bound.
note: fuzz_chacha20poly1305: `ct_len > 2048) ct_len = 2048; uint8_t *pt = (uin...` (data-dependent length) — not an input-length floor, contributes no bound.
note: fuzz_chacha20poly1305: `ct_len > 0 ? ct_len : 1); if (!pt) break; ama_ch...` (data-dependent length) — not an input-length floor, contributes no bound.
note: fuzz_consttime: `len == 0) break; uint8_t a[256], b[256], orig_a[...` (data-dependent length) — not an input-length floor, contributes no bound.
note: fuzz_consttime: `len > 256) len = 256; memcpy(a, payload + 1, len...` (data-dependent length) — not an input-length floor, contributes no bound.
note: fuzz_consttime: `len == 0) break; if (len > 256) len = 256; uint8...` (data-dependent length) — not an input-length floor, contributes no bound.
note: fuzz_consttime: `len > 256) len = 256; uint8_t dst[256], orig_dst...` (data-dependent length) — not an input-length floor, contributes no bound.
note: fuzz_consttime: `len > 256) len = 256; memcpy(buf, payload, len);...` (data-dependent length) — not an input-length floor, contributes no bound.
note: fuzz_dilithium: `msg_len > 4096) msg_len = 4096; uint8_t sig[AMA_...` (data-dependent length) — not an input-length floor, contributes no bound.
note: fuzz_ed25519: `msg_len > 0) { sig[0] ^= 0x01; rc = ama_ed25519_...` (data-dependent length) — not an input-length floor, contributes no bound.
note: fuzz_frost: `n < threshold) n = threshold; if (n > FROST_FUZZ...` (data-dependent length) — not an input-length floor, contributes no bound.
note: fuzz_frost: `n > FROST_FUZZ_MAX_N) n = FROST_FUZZ_MAX_N; cons...` (data-dependent length) — not an input-length floor, contributes no bound.
note: fuzz_frost: `payload_len > 32 ? 32 : payload_len; memcpy(grou...` (value-select clamp) — not an input-length floor, contributes no bound.
note: fuzz_frost: `payload_len > copy ? payload_len - copy : 0; uin...` (value-select clamp) — not an input-length floor, contributes no bound.
note: fuzz_sha3: `chunk > 137) chunk = 137; ama_sha3_update(&ctx,...` (data-dependent length) — not an input-length floor, contributes no bound.
note: fuzz_sphincs: `msg_len > 256) msg_len = 256; uint8_t sig[AMA_SP...` (data-dependent length) — not an input-length floor, contributes no bound.

FUZZ INPUT REACHABILITY CHECK FAILED:
  - -max_len=4096 is written into the workflow. Derive it with `python3 tools/check_fuzz_input_reachability.py --max-len <target>` so the fuzzer's ceiling comes from the harness rather than from a number that can fall behind it.
