Compared 5195 Ed25519 verification case(s) across both backends.
  donna: build-donna/lib/libama_cryptography.so
  fe51 : build-fe51/lib/libama_cryptography.so

ED25519 BACKEND DIFFERENTIAL FAILED — 6 disagreement(s):

  batch   signed-by=donna count=4
      donna=[False, True, True, True]  fe51=[True, True, True, True]
      sig[0]=010000000000000000000000000000000000000000000000000000000000008074742cbde2a3d0bc46eb87c649c8af2d42ad622d1dcb2217ef0ddd5b706cd80e
      pk    =3b6a27bcceb6a42d62a3a8d02a6f0d73653215771de243a63ac048a18b59da29

  batch   signed-by=donna backend=fe51
      a non-canonical R was reported VALID by batch verify
      (RFC 8032 5.1.7 step 1 -> 5.1.3)
      sig=010000000000000000000000000000000000000000000000000000000000008074742cbde2a3d0bc46eb87c649c8af2d42ad622d1dcb2217ef0ddd5b706cd80e

  batch   signed-by=donna case=non-canonical R
      batch and single disagree within one build:
      donna single=False batch=False
      fe51  single=False batch=True
      sig=010000000000000000000000000000000000000000000000000000000000008074742cbde2a3d0bc46eb87c649c8af2d42ad622d1dcb2217ef0ddd5b706cd80e

  batch   signed-by=fe51  count=4
      donna=[False, True, True, True]  fe51=[True, True, True, True]
      sig[0]=010000000000000000000000000000000000000000000000000000000000008074742cbde2a3d0bc46eb87c649c8af2d42ad622d1dcb2217ef0ddd5b706cd80e
      pk    =3b6a27bcceb6a42d62a3a8d02a6f0d73653215771de243a63ac048a18b59da29

  batch   signed-by=fe51  backend=fe51
      a non-canonical R was reported VALID by batch verify
      (RFC 8032 5.1.7 step 1 -> 5.1.3)
      sig=010000000000000000000000000000000000000000000000000000000000008074742cbde2a3d0bc46eb87c649c8af2d42ad622d1dcb2217ef0ddd5b706cd80e

  batch   signed-by=fe51  case=non-canonical R
      batch and single disagree within one build:
      donna single=False batch=False
      fe51  single=False batch=True
      sig=010000000000000000000000000000000000000000000000000000000000008074742cbde2a3d0bc46eb87c649c8af2d42ad622d1dcb2217ef0ddd5b706cd80e

Two implementations of one public API have diverged.  A caller's
signature is valid or invalid depending on which CPU they run on.
