[ghash] deterministic measurements by key class:
  wiring: [AMA Dispatch] x86-64: AVX2=1 AVX-512F=0 AVX-512-Keccak=0 => level=1 (sha3=1)
  wiring: [AMA Dispatch] keccak_f1600 -> SIMD
  wiring: [AMA Dispatch] kyber_ntt    -> SIMD
  wiring: [AMA Dispatch] kyber_poly_* -> scalar (compiler auto-vectorised)
  wiring: [AMA Dispatch] dil_ntt      -> SIMD
  wiring: [AMA Dispatch] chacha20_x8 -> SIMD
  wiring: [AMA Dispatch] argon2_g     -> SIMD
  wiring: [AMA Dispatch] x25519_x4    -> scalar (4× sequential)
  wiring: [AMA Dispatch] ed25519      -> scalar (no SIMD wired; backend chosen at build time)
  cache geometry: I1=32768,8,64 D1=32768,8,64 LL=8388608,16,64
  key              I refs          D refs       D1 misses      LLd misses
  0x41         16,090,761       3,231,897           2,038           1,625
  0x5a         16,089,777       3,231,897           2,038           1,625
  0x6d         16,089,657       3,231,897           2,038           1,625
  0x71         16,090,713       3,231,897           2,038           1,625
  0x30         16,089,825       3,231,897           2,038           1,625
  0x7e         16,090,017       3,231,897           2,038           1,625
  0x21         16,091,145       3,231,897           2,038           1,625
  0x35         16,091,241       3,231,897           2,038           1,625
  floor                 0               0               0               0
  drift                 0               0               0               0
  worst             1,104               0               0               0
  limit                 0               0               0               0

  confirmation sweep (classes measured in reverse order):
  0x41         16,090,761       3,231,897           2,038           1,625
  0x5a         16,089,777       3,231,897           2,038           1,625
  0x6d         16,089,657       3,231,897           2,038           1,625
  0x71         16,090,713       3,231,897           2,038           1,625
  0x30         16,089,825       3,231,897           2,038           1,625
  0x7e         16,090,017       3,231,897           2,038           1,625
  0x21         16,091,145       3,231,897           2,038           1,625
  0x35         16,091,241       3,231,897           2,038           1,625

GHASH CONSTANT-TIME CHECK FAILED — a key-dependent measurement was taken (I refs by 1,104), reproduced in a second sweep with the classes in reverse order.
The usual cause is an optimizer turning the masked GHASH accumulation
back into a branch on the secret subkey. Disassemble ghash_mul in the
built object and look for a conditional branch that skips the masked
XOR; see src/c/internal/ama_ct_barrier.h.
