Dictionary: 3 entries
INFO: Running with entropic power schedule (0xFF, 100).
INFO: Seed: 1745585222
INFO: Loaded 1 modules   (1807 inline 8-bit counters): 1807 [0x561f766dd268, 0x561f766dd977), 
INFO: Loaded 1 PC tables (1807 PCs): 1807 [0x561f766dd978,0x561f766e4a68), 
INFO:       28 files found in /tmp/tmp.ZWjnv3SmFv/corpus/fuzz_secp256k1
INFO: seed corpus: files: 28 min: 1b max: 107b total: 1099b rss: 32Mb
#29	INITED cov: 785 ft: 1384 corp: 18/935b exec/s: 0 rss: 35Mb
#125	NEW    cov: 785 ft: 1385 corp: 19/968b lim: 107 exec/s: 0 rss: 36Mb L: 33/107 MS: 1 ChangeByte-
#1763	NEW    cov: 786 ft: 1386 corp: 20/1065b lim: 119 exec/s: 0 rss: 39Mb L: 97/107 MS: 3 ManualDict-ChangeBit-ManualDict- DE: "\000\000\000\000\000\000\000\000\000\000\000\000\000\000\000\000\000\000\000\000\000\000\000\000\000\000\000\000\000\000\000\001"-"\000\000\000\000\000\000\000\000\000\000\000\000\000\000\000\000\000\000\000\000\000\000\000\000\000\000\000\000\000\000\000\001"-
#2656	NEW    cov: 787 ft: 1396 corp: 21/1172b lim: 125 exec/s: 0 rss: 39Mb L: 107/107 MS: 3 EraseBytes-EraseBytes-InsertRepeatedBytes-
#2664	NEW    cov: 787 ft: 1397 corp: 22/1296b lim: 125 exec/s: 0 rss: 40Mb L: 124/124 MS: 3 ShuffleBytes-InsertRepeatedBytes-InsertRepeatedBytes-
#2691	NEW    cov: 789 ft: 1401 corp: 23/1417b lim: 125 exec/s: 0 rss: 40Mb L: 121/124 MS: 2 ChangeBinInt-InsertRepeatedBytes-
#2735	NEW    cov: 789 ft: 1411 corp: 24/1538b lim: 125 exec/s: 0 rss: 40Mb L: 121/124 MS: 4 ChangeBit-ChangeBit-ChangeBit-CrossOver-
#2807	REDUCE cov: 789 ft: 1411 corp: 24/1533b lim: 125 exec/s: 0 rss: 40Mb L: 116/124 MS: 2 InsertRepeatedBytes-EraseBytes-
#2990	REDUCE cov: 789 ft: 1411 corp: 24/1511b lim: 125 exec/s: 0 rss: 40Mb L: 102/121 MS: 3 ChangeByte-EraseBytes-InsertRepeatedBytes-
#3088	REDUCE cov: 789 ft: 1412 corp: 25/1621b lim: 125 exec/s: 0 rss: 40Mb L: 110/121 MS: 3 CopyPart-ChangeByte-CrossOver-
#3311	REDUCE cov: 789 ft: 1412 corp: 25/1618b lim: 125 exec/s: 3311 rss: 41Mb L: 113/121 MS: 3 CMP-EraseBytes-InsertRepeatedBytes- DE: "\277\377\377\377"-
#3415	REDUCE cov: 789 ft: 1412 corp: 25/1613b lim: 125 exec/s: 3415 rss: 41Mb L: 97/121 MS: 4 ChangeBit-EraseBytes-CopyPart-PersAutoDict- DE: "\277\377\377\377"-
#3516	NEW    cov: 790 ft: 1423 corp: 26/1731b lim: 125 exec/s: 3516 rss: 41Mb L: 118/121 MS: 1 ManualDict- DE: "\277\322^\214\3206AA"-
#3742	REDUCE cov: 790 ft: 1423 corp: 26/1718b lim: 125 exec/s: 3742 rss: 41Mb L: 108/118 MS: 1 EraseBytes-
#3826	REDUCE cov: 790 ft: 1423 corp: 26/1704b lim: 125 exec/s: 3826 rss: 41Mb L: 99/118 MS: 4 ChangeByte-CMP-ChangeBit-EraseBytes- DE: "k\371\300\006\377~\000\000"-
#4474	REDUCE cov: 790 ft: 1423 corp: 26/1703b lim: 131 exec/s: 4474 rss: 41Mb L: 109/118 MS: 3 CopyPart-ChangeBit-EraseBytes-
#5755	REDUCE cov: 790 ft: 1423 corp: 26/1695b lim: 138 exec/s: 5755 rss: 42Mb L: 100/118 MS: 1 EraseBytes-
#6326	REDUCE cov: 790 ft: 1423 corp: 26/1692b lim: 138 exec/s: 6326 rss: 42Mb L: 97/118 MS: 1 EraseBytes-
#6622	REDUCE cov: 790 ft: 1423 corp: 26/1678b lim: 138 exec/s: 6622 rss: 42Mb L: 104/109 MS: 1 EraseBytes-
#6643	REDUCE cov: 790 ft: 1423 corp: 26/1673b lim: 138 exec/s: 6643 rss: 42Mb L: 102/109 MS: 1 EraseBytes-
#8192	pulse  cov: 790 ft: 1423 corp: 26/1673b lim: 152 exec/s: 4096 rss: 42Mb
#8699	REDUCE cov: 790 ft: 1423 corp: 26/1669b lim: 152 exec/s: 4349 rss: 42Mb L: 98/109 MS: 1 EraseBytes-
#10173	NEW    cov: 792 ft: 1425 corp: 27/1801b lim: 166 exec/s: 5086 rss: 43Mb L: 132/132 MS: 4 InsertRepeatedBytes-CMP-ChangeBit-EraseBytes- DE: "\217J\3016\216\271\206%\241\250\361\354%\257\361\216\323f\012:\0100\222p\201\221d\331~\220_\343"-
#11730	REDUCE cov: 792 ft: 1425 corp: 27/1791b lim: 180 exec/s: 3910 rss: 43Mb L: 99/132 MS: 2 ShuffleBytes-EraseBytes-
#12079	REDUCE cov: 792 ft: 1425 corp: 27/1789b lim: 180 exec/s: 4026 rss: 43Mb L: 105/132 MS: 4 ChangeByte-CopyPart-ManualDict-CrossOver- DE: "\000\000\000\000\000\000\000\000\000\000\000\000\000\000\000\000\000\000\000\000\000\000\000\000\000\000\000\000\000\000\000\001"-
#12332	REDUCE cov: 792 ft: 1425 corp: 27/1788b lim: 180 exec/s: 4110 rss: 43Mb L: 97/132 MS: 3 ShuffleBytes-ChangeByte-EraseBytes-
#15295	NEW    cov: 793 ft: 1426 corp: 28/1953b lim: 208 exec/s: 3823 rss: 44Mb L: 165/165 MS: 3 ManualDict-InsertByte-CMP- DE: "\000\000\000\000\000\000\000\000\000\000\000\000\000\000\000\000\000\000\000\000\000\000\000\000\000\000\000\000\000\000\000\000"-"\000\000~\377\006\304j\353"-
#16336	NEW    cov: 793 ft: 1428 corp: 29/2059b lim: 215 exec/s: 4084 rss: 44Mb L: 106/165 MS: 1 InsertByte-
#16384	pulse  cov: 793 ft: 1428 corp: 29/2059b lim: 215 exec/s: 4096 rss: 44Mb
#16908	REDUCE cov: 793 ft: 1428 corp: 29/2054b lim: 215 exec/s: 4227 rss: 44Mb L: 99/165 MS: 2 CrossOver-EraseBytes-
#17637	REDUCE cov: 793 ft: 1428 corp: 29/2035b lim: 222 exec/s: 4409 rss: 44Mb L: 146/146 MS: 4 CrossOver-ChangeBit-InsertByte-EraseBytes-
#17653	REDUCE cov: 793 ft: 1428 corp: 29/2034b lim: 222 exec/s: 4413 rss: 44Mb L: 98/146 MS: 1 EraseBytes-
#19145	REDUCE cov: 793 ft: 1428 corp: 29/2032b lim: 236 exec/s: 4786 rss: 45Mb L: 97/146 MS: 2 ChangeBinInt-EraseBytes-
#23876	REDUCE cov: 793 ft: 1428 corp: 29/2006b lim: 281 exec/s: 3979 rss: 46Mb L: 120/132 MS: 1 EraseBytes-
#26187	REDUCE cov: 793 ft: 1428 corp: 29/1989b lim: 297 exec/s: 4364 rss: 46Mb L: 115/120 MS: 1 EraseBytes-
#30894	REDUCE cov: 793 ft: 1428 corp: 29/1985b lim: 337 exec/s: 4413 rss: 47Mb L: 116/116 MS: 2 InsertByte-EraseBytes-
#31101	REDUCE cov: 793 ft: 1428 corp: 29/1984b lim: 337 exec/s: 4443 rss: 47Mb L: 97/116 MS: 2 ChangeByte-EraseBytes-
#32768	pulse  cov: 793 ft: 1428 corp: 29/1984b lim: 353 exec/s: 4096 rss: 48Mb
#39246	REDUCE cov: 793 ft: 1428 corp: 29/1983b lim: 417 exec/s: 4360 rss: 49Mb L: 115/115 MS: 5 ShuffleBytes-CopyPart-EraseBytes-PersAutoDict-InsertByte- DE: "\277\322^\214\3206AA"-
#46665	REDUCE cov: 793 ft: 1428 corp: 29/1981b lim: 489 exec/s: 4242 rss: 50Mb L: 97/115 MS: 4 CMP-ChangeASCIIInt-ChangeBit-EraseBytes- DE: "\3779"-
#52996	REDUCE cov: 793 ft: 1428 corp: 29/1974b lim: 549 exec/s: 4076 rss: 52Mb L: 108/115 MS: 1 EraseBytes-
#53080	NEW    cov: 793 ft: 1431 corp: 30/2066b lim: 549 exec/s: 4083 rss: 52Mb L: 92/115 MS: 4 EraseBytes-PersAutoDict-CMP-InsertRepeatedBytes- DE: "\277\322^\214\3206AA"-"\001\000\000\000\000\000\000\000"-
#53731	REDUCE cov: 793 ft: 1431 corp: 30/2053b lim: 549 exec/s: 4133 rss: 52Mb L: 79/115 MS: 1 EraseBytes-
#65536	pulse  cov: 793 ft: 1431 corp: 30/2053b lim: 666 exec/s: 3855 rss: 54Mb
#74048	NEW    cov: 793 ft: 1432 corp: 31/2166b lim: 747 exec/s: 3702 rss: 56Mb L: 113/115 MS: 2 InsertRepeatedBytes-ChangeBinInt-
#75106	REDUCE cov: 793 ft: 1432 corp: 31/2164b lim: 756 exec/s: 3755 rss: 56Mb L: 111/115 MS: 3 CrossOver-CrossOver-EraseBytes-
#81426	REDUCE cov: 793 ft: 1432 corp: 31/2163b lim: 810 exec/s: 3701 rss: 57Mb L: 105/115 MS: 5 ChangeBinInt-ShuffleBytes-ChangeByte-CMP-EraseBytes- DE: "\015\000\000\000"-
#88867	REDUCE cov: 793 ft: 1432 corp: 31/2157b lim: 882 exec/s: 3702 rss: 59Mb L: 109/111 MS: 1 EraseBytes-
#92113	REDUCE cov: 793 ft: 1432 corp: 31/2156b lim: 909 exec/s: 3684 rss: 59Mb L: 110/110 MS: 1 EraseBytes-
	NEW_FUNC[1/1]: 0x561f766883c8 in der_parse_integer /home/user/AMA-Cryptography/src/c/ama_secp256k1.c:2095
#108872	REDUCE cov: 800 ft: 1440 corp: 32/2303b lim: 1066 exec/s: 3629 rss: 63Mb L: 147/147 MS: 4 ManualDict-PersAutoDict-CrossOver-InsertByte- DE: "\000\000\000\000\000\000\000\000\000\000\000\000\000\000\000\000\000\000\000\000\000\000\000\000\000\000\000\000\000\000\000\000"-"\015\000\000\000"-
#116243	REDUCE cov: 800 ft: 1440 corp: 32/2301b lim: 1136 exec/s: 3632 rss: 64Mb L: 108/147 MS: 1 EraseBytes-
#123136	NEW    cov: 800 ft: 1447 corp: 33/2448b lim: 1196 exec/s: 3621 rss: 66Mb L: 147/147 MS: 3 ChangeBinInt-ChangeASCIIInt-ChangeBit-
#129857	REDUCE cov: 800 ft: 1447 corp: 33/2442b lim: 1256 exec/s: 3710 rss: 67Mb L: 73/147 MS: 1 EraseBytes-
#131072	pulse  cov: 800 ft: 1447 corp: 33/2442b lim: 1266 exec/s: 3744 rss: 68Mb
#153349	REDUCE cov: 801 ft: 1448 corp: 34/2539b lim: 1486 exec/s: 3833 rss: 73Mb L: 97/147 MS: 2 CMP-CMP- DE: "\377\377\377\377"-"\377\377\377\376\377\377\374/"-
#203096	REDUCE cov: 801 ft: 1448 corp: 34/2538b lim: 1976 exec/s: 3982 rss: 83Mb L: 108/147 MS: 2 ManualDict-EraseBytes- DE: "\277\322^\214\3206AA"-
#209887	REDUCE cov: 801 ft: 1448 corp: 34/2535b lim: 2036 exec/s: 3960 rss: 85Mb L: 105/147 MS: 1 EraseBytes-
#222240	NEW    cov: 805 ft: 1452 corp: 35/2682b lim: 2155 exec/s: 3968 rss: 87Mb L: 147/147 MS: 3 ChangeByte-ChangeBit-CrossOver-
#222878	REDUCE cov: 805 ft: 1452 corp: 35/2680b lim: 2155 exec/s: 3979 rss: 88Mb L: 33/147 MS: 3 EraseBytes-CopyPart-CopyPart-
#223224	NEW    cov: 806 ft: 1453 corp: 36/2827b lim: 2155 exec/s: 3986 rss: 88Mb L: 147/147 MS: 1 ChangeByte-
#224141	NEW    cov: 806 ft: 1457 corp: 37/2974b lim: 2155 exec/s: 4002 rss: 88Mb L: 147/147 MS: 2 ChangeByte-ShuffleBytes-
#225722	NEW    cov: 807 ft: 1458 corp: 38/3121b lim: 2166 exec/s: 4030 rss: 88Mb L: 147/147 MS: 1 CMP- DE: "a\000\000\000\000\000\000\000"-
#228224	NEW    cov: 812 ft: 1463 corp: 39/3268b lim: 2188 exec/s: 4075 rss: 89Mb L: 147/147 MS: 2 ManualDict-ChangeBit- DE: "\000\000\000\000\000\000\000\000\000\000\000\000\000\000\000\000\000\000\000\000\000\000\000\000\000\000\000\000\000\000\000\000"-
#236715	NEW    cov: 820 ft: 1476 corp: 40/3415b lim: 2265 exec/s: 4152 rss: 91Mb L: 147/147 MS: 1 ChangeBinInt-
#237227	NEW    cov: 822 ft: 1478 corp: 41/3562b lim: 2265 exec/s: 4090 rss: 91Mb L: 147/147 MS: 2 ChangeBinInt-CopyPart-
#241540	NEW    cov: 823 ft: 1479 corp: 42/3709b lim: 2298 exec/s: 4164 rss: 92Mb L: 147/147 MS: 3 PersAutoDict-ChangeByte-ShuffleBytes- DE: "k\371\300\006\377~\000\000"-
#252306	NEW    cov: 823 ft: 1480 corp: 43/3856b lim: 2397 exec/s: 4276 rss: 95Mb L: 147/147 MS: 1 ChangeBit-
#255098	NEW    cov: 824 ft: 1485 corp: 44/4003b lim: 2419 exec/s: 4323 rss: 96Mb L: 147/147 MS: 2 PersAutoDict-CrossOver- DE: "\277\322^\214\3206AA"-
#256941	NEW    cov: 824 ft: 1486 corp: 45/4150b lim: 2430 exec/s: 4282 rss: 97Mb L: 147/147 MS: 3 CopyPart-CrossOver-CopyPart-
#262144	pulse  cov: 824 ft: 1486 corp: 45/4150b lim: 2474 exec/s: 4369 rss: 98Mb
#264628	NEW    cov: 824 ft: 1488 corp: 46/4297b lim: 2496 exec/s: 4410 rss: 99Mb L: 147/147 MS: 2 ChangeBit-ShuffleBytes-
#265609	NEW    cov: 825 ft: 1502 corp: 47/4444b lim: 2496 exec/s: 4426 rss: 99Mb L: 147/147 MS: 1 CrossOver-
#266504	DONE   cov: 825 ft: 1502 corp: 47/4444b lim: 2496 exec/s: 4368 rss: 99Mb
###### Recommended dictionary. ######
"\277\377\377\377" # Uses: 2266
"k\371\300\006\377~\000\000" # Uses: 2207
"\217J\3016\216\271\206%\241\250\361\354%\257\361\216\323f\012:\0100\222p\201\221d\331~\220_\343" # Uses: 2066
"\000\000~\377\006\304j\353" # Uses: 1893
"\3779" # Uses: 1668
"\001\000\000\000\000\000\000\000" # Uses: 1568
"\015\000\000\000" # Uses: 1371
"\377\377\377\377" # Uses: 716
"\377\377\377\376\377\377\374/" # Uses: 798
"a\000\000\000\000\000\000\000" # Uses: 250
###### End of recommended dictionary. ######
Done 266504 runs in 61 second(s)
stat::number_of_executed_units: 266504
stat::average_exec_per_sec:     4368
stat::new_units_added:          65
stat::slowest_unit_time_sec:    0
stat::peak_rss_mb:              99
