Dictionary: 7 entries
INFO: Running with entropic power schedule (0xFF, 100).
INFO: Seed: 1203791315
INFO: Loaded 1 modules   (99 inline 8-bit counters): 99 [0x55f172651c78, 0x55f172651cdb), 
INFO: Loaded 1 PC tables (99 PCs): 99 [0x55f172651ce0,0x55f172652310), 
INFO:       72 files found in /tmp/tmp.ZWjnv3SmFv/corpus/fuzz_consttime
INFO: seed corpus: files: 72 min: 1b max: 516b total: 3957b rss: 32Mb
#73	INITED cov: 61 ft: 203 corp: 57/3385b exec/s: 0 rss: 34Mb
#104	NEW    cov: 61 ft: 204 corp: 58/3432b lim: 516 exec/s: 0 rss: 35Mb L: 47/516 MS: 1 InsertRepeatedBytes-
#117	NEW    cov: 61 ft: 205 corp: 59/3619b lim: 516 exec/s: 0 rss: 35Mb L: 187/516 MS: 3 InsertByte-InsertRepeatedBytes-InsertRepeatedBytes-
#169	NEW    cov: 61 ft: 206 corp: 60/3887b lim: 516 exec/s: 0 rss: 35Mb L: 268/516 MS: 2 ShuffleBytes-InsertRepeatedBytes-
#179	NEW    cov: 61 ft: 207 corp: 61/4384b lim: 516 exec/s: 0 rss: 35Mb L: 497/516 MS: 5 ChangeASCIIInt-ChangeBit-CopyPart-ChangeBit-CopyPart-
#180	NEW    cov: 61 ft: 208 corp: 62/4393b lim: 516 exec/s: 0 rss: 35Mb L: 9/516 MS: 1 CrossOver-
#799	REDUCE cov: 61 ft: 208 corp: 62/4148b lim: 516 exec/s: 0 rss: 36Mb L: 252/516 MS: 4 InsertByte-InsertRepeatedBytes-ShuffleBytes-EraseBytes-
#1162	REDUCE cov: 61 ft: 208 corp: 62/4054b lim: 516 exec/s: 0 rss: 36Mb L: 158/516 MS: 3 ChangeASCIIInt-ChangeByte-EraseBytes-
#2382	REDUCE cov: 61 ft: 208 corp: 62/4028b lim: 525 exec/s: 0 rss: 36Mb L: 132/516 MS: 5 ManualDict-EraseBytes-EraseBytes-ChangeBit-InsertRepeatedBytes- DE: "\000"-
#4507	REDUCE cov: 61 ft: 208 corp: 62/4026b lim: 543 exec/s: 0 rss: 37Mb L: 45/516 MS: 5 ChangeBinInt-ShuffleBytes-InsertRepeatedBytes-EraseBytes-EraseBytes-
#6858	REDUCE cov: 61 ft: 208 corp: 62/4021b lim: 561 exec/s: 0 rss: 37Mb L: 182/516 MS: 1 EraseBytes-
#8330	REDUCE cov: 61 ft: 208 corp: 62/4020b lim: 570 exec/s: 0 rss: 37Mb L: 8/516 MS: 2 ChangeBit-EraseBytes-
#10074	REDUCE cov: 61 ft: 208 corp: 62/4013b lim: 579 exec/s: 0 rss: 38Mb L: 261/516 MS: 4 EraseBytes-InsertRepeatedBytes-EraseBytes-CrossOver-
#11312	REDUCE cov: 61 ft: 208 corp: 62/3989b lim: 588 exec/s: 0 rss: 38Mb L: 158/516 MS: 3 ChangeByte-ChangeBinInt-EraseBytes-
#12489	REDUCE cov: 61 ft: 208 corp: 62/3988b lim: 597 exec/s: 0 rss: 38Mb L: 44/516 MS: 2 CMP-EraseBytes- DE: "\000\000\177)>\\ae"-
#22459	REDUCE cov: 61 ft: 208 corp: 62/3987b lim: 696 exec/s: 0 rss: 40Mb L: 67/516 MS: 5 CrossOver-ChangeBinInt-ChangeBinInt-ManualDict-EraseBytes- DE: "\377"-
#53546	REDUCE cov: 61 ft: 208 corp: 62/3986b lim: 1002 exec/s: 0 rss: 45Mb L: 131/516 MS: 2 InsertRepeatedBytes-EraseBytes-
#56102	REDUCE cov: 61 ft: 208 corp: 62/3985b lim: 1020 exec/s: 0 rss: 45Mb L: 35/516 MS: 1 EraseBytes-
#63918	REDUCE cov: 61 ft: 208 corp: 62/3984b lim: 1089 exec/s: 0 rss: 46Mb L: 260/516 MS: 1 EraseBytes-
#87352	REDUCE cov: 61 ft: 208 corp: 62/3983b lim: 1319 exec/s: 0 rss: 50Mb L: 157/516 MS: 4 EraseBytes-EraseBytes-InsertRepeatedBytes-InsertRepeatedBytes-
#94108	REDUCE cov: 61 ft: 208 corp: 62/3982b lim: 1379 exec/s: 0 rss: 51Mb L: 156/516 MS: 1 CrossOver-
#158600	REDUCE cov: 61 ft: 208 corp: 62/3981b lim: 2019 exec/s: 0 rss: 62Mb L: 259/516 MS: 2 EraseBytes-InsertRepeatedBytes-
#159525	REDUCE cov: 61 ft: 208 corp: 62/3980b lim: 2019 exec/s: 0 rss: 62Mb L: 43/516 MS: 5 ChangeBinInt-EraseBytes-CopyPart-CrossOver-ChangeBit-
#193568	REDUCE cov: 61 ft: 208 corp: 62/3979b lim: 2357 exec/s: 0 rss: 67Mb L: 42/516 MS: 3 PersAutoDict-ChangeByte-EraseBytes- DE: "\377"-
#282041	REDUCE cov: 61 ft: 208 corp: 62/3977b lim: 3237 exec/s: 0 rss: 82Mb L: 6/516 MS: 3 EraseBytes-ChangeByte-InsertByte-
#549199	REDUCE cov: 61 ft: 208 corp: 62/3976b lim: 4096 exec/s: 549199 rss: 125Mb L: 155/516 MS: 1 EraseBytes-
#578264	REDUCE cov: 61 ft: 208 corp: 62/3975b lim: 4096 exec/s: 578264 rss: 130Mb L: 154/516 MS: 5 ManualDict-EraseBytes-CMP-CopyPart-CrossOver- DE: "\001"-"\000\000\000\000\000\000\000\000\000\000\000\000\252\252\252\252\252\252\252\252\252\252\252\252\252\252\252\252\252\252\273\273\273;'\377\007\000\273\273\273\302\273\273\273\273\273\273\273\273\377\377\377\377\377\273\273\273\273\261\036U\243U"-
#1048576	pulse  cov: 61 ft: 208 corp: 62/3975b lim: 4096 exec/s: 349525 rss: 205Mb
#2097152	pulse  cov: 61 ft: 208 corp: 62/3975b lim: 4096 exec/s: 349525 rss: 369Mb
#4194304	pulse  cov: 61 ft: 208 corp: 62/3975b lim: 4096 exec/s: 349525 rss: 479Mb
#8388608	pulse  cov: 61 ft: 208 corp: 62/3975b lim: 4096 exec/s: 364722 rss: 480Mb
#16777216	pulse  cov: 61 ft: 208 corp: 62/3975b lim: 4096 exec/s: 372827 rss: 480Mb
#22492454	DONE   cov: 61 ft: 208 corp: 62/3975b lim: 4096 exec/s: 368728 rss: 480Mb
###### Recommended dictionary. ######
"\000\000\177)>\\ae" # Uses: 339182
"\000\000\000\000\000\000\000\000\000\000\000\000\252\252\252\252\252\252\252\252\252\252\252\252\252\252\252\252\252\252\273\273\273;'\377\007\000\273\273\273\302\273\273\273\273\273\273\273\273\377\377\377\377\377\273\273\273\273\261\036U\243U" # Uses: 246281
###### End of recommended dictionary. ######
Done 22492454 runs in 61 second(s)
stat::number_of_executed_units: 22492454
stat::average_exec_per_sec:     368728
stat::new_units_added:          26
stat::slowest_unit_time_sec:    0
stat::peak_rss_mb:              480
