Dictionary: 6 entries
INFO: Running with entropic power schedule (0xFF, 100).
INFO: Seed: 4089058598
INFO: Loaded 1 modules   (10418 inline 8-bit counters): 10418 [0x557b55bc8ae0, 0x557b55bcb392), 
INFO: Loaded 1 PC tables (10418 PCs): 10418 [0x557b55bcb398,0x557b55bf3eb8), 
INFO:       58 files found in /tmp/tmp.ZWjnv3SmFv/corpus/fuzz_aes_gcm
INFO: seed corpus: files: 58 min: 1b max: 1970b total: 26981b rss: 33Mb
#8	pulse  cov: 881 ft: 897 corp: 6/228b exec/s: 4 rss: 38Mb
#16	pulse  cov: 910 ft: 1074 corp: 12/606b exec/s: 8 rss: 38Mb
#32	pulse  cov: 996 ft: 1248 corp: 26/2672b exec/s: 16 rss: 38Mb
#59	INITED cov: 1036 ft: 1688 corp: 48/19Kb exec/s: 29 rss: 39Mb
#64	pulse  cov: 1036 ft: 1688 corp: 48/19Kb lim: 1966 exec/s: 32 rss: 39Mb
#128	pulse  cov: 1036 ft: 1688 corp: 48/19Kb lim: 1966 exec/s: 64 rss: 40Mb
#256	pulse  cov: 1036 ft: 1688 corp: 48/19Kb lim: 1966 exec/s: 128 rss: 40Mb
#512	pulse  cov: 1036 ft: 1688 corp: 48/19Kb lim: 1966 exec/s: 256 rss: 41Mb
#1024	pulse  cov: 1036 ft: 1688 corp: 48/19Kb lim: 1976 exec/s: 512 rss: 42Mb
#2048	pulse  cov: 1036 ft: 1688 corp: 48/19Kb lim: 1986 exec/s: 1024 rss: 44Mb
#2324	REDUCE cov: 1036 ft: 1688 corp: 48/19Kb lim: 1986 exec/s: 1162 rss: 45Mb L: 1587/1587 MS: 5 CrossOver-ChangeBinInt-InsertRepeatedBytes-InsertRepeatedBytes-EraseBytes-
#2935	REDUCE cov: 1036 ft: 1688 corp: 48/19Kb lim: 1986 exec/s: 1467 rss: 46Mb L: 1328/1587 MS: 1 EraseBytes-
#3848	REDUCE cov: 1036 ft: 1688 corp: 48/19Kb lim: 1986 exec/s: 1924 rss: 48Mb L: 1585/1585 MS: 3 ChangeBinInt-ManualDict-CrossOver- DE: "\000\000\000\000\000\000\000\000\000\000\000\000"-
#4096	pulse  cov: 1036 ft: 1688 corp: 48/19Kb lim: 1986 exec/s: 2048 rss: 48Mb
#8192	pulse  cov: 1036 ft: 1688 corp: 48/19Kb lim: 2026 exec/s: 4096 rss: 55Mb
#9698	REDUCE cov: 1036 ft: 1688 corp: 48/19Kb lim: 2036 exec/s: 4849 rss: 57Mb L: 130/1585 MS: 5 EraseBytes-InsertByte-ChangeBinInt-ChangeBinInt-InsertByte-
#11640	REDUCE cov: 1036 ft: 1688 corp: 48/19Kb lim: 2046 exec/s: 5820 rss: 61Mb L: 568/1585 MS: 2 PersAutoDict-EraseBytes- DE: "\000\000\000\000\000\000\000\000\000\000\000\000"-
#12116	NEW    cov: 1036 ft: 1690 corp: 49/21Kb lim: 2046 exec/s: 6058 rss: 62Mb L: 2039/2039 MS: 1 CopyPart-
#16384	pulse  cov: 1036 ft: 1690 corp: 49/21Kb lim: 2078 exec/s: 8192 rss: 69Mb
#17389	REDUCE cov: 1036 ft: 1690 corp: 49/21Kb lim: 2089 exec/s: 8694 rss: 71Mb L: 565/2039 MS: 3 EraseBytes-CopyPart-EraseBytes-
#18702	NEW    cov: 1036 ft: 1692 corp: 50/23Kb lim: 2100 exec/s: 9351 rss: 73Mb L: 2093/2093 MS: 3 InsertRepeatedBytes-ManualDict-InsertByte- DE: "\000\000\000\000\000\000\000\000\000\000\000\000\000\000\000\000"-
#19228	NEW    cov: 1036 ft: 1694 corp: 51/25Kb lim: 2100 exec/s: 9614 rss: 74Mb L: 2099/2099 MS: 1 InsertRepeatedBytes-
#22098	NEW    cov: 1037 ft: 1719 corp: 52/27Kb lim: 2122 exec/s: 7366 rss: 80Mb L: 2094/2099 MS: 5 CrossOver-PersAutoDict-ShuffleBytes-EraseBytes-CrossOver- DE: "\000\000\000\000\000\000\000\000\000\000\000\000"-
#24335	REDUCE cov: 1037 ft: 1719 corp: 52/27Kb lim: 2144 exec/s: 8111 rss: 84Mb L: 898/2099 MS: 2 ChangeBit-EraseBytes-
#25445	REDUCE cov: 1037 ft: 1719 corp: 52/27Kb lim: 2155 exec/s: 8481 rss: 86Mb L: 497/2099 MS: 5 CopyPart-CopyPart-EraseBytes-InsertRepeatedBytes-EraseBytes-
#25693	REDUCE cov: 1037 ft: 1719 corp: 52/27Kb lim: 2155 exec/s: 8564 rss: 87Mb L: 77/2099 MS: 3 ChangeByte-ChangeByte-EraseBytes-
#27542	REDUCE cov: 1037 ft: 1719 corp: 52/27Kb lim: 2166 exec/s: 9180 rss: 91Mb L: 1410/2099 MS: 4 InsertByte-EraseBytes-PersAutoDict-InsertByte- DE: "\000\000\000\000\000\000\000\000\000\000\000\000"-
#32768	pulse  cov: 1037 ft: 1719 corp: 52/27Kb lim: 2210 exec/s: 10922 rss: 102Mb
#44468	NEW    cov: 1038 ft: 1720 corp: 53/29Kb lim: 2331 exec/s: 14822 rss: 127Mb L: 2123/2123 MS: 1 CrossOver-
#51097	REDUCE cov: 1038 ft: 1720 corp: 53/29Kb lim: 2386 exec/s: 12774 rss: 142Mb L: 557/2123 MS: 4 PersAutoDict-ChangeBinInt-ChangeByte-EraseBytes- DE: "\000\000\000\000\000\000\000\000\000\000\000\000"-
#65536	pulse  cov: 1038 ft: 1720 corp: 53/29Kb lim: 2529 exec/s: 16384 rss: 172Mb
#67848	REDUCE cov: 1038 ft: 1720 corp: 53/29Kb lim: 2551 exec/s: 16962 rss: 177Mb L: 1326/2123 MS: 1 EraseBytes-
#84871	REDUCE cov: 1038 ft: 1720 corp: 53/29Kb lim: 2716 exec/s: 21217 rss: 215Mb L: 562/2123 MS: 3 ManualDict-EraseBytes-CopyPart- DE: "\000\000\000\000\000\000\000\000\000\000\000\000\000\000\000\000"-
#91770	NEW    cov: 1038 ft: 1738 corp: 54/32Kb lim: 2782 exec/s: 18354 rss: 230Mb L: 2780/2780 MS: 4 CopyPart-ChangeASCIIInt-ChangeBit-CopyPart-
#107763	REDUCE cov: 1038 ft: 1738 corp: 54/32Kb lim: 2936 exec/s: 21552 rss: 270Mb L: 561/2780 MS: 3 PersAutoDict-ManualDict-EraseBytes- DE: "\000\000\000\000\000\000\000\000\000\000\000\000\000\000\000\000"-"\000\000\000\000\000\000\000\000\000\000\000\000\000\000\000\000"-
#111534	NEW    cov: 1038 ft: 1776 corp: 55/34Kb lim: 2969 exec/s: 22306 rss: 278Mb L: 2966/2966 MS: 1 CopyPart-
#117701	REDUCE cov: 1038 ft: 1776 corp: 55/34Kb lim: 3024 exec/s: 19616 rss: 295Mb L: 2116/2966 MS: 2 CopyPart-EraseBytes-
#118546	REDUCE cov: 1038 ft: 1776 corp: 55/34Kb lim: 3024 exec/s: 19757 rss: 297Mb L: 2953/2953 MS: 5 EraseBytes-CrossOver-ManualDict-ChangeByte-PersAutoDict- DE: "\000\000\000\000\000\000\000\000\000\000\000\000\000\000\000\000\000\000\000\000\000\000\000\000\000\000\000\000\000\000\000\000"-"\000\000\000\000\000\000\000\000\000\000\000\000"-
#130821	REDUCE cov: 1038 ft: 1777 corp: 56/37Kb lim: 3145 exec/s: 21803 rss: 329Mb L: 3124/3124 MS: 5 CopyPart-PersAutoDict-CopyPart-ShuffleBytes-PersAutoDict- DE: "\000\000\000\000\000\000\000\000\000\000\000\000\000\000\000\000\000\000\000\000\000\000\000\000\000\000\000\000\000\000\000\000"-"\000\000\000\000\000\000\000\000\000\000\000\000"-
#131072	pulse  cov: 1038 ft: 1777 corp: 56/37Kb lim: 3145 exec/s: 21845 rss: 330Mb
#158422	REDUCE cov: 1038 ft: 1777 corp: 56/37Kb lim: 3409 exec/s: 22631 rss: 401Mb L: 3119/3119 MS: 5 ChangeASCIIInt-EraseBytes-CopyPart-ChangeByte-InsertRepeatedBytes-
#174257	REDUCE cov: 1038 ft: 1777 corp: 56/37Kb lim: 3563 exec/s: 24893 rss: 413Mb L: 2113/3119 MS: 5 InsertByte-InsertRepeatedBytes-InsertByte-ChangeByte-EraseBytes-
#176190	REDUCE cov: 1038 ft: 1777 corp: 56/37Kb lim: 3574 exec/s: 25170 rss: 413Mb L: 2779/3119 MS: 3 ShuffleBytes-ChangeByte-EraseBytes-
#178127	REDUCE cov: 1038 ft: 1777 corp: 56/37Kb lim: 3585 exec/s: 25446 rss: 413Mb L: 2038/3119 MS: 2 ChangeByte-EraseBytes-
#187502	REDUCE cov: 1038 ft: 1777 corp: 56/37Kb lim: 3673 exec/s: 26786 rss: 419Mb L: 2947/3119 MS: 5 ManualDict-ChangeASCIIInt-ChangeBinInt-EraseBytes-CMP- DE: "\000\000\000\000\000\000\000\000\000\000\000\000\000\000\000\000\000\000\000\000\000\000\000\000\000\000\000\000\000\000\000\000"-"5v\26251\177\000\000"-
#232653	REDUCE cov: 1038 ft: 1777 corp: 56/37Kb lim: 4096 exec/s: 25850 rss: 439Mb L: 2777/3119 MS: 1 EraseBytes-
#262144	pulse  cov: 1038 ft: 1777 corp: 56/37Kb lim: 4096 exec/s: 29127 rss: 444Mb
#265254	REDUCE cov: 1038 ft: 1777 corp: 56/37Kb lim: 4096 exec/s: 29472 rss: 445Mb L: 2112/3119 MS: 1 EraseBytes-
#266253	REDUCE cov: 1038 ft: 1777 corp: 56/37Kb lim: 4096 exec/s: 29583 rss: 445Mb L: 1580/3119 MS: 4 ChangeByte-ShuffleBytes-EraseBytes-CopyPart-
#276099	REDUCE cov: 1038 ft: 1777 corp: 56/37Kb lim: 4096 exec/s: 27609 rss: 445Mb L: 2098/3119 MS: 1 EraseBytes-
#281879	REDUCE cov: 1038 ft: 1777 corp: 56/37Kb lim: 4096 exec/s: 28187 rss: 446Mb L: 445/3119 MS: 5 CrossOver-ChangeBinInt-EraseBytes-ManualDict-CrossOver- DE: "\000\000\000\000\000\000\000\000\000\000\000\000\000\000\000\000"-
#356465	REDUCE cov: 1038 ft: 1777 corp: 56/37Kb lim: 4096 exec/s: 29705 rss: 448Mb L: 2111/3119 MS: 1 EraseBytes-
#426815	REDUCE cov: 1038 ft: 1777 corp: 56/37Kb lim: 4096 exec/s: 30486 rss: 449Mb L: 2033/3119 MS: 5 EraseBytes-CopyPart-EraseBytes-EraseBytes-CrossOver-
#474091	REDUCE cov: 1038 ft: 1777 corp: 56/37Kb lim: 4096 exec/s: 31606 rss: 449Mb L: 2775/3119 MS: 1 CrossOver-
#524288	pulse  cov: 1038 ft: 1777 corp: 56/37Kb lim: 4096 exec/s: 32768 rss: 449Mb
#537699	REDUCE cov: 1038 ft: 1777 corp: 56/37Kb lim: 4096 exec/s: 33606 rss: 449Mb L: 1009/3119 MS: 3 ChangeBinInt-ChangeByte-EraseBytes-
#588057	REDUCE cov: 1038 ft: 1777 corp: 56/37Kb lim: 4096 exec/s: 32669 rss: 449Mb L: 1325/3119 MS: 3 ShuffleBytes-CMP-EraseBytes- DE: ">\236\27351\177\000\000"-
#608088	REDUCE cov: 1038 ft: 1777 corp: 56/37Kb lim: 4096 exec/s: 33782 rss: 449Mb L: 1347/3119 MS: 1 EraseBytes-
#805598	REDUCE cov: 1038 ft: 1777 corp: 56/37Kb lim: 4096 exec/s: 33566 rss: 449Mb L: 2110/3119 MS: 5 ChangeBinInt-ManualDict-EraseBytes-ChangeByte-PersAutoDict- DE: "\000\000\000\001"-"\000\000\000\000\000\000\000\000\000\000\000\000\000\000\000\000\000\000\000\000\000\000\000\000\000\000\000\000\000\000\000\000"-
#1048576	pulse  cov: 1038 ft: 1777 corp: 56/37Kb lim: 4096 exec/s: 31775 rss: 449Mb
#1106273	REDUCE cov: 1038 ft: 1777 corp: 56/37Kb lim: 4096 exec/s: 31607 rss: 449Mb L: 2097/3119 MS: 5 ChangeByte-InsertByte-CrossOver-EraseBytes-PersAutoDict- DE: "\000\000\000\000\000\000\000\000\000\000\000\000\000\000\000\000"-
#1107239	REDUCE cov: 1038 ft: 1777 corp: 56/37Kb lim: 4096 exec/s: 31635 rss: 449Mb L: 3118/3118 MS: 1 EraseBytes-
#1146089	REDUCE cov: 1038 ft: 1777 corp: 56/37Kb lim: 4096 exec/s: 31835 rss: 449Mb L: 3117/3117 MS: 5 EraseBytes-CMP-ChangeByte-ManualDict-CrossOver- DE: "\000\000\17715\265\276;"-"\377\377\377\377"-
#1720794	REDUCE cov: 1038 ft: 1777 corp: 56/37Kb lim: 4096 exec/s: 30728 rss: 449Mb L: 3116/3116 MS: 5 ChangeBit-EraseBytes-ShuffleBytes-PersAutoDict-InsertRepeatedBytes- DE: "\377\377\377\377"-
#1874469	DONE   cov: 1038 ft: 1777 corp: 56/37Kb lim: 4096 exec/s: 30729 rss: 449Mb
###### Recommended dictionary. ######
"5v\26251\177\000\000" # Uses: 24207
">\236\27351\177\000\000" # Uses: 15750
"\000\000\17715\265\276;" # Uses: 7512
###### End of recommended dictionary. ######
Done 1874469 runs in 61 second(s)
stat::number_of_executed_units: 1874469
stat::average_exec_per_sec:     30729
stat::new_units_added:          45
stat::slowest_unit_time_sec:    0
stat::peak_rss_mb:              449
