Dictionary: 4 entries
INFO: Running with entropic power schedule (0xFF, 100).
INFO: Seed: 1994217471
INFO: Loaded 1 modules   (11277 inline 8-bit counters): 11277 [0x563c87702750, 0x563c8770535d), 
INFO: Loaded 1 PC tables (11277 PCs): 11277 [0x563c87705360,0x563c87731430), 
INFO:       14 files found in /tmp/tmp.ZWjnv3SmFv/corpus/fuzz_argon2
INFO: seed corpus: files: 14 min: 1b max: 25b total: 275b rss: 33Mb
#4	pulse  cov: 1129 ft: 1157 corp: 2/20b exec/s: 2 rss: 38Mb
#8	pulse  cov: 1130 ft: 1199 corp: 6/96b exec/s: 4 rss: 38Mb
#15	INITED cov: 1130 ft: 1225 corp: 11/206b exec/s: 7 rss: 40Mb
#16	pulse  cov: 1130 ft: 1225 corp: 11/206b lim: 25 exec/s: 8 rss: 40Mb
#32	pulse  cov: 1130 ft: 1225 corp: 11/206b lim: 25 exec/s: 16 rss: 41Mb
#64	pulse  cov: 1130 ft: 1225 corp: 11/206b lim: 25 exec/s: 32 rss: 45Mb
#128	pulse  cov: 1130 ft: 1225 corp: 11/206b lim: 25 exec/s: 64 rss: 51Mb
#150	REDUCE cov: 1130 ft: 1225 corp: 11/204b lim: 25 exec/s: 50 rss: 55Mb L: 19/25 MS: 5 ShuffleBytes-ChangeByte-EraseBytes-InsertByte-CrossOver-
#152	REDUCE cov: 1130 ft: 1225 corp: 11/200b lim: 25 exec/s: 50 rss: 56Mb L: 19/25 MS: 2 EraseBytes-CopyPart-
#244	NEW    cov: 1130 ft: 1226 corp: 12/225b lim: 25 exec/s: 61 rss: 73Mb L: 25/25 MS: 2 CrossOver-ChangeByte-
#256	pulse  cov: 1130 ft: 1226 corp: 12/225b lim: 25 exec/s: 64 rss: 73Mb
#447	NEW    cov: 1130 ft: 1227 corp: 13/249b lim: 25 exec/s: 89 rss: 93Mb L: 24/25 MS: 3 ChangeBinInt-ManualDict-CrossOver- DE: "pass"-
#512	pulse  cov: 1130 ft: 1227 corp: 13/249b lim: 25 exec/s: 102 rss: 99Mb
#515	REDUCE cov: 1130 ft: 1227 corp: 13/247b lim: 25 exec/s: 103 rss: 99Mb L: 23/25 MS: 3 CMP-CrossOver-InsertRepeatedBytes- DE: "\000\000\177N]\202xF"-
#537	REDUCE cov: 1130 ft: 1227 corp: 13/242b lim: 25 exec/s: 107 rss: 102Mb L: 20/24 MS: 2 CMP-EraseBytes- DE: "\000\000\177N]\204\264`"-
#608	REDUCE cov: 1130 ft: 1227 corp: 13/241b lim: 25 exec/s: 101 rss: 112Mb L: 19/24 MS: 1 EraseBytes-
#837	REDUCE cov: 1130 ft: 1227 corp: 13/236b lim: 25 exec/s: 119 rss: 135Mb L: 19/23 MS: 3 EraseBytes-ChangeByte-CrossOver-
#854	REDUCE cov: 1130 ft: 1227 corp: 13/234b lim: 25 exec/s: 106 rss: 138Mb L: 19/23 MS: 2 ShuffleBytes-EraseBytes-
#952	REDUCE cov: 1130 ft: 1227 corp: 13/231b lim: 25 exec/s: 119 rss: 146Mb L: 20/20 MS: 3 ChangeByte-PersAutoDict-EraseBytes- DE: "\000\000\177N]\204\264`"-
#1024	pulse  cov: 1130 ft: 1227 corp: 13/231b lim: 25 exec/s: 113 rss: 156Mb
#1686	REDUCE cov: 1130 ft: 1227 corp: 13/230b lim: 29 exec/s: 140 rss: 212Mb L: 19/20 MS: 4 ChangeByte-CopyPart-InsertRepeatedBytes-EraseBytes-
#2048	pulse  cov: 1130 ft: 1227 corp: 13/230b lim: 29 exec/s: 146 rss: 248Mb
#4096	pulse  cov: 1130 ft: 1227 corp: 13/230b lim: 48 exec/s: 157 rss: 356Mb
#5921	REDUCE cov: 1130 ft: 1227 corp: 13/229b lim: 68 exec/s: 164 rss: 364Mb L: 19/19 MS: 5 PersAutoDict-EraseBytes-ChangeByte-PersAutoDict-EraseBytes- DE: "pass"-"\000\000\177N]\202xF"-
#8192	pulse  cov: 1130 ft: 1227 corp: 13/229b lim: 86 exec/s: 160 rss: 372Mb
#8605	NEW    cov: 1132 ft: 1243 corp: 14/320b lim: 92 exec/s: 162 rss: 372Mb L: 91/91 MS: 4 ShuffleBytes-InsertRepeatedBytes-CopyPart-CrossOver-
#9675	DONE   cov: 1132 ft: 1243 corp: 14/320b lim: 98 exec/s: 158 rss: 372Mb
###### Recommended dictionary. ######
"\000\000\177N]\202xF" # Uses: 236
"\000\000\177N]\204\264`" # Uses: 251
###### End of recommended dictionary. ######
Done 9675 runs in 61 second(s)
stat::number_of_executed_units: 9675
stat::average_exec_per_sec:     158
stat::new_units_added:          13
stat::slowest_unit_time_sec:    0
stat::peak_rss_mb:              372
