Dictionary: 5 entries
INFO: Running with entropic power schedule (0xFF, 100).
INFO: Seed: 73061166
INFO: Loaded 1 modules   (10515 inline 8-bit counters): 10515 [0x55dcd5472170, 0x55dcd5474a83), 
INFO: Loaded 1 PC tables (10515 PCs): 10515 [0x55dcd5474a88,0x55dcd549dbb8), 
INFO:       31 files found in /tmp/tmp.ZWjnv3SmFv/corpus/fuzz_chacha20poly1305
INFO: seed corpus: files: 31 min: 1b max: 728b total: 6234b rss: 33Mb
#8	pulse  cov: 917 ft: 1040 corp: 6/228b exec/s: 4 rss: 38Mb
#16	pulse  cov: 926 ft: 1278 corp: 14/661b exec/s: 8 rss: 38Mb
#32	pulse  cov: 1003 ft: 1549 corp: 29/5203b exec/s: 16 rss: 38Mb
#32	INITED cov: 1003 ft: 1549 corp: 30/5931b exec/s: 16 rss: 38Mb
#41	NEW    cov: 1003 ft: 1550 corp: 31/5987b lim: 728 exec/s: 20 rss: 39Mb L: 56/728 MS: 4 ChangeBit-ChangeBit-ChangeByte-InsertByte-
#45	NEW    cov: 1003 ft: 1551 corp: 32/6082b lim: 728 exec/s: 22 rss: 39Mb L: 95/728 MS: 4 ManualDict-ChangeByte-ManualDict-InsertRepeatedBytes- DE: "\000\000\000\000\000\000\000\000\000\000\000\000"-"\000\000\000\000"-
#64	pulse  cov: 1003 ft: 1551 corp: 32/6082b lim: 728 exec/s: 32 rss: 39Mb
#91	NEW    cov: 1003 ft: 1552 corp: 33/6320b lim: 728 exec/s: 45 rss: 39Mb L: 238/728 MS: 1 InsertByte-
#122	NEW    cov: 1003 ft: 1553 corp: 34/6443b lim: 728 exec/s: 61 rss: 39Mb L: 123/728 MS: 1 EraseBytes-
#123	NEW    cov: 1003 ft: 1554 corp: 35/6536b lim: 728 exec/s: 61 rss: 39Mb L: 93/728 MS: 1 CrossOver-
#128	pulse  cov: 1003 ft: 1554 corp: 35/6536b lim: 728 exec/s: 64 rss: 39Mb
#256	pulse  cov: 1003 ft: 1554 corp: 35/6536b lim: 728 exec/s: 128 rss: 40Mb
#488	NEW    cov: 1003 ft: 1555 corp: 36/6585b lim: 728 exec/s: 244 rss: 41Mb L: 49/728 MS: 5 EraseBytes-ChangeByte-ChangeBit-CMP-EraseBytes- DE: "\015r\371\272\304\177\000\000"-
#512	pulse  cov: 1003 ft: 1555 corp: 36/6585b lim: 728 exec/s: 256 rss: 41Mb
#518	NEW    cov: 1003 ft: 1556 corp: 37/6720b lim: 728 exec/s: 259 rss: 41Mb L: 135/728 MS: 5 InsertByte-PersAutoDict-ShuffleBytes-InsertByte-InsertRepeatedBytes- DE: "\015r\371\272\304\177\000\000"-
#548	NEW    cov: 1004 ft: 1557 corp: 38/7447b lim: 728 exec/s: 274 rss: 41Mb L: 727/728 MS: 5 ManualDict-CrossOver-ShuffleBytes-CopyPart-PersAutoDict- DE: "\001\000\000\000"-"\000\000\000\000\000\000\000\000\000\000\000\000"-
#950	NEW    cov: 1004 ft: 1558 corp: 39/7494b lim: 728 exec/s: 475 rss: 42Mb L: 47/728 MS: 2 ChangeBit-CMP- DE: "\001\025"-
#1022	REDUCE cov: 1004 ft: 1558 corp: 39/7490b lim: 728 exec/s: 511 rss: 42Mb L: 119/728 MS: 2 ChangeBit-EraseBytes-
#1024	pulse  cov: 1004 ft: 1558 corp: 39/7490b lim: 728 exec/s: 512 rss: 42Mb
#1984	REDUCE cov: 1004 ft: 1558 corp: 39/7478b lim: 737 exec/s: 992 rss: 43Mb L: 338/728 MS: 2 InsertRepeatedBytes-EraseBytes-
#2048	pulse  cov: 1004 ft: 1558 corp: 39/7478b lim: 737 exec/s: 1024 rss: 43Mb
#3094	REDUCE cov: 1004 ft: 1558 corp: 39/7472b lim: 746 exec/s: 1547 rss: 44Mb L: 129/728 MS: 5 EraseBytes-ChangeBit-PersAutoDict-ChangeBinInt-CMP- DE: "\000\000\000\000"-"\262\020\001\000\300P\000\000"-
#4096	pulse  cov: 1004 ft: 1558 corp: 39/7472b lim: 755 exec/s: 2048 rss: 45Mb
#4218	REDUCE cov: 1004 ft: 1558 corp: 39/7470b lim: 755 exec/s: 2109 rss: 45Mb L: 93/728 MS: 4 CopyPart-EraseBytes-ChangeByte-EraseBytes-
#4522	REDUCE cov: 1004 ft: 1558 corp: 39/7462b lim: 755 exec/s: 2261 rss: 45Mb L: 111/728 MS: 4 ChangeBinInt-ShuffleBytes-ShuffleBytes-EraseBytes-
#8192	pulse  cov: 1004 ft: 1558 corp: 39/7462b lim: 791 exec/s: 4096 rss: 48Mb
#8543	REDUCE cov: 1004 ft: 1558 corp: 39/7459b lim: 791 exec/s: 4271 rss: 49Mb L: 90/728 MS: 1 EraseBytes-
#9867	REDUCE cov: 1004 ft: 1558 corp: 39/7458b lim: 800 exec/s: 4933 rss: 50Mb L: 727/727 MS: 4 CMP-InsertRepeatedBytes-CrossOver-CMP- DE: "Zy\002\000\200P\000\000"-"\007\000"-
#14831	NEW    cov: 1004 ft: 1559 corp: 40/8015b lim: 845 exec/s: 7415 rss: 54Mb L: 557/727 MS: 4 PersAutoDict-ChangeByte-ChangeBit-CrossOver- DE: "\000\000\000\000\000\000\000\000\000\000\000\000"-
#14852	REDUCE cov: 1004 ft: 1559 corp: 40/8003b lim: 845 exec/s: 7426 rss: 54Mb L: 326/727 MS: 1 EraseBytes-
#15904	REDUCE cov: 1004 ft: 1559 corp: 40/7998b lim: 854 exec/s: 5301 rss: 55Mb L: 321/727 MS: 2 ManualDict-EraseBytes- DE: "\000\000\000\000\000\000\000\000\000\000\000\000\000\000\000\000\000\000\000\000\000\000\000\000\000\000\000\000\000\000\000\000"-
#16384	pulse  cov: 1004 ft: 1559 corp: 40/7998b lim: 854 exec/s: 5461 rss: 55Mb
#16394	REDUCE cov: 1004 ft: 1559 corp: 40/7996b lim: 854 exec/s: 5464 rss: 55Mb L: 127/727 MS: 5 PersAutoDict-ShuffleBytes-ShuffleBytes-ManualDict-EraseBytes- DE: "\262\020\001\000\300P\000\000"-"\000\000\000\000\000\000\000\000\000\000\000\000\000\000\000\000\000\000\000\000\000\000\000\000\000\000\000\000\000\000\000\000"-
#20588	REDUCE cov: 1004 ft: 1559 corp: 40/7995b lim: 890 exec/s: 6862 rss: 59Mb L: 110/727 MS: 4 InsertByte-ShuffleBytes-InsertByte-EraseBytes-
#32768	pulse  cov: 1004 ft: 1559 corp: 40/7995b lim: 1007 exec/s: 10922 rss: 69Mb
#35981	REDUCE cov: 1004 ft: 1559 corp: 40/7992b lim: 1035 exec/s: 11993 rss: 72Mb L: 87/727 MS: 3 ManualDict-InsertByte-EraseBytes- DE: "\000\000\000\000"-
#37215	NEW    cov: 1004 ft: 1564 corp: 41/9033b lim: 1045 exec/s: 12405 rss: 73Mb L: 1041/1041 MS: 4 InsertRepeatedBytes-ChangeBinInt-CopyPart-CopyPart-
#37725	REDUCE cov: 1004 ft: 1564 corp: 41/9028b lim: 1045 exec/s: 12575 rss: 74Mb L: 1036/1036 MS: 5 ChangeBit-EraseBytes-ManualDict-PersAutoDict-CopyPart- DE: "expand 32-byte k"-"\001\000\000\000"-
#41155	NEW    cov: 1005 ft: 1565 corp: 42/10103b lim: 1075 exec/s: 13718 rss: 77Mb L: 1075/1075 MS: 5 CopyPart-PersAutoDict-ManualDict-CopyPart-CrossOver- DE: "\000\000\000\000"-"\000\000\000\000\000\000\000\000\000\000\000\000"-
#41539	REDUCE cov: 1005 ft: 1565 corp: 42/10102b lim: 1075 exec/s: 13846 rss: 77Mb L: 126/1075 MS: 4 ChangeBinInt-InsertByte-ManualDict-EraseBytes- DE: "\000\000\000\000"-
#42004	REDUCE cov: 1005 ft: 1565 corp: 42/10101b lim: 1075 exec/s: 10501 rss: 78Mb L: 472/1075 MS: 5 InsertByte-CMP-CMP-CMP-EraseBytes- DE: "\030\000"-"\001\000\177\304\272\366\340 "-"\001\000\000\024"-
#44030	NEW    cov: 1005 ft: 1566 corp: 43/11186b lim: 1095 exec/s: 11007 rss: 80Mb L: 1085/1085 MS: 1 InsertRepeatedBytes-
#45128	REDUCE cov: 1005 ft: 1566 corp: 43/11180b lim: 1105 exec/s: 11282 rss: 81Mb L: 1069/1085 MS: 3 EraseBytes-ShuffleBytes-CrossOver-
#47391	REDUCE cov: 1005 ft: 1566 corp: 43/11179b lim: 1125 exec/s: 11847 rss: 84Mb L: 320/1085 MS: 3 InsertRepeatedBytes-EraseBytes-InsertRepeatedBytes-
#51343	REDUCE cov: 1005 ft: 1566 corp: 43/11178b lim: 1155 exec/s: 12835 rss: 89Mb L: 125/1085 MS: 2 ManualDict-EraseBytes- DE: "expand 32-byte k"-
#65536	pulse  cov: 1005 ft: 1566 corp: 43/11178b lim: 1295 exec/s: 16384 rss: 105Mb
#70719	REDUCE cov: 1005 ft: 1566 corp: 43/11176b lim: 1345 exec/s: 14143 rss: 111Mb L: 318/1085 MS: 4 ChangeByte-PersAutoDict-ChangeASCIIInt-EraseBytes- DE: "\000\000\000\000"-
#77480	REDUCE cov: 1005 ft: 1566 corp: 43/11173b lim: 1405 exec/s: 15496 rss: 118Mb L: 1033/1085 MS: 1 EraseBytes-
#83742	REDUCE cov: 1005 ft: 1614 corp: 44/12638b lim: 1465 exec/s: 16748 rss: 125Mb L: 1465/1465 MS: 1 CrossOver-
#84357	REDUCE cov: 1005 ft: 1614 corp: 44/12634b lim: 1465 exec/s: 16871 rss: 126Mb L: 1029/1465 MS: 5 InsertRepeatedBytes-CrossOver-ManualDict-CrossOver-CrossOver- DE: "\000\000\000\000"-
#85956	REDUCE cov: 1005 ft: 1614 corp: 44/12625b lim: 1475 exec/s: 17191 rss: 128Mb L: 1456/1456 MS: 4 InsertRepeatedBytes-ChangeBinInt-ChangeASCIIInt-EraseBytes-
#93531	REDUCE cov: 1005 ft: 1614 corp: 44/12593b lim: 1545 exec/s: 15588 rss: 138Mb L: 1424/1424 MS: 5 PersAutoDict-ManualDict-InsertByte-EraseBytes-CrossOver- DE: "expand 32-byte k"-"\000\000\000\000"-
#94421	REDUCE cov: 1005 ft: 1614 corp: 44/12587b lim: 1545 exec/s: 15736 rss: 139Mb L: 1418/1418 MS: 5 CopyPart-CrossOver-ManualDict-ManualDict-CrossOver- DE: "\000\000\000\000"-"\000\000\000\000\000\000\000\000\000\000\000\000\000\000\000\000\000\000\000\000\000\000\000\000\000\000\000\000\000\000\000\000"-
#104466	REDUCE cov: 1005 ft: 1614 corp: 44/12583b lim: 1635 exec/s: 17411 rss: 151Mb L: 1414/1414 MS: 5 EraseBytes-CopyPart-ChangeBit-ChangeBinInt-InsertRepeatedBytes-
#107962	REDUCE cov: 1005 ft: 1654 corp: 45/14179b lim: 1665 exec/s: 17993 rss: 155Mb L: 1596/1596 MS: 1 CopyPart-
#108709	REDUCE cov: 1005 ft: 1654 corp: 45/14178b lim: 1665 exec/s: 18118 rss: 156Mb L: 1028/1596 MS: 2 ShuffleBytes-EraseBytes-
#110316	REDUCE cov: 1005 ft: 1654 corp: 45/14176b lim: 1675 exec/s: 18386 rss: 159Mb L: 1412/1596 MS: 2 CrossOver-CopyPart-
#120184	REDUCE cov: 1005 ft: 1654 corp: 45/14162b lim: 1765 exec/s: 17169 rss: 173Mb L: 1582/1582 MS: 3 ChangeByte-EraseBytes-InsertRepeatedBytes-
#131072	pulse  cov: 1005 ft: 1654 corp: 45/14162b lim: 1865 exec/s: 18724 rss: 189Mb
#154235	REDUCE cov: 1006 ft: 1656 corp: 46/16257b lim: 2099 exec/s: 19279 rss: 225Mb L: 2095/2095 MS: 1 CopyPart-
#154825	REDUCE cov: 1006 ft: 1656 corp: 46/16256b lim: 2099 exec/s: 19353 rss: 226Mb L: 2094/2094 MS: 5 CrossOver-CopyPart-PersAutoDict-CopyPart-InsertRepeatedBytes- DE: "\015r\371\272\304\177\000\000"-
#159934	REDUCE cov: 1006 ft: 1658 corp: 47/17Kb lim: 2143 exec/s: 17770 rss: 235Mb L: 2133/2133 MS: 4 EraseBytes-CopyPart-CrossOver-CopyPart-
#161499	REDUCE cov: 1006 ft: 1658 corp: 47/17Kb lim: 2154 exec/s: 17944 rss: 238Mb L: 2130/2130 MS: 5 EraseBytes-InsertByte-InsertRepeatedBytes-ShuffleBytes-CrossOver-
#165276	REDUCE cov: 1006 ft: 1658 corp: 47/17Kb lim: 2187 exec/s: 18364 rss: 245Mb L: 2109/2109 MS: 2 ChangeByte-EraseBytes-
#167019	REDUCE cov: 1006 ft: 1658 corp: 47/17Kb lim: 2198 exec/s: 18557 rss: 248Mb L: 2098/2098 MS: 3 CopyPart-EraseBytes-InsertRepeatedBytes-
#186650	REDUCE cov: 1006 ft: 1658 corp: 47/17Kb lim: 2385 exec/s: 18665 rss: 284Mb L: 317/2098 MS: 1 EraseBytes-
#186657	NEW    cov: 1007 ft: 1659 corp: 48/20Kb lim: 2385 exec/s: 18665 rss: 284Mb L: 2159/2159 MS: 2 ChangeByte-CrossOver-
#187762	REDUCE cov: 1007 ft: 1659 corp: 48/20Kb lim: 2385 exec/s: 18776 rss: 286Mb L: 2133/2133 MS: 5 ChangeBit-ChangeBit-ShuffleBytes-ManualDict-EraseBytes- DE: "expand 32-byte k"-
#198399	REDUCE cov: 1007 ft: 1659 corp: 48/19Kb lim: 2484 exec/s: 19839 rss: 308Mb L: 2120/2120 MS: 2 EraseBytes-InsertRepeatedBytes-
#210375	REDUCE cov: 1007 ft: 1659 corp: 48/19Kb lim: 2594 exec/s: 19125 rss: 330Mb L: 2113/2113 MS: 1 EraseBytes-
#230612	REDUCE cov: 1007 ft: 1659 corp: 48/19Kb lim: 2792 exec/s: 19217 rss: 368Mb L: 2112/2112 MS: 2 ChangeBinInt-EraseBytes-
#232454	REDUCE cov: 1007 ft: 1659 corp: 48/19Kb lim: 2803 exec/s: 19371 rss: 371Mb L: 558/2112 MS: 2 EraseBytes-InsertRepeatedBytes-
#234980	REDUCE cov: 1007 ft: 1699 corp: 49/22Kb lim: 2825 exec/s: 19581 rss: 376Mb L: 2807/2807 MS: 1 CopyPart-
#242557	REDUCE cov: 1007 ft: 1699 corp: 49/22Kb lim: 2891 exec/s: 20213 rss: 393Mb L: 2786/2786 MS: 2 CrossOver-EraseBytes-
#243148	REDUCE cov: 1007 ft: 1699 corp: 49/22Kb lim: 2891 exec/s: 20262 rss: 394Mb L: 2779/2779 MS: 1 EraseBytes-
#262144	pulse  cov: 1007 ft: 1699 corp: 49/22Kb lim: 3078 exec/s: 18724 rss: 429Mb
#263896	REDUCE cov: 1007 ft: 1699 corp: 49/22Kb lim: 3089 exec/s: 18849 rss: 432Mb L: 2777/2777 MS: 3 ChangeByte-ChangeBit-EraseBytes-
#265328	REDUCE cov: 1007 ft: 1699 corp: 49/22Kb lim: 3100 exec/s: 18952 rss: 434Mb L: 1411/2777 MS: 2 ShuffleBytes-EraseBytes-
#267061	REDUCE cov: 1007 ft: 1699 corp: 49/22Kb lim: 3111 exec/s: 19075 rss: 437Mb L: 2775/2775 MS: 3 EraseBytes-ChangeBit-CMP- DE: "\020\226\376\272\304\177\000\000"-
#288355	REDUCE cov: 1007 ft: 1699 corp: 49/22Kb lim: 3320 exec/s: 19223 rss: 462Mb L: 2096/2775 MS: 4 CopyPart-ChangeBinInt-ChangeByte-EraseBytes-
#304610	NEW    cov: 1007 ft: 1700 corp: 50/26Kb lim: 3474 exec/s: 19038 rss: 481Mb L: 3462/3462 MS: 5 ChangeASCIIInt-InsertRepeatedBytes-CrossOver-InsertRepeatedBytes-CopyPart-
#325087	REDUCE cov: 1007 ft: 1700 corp: 50/26Kb lim: 3672 exec/s: 19122 rss: 509Mb L: 3460/3460 MS: 2 CMP-EraseBytes- DE: "\313\020\324\272\304\177\000\000"-
#339430	REDUCE cov: 1007 ft: 1700 corp: 50/26Kb lim: 3804 exec/s: 18857 rss: 518Mb L: 2095/3460 MS: 3 ChangeBit-InsertByte-EraseBytes-
#340102	REDUCE cov: 1007 ft: 1700 corp: 50/26Kb lim: 3804 exec/s: 18894 rss: 518Mb L: 557/3460 MS: 2 EraseBytes-InsertRepeatedBytes-
#342285	REDUCE cov: 1007 ft: 1700 corp: 50/26Kb lim: 3815 exec/s: 19015 rss: 518Mb L: 1027/3460 MS: 3 EraseBytes-ChangeASCIIInt-CopyPart-
#367942	REDUCE cov: 1007 ft: 1700 corp: 50/26Kb lim: 4068 exec/s: 18397 rss: 518Mb L: 3459/3459 MS: 2 ShuffleBytes-EraseBytes-
#371725	REDUCE cov: 1007 ft: 1700 corp: 50/26Kb lim: 4096 exec/s: 18586 rss: 518Mb L: 1581/3459 MS: 3 InsertRepeatedBytes-ChangeBit-EraseBytes-
#393289	REDUCE cov: 1007 ft: 1700 corp: 50/26Kb lim: 4096 exec/s: 18728 rss: 518Mb L: 2094/3459 MS: 4 InsertRepeatedBytes-EraseBytes-CopyPart-PersAutoDict- DE: "\313\020\324\272\304\177\000\000"-
#461368	REDUCE cov: 1007 ft: 1700 corp: 50/26Kb lim: 4096 exec/s: 18454 rss: 518Mb L: 2110/3459 MS: 4 ChangeBit-EraseBytes-ShuffleBytes-InsertByte-
#491332	REDUCE cov: 1007 ft: 1700 corp: 50/26Kb lim: 4096 exec/s: 18197 rss: 518Mb L: 1410/3459 MS: 4 ManualDict-CopyPart-ShuffleBytes-EraseBytes- DE: "\000\000\000\000"-
#514721	REDUCE cov: 1007 ft: 1700 corp: 50/26Kb lim: 4096 exec/s: 18382 rss: 518Mb L: 2092/3459 MS: 4 EraseBytes-InsertByte-ManualDict-InsertRepeatedBytes- DE: "\000\000\000\000\000\000\000\000\000\000\000\000"-
#524288	pulse  cov: 1007 ft: 1700 corp: 50/26Kb lim: 4096 exec/s: 18078 rss: 518Mb
#774339	REDUCE cov: 1007 ft: 1700 corp: 50/26Kb lim: 4096 exec/s: 18007 rss: 518Mb L: 3458/3458 MS: 3 EraseBytes-ShuffleBytes-CopyPart-
#977589	REDUCE cov: 1007 ft: 1700 corp: 50/26Kb lim: 4096 exec/s: 17774 rss: 518Mb L: 86/3458 MS: 5 ChangeBit-ChangeBinInt-InsertByte-ShuffleBytes-EraseBytes-
#985757	REDUCE cov: 1007 ft: 1700 corp: 50/26Kb lim: 4096 exec/s: 17922 rss: 518Mb L: 84/3458 MS: 3 EraseBytes-InsertByte-InsertRepeatedBytes-
#994691	REDUCE cov: 1007 ft: 1700 corp: 50/26Kb lim: 4096 exec/s: 17762 rss: 518Mb L: 81/3458 MS: 4 CMP-ShuffleBytes-ShuffleBytes-EraseBytes- DE: "\301'\325\272\304\177\000\000"-
#1009707	REDUCE cov: 1007 ft: 1700 corp: 50/26Kb lim: 4096 exec/s: 18030 rss: 518Mb L: 78/3458 MS: 1 EraseBytes-
#1048576	pulse  cov: 1007 ft: 1700 corp: 50/26Kb lim: 4096 exec/s: 17772 rss: 518Mb
#1085007	DONE   cov: 1007 ft: 1700 corp: 50/26Kb lim: 4096 exec/s: 17787 rss: 518Mb
###### Recommended dictionary. ######
"\015r\371\272\304\177\000\000" # Uses: 6587
"\001\025" # Uses: 6497
"\262\020\001\000\300P\000\000" # Uses: 6418
"Zy\002\000\200P\000\000" # Uses: 6488
"\007\000" # Uses: 6575
"\030\000" # Uses: 6012
"\001\000\177\304\272\366\340 " # Uses: 6098
"\001\000\000\024" # Uses: 5932
"\020\226\376\272\304\177\000\000" # Uses: 4706
"\313\020\324\272\304\177\000\000" # Uses: 4405
"\301'\325\272\304\177\000\000" # Uses: 509
###### End of recommended dictionary. ######
Done 1085007 runs in 61 second(s)
stat::number_of_executed_units: 1085007
stat::average_exec_per_sec:     17787
stat::new_units_added:          79
stat::slowest_unit_time_sec:    0
stat::peak_rss_mb:              518
