Dictionary: 4 entries
INFO: Running with entropic power schedule (0xFF, 100).
INFO: Seed: 707852057
INFO: Loaded 1 modules   (10133 inline 8-bit counters): 10133 [0x5626637c61a8, 0x5626637c893d), 
INFO: Loaded 1 PC tables (10133 PCs): 10133 [0x5626637c8940,0x5626637f0290), 
INFO:       66 files found in /tmp/tmp.ZWjnv3SmFv/corpus/fuzz_kyber
INFO: seed corpus: files: 66 min: 2b max: 3170b total: 33853b rss: 33Mb
#4	pulse  cov: 1363 ft: 1496 corp: 2/4b exec/s: 2 rss: 38Mb
#8	pulse  cov: 1392 ft: 1981 corp: 5/10b exec/s: 4 rss: 38Mb
#16	pulse  cov: 1398 ft: 1987 corp: 7/17b exec/s: 8 rss: 39Mb
#32	pulse  cov: 1410 ft: 2023 corp: 11/243b exec/s: 16 rss: 40Mb
#64	pulse  cov: 1418 ft: 2086 corp: 20/6849b exec/s: 32 rss: 42Mb
#67	INITED cov: 1419 ft: 2086 corp: 21/10018b exec/s: 33 rss: 42Mb
#68	NEW    cov: 1419 ft: 2087 corp: 22/10083b lim: 3169 exec/s: 34 rss: 42Mb L: 65/3169 MS: 1 ChangeBinInt-
#89	NEW    cov: 1420 ft: 2088 corp: 23/10084b lim: 3169 exec/s: 44 rss: 43Mb L: 1/3169 MS: 1 EraseBytes-
#121	NEW    cov: 1420 ft: 2089 corp: 24/10149b lim: 3169 exec/s: 40 rss: 44Mb L: 65/3169 MS: 2 ChangeByte-CopyPart-
#128	pulse  cov: 1420 ft: 2089 corp: 24/10149b lim: 3169 exec/s: 42 rss: 44Mb
#151	NEW    cov: 1420 ft: 2090 corp: 25/10271b lim: 3169 exec/s: 50 rss: 44Mb L: 122/3169 MS: 5 ChangeASCIIInt-ManualDict-CopyPart-CopyPart-CopyPart- DE: "\200\000"-
#182	NEW    cov: 1420 ft: 2093 corp: 26/10337b lim: 3169 exec/s: 60 rss: 44Mb L: 66/3169 MS: 1 InsertByte-
#256	pulse  cov: 1420 ft: 2093 corp: 26/10337b lim: 3169 exec/s: 85 rss: 44Mb
#335	NEW    cov: 1420 ft: 2094 corp: 27/10402b lim: 3169 exec/s: 111 rss: 45Mb L: 65/3169 MS: 3 ChangeASCIIInt-ChangeASCIIInt-CrossOver-
#355	NEW    cov: 1420 ft: 2097 corp: 28/10511b lim: 3169 exec/s: 118 rss: 45Mb L: 109/3169 MS: 5 EraseBytes-CMP-ShuffleBytes-ChangeBinInt-CrossOver- DE: "\006\000\000\000"-
#430	NEW    cov: 1420 ft: 2100 corp: 29/10579b lim: 3169 exec/s: 143 rss: 45Mb L: 68/3169 MS: 5 PersAutoDict-CrossOver-InsertByte-ChangeBit-PersAutoDict- DE: "\006\000\000\000"-"\200\000"-
#476	NEW    cov: 1420 ft: 2101 corp: 30/10652b lim: 3169 exec/s: 158 rss: 45Mb L: 73/3169 MS: 1 CMP- DE: "C\334\336=Q\177\000\000"-
#477	REDUCE cov: 1420 ft: 2101 corp: 30/10647b lim: 3169 exec/s: 159 rss: 45Mb L: 65/3169 MS: 1 EraseBytes-
#512	pulse  cov: 1420 ft: 2101 corp: 30/10647b lim: 3169 exec/s: 170 rss: 45Mb
#520	NEW    cov: 1420 ft: 2109 corp: 31/10744b lim: 3169 exec/s: 173 rss: 45Mb L: 97/3169 MS: 3 ManualDict-PersAutoDict-ShuffleBytes- DE: "\000\000\000\000\000\000\000\000\000\000\000\000\000\000\000\000\000\000\000\000\000\000\000\000\000\000\000\000\000\000\000\000"-"\006\000\000\000"-
#541	NEW    cov: 1420 ft: 2110 corp: 32/10810b lim: 3169 exec/s: 180 rss: 45Mb L: 66/3169 MS: 1 ChangeByte-
#562	REDUCE cov: 1420 ft: 2110 corp: 32/10772b lim: 3169 exec/s: 187 rss: 45Mb L: 84/3169 MS: 1 EraseBytes-
#599	NEW    cov: 1420 ft: 2111 corp: 33/10881b lim: 3169 exec/s: 199 rss: 45Mb L: 109/3169 MS: 2 ShuffleBytes-ChangeBit-
#609	NEW    cov: 1420 ft: 2112 corp: 34/10994b lim: 3169 exec/s: 203 rss: 45Mb L: 113/3169 MS: 5 ChangeBit-ShuffleBytes-InsertRepeatedBytes-ChangeBit-PersAutoDict- DE: "C\334\336=Q\177\000\000"-
#621	NEW    cov: 1420 ft: 2117 corp: 35/12563b lim: 3169 exec/s: 207 rss: 45Mb L: 1569/3169 MS: 2 ShuffleBytes-ChangeBinInt-
#706	NEW    cov: 1420 ft: 2118 corp: 36/12842b lim: 3169 exec/s: 235 rss: 45Mb L: 279/3169 MS: 5 CrossOver-CopyPart-InsertRepeatedBytes-ChangeBit-InsertRepeatedBytes-
#725	REDUCE cov: 1420 ft: 2118 corp: 36/12825b lim: 3169 exec/s: 241 rss: 46Mb L: 80/3169 MS: 4 ShuffleBytes-ChangeBinInt-ManualDict-EraseBytes- DE: "\000\001"-
#737	REDUCE cov: 1420 ft: 2118 corp: 36/12816b lim: 3169 exec/s: 245 rss: 46Mb L: 55/3169 MS: 2 CopyPart-EraseBytes-
#952	NEW    cov: 1420 ft: 2121 corp: 37/12968b lim: 3169 exec/s: 317 rss: 46Mb L: 152/3169 MS: 5 EraseBytes-InsertRepeatedBytes-ChangeBinInt-ChangeByte-InsertRepeatedBytes-
#1013	REDUCE cov: 1420 ft: 2121 corp: 37/12967b lim: 3169 exec/s: 337 rss: 46Mb L: 108/3169 MS: 1 EraseBytes-
#1024	pulse  cov: 1420 ft: 2121 corp: 37/12967b lim: 3169 exec/s: 341 rss: 48Mb
#1130	REDUCE cov: 1420 ft: 2121 corp: 37/12962b lim: 3169 exec/s: 282 rss: 48Mb L: 147/3169 MS: 5 ChangeByte-ShuffleBytes-ChangeASCIIInt-ShuffleBytes-EraseBytes-
#1141	REDUCE cov: 1420 ft: 2121 corp: 37/12948b lim: 3169 exec/s: 285 rss: 48Mb L: 66/3169 MS: 1 EraseBytes-
#1162	REDUCE cov: 1420 ft: 2121 corp: 37/12917b lim: 3169 exec/s: 290 rss: 48Mb L: 78/3169 MS: 1 EraseBytes-
#1220	REDUCE cov: 1420 ft: 2121 corp: 37/12902b lim: 3169 exec/s: 305 rss: 48Mb L: 40/3169 MS: 3 CopyPart-ChangeBinInt-EraseBytes-
#1232	REDUCE cov: 1420 ft: 2121 corp: 37/12883b lim: 3169 exec/s: 308 rss: 48Mb L: 65/3169 MS: 2 EraseBytes-InsertByte-
#1309	REDUCE cov: 1420 ft: 2121 corp: 37/12858b lim: 3169 exec/s: 327 rss: 48Mb L: 88/3169 MS: 2 CopyPart-EraseBytes-
#1317	REDUCE cov: 1420 ft: 2122 corp: 38/12923b lim: 3169 exec/s: 329 rss: 48Mb L: 65/3169 MS: 3 ChangeBinInt-ShuffleBytes-PersAutoDict- DE: "\000\001"-
#1426	REDUCE cov: 1420 ft: 2122 corp: 38/12884b lim: 3169 exec/s: 356 rss: 48Mb L: 240/3169 MS: 4 ShuffleBytes-ChangeBinInt-PersAutoDict-EraseBytes- DE: "\000\001"-
#1491	REDUCE cov: 1420 ft: 2123 corp: 39/12949b lim: 3169 exec/s: 372 rss: 48Mb L: 65/3169 MS: 5 ManualDict-ShuffleBytes-CopyPart-ShuffleBytes-CMP- DE: "\000\000\000\000\000\000\000\000\000\000\000\000\000\000\000\000\000\000\000\000\000\000\000\000\000\000\000\000\000\000\000\000"-"\377\377\377s"-
#1672	REDUCE cov: 1420 ft: 2123 corp: 39/12932b lim: 3169 exec/s: 418 rss: 49Mb L: 91/3169 MS: 1 EraseBytes-
#1699	NEW    cov: 1420 ft: 2124 corp: 40/12997b lim: 3169 exec/s: 424 rss: 49Mb L: 65/3169 MS: 2 ChangeByte-ManualDict- DE: "\000\001"-
#1703	NEW    cov: 1420 ft: 2125 corp: 41/13083b lim: 3169 exec/s: 425 rss: 49Mb L: 86/3169 MS: 4 CrossOver-EraseBytes-ManualDict-ChangeBinInt- DE: "\000\000\000\000\000\000\000\000\000\000\000\000\000\000\000\000\000\000\000\000\000\000\000\000\000\000\000\000\000\000\000\000"-
#1874	NEW    cov: 1420 ft: 2133 corp: 42/13148b lim: 3169 exec/s: 468 rss: 49Mb L: 65/3169 MS: 1 CopyPart-
#1926	REDUCE cov: 1420 ft: 2133 corp: 42/13137b lim: 3169 exec/s: 385 rss: 49Mb L: 21/3169 MS: 2 ChangeByte-EraseBytes-
#2029	NEW    cov: 1420 ft: 2134 corp: 43/13243b lim: 3169 exec/s: 405 rss: 49Mb L: 106/3169 MS: 3 PersAutoDict-CopyPart-PersAutoDict- DE: "\000\000\000\000\000\000\000\000\000\000\000\000\000\000\000\000\000\000\000\000\000\000\000\000\000\000\000\000\000\000\000\000"-"\006\000\000\000"-
#2048	pulse  cov: 1420 ft: 2134 corp: 43/13243b lim: 3169 exec/s: 409 rss: 49Mb
#2251	NEW    cov: 1420 ft: 2135 corp: 44/13334b lim: 3169 exec/s: 450 rss: 50Mb L: 91/3169 MS: 2 CMP-InsertByte- DE: "\001\000\000j"-
#2274	NEW    cov: 1421 ft: 2141 corp: 45/14903b lim: 3169 exec/s: 454 rss: 50Mb L: 1569/3169 MS: 3 ShuffleBytes-ChangeBinInt-CrossOver-
#2379	NEW    cov: 1421 ft: 2145 corp: 46/15113b lim: 3169 exec/s: 475 rss: 50Mb L: 210/3169 MS: 5 ChangeByte-PersAutoDict-ShuffleBytes-InsertRepeatedBytes-PersAutoDict- DE: "\000\000\000\000\000\000\000\000\000\000\000\000\000\000\000\000\000\000\000\000\000\000\000\000\000\000\000\000\000\000\000\000"-"\000\001"-
#2471	REDUCE cov: 1421 ft: 2145 corp: 46/15068b lim: 3169 exec/s: 494 rss: 50Mb L: 195/3169 MS: 2 CrossOver-EraseBytes-
#2490	NEW    cov: 1421 ft: 2146 corp: 47/15236b lim: 3169 exec/s: 498 rss: 50Mb L: 168/3169 MS: 4 EraseBytes-InsertByte-CMP-InsertRepeatedBytes- DE: "\001\000\000\000\000\000\000\000"-
#2689	NEW    cov: 1421 ft: 2150 corp: 48/16Kb lim: 3169 exec/s: 448 rss: 50Mb L: 1569/3169 MS: 4 ShuffleBytes-ChangeBit-PersAutoDict-CrossOver- DE: "\000\001"-
#2802	REDUCE cov: 1421 ft: 2150 corp: 48/16Kb lim: 3169 exec/s: 467 rss: 50Mb L: 174/3169 MS: 3 PersAutoDict-ChangeBinInt-EraseBytes- DE: "\000\000\000\000\000\000\000\000\000\000\000\000\000\000\000\000\000\000\000\000\000\000\000\000\000\000\000\000\000\000\000\000"-
#2898	REDUCE cov: 1421 ft: 2150 corp: 48/16Kb lim: 3169 exec/s: 483 rss: 50Mb L: 88/3169 MS: 1 EraseBytes-
#3066	REDUCE cov: 1421 ft: 2150 corp: 48/16Kb lim: 3169 exec/s: 511 rss: 51Mb L: 142/3169 MS: 3 CrossOver-CopyPart-EraseBytes-
#3228	REDUCE cov: 1421 ft: 2150 corp: 48/16Kb lim: 3169 exec/s: 538 rss: 51Mb L: 36/3169 MS: 2 ChangeBit-EraseBytes-
#3254	NEW    cov: 1421 ft: 2157 corp: 49/16Kb lim: 3169 exec/s: 542 rss: 51Mb L: 65/3169 MS: 1 ChangeByte-
#3313	REDUCE cov: 1421 ft: 2157 corp: 49/16Kb lim: 3169 exec/s: 552 rss: 51Mb L: 76/3169 MS: 4 CMP-InsertRepeatedBytes-ChangeBit-EraseBytes- DE: "\006\000"-
#3394	REDUCE cov: 1421 ft: 2157 corp: 49/16Kb lim: 3169 exec/s: 565 rss: 51Mb L: 71/3169 MS: 1 EraseBytes-
#3688	REDUCE cov: 1421 ft: 2157 corp: 49/16Kb lim: 3169 exec/s: 526 rss: 51Mb L: 65/3169 MS: 4 EraseBytes-ShuffleBytes-ChangeByte-CrossOver-
#3801	REDUCE cov: 1421 ft: 2157 corp: 49/16Kb lim: 3169 exec/s: 543 rss: 51Mb L: 140/3169 MS: 3 InsertByte-PersAutoDict-EraseBytes- DE: "\000\000\000\000\000\000\000\000\000\000\000\000\000\000\000\000\000\000\000\000\000\000\000\000\000\000\000\000\000\000\000\000"-
#4096	pulse  cov: 1421 ft: 2157 corp: 49/16Kb lim: 3169 exec/s: 585 rss: 52Mb
#4194	REDUCE cov: 1421 ft: 2157 corp: 49/16Kb lim: 3169 exec/s: 599 rss: 52Mb L: 89/3169 MS: 3 CrossOver-CrossOver-EraseBytes-
#4315	REDUCE cov: 1421 ft: 2157 corp: 49/16Kb lim: 3169 exec/s: 616 rss: 52Mb L: 12/3169 MS: 1 EraseBytes-
#4681	REDUCE cov: 1421 ft: 2157 corp: 49/16Kb lim: 3169 exec/s: 585 rss: 52Mb L: 10/3169 MS: 1 EraseBytes-
#4752	REDUCE cov: 1421 ft: 2157 corp: 49/16Kb lim: 3169 exec/s: 594 rss: 52Mb L: 71/3169 MS: 1 EraseBytes-
#4757	REDUCE cov: 1421 ft: 2157 corp: 49/16Kb lim: 3169 exec/s: 594 rss: 52Mb L: 164/3169 MS: 5 InsertRepeatedBytes-EraseBytes-CrossOver-CopyPart-EraseBytes-
#4867	NEW    cov: 1421 ft: 2165 corp: 50/16Kb lim: 3169 exec/s: 608 rss: 52Mb L: 97/3169 MS: 5 ChangeBinInt-CMP-CopyPart-ChangeBinInt-CMP- DE: "\001w"-"w\000\000\000"-
#4965	REDUCE cov: 1421 ft: 2165 corp: 50/16Kb lim: 3169 exec/s: 620 rss: 52Mb L: 140/3169 MS: 3 ChangeBit-ManualDict-EraseBytes- DE: "\015\001"-
#4971	REDUCE cov: 1421 ft: 2165 corp: 50/16Kb lim: 3169 exec/s: 621 rss: 52Mb L: 86/3169 MS: 1 EraseBytes-
#5134	REDUCE cov: 1421 ft: 2165 corp: 50/16Kb lim: 3169 exec/s: 641 rss: 53Mb L: 5/3169 MS: 3 ChangeBinInt-ChangeBit-EraseBytes-
#5400	REDUCE cov: 1421 ft: 2165 corp: 50/16Kb lim: 3169 exec/s: 675 rss: 53Mb L: 3/3169 MS: 1 EraseBytes-
#5666	NEW    cov: 1421 ft: 2172 corp: 51/16Kb lim: 3169 exec/s: 629 rss: 53Mb L: 69/3169 MS: 3 CopyPart-PersAutoDict-ChangeBit- DE: "\001\000\000j"-
#5734	REDUCE cov: 1421 ft: 2172 corp: 51/16Kb lim: 3169 exec/s: 637 rss: 53Mb L: 65/3169 MS: 3 PersAutoDict-CMP-EraseBytes- DE: "\001\000\000\000\000\000\000\000"-"\001\000\000n"-
#5792	NEW    cov: 1421 ft: 2173 corp: 52/16Kb lim: 3169 exec/s: 643 rss: 53Mb L: 65/3169 MS: 3 ChangeBinInt-ChangeBinInt-ChangeBit-
#5793	REDUCE cov: 1421 ft: 2173 corp: 52/16Kb lim: 3169 exec/s: 643 rss: 53Mb L: 82/3169 MS: 1 EraseBytes-
#5930	NEW    cov: 1421 ft: 2178 corp: 53/17Kb lim: 3169 exec/s: 658 rss: 53Mb L: 1569/3169 MS: 2 ChangeBinInt-CMP- DE: "\377y"-
#5988	REDUCE cov: 1421 ft: 2178 corp: 53/17Kb lim: 3169 exec/s: 665 rss: 54Mb L: 70/3169 MS: 3 CMP-CopyPart-EraseBytes- DE: "\377x"-
#6044	NEW    cov: 1421 ft: 2182 corp: 54/19Kb lim: 3169 exec/s: 671 rss: 54Mb L: 1569/3169 MS: 1 CrossOver-
#6097	REDUCE cov: 1421 ft: 2182 corp: 54/19Kb lim: 3169 exec/s: 677 rss: 54Mb L: 87/3169 MS: 3 ChangeBit-ManualDict-EraseBytes- DE: "\015\001"-
#6149	NEW    cov: 1421 ft: 2187 corp: 55/20Kb lim: 3169 exec/s: 683 rss: 54Mb L: 1569/3169 MS: 2 ChangeByte-PersAutoDict- DE: "\377\377\377s"-
#6667	REDUCE cov: 1421 ft: 2187 corp: 55/20Kb lim: 3169 exec/s: 666 rss: 54Mb L: 97/3169 MS: 3 ShuffleBytes-InsertRepeatedBytes-EraseBytes-
#7248	REDUCE cov: 1421 ft: 2187 corp: 55/20Kb lim: 3169 exec/s: 724 rss: 55Mb L: 24/3169 MS: 1 EraseBytes-
#7615	REDUCE cov: 1421 ft: 2187 corp: 55/20Kb lim: 3169 exec/s: 761 rss: 55Mb L: 69/3169 MS: 2 ChangeBit-EraseBytes-
#7756	NEW    cov: 1421 ft: 2192 corp: 56/22Kb lim: 3169 exec/s: 705 rss: 55Mb L: 1569/3169 MS: 1 PersAutoDict- DE: "\377x"-
#7835	REDUCE cov: 1421 ft: 2192 corp: 56/22Kb lim: 3169 exec/s: 712 rss: 55Mb L: 68/3169 MS: 4 ManualDict-ShuffleBytes-ChangeByte-EraseBytes- DE: "\000\000\000\000\000\000\000\000\000\000\000\000\000\000\000\000\000\000\000\000\000\000\000\000\000\000\000\000\000\000\000\000"-
#8024	NEW    cov: 1421 ft: 2193 corp: 57/22Kb lim: 3169 exec/s: 729 rss: 55Mb L: 83/3169 MS: 4 EraseBytes-InsertRepeatedBytes-ChangeBinInt-CopyPart-
#8192	pulse  cov: 1421 ft: 2193 corp: 57/22Kb lim: 3169 exec/s: 744 rss: 56Mb
#8725	REDUCE cov: 1421 ft: 2193 corp: 57/22Kb lim: 3169 exec/s: 793 rss: 56Mb L: 67/3169 MS: 1 EraseBytes-
#9412	REDUCE cov: 1421 ft: 2193 corp: 57/22Kb lim: 3169 exec/s: 784 rss: 56Mb L: 82/3169 MS: 2 InsertRepeatedBytes-EraseBytes-
#10458	REDUCE cov: 1421 ft: 2193 corp: 57/22Kb lim: 3169 exec/s: 804 rss: 57Mb L: 68/3169 MS: 1 EraseBytes-
#10549	REDUCE cov: 1421 ft: 2193 corp: 57/22Kb lim: 3169 exec/s: 811 rss: 57Mb L: 23/3169 MS: 1 EraseBytes-
#10607	REDUCE cov: 1421 ft: 2193 corp: 57/22Kb lim: 3169 exec/s: 815 rss: 57Mb L: 22/3169 MS: 3 CMP-ShuffleBytes-EraseBytes- DE: "\001\000\177Q=\335\334N"-
#10948	REDUCE cov: 1421 ft: 2193 corp: 57/22Kb lim: 3169 exec/s: 842 rss: 58Mb L: 18/3169 MS: 1 EraseBytes-
#11581	REDUCE cov: 1421 ft: 2193 corp: 57/22Kb lim: 3169 exec/s: 827 rss: 58Mb L: 15/3169 MS: 1 EraseBytes-
#12362	REDUCE cov: 1421 ft: 2193 corp: 57/22Kb lim: 3169 exec/s: 883 rss: 59Mb L: 85/3169 MS: 1 EraseBytes-
#12538	REDUCE cov: 1421 ft: 2193 corp: 57/22Kb lim: 3169 exec/s: 895 rss: 59Mb L: 76/3169 MS: 1 EraseBytes-
#12946	REDUCE cov: 1421 ft: 2193 corp: 57/22Kb lim: 3169 exec/s: 863 rss: 59Mb L: 65/3169 MS: 5 PersAutoDict-ManualDict-CrossOver-CMP-EraseBytes- DE: "\000\001"-"\015\001"-"\000\000\177Q=\326\262 "-
#13952	REDUCE cov: 1421 ft: 2193 corp: 57/22Kb lim: 3169 exec/s: 930 rss: 60Mb L: 2/3169 MS: 1 EraseBytes-
#13956	REDUCE cov: 1421 ft: 2194 corp: 58/22Kb lim: 3169 exec/s: 930 rss: 60Mb L: 71/3169 MS: 4 ChangeByte-ChangeBinInt-InsertByte-ChangeBinInt-
#14032	REDUCE cov: 1421 ft: 2194 corp: 58/22Kb lim: 3169 exec/s: 877 rss: 60Mb L: 79/3169 MS: 1 EraseBytes-
#15107	REDUCE cov: 1421 ft: 2194 corp: 58/22Kb lim: 3169 exec/s: 944 rss: 61Mb L: 65/3169 MS: 5 ShuffleBytes-InsertByte-CMP-CrossOver-EraseBytes- DE: "y\000"-
#15244	REDUCE cov: 1421 ft: 2194 corp: 58/22Kb lim: 3169 exec/s: 896 rss: 61Mb L: 79/3169 MS: 2 PersAutoDict-EraseBytes- DE: "\377x"-
#15466	REDUCE cov: 1421 ft: 2194 corp: 58/22Kb lim: 3169 exec/s: 909 rss: 61Mb L: 69/3169 MS: 2 InsertByte-EraseBytes-
#15588	REDUCE cov: 1421 ft: 2194 corp: 58/22Kb lim: 3169 exec/s: 916 rss: 61Mb L: 66/3169 MS: 2 InsertByte-EraseBytes-
#15844	REDUCE cov: 1421 ft: 2194 corp: 58/22Kb lim: 3169 exec/s: 932 rss: 62Mb L: 79/3169 MS: 1 EraseBytes-
#16346	REDUCE cov: 1421 ft: 2194 corp: 58/22Kb lim: 3169 exec/s: 908 rss: 62Mb L: 68/3169 MS: 2 ChangeBinInt-EraseBytes-
#16384	pulse  cov: 1421 ft: 2194 corp: 58/22Kb lim: 3169 exec/s: 910 rss: 62Mb
#16592	REDUCE cov: 1421 ft: 2194 corp: 58/22Kb lim: 3169 exec/s: 921 rss: 62Mb L: 66/3169 MS: 1 EraseBytes-
#16758	REDUCE cov: 1421 ft: 2194 corp: 58/22Kb lim: 3169 exec/s: 931 rss: 62Mb L: 66/3169 MS: 1 EraseBytes-
#18942	REDUCE cov: 1421 ft: 2194 corp: 58/22Kb lim: 3180 exec/s: 947 rss: 64Mb L: 72/3169 MS: 4 CrossOver-InsertByte-EraseBytes-EraseBytes-
#19108	REDUCE cov: 1421 ft: 2194 corp: 58/22Kb lim: 3180 exec/s: 955 rss: 64Mb L: 70/3169 MS: 1 EraseBytes-
#19180	REDUCE cov: 1421 ft: 2194 corp: 58/22Kb lim: 3180 exec/s: 959 rss: 64Mb L: 12/3169 MS: 2 CopyPart-EraseBytes-
#19761	NEW    cov: 1421 ft: 2199 corp: 59/23Kb lim: 3180 exec/s: 988 rss: 64Mb L: 1569/3169 MS: 1 CMP- DE: "n\000\000\000"-
#19822	REDUCE cov: 1421 ft: 2199 corp: 59/23Kb lim: 3180 exec/s: 991 rss: 64Mb L: 7/3169 MS: 1 EraseBytes-
#20008	REDUCE cov: 1421 ft: 2199 corp: 59/23Kb lim: 3180 exec/s: 952 rss: 64Mb L: 68/3169 MS: 1 EraseBytes-
#20045	REDUCE cov: 1421 ft: 2199 corp: 59/23Kb lim: 3180 exec/s: 954 rss: 64Mb L: 5/3169 MS: 2 CrossOver-EraseBytes-
#20454	REDUCE cov: 1421 ft: 2199 corp: 59/23Kb lim: 3180 exec/s: 974 rss: 65Mb L: 65/3169 MS: 2 EraseBytes-PersAutoDict- DE: "C\334\336=Q\177\000\000"-
#20489	NEW    cov: 1421 ft: 2200 corp: 60/25Kb lim: 3180 exec/s: 975 rss: 65Mb L: 1627/3169 MS: 5 CMP-InsertByte-EraseBytes-ChangeBinInt-CrossOver- DE: "?2\325=Q\177\000\000"-
#20895	REDUCE cov: 1421 ft: 2200 corp: 60/25Kb lim: 3180 exec/s: 995 rss: 65Mb L: 65/3169 MS: 1 EraseBytes-
#20913	REDUCE cov: 1421 ft: 2200 corp: 60/25Kb lim: 3180 exec/s: 995 rss: 65Mb L: 4/3169 MS: 3 ChangeASCIIInt-ManualDict-EraseBytes- DE: "\200\000"-
#20984	REDUCE cov: 1421 ft: 2200 corp: 60/25Kb lim: 3180 exec/s: 999 rss: 65Mb L: 1552/3169 MS: 1 EraseBytes-
#21047	REDUCE cov: 1421 ft: 2200 corp: 60/24Kb lim: 3180 exec/s: 1002 rss: 65Mb L: 1118/3169 MS: 3 ManualDict-ChangeBit-EraseBytes- DE: "\000\001"-
#21108	REDUCE cov: 1421 ft: 2200 corp: 60/24Kb lim: 3180 exec/s: 1005 rss: 65Mb L: 594/3169 MS: 1 EraseBytes-
#21795	REDUCE cov: 1421 ft: 2200 corp: 60/24Kb lim: 3180 exec/s: 990 rss: 66Mb L: 376/3169 MS: 5 ManualDict-ManualDict-CrossOver-ChangeBit-EraseBytes- DE: "\000\000\000\000\000\000\000\000\000\000\000\000\000\000\000\000\000\000\000\000\000\000\000\000\000\000\000\000\000\000\000\000"-"\200\000"-
#22067	REDUCE cov: 1421 ft: 2200 corp: 60/24Kb lim: 3180 exec/s: 1003 rss: 66Mb L: 2/3169 MS: 2 ChangeByte-EraseBytes-
#23361	NEW    cov: 1421 ft: 2201 corp: 61/25Kb lim: 3191 exec/s: 1015 rss: 67Mb L: 1569/3169 MS: 4 ManualDict-ChangeBit-ManualDict-PersAutoDict- DE: "\015\001"-"\200\000"-"\377y"-
#23542	REDUCE cov: 1421 ft: 2201 corp: 61/25Kb lim: 3191 exec/s: 980 rss: 67Mb L: 241/3169 MS: 1 EraseBytes-
#27873	REDUCE cov: 1421 ft: 2201 corp: 61/25Kb lim: 3224 exec/s: 1032 rss: 70Mb L: 221/3169 MS: 1 EraseBytes-
#28469	REDUCE cov: 1421 ft: 2201 corp: 61/25Kb lim: 3224 exec/s: 1054 rss: 71Mb L: 156/3169 MS: 1 EraseBytes-
#28560	REDUCE cov: 1421 ft: 2201 corp: 61/25Kb lim: 3224 exec/s: 1057 rss: 71Mb L: 66/3169 MS: 1 EraseBytes-
#29233	REDUCE cov: 1421 ft: 2201 corp: 61/25Kb lim: 3224 exec/s: 1044 rss: 72Mb L: 105/3169 MS: 3 ChangeBinInt-ManualDict-EraseBytes- DE: "\015\001"-
#30050	REDUCE cov: 1421 ft: 2201 corp: 61/25Kb lim: 3224 exec/s: 1073 rss: 72Mb L: 66/3169 MS: 2 ChangeBit-EraseBytes-
#32768	pulse  cov: 1421 ft: 2201 corp: 61/25Kb lim: 3246 exec/s: 1057 rss: 74Mb
#33091	REDUCE cov: 1421 ft: 2201 corp: 61/25Kb lim: 3246 exec/s: 1067 rss: 74Mb L: 76/3169 MS: 1 EraseBytes-
#33980	REDUCE cov: 1421 ft: 2201 corp: 61/25Kb lim: 3246 exec/s: 1096 rss: 75Mb L: 74/3169 MS: 4 ChangeBinInt-ShuffleBytes-PersAutoDict-EraseBytes- DE: "\001\000\000\000\000\000\000\000"-
#35433	REDUCE cov: 1421 ft: 2201 corp: 61/25Kb lim: 3257 exec/s: 1107 rss: 76Mb L: 71/3169 MS: 3 ChangeBinInt-PersAutoDict-EraseBytes- DE: "\377\377\377s"-
#37289	REDUCE cov: 1421 ft: 2201 corp: 61/25Kb lim: 3268 exec/s: 1096 rss: 77Mb L: 66/3169 MS: 1 EraseBytes-
#40696	REDUCE cov: 1421 ft: 2201 corp: 61/25Kb lim: 3301 exec/s: 1099 rss: 79Mb L: 65/3169 MS: 2 InsertByte-EraseBytes-
#40887	REDUCE cov: 1421 ft: 2202 corp: 62/25Kb lim: 3301 exec/s: 1105 rss: 79Mb L: 66/3169 MS: 1 CrossOver-
#41328	REDUCE cov: 1421 ft: 2202 corp: 62/25Kb lim: 3301 exec/s: 1116 rss: 80Mb L: 68/3169 MS: 1 EraseBytes-
#42859	REDUCE cov: 1421 ft: 2202 corp: 62/25Kb lim: 3312 exec/s: 1127 rss: 81Mb L: 70/3169 MS: 1 EraseBytes-
#45778	REDUCE cov: 1421 ft: 2202 corp: 62/25Kb lim: 3334 exec/s: 1144 rss: 83Mb L: 65/3169 MS: 4 ShuffleBytes-ChangeBit-CrossOver-EraseBytes-
#48466	REDUCE cov: 1421 ft: 2202 corp: 62/25Kb lim: 3356 exec/s: 1153 rss: 84Mb L: 65/3169 MS: 3 ShuffleBytes-EraseBytes-ManualDict- DE: "\200\000"-
#52227	REDUCE cov: 1421 ft: 2202 corp: 62/25Kb lim: 3389 exec/s: 1160 rss: 87Mb L: 67/3169 MS: 1 EraseBytes-
#52983	REDUCE cov: 1421 ft: 2202 corp: 62/25Kb lim: 3389 exec/s: 1151 rss: 87Mb L: 68/3169 MS: 1 EraseBytes-
#55674	REDUCE cov: 1421 ft: 2202 corp: 62/25Kb lim: 3411 exec/s: 1159 rss: 89Mb L: 66/3169 MS: 1 EraseBytes-
#57772	REDUCE cov: 1421 ft: 2202 corp: 62/25Kb lim: 3422 exec/s: 1155 rss: 91Mb L: 66/3169 MS: 3 ChangeBinInt-ChangeBinInt-EraseBytes-
#59446	REDUCE cov: 1421 ft: 2202 corp: 62/25Kb lim: 3433 exec/s: 1165 rss: 92Mb L: 65/3169 MS: 4 ChangeByte-CopyPart-ChangeBinInt-EraseBytes-
#61477	REDUCE cov: 1421 ft: 2202 corp: 62/25Kb lim: 3444 exec/s: 1159 rss: 93Mb L: 68/3169 MS: 1 EraseBytes-
#61518	REDUCE cov: 1421 ft: 2202 corp: 62/25Kb lim: 3444 exec/s: 1160 rss: 93Mb L: 73/3169 MS: 1 EraseBytes-
#65462	REDUCE cov: 1421 ft: 2202 corp: 62/25Kb lim: 3477 exec/s: 1168 rss: 96Mb L: 65/3169 MS: 4 ChangeBinInt-InsertByte-InsertRepeatedBytes-EraseBytes-
#65527	REDUCE cov: 1421 ft: 2203 corp: 63/25Kb lim: 3477 exec/s: 1170 rss: 96Mb L: 106/3169 MS: 5 CopyPart-ChangeBit-CrossOver-CrossOver-EraseBytes-
#65536	pulse  cov: 1421 ft: 2203 corp: 63/25Kb lim: 3477 exec/s: 1170 rss: 96Mb
#65628	REDUCE cov: 1421 ft: 2203 corp: 63/25Kb lim: 3477 exec/s: 1171 rss: 96Mb L: 67/3169 MS: 1 EraseBytes-
#69085	REDUCE cov: 1421 ft: 2203 corp: 63/25Kb lim: 3510 exec/s: 1170 rss: 98Mb L: 92/3169 MS: 2 ChangeByte-EraseBytes-
#70456	REDUCE cov: 1421 ft: 2203 corp: 63/25Kb lim: 3521 exec/s: 1174 rss: 100Mb L: 69/3169 MS: 1 EraseBytes-
#71051	DONE   cov: 1421 ft: 2203 corp: 63/25Kb lim: 3521 exec/s: 1164 rss: 100Mb
###### Recommended dictionary. ######
"\006\000\000\000" # Uses: 316
"C\334\336=Q\177\000\000" # Uses: 318
"\377\377\377s" # Uses: 342
"\001\000\000j" # Uses: 322
"\001\000\000\000\000\000\000\000" # Uses: 307
"\006\000" # Uses: 306
"\001w" # Uses: 312
"w\000\000\000" # Uses: 283
"\001\000\000n" # Uses: 281
"\377y" # Uses: 293
"\377x" # Uses: 285
"\001\000\177Q=\335\334N" # Uses: 238
"\000\000\177Q=\326\262 " # Uses: 213
"y\000" # Uses: 220
"n\000\000\000" # Uses: 206
"?2\325=Q\177\000\000" # Uses: 206
###### End of recommended dictionary. ######
Done 71051 runs in 61 second(s)
stat::number_of_executed_units: 71051
stat::average_exec_per_sec:     1164
stat::new_units_added:          142
stat::slowest_unit_time_sec:    0
stat::peak_rss_mb:              100
