Dictionary: 4 entries
INFO: Running with entropic power schedule (0xFF, 100).
INFO: Seed: 1111879940
INFO: Loaded 1 modules   (11277 inline 8-bit counters): 11277 [0x55557d34a750, 0x55557d34d35d), 
INFO: Loaded 1 PC tables (11277 PCs): 11277 [0x55557d34d360,0x55557d379430), 
INFO:       14 files found in /tmp/tmp.YcNVQMp6GT/corpus/fuzz_argon2
INFO: seed corpus: files: 14 min: 1b max: 25b total: 275b rss: 33Mb
#4	pulse  cov: 1127 ft: 1155 corp: 2/20b exec/s: 2 rss: 38Mb
#8	pulse  cov: 1128 ft: 1197 corp: 6/96b exec/s: 4 rss: 38Mb
#15	INITED cov: 1128 ft: 1223 corp: 11/206b exec/s: 7 rss: 40Mb
#16	pulse  cov: 1128 ft: 1223 corp: 11/206b lim: 25 exec/s: 8 rss: 40Mb
#32	pulse  cov: 1128 ft: 1223 corp: 11/206b lim: 25 exec/s: 16 rss: 41Mb
#64	pulse  cov: 1128 ft: 1225 corp: 11/206b lim: 25 exec/s: 32 rss: 43Mb
#64	NEW    cov: 1128 ft: 1225 corp: 12/230b lim: 25 exec/s: 32 rss: 43Mb L: 24/25 MS: 4 CrossOver-CrossOver-InsertRepeatedBytes-ChangeByte-
#125	REDUCE cov: 1128 ft: 1225 corp: 12/226b lim: 25 exec/s: 41 rss: 51Mb L: 21/24 MS: 1 EraseBytes-
#128	pulse  cov: 1128 ft: 1225 corp: 12/226b lim: 25 exec/s: 42 rss: 51Mb
#154	REDUCE cov: 1128 ft: 1225 corp: 12/225b lim: 25 exec/s: 51 rss: 57Mb L: 20/24 MS: 4 InsertByte-CopyPart-ChangeBit-CrossOver-
#166	REDUCE cov: 1128 ft: 1225 corp: 12/222b lim: 25 exec/s: 55 rss: 57Mb L: 21/23 MS: 2 ChangeByte-EraseBytes-
#256	pulse  cov: 1128 ft: 1225 corp: 12/222b lim: 25 exec/s: 85 rss: 63Mb
#261	REDUCE cov: 1128 ft: 1225 corp: 12/218b lim: 25 exec/s: 65 rss: 66Mb L: 19/21 MS: 5 CrossOver-ManualDict-CopyPart-EraseBytes-InsertRepeatedBytes- DE: "pass"-
#305	REDUCE cov: 1128 ft: 1225 corp: 12/217b lim: 25 exec/s: 76 rss: 72Mb L: 19/21 MS: 4 CMP-ChangeBit-EraseBytes-CopyPart- DE: "\000\000\000\000"-
#387	REDUCE cov: 1128 ft: 1225 corp: 12/216b lim: 25 exec/s: 96 rss: 80Mb L: 20/21 MS: 2 ManualDict-CrossOver- DE: "pass"-
#512	pulse  cov: 1128 ft: 1225 corp: 12/216b lim: 25 exec/s: 85 rss: 101Mb
#871	REDUCE cov: 1128 ft: 1225 corp: 12/215b lim: 29 exec/s: 108 rss: 129Mb L: 20/21 MS: 4 CrossOver-EraseBytes-InsertByte-EraseBytes-
#1024	pulse  cov: 1128 ft: 1225 corp: 12/215b lim: 29 exec/s: 128 rss: 142Mb
#1597	REDUCE cov: 1128 ft: 1225 corp: 12/214b lim: 33 exec/s: 122 rss: 214Mb L: 20/20 MS: 1 EraseBytes-
#1893	REDUCE cov: 1128 ft: 1225 corp: 12/213b lim: 33 exec/s: 126 rss: 242Mb L: 19/20 MS: 1 EraseBytes-
#1916	REDUCE cov: 1128 ft: 1225 corp: 12/212b lim: 33 exec/s: 127 rss: 248Mb L: 19/20 MS: 2 EraseBytes-InsertByte-
#2048	pulse  cov: 1128 ft: 1225 corp: 12/212b lim: 33 exec/s: 128 rss: 260Mb
#2367	REDUCE cov: 1128 ft: 1225 corp: 12/211b lim: 33 exec/s: 131 rss: 288Mb L: 19/20 MS: 1 CrossOver-
#2825	REDUCE cov: 1128 ft: 1225 corp: 12/210b lim: 33 exec/s: 134 rss: 328Mb L: 19/19 MS: 3 CopyPart-EraseBytes-InsertByte-
#4096	pulse  cov: 1128 ft: 1225 corp: 12/210b lim: 43 exec/s: 141 rss: 360Mb
#8192	pulse  cov: 1128 ft: 1225 corp: 12/210b lim: 86 exec/s: 146 rss: 372Mb
#8775	DONE   cov: 1128 ft: 1225 corp: 12/210b lim: 86 exec/s: 143 rss: 372Mb
###### Recommended dictionary. ######
"\000\000\000\000" # Uses: 338
###### End of recommended dictionary. ######
Done 8775 runs in 61 second(s)
stat::number_of_executed_units: 8775
stat::average_exec_per_sec:     143
stat::new_units_added:          13
stat::slowest_unit_time_sec:    0
stat::peak_rss_mb:              372
