INFO: Running with entropic power schedule (0xFF, 100).
INFO: Seed: 1921938871
INFO: Loaded 1 modules   (20534 inline 8-bit counters): 20534 [0x560cdb7d8218, 0x560cdb7dd24e), 
INFO: Loaded 1 PC tables (20534 PCs): 20534 [0x560cdb7dd250,0x560cdb82d5b0), 
INFO:       73 files found in /tmp/tmp.YcNVQMp6GT/corpus/fuzz_frost
INFO: seed corpus: files: 73 min: 1b max: 45b total: 1344b rss: 37Mb
#74	INITED cov: 4311 ft: 16064 corp: 56/790b exec/s: 0 rss: 45Mb
#78	NEW    cov: 4311 ft: 16065 corp: 57/835b lim: 45 exec/s: 0 rss: 46Mb L: 45/45 MS: 4 ChangeByte-InsertRepeatedBytes-ChangeBit-ChangeBit-
#84	NEW    cov: 4311 ft: 16136 corp: 58/841b lim: 45 exec/s: 0 rss: 46Mb L: 6/45 MS: 1 ChangeBit-
#107	NEW    cov: 4311 ft: 16137 corp: 59/871b lim: 45 exec/s: 0 rss: 47Mb L: 30/45 MS: 3 ChangeByte-ShuffleBytes-InsertRepeatedBytes-
#108	NEW    cov: 4311 ft: 16146 corp: 60/878b lim: 45 exec/s: 0 rss: 47Mb L: 7/45 MS: 1 ChangeByte-
#111	NEW    cov: 4311 ft: 16147 corp: 61/902b lim: 45 exec/s: 111 rss: 47Mb L: 24/45 MS: 3 ChangeByte-ChangeBit-ChangeBinInt-
#113	NEW    cov: 4311 ft: 16255 corp: 62/915b lim: 45 exec/s: 113 rss: 47Mb L: 13/45 MS: 2 EraseBytes-CrossOver-
#127	NEW    cov: 4311 ft: 16257 corp: 63/921b lim: 45 exec/s: 127 rss: 48Mb L: 6/45 MS: 4 ShuffleBytes-CopyPart-ChangeBit-ShuffleBytes-
#168	NEW    cov: 4311 ft: 16258 corp: 64/950b lim: 45 exec/s: 168 rss: 49Mb L: 29/45 MS: 1 InsertByte-
#171	NEW    cov: 4311 ft: 16259 corp: 65/961b lim: 45 exec/s: 171 rss: 49Mb L: 11/45 MS: 3 ChangeBinInt-CMP-ShuffleBytes- DE: "\001\000\000\005"-
#176	NEW    cov: 4311 ft: 16264 corp: 66/1000b lim: 45 exec/s: 176 rss: 49Mb L: 39/45 MS: 5 PersAutoDict-ShuffleBytes-InsertRepeatedBytes-EraseBytes-CrossOver- DE: "\001\000\000\005"-
#179	NEW    cov: 4311 ft: 16265 corp: 67/1013b lim: 45 exec/s: 179 rss: 49Mb L: 13/45 MS: 3 ShuffleBytes-CrossOver-ChangeBinInt-
#213	NEW    cov: 4311 ft: 16275 corp: 68/1021b lim: 45 exec/s: 213 rss: 50Mb L: 8/45 MS: 4 ChangeBinInt-ChangeBit-InsertByte-ShuffleBytes-
#256	pulse  cov: 4311 ft: 16275 corp: 68/1021b lim: 45 exec/s: 128 rss: 52Mb
#275	NEW    cov: 4311 ft: 16276 corp: 69/1063b lim: 45 exec/s: 137 rss: 53Mb L: 42/45 MS: 5 CopyPart-ChangeByte-ChangeBit-CMP-InsertRepeatedBytes- DE: "\371\000\000\000"-
#276	NEW    cov: 4311 ft: 16279 corp: 70/1100b lim: 45 exec/s: 138 rss: 53Mb L: 37/45 MS: 1 InsertRepeatedBytes-
#280	NEW    cov: 4311 ft: 16284 corp: 71/1114b lim: 45 exec/s: 140 rss: 53Mb L: 14/45 MS: 4 InsertByte-ShuffleBytes-CrossOver-EraseBytes-
#296	NEW    cov: 4311 ft: 16412 corp: 72/1120b lim: 45 exec/s: 148 rss: 54Mb L: 6/45 MS: 1 ShuffleBytes-
#313	NEW    cov: 4311 ft: 16417 corp: 73/1128b lim: 45 exec/s: 156 rss: 54Mb L: 8/45 MS: 2 CrossOver-PersAutoDict- DE: "\001\000\000\005"-
#325	NEW    cov: 4311 ft: 16418 corp: 74/1143b lim: 45 exec/s: 162 rss: 54Mb L: 15/45 MS: 2 CrossOver-EraseBytes-
#327	NEW    cov: 4311 ft: 16808 corp: 75/1153b lim: 45 exec/s: 163 rss: 54Mb L: 10/45 MS: 2 InsertByte-CMP- DE: "?\000"-
#348	NEW    cov: 4311 ft: 16891 corp: 76/1160b lim: 45 exec/s: 174 rss: 54Mb L: 7/45 MS: 1 CrossOver-
#386	NEW    cov: 4311 ft: 16895 corp: 77/1202b lim: 45 exec/s: 128 rss: 55Mb L: 42/45 MS: 3 PersAutoDict-ChangeByte-PersAutoDict- DE: "\371\000\000\000"-"?\000"-
#403	REDUCE cov: 4311 ft: 16895 corp: 77/1197b lim: 45 exec/s: 134 rss: 55Mb L: 16/45 MS: 2 ChangeByte-EraseBytes-
#420	REDUCE cov: 4311 ft: 16895 corp: 77/1191b lim: 45 exec/s: 140 rss: 55Mb L: 7/45 MS: 2 ChangeByte-EraseBytes-
#426	NEW    cov: 4311 ft: 16896 corp: 78/1236b lim: 45 exec/s: 142 rss: 55Mb L: 45/45 MS: 1 ChangeBinInt-
#427	REDUCE cov: 4311 ft: 16896 corp: 78/1235b lim: 45 exec/s: 142 rss: 56Mb L: 6/45 MS: 1 EraseBytes-
#430	NEW    cov: 4311 ft: 17330 corp: 79/1247b lim: 45 exec/s: 143 rss: 56Mb L: 12/45 MS: 3 ChangeBit-ChangeByte-CrossOver-
#464	REDUCE cov: 4311 ft: 17401 corp: 80/1256b lim: 45 exec/s: 154 rss: 56Mb L: 9/45 MS: 4 CrossOver-PersAutoDict-ChangeBit-EraseBytes- DE: "\001\000\000\005"-
#486	NEW    cov: 4311 ft: 17404 corp: 81/1263b lim: 45 exec/s: 162 rss: 57Mb L: 7/45 MS: 2 ChangeBit-ChangeBit-
#500	NEW    cov: 4311 ft: 17405 corp: 82/1300b lim: 45 exec/s: 125 rss: 57Mb L: 37/45 MS: 4 EraseBytes-CopyPart-CrossOver-ChangeByte-
#506	NEW    cov: 4311 ft: 17407 corp: 83/1306b lim: 45 exec/s: 126 rss: 57Mb L: 6/45 MS: 1 ChangeByte-
#510	REDUCE cov: 4311 ft: 17407 corp: 83/1305b lim: 45 exec/s: 127 rss: 58Mb L: 33/45 MS: 4 CopyPart-EraseBytes-InsertRepeatedBytes-InsertByte-
#512	pulse  cov: 4311 ft: 17407 corp: 83/1305b lim: 45 exec/s: 128 rss: 58Mb
#526	NEW    cov: 4311 ft: 17408 corp: 84/1316b lim: 45 exec/s: 131 rss: 58Mb L: 11/45 MS: 1 ShuffleBytes-
#535	NEW    cov: 4311 ft: 17409 corp: 85/1356b lim: 45 exec/s: 133 rss: 58Mb L: 40/45 MS: 4 EraseBytes-PersAutoDict-InsertByte-InsertRepeatedBytes- DE: "\371\000\000\000"-
#610	NEW    cov: 4311 ft: 17410 corp: 86/1368b lim: 45 exec/s: 122 rss: 59Mb L: 12/45 MS: 5 ChangeBit-CopyPart-InsertByte-ChangeByte-PersAutoDict- DE: "\001\000\000\005"-
#617	NEW    cov: 4311 ft: 17842 corp: 87/1375b lim: 45 exec/s: 123 rss: 60Mb L: 7/45 MS: 2 EraseBytes-ChangeByte-
#683	NEW    cov: 4311 ft: 17845 corp: 88/1391b lim: 45 exec/s: 136 rss: 61Mb L: 16/45 MS: 1 ChangeBinInt-
#687	NEW    cov: 4311 ft: 17847 corp: 89/1406b lim: 45 exec/s: 137 rss: 61Mb L: 15/45 MS: 4 ChangeByte-ChangeBit-PersAutoDict-CopyPart- DE: "\371\000\000\000"-
#697	REDUCE cov: 4311 ft: 17847 corp: 89/1401b lim: 45 exec/s: 139 rss: 61Mb L: 8/45 MS: 5 PersAutoDict-ShuffleBytes-ChangeBinInt-CrossOver-EraseBytes- DE: "\371\000\000\000"-
#711	REDUCE cov: 4311 ft: 17847 corp: 89/1397b lim: 45 exec/s: 142 rss: 61Mb L: 6/45 MS: 4 CMP-CopyPart-ChangeByte-EraseBytes- DE: "\000\000\000\000"-
#744	NEW    cov: 4311 ft: 17849 corp: 90/1405b lim: 45 exec/s: 124 rss: 62Mb L: 8/45 MS: 3 PersAutoDict-CrossOver-EraseBytes- DE: "?\000"-
#759	NEW    cov: 4311 ft: 17932 corp: 91/1446b lim: 45 exec/s: 126 rss: 62Mb L: 41/45 MS: 5 InsertByte-CopyPart-ChangeBit-InsertRepeatedBytes-ChangeByte-
#783	NEW    cov: 4311 ft: 17934 corp: 92/1478b lim: 45 exec/s: 130 rss: 63Mb L: 32/45 MS: 4 PersAutoDict-PersAutoDict-EraseBytes-InsertRepeatedBytes- DE: "?\000"-"\001\000\000\005"-
#793	NEW    cov: 4311 ft: 17935 corp: 93/1494b lim: 45 exec/s: 132 rss: 63Mb L: 16/45 MS: 5 ChangeBinInt-CrossOver-PersAutoDict-ShuffleBytes-CMP- DE: "\371\000\000\000"-"\023T\354\247\004\177\000\000"-
#811	REDUCE cov: 4311 ft: 17935 corp: 93/1481b lim: 45 exec/s: 135 rss: 64Mb L: 25/45 MS: 3 ChangeBinInt-CopyPart-EraseBytes-
#827	NEW    cov: 4311 ft: 17940 corp: 94/1524b lim: 45 exec/s: 118 rss: 64Mb L: 43/45 MS: 1 InsertRepeatedBytes-
#895	NEW    cov: 4311 ft: 17941 corp: 95/1535b lim: 45 exec/s: 111 rss: 66Mb L: 11/45 MS: 3 PersAutoDict-EraseBytes-PersAutoDict- DE: "\371\000\000\000"-"?\000"-
#923	NEW    cov: 4311 ft: 17943 corp: 96/1567b lim: 45 exec/s: 115 rss: 67Mb L: 32/45 MS: 3 ChangeByte-InsertRepeatedBytes-ShuffleBytes-
#952	REDUCE cov: 4311 ft: 17944 corp: 97/1603b lim: 45 exec/s: 119 rss: 67Mb L: 36/45 MS: 4 InsertByte-CMP-InsertRepeatedBytes-EraseBytes- DE: "\016\000\000\000"-
#984	REDUCE cov: 4311 ft: 17944 corp: 97/1602b lim: 45 exec/s: 123 rss: 67Mb L: 23/45 MS: 2 ShuffleBytes-EraseBytes-
#1005	NEW    cov: 4311 ft: 17946 corp: 98/1609b lim: 45 exec/s: 111 rss: 68Mb L: 7/45 MS: 1 ChangeBit-
#1024	pulse  cov: 4311 ft: 17946 corp: 98/1609b lim: 45 exec/s: 113 rss: 68Mb
#1028	REDUCE cov: 4311 ft: 17946 corp: 98/1588b lim: 45 exec/s: 114 rss: 68Mb L: 24/45 MS: 3 ShuffleBytes-CopyPart-EraseBytes-
#1052	NEW    cov: 4311 ft: 17947 corp: 99/1605b lim: 45 exec/s: 116 rss: 69Mb L: 17/45 MS: 4 InsertRepeatedBytes-CopyPart-CopyPart-ChangeBit-
#1097	REDUCE cov: 4311 ft: 17949 corp: 100/1624b lim: 45 exec/s: 109 rss: 69Mb L: 19/45 MS: 5 EraseBytes-InsertByte-CopyPart-CopyPart-CopyPart-
#1107	NEW    cov: 4311 ft: 18032 corp: 101/1640b lim: 45 exec/s: 110 rss: 70Mb L: 16/45 MS: 5 CrossOver-ChangeBinInt-PersAutoDict-ChangeByte-InsertByte- DE: "\371\000\000\000"-
#1118	NEW    cov: 4311 ft: 18036 corp: 102/1680b lim: 45 exec/s: 111 rss: 70Mb L: 40/45 MS: 1 InsertRepeatedBytes-
#1236	NEW    cov: 4311 ft: 18037 corp: 103/1716b lim: 45 exec/s: 112 rss: 71Mb L: 36/45 MS: 3 PersAutoDict-CopyPart-ChangeBinInt- DE: "\000\000\000\000"-
#1261	NEW    cov: 4311 ft: 18039 corp: 104/1725b lim: 45 exec/s: 114 rss: 71Mb L: 9/45 MS: 5 ChangeByte-ChangeByte-ChangeByte-PersAutoDict-ShuffleBytes- DE: "\023T\354\247\004\177\000\000"-
#1269	NEW    cov: 4311 ft: 18040 corp: 105/1737b lim: 45 exec/s: 115 rss: 72Mb L: 12/45 MS: 3 CopyPart-EraseBytes-PersAutoDict- DE: "\371\000\000\000"-
#1271	NEW    cov: 4311 ft: 18045 corp: 106/1776b lim: 45 exec/s: 115 rss: 72Mb L: 39/45 MS: 2 CrossOver-InsertRepeatedBytes-
#1327	REDUCE cov: 4311 ft: 18045 corp: 106/1775b lim: 45 exec/s: 120 rss: 73Mb L: 6/45 MS: 1 EraseBytes-
#1669	REDUCE cov: 4311 ft: 18045 corp: 106/1769b lim: 45 exec/s: 111 rss: 78Mb L: 10/45 MS: 2 ChangeBinInt-EraseBytes-
#1693	REDUCE cov: 4311 ft: 18045 corp: 106/1754b lim: 45 exec/s: 112 rss: 78Mb L: 22/45 MS: 4 InsertRepeatedBytes-InsertByte-CrossOver-PersAutoDict- DE: "\016\000\000\000"-
#1698	NEW    cov: 4311 ft: 18046 corp: 107/1767b lim: 45 exec/s: 106 rss: 79Mb L: 13/45 MS: 5 CrossOver-ChangeBinInt-ChangeByte-PersAutoDict-InsertByte- DE: "\016\000\000\000"-
#1779	REDUCE cov: 4311 ft: 18046 corp: 107/1764b lim: 45 exec/s: 111 rss: 80Mb L: 7/45 MS: 1 EraseBytes-
#1828	REDUCE cov: 4311 ft: 18047 corp: 108/1791b lim: 45 exec/s: 107 rss: 81Mb L: 27/45 MS: 4 InsertByte-PersAutoDict-ChangeByte-ShuffleBytes- DE: "\016\000\000\000"-
#1878	NEW    cov: 4311 ft: 18048 corp: 109/1828b lim: 45 exec/s: 110 rss: 81Mb L: 37/45 MS: 5 ShuffleBytes-PersAutoDict-ChangeBinInt-CopyPart-CrossOver- DE: "\000\000\000\000"-
#1964	REDUCE cov: 4311 ft: 18048 corp: 109/1827b lim: 45 exec/s: 109 rss: 83Mb L: 8/45 MS: 1 EraseBytes-
#2006	NEW    cov: 4311 ft: 18131 corp: 110/1867b lim: 45 exec/s: 105 rss: 84Mb L: 40/45 MS: 2 CrossOver-InsertRepeatedBytes-
#2010	REDUCE cov: 4311 ft: 18131 corp: 110/1860b lim: 45 exec/s: 105 rss: 84Mb L: 9/45 MS: 4 PersAutoDict-InsertByte-InsertByte-EraseBytes- DE: "\001\000\000\005"-
#2048	pulse  cov: 4311 ft: 18131 corp: 110/1860b lim: 45 exec/s: 107 rss: 84Mb
#2117	NEW    cov: 4311 ft: 18132 corp: 111/1892b lim: 45 exec/s: 105 rss: 86Mb L: 32/45 MS: 2 CopyPart-InsertRepeatedBytes-
#2163	REDUCE cov: 4311 ft: 18132 corp: 111/1891b lim: 45 exec/s: 103 rss: 87Mb L: 6/45 MS: 1 EraseBytes-
#2341	NEW    cov: 4311 ft: 18137 corp: 112/1936b lim: 45 exec/s: 106 rss: 90Mb L: 45/45 MS: 3 PersAutoDict-ChangeBinInt-ChangeBinInt- DE: "\000\000\000\000"-
#2611	REDUCE cov: 4311 ft: 18137 corp: 112/1934b lim: 45 exec/s: 100 rss: 95Mb L: 6/45 MS: 5 CopyPart-ChangeBit-CMP-ChangeBit-EraseBytes- DE: "@\000\000\000"-
#2704	NEW    cov: 4311 ft: 18138 corp: 113/1965b lim: 45 exec/s: 100 rss: 97Mb L: 31/45 MS: 3 CrossOver-InsertRepeatedBytes-ChangeByte-
#2831	NEW    cov: 4311 ft: 18139 corp: 114/1992b lim: 45 exec/s: 101 rss: 98Mb L: 27/45 MS: 2 PersAutoDict-EraseBytes- DE: "\000\000\000\000"-
#3045	REDUCE cov: 4311 ft: 18139 corp: 114/1989b lim: 45 exec/s: 98 rss: 102Mb L: 22/45 MS: 4 CopyPart-ChangeBinInt-ShuffleBytes-EraseBytes-
#3106	NEW    cov: 4311 ft: 18140 corp: 115/2006b lim: 45 exec/s: 97 rss: 104Mb L: 17/45 MS: 1 PersAutoDict- DE: "?\000"-
#3183	REDUCE cov: 4311 ft: 18140 corp: 115/2000b lim: 45 exec/s: 96 rss: 105Mb L: 16/45 MS: 2 ChangeBit-EraseBytes-
#3304	REDUCE cov: 4311 ft: 18140 corp: 115/1998b lim: 45 exec/s: 97 rss: 108Mb L: 8/45 MS: 1 EraseBytes-
#3467	REDUCE cov: 4311 ft: 18140 corp: 115/1996b lim: 45 exec/s: 96 rss: 111Mb L: 6/45 MS: 3 ChangeByte-ShuffleBytes-EraseBytes-
#3544	NEW    cov: 4311 ft: 18211 corp: 116/2033b lim: 45 exec/s: 95 rss: 113Mb L: 37/45 MS: 2 InsertByte-CopyPart-
#3584	NEW    cov: 4311 ft: 18212 corp: 117/2077b lim: 45 exec/s: 94 rss: 114Mb L: 44/45 MS: 5 CrossOver-CMP-CMP-ChangeBinInt-PersAutoDict- DE: "\022\314\350\247\004\177\000\000"-"\012\344\354\247\004\177\000\000"-"\371\000\000\000"-
#3636	NEW    cov: 4311 ft: 18213 corp: 118/2092b lim: 45 exec/s: 95 rss: 115Mb L: 15/45 MS: 2 CrossOver-ShuffleBytes-
#3759	REDUCE cov: 4311 ft: 18213 corp: 118/2083b lim: 45 exec/s: 93 rss: 117Mb L: 27/45 MS: 3 ChangeASCIIInt-ChangeBinInt-EraseBytes-
#3997	REDUCE cov: 4311 ft: 18213 corp: 118/2082b lim: 45 exec/s: 95 rss: 121Mb L: 9/45 MS: 3 ShuffleBytes-ChangeBinInt-EraseBytes-
#4000	REDUCE cov: 4311 ft: 18213 corp: 118/2075b lim: 45 exec/s: 95 rss: 121Mb L: 9/45 MS: 3 InsertByte-ChangeByte-EraseBytes-
#4096	pulse  cov: 4311 ft: 18213 corp: 118/2075b lim: 45 exec/s: 95 rss: 122Mb
#4179	REDUCE cov: 4311 ft: 18213 corp: 118/2073b lim: 45 exec/s: 94 rss: 123Mb L: 43/45 MS: 4 CMP-ChangeBit-PersAutoDict-EraseBytes- DE: "\000\021"-"?\000"-
#4341	REDUCE cov: 4311 ft: 18213 corp: 118/2070b lim: 45 exec/s: 96 rss: 125Mb L: 9/45 MS: 2 EraseBytes-ChangeByte-
#4517	REDUCE cov: 4311 ft: 18213 corp: 118/2068b lim: 45 exec/s: 96 rss: 128Mb L: 6/45 MS: 1 EraseBytes-
#4641	NEW    cov: 4311 ft: 18214 corp: 119/2112b lim: 45 exec/s: 94 rss: 130Mb L: 44/45 MS: 4 ChangeByte-InsertByte-CopyPart-InsertRepeatedBytes-
#4780	NEW    cov: 4311 ft: 18215 corp: 120/2124b lim: 45 exec/s: 95 rss: 133Mb L: 12/45 MS: 4 InsertByte-PersAutoDict-EraseBytes-CrossOver- DE: "?\000"-
#4946	REDUCE cov: 4311 ft: 18215 corp: 120/2123b lim: 45 exec/s: 95 rss: 135Mb L: 6/45 MS: 1 EraseBytes-
#5184	NEW    cov: 4311 ft: 18216 corp: 121/2166b lim: 45 exec/s: 94 rss: 140Mb L: 43/45 MS: 3 ChangeBit-ChangeByte-InsertRepeatedBytes-
#5202	REDUCE cov: 4311 ft: 18216 corp: 121/2164b lim: 45 exec/s: 94 rss: 140Mb L: 7/45 MS: 3 InsertByte-CopyPart-EraseBytes-
#5627	DONE   cov: 4311 ft: 18216 corp: 121/2164b lim: 45 exec/s: 92 rss: 148Mb
###### Recommended dictionary. ######
"\001\000\000\005" # Uses: 93
"\371\000\000\000" # Uses: 66
"?\000" # Uses: 88
"\000\000\000\000" # Uses: 69
"\023T\354\247\004\177\000\000" # Uses: 45
"\016\000\000\000" # Uses: 57
"@\000\000\000" # Uses: 34
"\022\314\350\247\004\177\000\000" # Uses: 20
"\012\344\354\247\004\177\000\000" # Uses: 25
"\000\021" # Uses: 18
###### End of recommended dictionary. ######
Done 5627 runs in 61 second(s)
stat::number_of_executed_units: 5627
stat::average_exec_per_sec:     92
stat::new_units_added:          94
stat::slowest_unit_time_sec:    0
stat::peak_rss_mb:              148
