Dictionary: 7 entries
INFO: Running with entropic power schedule (0xFF, 100).
INFO: Seed: 228686659
INFO: Loaded 1 modules   (99 inline 8-bit counters): 99 [0x5620c1575c78, 0x5620c1575cdb), 
INFO: Loaded 1 PC tables (99 PCs): 99 [0x5620c1575ce0,0x5620c1576310), 
INFO:       72 files found in /tmp/tmp.YcNVQMp6GT/corpus/fuzz_consttime
INFO: seed corpus: files: 72 min: 1b max: 516b total: 3957b rss: 32Mb
#73	INITED cov: 61 ft: 203 corp: 57/3385b exec/s: 0 rss: 34Mb
#242	NEW    cov: 61 ft: 204 corp: 58/3660b lim: 516 exec/s: 0 rss: 35Mb L: 275/516 MS: 4 ChangeBit-ManualDict-ChangeBinInt-CrossOver- DE: "\001"-
#396	NEW    cov: 61 ft: 205 corp: 59/3815b lim: 516 exec/s: 0 rss: 36Mb L: 155/516 MS: 4 InsertByte-CopyPart-ManualDict-CrossOver- DE: "\377\377\377\377\377\377\377\377"-
#469	NEW    cov: 61 ft: 206 corp: 60/3999b lim: 516 exec/s: 0 rss: 36Mb L: 184/516 MS: 3 ShuffleBytes-CrossOver-CopyPart-
#576	NEW    cov: 61 ft: 207 corp: 61/4183b lim: 516 exec/s: 0 rss: 36Mb L: 184/516 MS: 2 ShuffleBytes-CopyPart-
#713	NEW    cov: 61 ft: 208 corp: 62/4190b lim: 516 exec/s: 0 rss: 36Mb L: 7/516 MS: 2 ShuffleBytes-EraseBytes-
#1193	REDUCE cov: 61 ft: 208 corp: 62/4187b lim: 516 exec/s: 0 rss: 36Mb L: 152/516 MS: 5 InsertByte-InsertRepeatedBytes-ChangeBinInt-ChangeBinInt-EraseBytes-
#2193	REDUCE cov: 61 ft: 208 corp: 62/4186b lim: 525 exec/s: 0 rss: 36Mb L: 35/516 MS: 5 ChangeByte-ChangeByte-ShuffleBytes-ManualDict-EraseBytes- DE: "\000"-
#4059	REDUCE cov: 61 ft: 208 corp: 62/4184b lim: 543 exec/s: 0 rss: 37Mb L: 182/516 MS: 1 EraseBytes-
#4118	REDUCE cov: 61 ft: 208 corp: 62/4147b lim: 543 exec/s: 0 rss: 37Mb L: 145/516 MS: 4 ManualDict-CopyPart-ChangeBit-EraseBytes- DE: "\200"-
#4841	REDUCE cov: 61 ft: 208 corp: 62/4130b lim: 543 exec/s: 0 rss: 37Mb L: 135/516 MS: 3 InsertRepeatedBytes-ChangeBit-EraseBytes-
#4927	REDUCE cov: 61 ft: 208 corp: 62/4126b lim: 543 exec/s: 0 rss: 37Mb L: 141/516 MS: 1 EraseBytes-
#4975	REDUCE cov: 61 ft: 208 corp: 62/4116b lim: 543 exec/s: 0 rss: 37Mb L: 125/516 MS: 3 InsertByte-ShuffleBytes-CrossOver-
#6161	REDUCE cov: 61 ft: 208 corp: 62/4115b lim: 552 exec/s: 0 rss: 37Mb L: 6/516 MS: 1 EraseBytes-
#6377	REDUCE cov: 61 ft: 208 corp: 62/4059b lim: 552 exec/s: 0 rss: 37Mb L: 69/516 MS: 1 EraseBytes-
#6417	REDUCE cov: 61 ft: 208 corp: 62/4056b lim: 552 exec/s: 0 rss: 37Mb L: 181/516 MS: 5 PersAutoDict-ChangeBinInt-InsertRepeatedBytes-ShuffleBytes-EraseBytes- DE: "\377\377\377\377\377\377\377\377"-
#9641	REDUCE cov: 61 ft: 208 corp: 62/4046b lim: 579 exec/s: 0 rss: 38Mb L: 59/516 MS: 4 EraseBytes-ChangeBinInt-ChangeByte-CopyPart-
#10428	REDUCE cov: 61 ft: 208 corp: 62/4045b lim: 579 exec/s: 0 rss: 38Mb L: 58/516 MS: 2 CopyPart-EraseBytes-
#11440	REDUCE cov: 61 ft: 208 corp: 62/4037b lim: 588 exec/s: 0 rss: 38Mb L: 50/516 MS: 2 CopyPart-EraseBytes-
#12970	REDUCE cov: 61 ft: 208 corp: 62/4036b lim: 597 exec/s: 0 rss: 38Mb L: 274/516 MS: 5 InsertByte-CrossOver-ShuffleBytes-ChangeBit-EraseBytes-
#14773	REDUCE cov: 61 ft: 208 corp: 62/4031b lim: 606 exec/s: 0 rss: 39Mb L: 176/516 MS: 3 ManualDict-ChangeByte-EraseBytes- DE: "\377"-
#14940	REDUCE cov: 61 ft: 208 corp: 62/4022b lim: 606 exec/s: 0 rss: 39Mb L: 132/516 MS: 2 CMP-EraseBytes- DE: "\377\377\377\377\377\377\377\377"-
#18925	REDUCE cov: 61 ft: 208 corp: 62/4012b lim: 642 exec/s: 0 rss: 39Mb L: 166/516 MS: 5 ChangeBinInt-CopyPart-ManualDict-EraseBytes-CopyPart- DE: "\252\252\252\252\252\252\252\252"-
#20150	REDUCE cov: 61 ft: 208 corp: 62/4011b lim: 651 exec/s: 0 rss: 40Mb L: 131/516 MS: 5 PersAutoDict-ChangeBinInt-EraseBytes-CrossOver-CopyPart- DE: "\252\252\252\252\252\252\252\252"-
#23240	REDUCE cov: 61 ft: 208 corp: 62/4000b lim: 678 exec/s: 0 rss: 40Mb L: 263/516 MS: 5 CopyPart-CopyPart-ChangeBit-PersAutoDict-EraseBytes- DE: "\001"-
#27068	REDUCE cov: 61 ft: 208 corp: 62/3997b lim: 714 exec/s: 0 rss: 41Mb L: 260/516 MS: 3 ChangeBinInt-CrossOver-EraseBytes-
#29857	REDUCE cov: 61 ft: 208 corp: 62/3985b lim: 741 exec/s: 0 rss: 41Mb L: 154/516 MS: 4 CrossOver-InsertByte-CopyPart-EraseBytes-
#30188	REDUCE cov: 61 ft: 208 corp: 62/3983b lim: 741 exec/s: 0 rss: 41Mb L: 48/516 MS: 1 EraseBytes-
#30785	REDUCE cov: 61 ft: 208 corp: 62/3982b lim: 741 exec/s: 0 rss: 41Mb L: 47/516 MS: 2 PersAutoDict-EraseBytes- DE: "\377"-
#55067	REDUCE cov: 61 ft: 208 corp: 62/3981b lim: 975 exec/s: 0 rss: 45Mb L: 46/516 MS: 2 PersAutoDict-EraseBytes- DE: "\000"-
#68983	REDUCE cov: 61 ft: 208 corp: 62/3980b lim: 1109 exec/s: 0 rss: 47Mb L: 67/516 MS: 1 EraseBytes-
#113252	REDUCE cov: 61 ft: 208 corp: 62/3979b lim: 1549 exec/s: 0 rss: 54Mb L: 259/516 MS: 4 CrossOver-CrossOver-EraseBytes-InsertRepeatedBytes-
#193032	REDUCE cov: 61 ft: 208 corp: 62/3975b lim: 2335 exec/s: 0 rss: 66Mb L: 42/516 MS: 5 ChangeBit-EraseBytes-ChangeByte-ShuffleBytes-CrossOver-
#1048576	pulse  cov: 61 ft: 208 corp: 62/3975b lim: 4096 exec/s: 524288 rss: 194Mb
#2097152	pulse  cov: 61 ft: 208 corp: 62/3975b lim: 4096 exec/s: 419430 rss: 348Mb
#4194304	pulse  cov: 61 ft: 208 corp: 62/3975b lim: 4096 exec/s: 419430 rss: 481Mb
#8388608	pulse  cov: 61 ft: 208 corp: 62/3975b lim: 4096 exec/s: 399457 rss: 483Mb
#16777216	pulse  cov: 61 ft: 208 corp: 62/3975b lim: 4096 exec/s: 399457 rss: 484Mb
#24014644	DONE   cov: 61 ft: 208 corp: 62/3975b lim: 4096 exec/s: 393682 rss: 484Mb
Done 24014644 runs in 61 second(s)
stat::number_of_executed_units: 24014644
stat::average_exec_per_sec:     393682
stat::new_units_added:          32
stat::slowest_unit_time_sec:    0
stat::peak_rss_mb:              484
