Dictionary: 6 entries
INFO: Running with entropic power schedule (0xFF, 100).
INFO: Seed: 3081849708
INFO: Loaded 1 modules   (10418 inline 8-bit counters): 10418 [0x55e63716bae0, 0x55e63716e392), 
INFO: Loaded 1 PC tables (10418 PCs): 10418 [0x55e63716e398,0x55e637196eb8), 
INFO:       58 files found in /tmp/tmp.YcNVQMp6GT/corpus/fuzz_aes_gcm
INFO: seed corpus: files: 58 min: 1b max: 1970b total: 26981b rss: 33Mb
#8	pulse  cov: 882 ft: 898 corp: 6/228b exec/s: 4 rss: 38Mb
#16	pulse  cov: 911 ft: 1075 corp: 12/606b exec/s: 8 rss: 38Mb
#32	pulse  cov: 997 ft: 1249 corp: 26/2672b exec/s: 16 rss: 38Mb
#59	INITED cov: 1037 ft: 1689 corp: 48/19Kb exec/s: 29 rss: 39Mb
#64	pulse  cov: 1037 ft: 1689 corp: 48/19Kb lim: 1966 exec/s: 32 rss: 39Mb
#128	pulse  cov: 1037 ft: 1689 corp: 48/19Kb lim: 1966 exec/s: 64 rss: 40Mb
#256	pulse  cov: 1037 ft: 1689 corp: 48/19Kb lim: 1966 exec/s: 128 rss: 40Mb
#512	pulse  cov: 1037 ft: 1689 corp: 48/19Kb lim: 1966 exec/s: 256 rss: 41Mb
#714	REDUCE cov: 1037 ft: 1689 corp: 48/19Kb lim: 1966 exec/s: 357 rss: 42Mb L: 1009/1966 MS: 5 CrossOver-ManualDict-ManualDict-ManualDict-EraseBytes- DE: "\000\000\000\000\000\000\000\000\000\000\000\000"-"\000\000\000\001"-"\000\000\000\000\000\000\000\000\000\000\000\000\000\000\000\000"-
#984	REDUCE cov: 1037 ft: 1689 corp: 48/19Kb lim: 1966 exec/s: 492 rss: 42Mb L: 1841/1841 MS: 5 ChangeByte-ChangeByte-ChangeBit-ManualDict-EraseBytes- DE: "\000\000\000\000\000\000\000\000\000\000\000\000\000\000\000\000"-
#1024	pulse  cov: 1037 ft: 1689 corp: 48/19Kb lim: 1966 exec/s: 512 rss: 43Mb
#1185	REDUCE cov: 1037 ft: 1689 corp: 48/19Kb lim: 1966 exec/s: 592 rss: 43Mb L: 1615/1615 MS: 1 EraseBytes-
#1249	REDUCE cov: 1037 ft: 1689 corp: 48/19Kb lim: 1966 exec/s: 624 rss: 43Mb L: 1595/1595 MS: 4 EraseBytes-CopyPart-PersAutoDict-ManualDict- DE: "\000\000\000\000\000\000\000\000\000\000\000\000"-"\000\000\000\000\000\000\000\000\000\000\000\000\000\000\000\000\000\000\000\000\000\000\000\000\000\000\000\000\000\000\000\000"-
#2048	pulse  cov: 1037 ft: 1689 corp: 48/19Kb lim: 1966 exec/s: 1024 rss: 45Mb
#4096	pulse  cov: 1037 ft: 1689 corp: 48/19Kb lim: 1986 exec/s: 2048 rss: 48Mb
#5796	REDUCE cov: 1037 ft: 1689 corp: 48/19Kb lim: 2006 exec/s: 2898 rss: 51Mb L: 557/1595 MS: 2 CrossOver-EraseBytes-
#8192	pulse  cov: 1037 ft: 1689 corp: 48/19Kb lim: 2026 exec/s: 4096 rss: 55Mb
#11949	REDUCE cov: 1037 ft: 1689 corp: 48/19Kb lim: 2067 exec/s: 5974 rss: 61Mb L: 577/1595 MS: 3 InsertByte-ChangeBit-EraseBytes-
#12737	NEW    cov: 1037 ft: 1691 corp: 49/21Kb lim: 2067 exec/s: 6368 rss: 63Mb L: 2043/2043 MS: 3 CopyPart-CopyPart-CrossOver-
#13021	REDUCE cov: 1037 ft: 1691 corp: 49/21Kb lim: 2067 exec/s: 6510 rss: 63Mb L: 1336/2043 MS: 4 CMP-InsertRepeatedBytes-InsertByte-EraseBytes- DE: "9\376P\2556\177\000\000"-
#13150	REDUCE cov: 1037 ft: 1691 corp: 49/21Kb lim: 2067 exec/s: 6575 rss: 64Mb L: 909/2043 MS: 4 InsertRepeatedBytes-ChangeBinInt-ChangeBit-EraseBytes-
#13576	REDUCE cov: 1037 ft: 1691 corp: 49/21Kb lim: 2067 exec/s: 6788 rss: 64Mb L: 569/2043 MS: 1 EraseBytes-
#16384	pulse  cov: 1037 ft: 1691 corp: 49/21Kb lim: 2089 exec/s: 8192 rss: 69Mb
#17499	NEW    cov: 1037 ft: 1693 corp: 50/23Kb lim: 2100 exec/s: 8749 rss: 71Mb L: 2096/2096 MS: 3 CrossOver-ChangeBinInt-InsertRepeatedBytes-
#17670	NEW    cov: 1037 ft: 1695 corp: 51/25Kb lim: 2100 exec/s: 8835 rss: 72Mb L: 2097/2097 MS: 1 InsertByte-
#19695	NEW    cov: 1037 ft: 1719 corp: 52/27Kb lim: 2111 exec/s: 6565 rss: 75Mb L: 2093/2097 MS: 5 EraseBytes-InsertByte-CrossOver-ChangeByte-InsertRepeatedBytes-
#19991	NEW    cov: 1038 ft: 1720 corp: 53/29Kb lim: 2111 exec/s: 6663 rss: 76Mb L: 2108/2108 MS: 1 CrossOver-
#20715	REDUCE cov: 1038 ft: 1720 corp: 53/29Kb lim: 2111 exec/s: 6905 rss: 77Mb L: 1334/2108 MS: 4 ChangeBit-ChangeASCIIInt-InsertByte-EraseBytes-
#22639	REDUCE cov: 1038 ft: 1720 corp: 53/29Kb lim: 2122 exec/s: 7546 rss: 82Mb L: 565/2108 MS: 4 ChangeByte-CMP-CrossOver-EraseBytes- DE: "\000\000\1776\255]\276;"-
#25844	REDUCE cov: 1038 ft: 1720 corp: 53/29Kb lim: 2144 exec/s: 8614 rss: 89Mb L: 2094/2097 MS: 5 ManualDict-ChangeASCIIInt-EraseBytes-InsertRepeatedBytes-CMP- DE: "\000\000\000\000\000\000\000\000\000\000\000\000\000\000\000\000\000\000\000\000\000\000\000\000\000\000\000\000\000\000\000\000"-"\001\000\1776\255]\2761"-
#26189	REDUCE cov: 1038 ft: 1720 corp: 53/29Kb lim: 2144 exec/s: 8729 rss: 89Mb L: 2034/2097 MS: 5 InsertRepeatedBytes-ShuffleBytes-InsertRepeatedBytes-CopyPart-EraseBytes-
#26198	REDUCE cov: 1038 ft: 1720 corp: 53/29Kb lim: 2144 exec/s: 8732 rss: 90Mb L: 130/2097 MS: 4 ShuffleBytes-ManualDict-EraseBytes-InsertRepeatedBytes- DE: "\000\000\000\000\000\000\000\000\000\000\000\000"-
#28886	REDUCE cov: 1038 ft: 1720 corp: 53/29Kb lim: 2166 exec/s: 9628 rss: 95Mb L: 77/2097 MS: 3 EraseBytes-ChangeBinInt-PersAutoDict- DE: "\000\000\000\001"-
#29441	REDUCE cov: 1038 ft: 1720 corp: 53/29Kb lim: 2166 exec/s: 9813 rss: 96Mb L: 1327/2097 MS: 5 InsertByte-CopyPart-PersAutoDict-InsertByte-CrossOver- DE: "\000\000\000\000\000\000\000\000\000\000\000\000\000\000\000\000"-
#32768	pulse  cov: 1038 ft: 1720 corp: 53/29Kb lim: 2199 exec/s: 10922 rss: 103Mb
#36268	NEW    cov: 1039 ft: 1721 corp: 54/31Kb lim: 2232 exec/s: 12089 rss: 112Mb L: 2119/2119 MS: 3 ChangeBinInt-ChangeBinInt-CrossOver-
#40483	REDUCE cov: 1039 ft: 1721 corp: 54/31Kb lim: 2265 exec/s: 13494 rss: 123Mb L: 2111/2111 MS: 5 ShuffleBytes-ChangeBit-ChangeByte-ShuffleBytes-EraseBytes-
#44223	REDUCE cov: 1039 ft: 1721 corp: 54/31Kb lim: 2298 exec/s: 14741 rss: 132Mb L: 562/2111 MS: 5 EraseBytes-ManualDict-InsertRepeatedBytes-InsertByte-ManualDict- DE: "\000\000\000\001"-"\000\000\000\001"-
#55172	REDUCE cov: 1039 ft: 1721 corp: 54/31Kb lim: 2397 exec/s: 13793 rss: 157Mb L: 902/2111 MS: 4 ChangeBinInt-ChangeASCIIInt-EraseBytes-CopyPart-
#59717	REDUCE cov: 1039 ft: 1721 corp: 54/31Kb lim: 2441 exec/s: 14929 rss: 167Mb L: 1587/2111 MS: 5 CopyPart-EraseBytes-ChangeByte-ManualDict-ManualDict- DE: "\000\000\000\001"-"\000\000\000\000\000\000\000\000\000\000\000\000\000\000\000\000\000\000\000\000\000\000\000\000\000\000\000\000\000\000\000\000"-
#65536	pulse  cov: 1039 ft: 1721 corp: 54/31Kb lim: 2496 exec/s: 16384 rss: 179Mb
#72787	REDUCE cov: 1039 ft: 1721 corp: 54/31Kb lim: 2562 exec/s: 18196 rss: 196Mb L: 561/2111 MS: 4 CrossOver-ChangeBinInt-ShuffleBytes-ManualDict- DE: "\000\000\000\000\000\000\000\000\000\000\000\000\000\000\000\000"-
#74148	REDUCE cov: 1039 ft: 1721 corp: 54/31Kb lim: 2573 exec/s: 18537 rss: 199Mb L: 445/2111 MS: 1 EraseBytes-
#75623	REDUCE cov: 1039 ft: 1721 corp: 54/31Kb lim: 2584 exec/s: 18905 rss: 203Mb L: 1581/2111 MS: 5 InsertByte-InsertRepeatedBytes-InsertRepeatedBytes-CrossOver-EraseBytes-
#90512	REDUCE cov: 1039 ft: 1721 corp: 54/31Kb lim: 2727 exec/s: 18102 rss: 235Mb L: 497/2111 MS: 4 PersAutoDict-ManualDict-ChangeBinInt-EraseBytes- DE: "9\376P\2556\177\000\000"-"\377\377\377\377"-
#98323	NEW    cov: 1039 ft: 1739 corp: 55/34Kb lim: 2804 exec/s: 19664 rss: 252Mb L: 2781/2781 MS: 1 CopyPart-
#110545	REDUCE cov: 1039 ft: 1739 corp: 55/34Kb lim: 2925 exec/s: 22109 rss: 283Mb L: 2110/2781 MS: 5 ChangeASCIIInt-CrossOver-InsertByte-InsertByte-CrossOver-
#117433	NEW    cov: 1039 ft: 1777 corp: 56/36Kb lim: 2991 exec/s: 23486 rss: 300Mb L: 2973/2973 MS: 3 CopyPart-InsertRepeatedBytes-ManualDict- DE: "\000\000\000\000\000\000\000\000\000\000\000\000\000\000\000\000\000\000\000\000\000\000\000\000\000\000\000\000\000\000\000\000"-
#120820	REDUCE cov: 1039 ft: 1777 corp: 56/36Kb lim: 3024 exec/s: 24164 rss: 310Mb L: 2970/2970 MS: 2 EraseBytes-CopyPart-
#121656	REDUCE cov: 1039 ft: 1777 corp: 56/36Kb lim: 3024 exec/s: 24331 rss: 312Mb L: 901/2970 MS: 1 EraseBytes-
#123604	REDUCE cov: 1039 ft: 1777 corp: 56/36Kb lim: 3035 exec/s: 24720 rss: 317Mb L: 2966/2966 MS: 3 ChangeBit-ManualDict-EraseBytes- DE: "\000\000\000\000\000\000\000\000\000\000\000\000\000\000\000\000"-
#128771	REDUCE cov: 1039 ft: 1777 corp: 56/36Kb lim: 3079 exec/s: 21461 rss: 331Mb L: 2950/2950 MS: 2 ShuffleBytes-EraseBytes-
#131072	pulse  cov: 1039 ft: 1777 corp: 56/36Kb lim: 3101 exec/s: 21845 rss: 337Mb
#135389	NEW    cov: 1039 ft: 1778 corp: 57/40Kb lim: 3134 exec/s: 22564 rss: 349Mb L: 3121/3121 MS: 3 ChangeBinInt-ChangeBinInt-CopyPart-
#183819	REDUCE cov: 1039 ft: 1778 corp: 57/40Kb lim: 3607 exec/s: 26259 rss: 423Mb L: 2949/3121 MS: 5 PersAutoDict-CrossOver-InsertByte-ChangeASCIIInt-EraseBytes- DE: "\000\000\000\001"-
#189839	REDUCE cov: 1039 ft: 1778 corp: 57/40Kb lim: 3662 exec/s: 27119 rss: 423Mb L: 1580/3121 MS: 5 EraseBytes-ManualDict-InsertByte-CopyPart-InsertRepeatedBytes- DE: "\000\000\000\001"-
#221719	REDUCE cov: 1039 ft: 1778 corp: 57/40Kb lim: 3970 exec/s: 27714 rss: 435Mb L: 2776/3121 MS: 5 CopyPart-ChangeBinInt-ShuffleBytes-InsertByte-EraseBytes-
#222654	REDUCE cov: 1039 ft: 1778 corp: 57/39Kb lim: 3970 exec/s: 27831 rss: 435Mb L: 3116/3116 MS: 5 ChangeBinInt-ManualDict-InsertRepeatedBytes-EraseBytes-CrossOver- DE: "\000\000\000\000\000\000\000\000\000\000\000\000"-
#225134	REDUCE cov: 1039 ft: 1778 corp: 57/39Kb lim: 3992 exec/s: 28141 rss: 435Mb L: 1410/3116 MS: 5 EraseBytes-ShuffleBytes-CopyPart-InsertRepeatedBytes-InsertByte-
#231744	REDUCE cov: 1039 ft: 1778 corp: 57/39Kb lim: 4047 exec/s: 28968 rss: 439Mb L: 1325/3116 MS: 5 PersAutoDict-InsertByte-EraseBytes-CopyPart-CMP- DE: "\000\000\000\001"-"\377\377~6\255W\006?"-
#252439	REDUCE cov: 1039 ft: 1778 corp: 57/39Kb lim: 4096 exec/s: 28048 rss: 442Mb L: 2095/3116 MS: 5 CrossOver-ChangeBinInt-ShuffleBytes-CrossOver-EraseBytes-
#262144	pulse  cov: 1039 ft: 1778 corp: 57/39Kb lim: 4096 exec/s: 29127 rss: 443Mb
#290480	REDUCE cov: 1039 ft: 1778 corp: 57/39Kb lim: 4096 exec/s: 29048 rss: 446Mb L: 1347/3116 MS: 1 EraseBytes-
#301340	REDUCE cov: 1039 ft: 1778 corp: 57/39Kb lim: 4096 exec/s: 30134 rss: 446Mb L: 2093/3116 MS: 5 CopyPart-ChangeBinInt-ChangeByte-EraseBytes-InsertByte-
#313235	REDUCE cov: 1039 ft: 1778 corp: 57/39Kb lim: 4096 exec/s: 28475 rss: 447Mb L: 2946/3116 MS: 5 ChangeByte-CMP-ChangeBinInt-EraseBytes-InsertByte- DE: "\377\032"-
#384513	REDUCE cov: 1039 ft: 1778 corp: 57/39Kb lim: 4096 exec/s: 29577 rss: 448Mb L: 899/3116 MS: 3 ManualDict-EraseBytes-CMP- DE: "\000\000\000\000\000\000\000\000\000\000\000\000\000\000\000\000\000\000\000\000\000\000\000\000\000\000\000\000\000\000\000\000"-"\377\021"-
#524288	pulse  cov: 1039 ft: 1778 corp: 57/39Kb lim: 4096 exec/s: 32768 rss: 448Mb
#639995	REDUCE cov: 1039 ft: 1778 corp: 57/39Kb lim: 4096 exec/s: 33683 rss: 448Mb L: 898/3116 MS: 2 PersAutoDict-EraseBytes- DE: "\001\000\1776\255]\2761"-
#666830	REDUCE cov: 1039 ft: 1778 corp: 57/39Kb lim: 4096 exec/s: 35096 rss: 448Mb L: 2033/3116 MS: 4 ChangeBinInt-EraseBytes-CopyPart-PersAutoDict- DE: "\000\000\000\000\000\000\000\000\000\000\000\000\000\000\000\000\000\000\000\000\000\000\000\000\000\000\000\000\000\000\000\000"-
#1048576	pulse  cov: 1039 ft: 1778 corp: 57/39Kb lim: 4096 exec/s: 36157 rss: 448Mb
#1060878	REDUCE cov: 1039 ft: 1778 corp: 57/39Kb lim: 4096 exec/s: 36582 rss: 448Mb L: 2775/3116 MS: 3 CopyPart-CrossOver-EraseBytes-
#2097152	pulse  cov: 1039 ft: 1778 corp: 57/39Kb lim: 4096 exec/s: 36792 rss: 448Mb
#2231133	DONE   cov: 1039 ft: 1778 corp: 57/39Kb lim: 4096 exec/s: 36575 rss: 448Mb
###### Recommended dictionary. ######
"9\376P\2556\177\000\000" # Uses: 17840
"\000\000\1776\255]\276;" # Uses: 17382
"\001\000\1776\255]\2761" # Uses: 17328
"\377\377~6\255W\006?" # Uses: 15191
"\377\032" # Uses: 14467
"\377\021" # Uses: 13891
###### End of recommended dictionary. ######
Done 2231133 runs in 61 second(s)
stat::number_of_executed_units: 2231133
stat::average_exec_per_sec:     36575
stat::new_units_added:          52
stat::slowest_unit_time_sec:    0
stat::peak_rss_mb:              448
