Dictionary: 3 entries
INFO: Running with entropic power schedule (0xFF, 100).
INFO: Seed: 2982619742
INFO: Loaded 1 modules   (11025 inline 8-bit counters): 11025 [0x556db60e69b0, 0x556db60e94c1), 
INFO: Loaded 1 PC tables (11025 PCs): 11025 [0x556db60e94c8,0x556db61145d8), 
INFO:       44 files found in /tmp/tmp.YcNVQMp6GT/corpus/fuzz_hkdf
INFO: seed corpus: files: 44 min: 1b max: 150b total: 1599b rss: 33Mb
#4	pulse  cov: 835 ft: 1033 corp: 2/6b exec/s: 2 rss: 38Mb
#8	pulse  cov: 842 ft: 1260 corp: 6/26b exec/s: 4 rss: 38Mb
#16	pulse  cov: 843 ft: 1270 corp: 8/38b exec/s: 8 rss: 38Mb
#32	pulse  cov: 843 ft: 1284 corp: 13/163b exec/s: 16 rss: 39Mb
#45	INITED cov: 843 ft: 1312 corp: 24/1151b exec/s: 22 rss: 39Mb
#64	pulse  cov: 843 ft: 1312 corp: 24/1151b lim: 150 exec/s: 32 rss: 40Mb
#66	NEW    cov: 843 ft: 1313 corp: 25/1189b lim: 150 exec/s: 33 rss: 40Mb L: 38/150 MS: 1 EraseBytes-
#128	pulse  cov: 843 ft: 1313 corp: 25/1189b lim: 150 exec/s: 64 rss: 40Mb
#157	REDUCE cov: 843 ft: 1313 corp: 25/1187b lim: 150 exec/s: 78 rss: 41Mb L: 32/150 MS: 1 EraseBytes-
#173	NEW    cov: 843 ft: 1314 corp: 26/1203b lim: 150 exec/s: 86 rss: 41Mb L: 16/150 MS: 1 CrossOver-
#227	NEW    cov: 843 ft: 1315 corp: 27/1299b lim: 150 exec/s: 113 rss: 41Mb L: 96/150 MS: 4 InsertByte-ManualDict-ChangeBinInt-InsertRepeatedBytes- DE: "\000\000\000\000\000\000\000\000\000\000\000\000\000\000\000\000\000\000\000\000\000\000\000\000\000\000\000\000\000\000\000\000"-
#256	pulse  cov: 843 ft: 1315 corp: 27/1299b lim: 150 exec/s: 128 rss: 41Mb
#408	NEW    cov: 843 ft: 1316 corp: 28/1306b lim: 150 exec/s: 204 rss: 41Mb L: 7/150 MS: 1 CopyPart-
#412	REDUCE cov: 843 ft: 1316 corp: 28/1305b lim: 150 exec/s: 206 rss: 41Mb L: 31/150 MS: 4 CrossOver-ChangeBinInt-ShuffleBytes-EraseBytes-
#460	REDUCE cov: 843 ft: 1316 corp: 28/1296b lim: 150 exec/s: 230 rss: 41Mb L: 87/150 MS: 3 ChangeByte-ManualDict-EraseBytes- DE: "test"-
#512	pulse  cov: 843 ft: 1316 corp: 28/1296b lim: 150 exec/s: 256 rss: 41Mb
#1024	pulse  cov: 843 ft: 1316 corp: 28/1296b lim: 150 exec/s: 512 rss: 41Mb
#1487	REDUCE cov: 843 ft: 1316 corp: 28/1283b lim: 157 exec/s: 743 rss: 41Mb L: 74/150 MS: 2 ManualDict-EraseBytes- DE: "\000\000\000\000\000\000\000\000\000\000\000\000\000\000\000\000\000\000\000\000\000\000\000\000\000\000\000\000\000\000\000\000"-
#1565	REDUCE cov: 843 ft: 1316 corp: 28/1282b lim: 157 exec/s: 782 rss: 42Mb L: 116/150 MS: 3 EraseBytes-ShuffleBytes-InsertByte-
#1638	REDUCE cov: 843 ft: 1316 corp: 28/1281b lim: 157 exec/s: 546 rss: 42Mb L: 73/150 MS: 3 ManualDict-InsertByte-EraseBytes- DE: "test"-
#1704	REDUCE cov: 843 ft: 1316 corp: 28/1280b lim: 157 exec/s: 568 rss: 42Mb L: 30/150 MS: 1 EraseBytes-
#1833	REDUCE cov: 843 ft: 1316 corp: 28/1275b lim: 157 exec/s: 611 rss: 42Mb L: 68/150 MS: 4 EraseBytes-InsertByte-InsertRepeatedBytes-CrossOver-
#2048	pulse  cov: 843 ft: 1316 corp: 28/1275b lim: 157 exec/s: 682 rss: 42Mb
#2200	REDUCE cov: 843 ft: 1316 corp: 28/1268b lim: 157 exec/s: 733 rss: 42Mb L: 61/150 MS: 2 ChangeBit-CrossOver-
#2473	REDUCE cov: 843 ft: 1316 corp: 28/1260b lim: 157 exec/s: 824 rss: 42Mb L: 30/150 MS: 3 InsertByte-InsertByte-EraseBytes-
#2521	REDUCE cov: 843 ft: 1316 corp: 28/1250b lim: 157 exec/s: 840 rss: 42Mb L: 51/150 MS: 3 InsertByte-EraseBytes-CMP- DE: "\000\000\000\010"-
#2830	NEW    cov: 843 ft: 1317 corp: 29/1356b lim: 157 exec/s: 943 rss: 42Mb L: 106/150 MS: 4 CMP-EraseBytes-InsertByte-InsertByte- DE: "\027\000"-
#4096	pulse  cov: 843 ft: 1317 corp: 29/1356b lim: 164 exec/s: 1365 rss: 42Mb
#4601	REDUCE cov: 843 ft: 1317 corp: 29/1354b lim: 171 exec/s: 1533 rss: 43Mb L: 39/150 MS: 2 PersAutoDict-EraseBytes- DE: "test"-
#7750	REDUCE cov: 843 ft: 1317 corp: 29/1353b lim: 199 exec/s: 1937 rss: 43Mb L: 50/150 MS: 4 CopyPart-ShuffleBytes-EraseBytes-CopyPart-
#8192	pulse  cov: 843 ft: 1317 corp: 29/1353b lim: 199 exec/s: 2048 rss: 44Mb
#10743	REDUCE cov: 843 ft: 1317 corp: 29/1351b lim: 227 exec/s: 2148 rss: 44Mb L: 48/150 MS: 3 EraseBytes-CMP-CopyPart- DE: "\031\000"-
#12052	NEW    cov: 845 ft: 1319 corp: 30/1581b lim: 234 exec/s: 2410 rss: 44Mb L: 230/230 MS: 4 CopyPart-InsertRepeatedBytes-ChangeBit-CopyPart-
#13743	NEW    cov: 846 ft: 1320 corp: 31/1829b lim: 248 exec/s: 2748 rss: 45Mb L: 248/248 MS: 1 CopyPart-
#14355	REDUCE cov: 846 ft: 1320 corp: 31/1824b lim: 248 exec/s: 2392 rss: 45Mb L: 243/243 MS: 2 ChangeBit-EraseBytes-
#16384	pulse  cov: 846 ft: 1320 corp: 31/1824b lim: 262 exec/s: 2730 rss: 45Mb
#17480	NEW    cov: 846 ft: 1321 corp: 32/2102b lim: 278 exec/s: 2497 rss: 46Mb L: 278/278 MS: 5 CopyPart-CMP-InsertRepeatedBytes-InsertRepeatedBytes-InsertRepeatedBytes- DE: "\001\000\177\307W\377\021\340"-
#17504	REDUCE cov: 846 ft: 1321 corp: 32/2100b lim: 278 exec/s: 2500 rss: 46Mb L: 276/276 MS: 4 EraseBytes-CopyPart-InsertRepeatedBytes-InsertRepeatedBytes-
#18054	NEW    cov: 846 ft: 1322 corp: 33/2377b lim: 278 exec/s: 2579 rss: 46Mb L: 277/277 MS: 5 InsertByte-CrossOver-CrossOver-CrossOver-CrossOver-
#18381	REDUCE cov: 846 ft: 1322 corp: 33/2376b lim: 278 exec/s: 2625 rss: 46Mb L: 275/277 MS: 2 CopyPart-EraseBytes-
#19606	NEW    cov: 846 ft: 1323 corp: 34/2657b lim: 286 exec/s: 2800 rss: 46Mb L: 281/281 MS: 5 ShuffleBytes-ManualDict-InsertRepeatedBytes-CopyPart-CopyPart- DE: "derive"-
#20005	REDUCE cov: 846 ft: 1323 corp: 34/2644b lim: 286 exec/s: 2857 rss: 47Mb L: 268/277 MS: 4 CopyPart-ChangeBit-ChangeBinInt-EraseBytes-
#20554	REDUCE cov: 846 ft: 1323 corp: 34/2643b lim: 286 exec/s: 2936 rss: 47Mb L: 67/277 MS: 4 ChangeBit-ChangeByte-InsertRepeatedBytes-EraseBytes-
#20998	REDUCE cov: 846 ft: 1323 corp: 34/2633b lim: 286 exec/s: 2624 rss: 47Mb L: 258/277 MS: 4 CrossOver-PersAutoDict-InsertByte-InsertRepeatedBytes- DE: "\001\000\177\307W\377\021\340"-
#21473	NEW    cov: 846 ft: 1324 corp: 35/2910b lim: 286 exec/s: 2684 rss: 47Mb L: 277/277 MS: 5 ShuffleBytes-ManualDict-CopyPart-ManualDict-CrossOver- DE: "derive"-"test"-
	NEW_FUNC[1/2]: 0x556db5fe16d8 in ama_sha3_256 /home/user/AMA-Cryptography/src/c/ama_sha3.c:273
	NEW_FUNC[2/2]: 0x556db5fe1e68 in keccak_absorb /home/user/AMA-Cryptography/src/c/ama_sha3.c:244
#21707	REDUCE cov: 869 ft: 1348 corp: 36/3193b lim: 286 exec/s: 2713 rss: 47Mb L: 283/283 MS: 4 ChangeBinInt-InsertRepeatedBytes-PersAutoDict-InsertRepeatedBytes- DE: "\027\000"-
#22122	REDUCE cov: 869 ft: 1348 corp: 36/3191b lim: 286 exec/s: 2765 rss: 47Mb L: 281/281 MS: 5 ChangeByte-ShuffleBytes-CopyPart-CrossOver-InsertRepeatedBytes-
#23771	REDUCE cov: 869 ft: 1348 corp: 36/3190b lim: 302 exec/s: 2971 rss: 48Mb L: 257/281 MS: 4 ShuffleBytes-ManualDict-CMP-EraseBytes- DE: "derive"-"\011\000"-
#25323	REDUCE cov: 869 ft: 1348 corp: 36/3189b lim: 310 exec/s: 2813 rss: 49Mb L: 107/281 MS: 2 ChangeBinInt-EraseBytes-
#27257	REDUCE cov: 869 ft: 1348 corp: 36/3186b lim: 326 exec/s: 3028 rss: 49Mb L: 227/281 MS: 4 ManualDict-EraseBytes-CopyPart-CrossOver- DE: "derive"-
#27260	REDUCE cov: 869 ft: 1348 corp: 36/3184b lim: 326 exec/s: 3028 rss: 49Mb L: 279/279 MS: 3 InsertRepeatedBytes-CMP-EraseBytes- DE: "\031\000\000\000"-
#32768	pulse  cov: 869 ft: 1348 corp: 36/3184b lim: 374 exec/s: 2978 rss: 51Mb
#34922	NEW    cov: 869 ft: 1349 corp: 37/3576b lim: 398 exec/s: 2910 rss: 52Mb L: 392/392 MS: 2 CrossOver-CopyPart-
#35356	REDUCE cov: 869 ft: 1349 corp: 37/3575b lim: 398 exec/s: 2946 rss: 52Mb L: 106/392 MS: 4 PersAutoDict-PersAutoDict-InsertByte-EraseBytes- DE: "\000\000\000\010"-"\000\000\000\000\000\000\000\000\000\000\000\000\000\000\000\000\000\000\000\000\000\000\000\000\000\000\000\000\000\000\000\000"-
#35473	REDUCE cov: 869 ft: 1349 corp: 37/3490b lim: 398 exec/s: 2956 rss: 52Mb L: 307/307 MS: 2 CMP-EraseBytes- DE: "\030\000"-
#36025	REDUCE cov: 869 ft: 1349 corp: 37/3486b lim: 398 exec/s: 3002 rss: 53Mb L: 303/303 MS: 2 EraseBytes-CopyPart-
#37244	REDUCE cov: 869 ft: 1349 corp: 37/3478b lim: 406 exec/s: 2864 rss: 53Mb L: 295/295 MS: 4 EraseBytes-InsertRepeatedBytes-EraseBytes-PersAutoDict- DE: "derive"-
#38403	REDUCE cov: 869 ft: 1349 corp: 37/3477b lim: 414 exec/s: 2954 rss: 54Mb L: 276/295 MS: 4 ChangeBit-ChangeBinInt-CopyPart-EraseBytes-
#40471	REDUCE cov: 869 ft: 1350 corp: 38/3905b lim: 430 exec/s: 3113 rss: 54Mb L: 428/428 MS: 3 ManualDict-ChangeByte-CopyPart- DE: "\000\000\000\000\000\000\000\000\000\000\000\000\000\000\000\000\000\000\000\000\000\000\000\000\000\000\000\000\000\000\000\000"-
#41041	REDUCE cov: 869 ft: 1350 corp: 38/3903b lim: 430 exec/s: 2931 rss: 55Mb L: 28/428 MS: 5 CrossOver-InsertByte-CopyPart-InsertByte-EraseBytes-
#41822	REDUCE cov: 869 ft: 1350 corp: 38/3900b lim: 430 exec/s: 2987 rss: 55Mb L: 25/428 MS: 1 EraseBytes-
#42238	REDUCE cov: 869 ft: 1350 corp: 38/3897b lim: 430 exec/s: 3017 rss: 55Mb L: 22/428 MS: 1 EraseBytes-
#42710	REDUCE cov: 869 ft: 1350 corp: 38/3889b lim: 430 exec/s: 3050 rss: 56Mb L: 420/420 MS: 5 ChangeByte-EraseBytes-ChangeASCIIInt-ShuffleBytes-InsertRepeatedBytes-
#43877	REDUCE cov: 869 ft: 1350 corp: 38/3888b lim: 438 exec/s: 2925 rss: 56Mb L: 6/420 MS: 2 EraseBytes-ChangeBit-
#45404	REDUCE cov: 869 ft: 1350 corp: 38/3881b lim: 446 exec/s: 3026 rss: 57Mb L: 413/413 MS: 2 ChangeASCIIInt-EraseBytes-
#47828	REDUCE cov: 869 ft: 1350 corp: 38/3879b lim: 470 exec/s: 2989 rss: 58Mb L: 411/411 MS: 2 EraseBytes-PersAutoDict- DE: "\011\000"-
#48637	REDUCE cov: 869 ft: 1350 corp: 38/3878b lim: 478 exec/s: 3039 rss: 58Mb L: 106/411 MS: 4 ManualDict-EraseBytes-CopyPart-ManualDict- DE: "derive"-"derive"-
#53951	REDUCE cov: 869 ft: 1351 corp: 39/4404b lim: 527 exec/s: 3173 rss: 61Mb L: 526/526 MS: 4 ShuffleBytes-PersAutoDict-PersAutoDict-InsertRepeatedBytes- DE: "\027\000"-"derive"-
#56740	REDUCE cov: 871 ft: 1358 corp: 40/4955b lim: 554 exec/s: 3152 rss: 62Mb L: 551/551 MS: 4 InsertByte-CopyPart-InsertByte-InsertRepeatedBytes-
#58088	REDUCE cov: 871 ft: 1358 corp: 40/4950b lim: 563 exec/s: 3227 rss: 63Mb L: 252/551 MS: 3 EraseBytes-PersAutoDict-InsertByte- DE: "\031\000\000\000"-
#61120	REDUCE cov: 871 ft: 1358 corp: 40/4949b lim: 590 exec/s: 3216 rss: 64Mb L: 410/551 MS: 2 ChangeBit-EraseBytes-
#61557	REDUCE cov: 871 ft: 1358 corp: 40/4948b lim: 590 exec/s: 3239 rss: 65Mb L: 242/551 MS: 2 InsertRepeatedBytes-EraseBytes-
#63336	REDUCE cov: 871 ft: 1358 corp: 40/4946b lim: 599 exec/s: 3166 rss: 66Mb L: 524/551 MS: 4 InsertRepeatedBytes-EraseBytes-ChangeASCIIInt-InsertRepeatedBytes-
#64616	REDUCE cov: 871 ft: 1358 corp: 40/4942b lim: 608 exec/s: 3230 rss: 66Mb L: 520/551 MS: 5 ChangeASCIIInt-EraseBytes-ChangeASCIIInt-InsertRepeatedBytes-InsertRepeatedBytes-
#65536	pulse  cov: 871 ft: 1358 corp: 40/4942b lim: 617 exec/s: 3276 rss: 67Mb
#67125	REDUCE cov: 871 ft: 1358 corp: 40/4941b lim: 626 exec/s: 3196 rss: 68Mb L: 550/550 MS: 4 ChangeBit-CrossOver-ChangeByte-ManualDict- DE: "derive"-
#68918	REDUCE cov: 871 ft: 1358 corp: 40/4935b lim: 635 exec/s: 3281 rss: 69Mb L: 514/550 MS: 3 InsertByte-ChangeByte-EraseBytes-
#70558	REDUCE cov: 871 ft: 1358 corp: 40/4933b lim: 644 exec/s: 3207 rss: 70Mb L: 46/550 MS: 5 ChangeBit-InsertByte-EraseBytes-ChangeBinInt-ChangeBit-
#70821	REDUCE cov: 871 ft: 1358 corp: 40/4932b lim: 644 exec/s: 3219 rss: 70Mb L: 45/550 MS: 3 CopyPart-ChangeByte-EraseBytes-
#73659	REDUCE cov: 871 ft: 1358 corp: 40/4931b lim: 671 exec/s: 3202 rss: 72Mb L: 294/550 MS: 3 EraseBytes-InsertByte-ManualDict- DE: "derive"-
#75424	REDUCE cov: 871 ft: 1358 corp: 40/4928b lim: 680 exec/s: 3279 rss: 73Mb L: 42/550 MS: 5 ChangeByte-CrossOver-InsertRepeatedBytes-ChangeBit-EraseBytes-
#76355	REDUCE cov: 871 ft: 1358 corp: 40/4926b lim: 689 exec/s: 3181 rss: 74Mb L: 40/550 MS: 1 EraseBytes-
#76878	REDUCE cov: 871 ft: 1358 corp: 40/4924b lim: 689 exec/s: 3203 rss: 74Mb L: 274/550 MS: 3 ChangeBinInt-CopyPart-EraseBytes-
#87908	REDUCE cov: 871 ft: 1358 corp: 40/4910b lim: 797 exec/s: 3255 rss: 81Mb L: 36/550 MS: 5 CrossOver-ShuffleBytes-ShuffleBytes-EraseBytes-ChangeByte-
#89541	NEW    cov: 871 ft: 1372 corp: 41/5708b lim: 806 exec/s: 3197 rss: 82Mb L: 798/798 MS: 3 CrossOver-CopyPart-CrossOver-
#90102	REDUCE cov: 871 ft: 1372 corp: 41/5703b lim: 806 exec/s: 3217 rss: 82Mb L: 31/798 MS: 1 EraseBytes-
#90370	REDUCE cov: 871 ft: 1372 corp: 41/5702b lim: 806 exec/s: 3227 rss: 82Mb L: 30/798 MS: 2 ChangeByte-EraseBytes-
#93450	REDUCE cov: 871 ft: 1373 corp: 42/6532b lim: 833 exec/s: 3222 rss: 84Mb L: 830/830 MS: 5 ShuffleBytes-ManualDict-PersAutoDict-ChangeBinInt-CrossOver- DE: "\000\000\000\000\000\000\000\000\000\000\000\000\000\000\000\000\000\000\000\000\000\000\000\000\000\000\000\000\000\000\000\000"-"\000\000\000\010"-
#97171	REDUCE cov: 871 ft: 1373 corp: 42/6522b lim: 869 exec/s: 3239 rss: 87Mb L: 788/830 MS: 5 InsertByte-EraseBytes-CopyPart-ChangeASCIIInt-ManualDict- DE: "test"-
#100358	REDUCE cov: 871 ft: 1373 corp: 42/6520b lim: 896 exec/s: 3237 rss: 89Mb L: 292/830 MS: 2 ManualDict-EraseBytes- DE: "derive"-
#103942	REDUCE cov: 871 ft: 1373 corp: 42/6515b lim: 923 exec/s: 3248 rss: 91Mb L: 825/825 MS: 4 ManualDict-PersAutoDict-CrossOver-EraseBytes- DE: "test"-"\031\000"-
#111286	REDUCE cov: 871 ft: 1373 corp: 42/6514b lim: 995 exec/s: 3273 rss: 96Mb L: 29/825 MS: 4 EraseBytes-PersAutoDict-EraseBytes-CrossOver- DE: "\031\000"-
#111436	REDUCE cov: 871 ft: 1373 corp: 42/6513b lim: 995 exec/s: 3277 rss: 96Mb L: 787/825 MS: 5 ShuffleBytes-InsertByte-InsertRepeatedBytes-EraseBytes-CMP- DE: "\377\377~\307W\362\305\340"-
#113696	REDUCE cov: 871 ft: 1374 corp: 43/7479b lim: 1013 exec/s: 3248 rss: 98Mb L: 966/966 MS: 5 CrossOver-CopyPart-ManualDict-InsertByte-InsertRepeatedBytes- DE: "derive"-
#114698	REDUCE cov: 871 ft: 1374 corp: 43/7471b lim: 1022 exec/s: 3277 rss: 99Mb L: 958/958 MS: 2 PersAutoDict-EraseBytes- DE: "\000\000\000\010"-
#117811	REDUCE cov: 871 ft: 1374 corp: 43/7470b lim: 1051 exec/s: 3272 rss: 102Mb L: 274/958 MS: 3 ChangeBit-EraseBytes-InsertByte-
#118146	REDUCE cov: 871 ft: 1374 corp: 43/7460b lim: 1051 exec/s: 3281 rss: 102Mb L: 30/958 MS: 5 EraseBytes-PersAutoDict-ShuffleBytes-ChangeByte-PersAutoDict- DE: "derive"-"\377\377~\307W\362\305\340"-
#118824	REDUCE cov: 871 ft: 1374 corp: 43/7459b lim: 1051 exec/s: 3300 rss: 102Mb L: 149/958 MS: 3 EraseBytes-ChangeBit-ManualDict- DE: "\000\000\000\000\000\000\000\000\000\000\000\000\000\000\000\000\000\000\000\000\000\000\000\000\000\000\000\000\000\000\000\000"-
#122350	REDUCE cov: 871 ft: 1374 corp: 43/7455b lim: 1081 exec/s: 3306 rss: 105Mb L: 145/958 MS: 1 EraseBytes-
#125482	REDUCE cov: 871 ft: 1383 corp: 44/8552b lim: 1111 exec/s: 3302 rss: 108Mb L: 1097/1097 MS: 2 CrossOver-InsertRepeatedBytes-
#128845	REDUCE cov: 871 ft: 1383 corp: 44/8549b lim: 1141 exec/s: 3303 rss: 111Mb L: 955/1097 MS: 2 PersAutoDict-EraseBytes- DE: "\031\000\000\000"-
#131072	pulse  cov: 871 ft: 1383 corp: 44/8549b lim: 1161 exec/s: 3276 rss: 113Mb
#133156	REDUCE cov: 871 ft: 1383 corp: 44/8548b lim: 1181 exec/s: 3328 rss: 115Mb L: 144/1097 MS: 1 EraseBytes-
#151803	REDUCE cov: 871 ft: 1384 corp: 45/9903b lim: 1361 exec/s: 3300 rss: 129Mb L: 1355/1355 MS: 2 ShuffleBytes-CopyPart-
#152218	REDUCE cov: 871 ft: 1384 corp: 45/9854b lim: 1361 exec/s: 3309 rss: 130Mb L: 1306/1306 MS: 5 InsertByte-InsertRepeatedBytes-CrossOver-ChangeASCIIInt-EraseBytes-
#153764	REDUCE cov: 871 ft: 1388 corp: 46/11222b lim: 1371 exec/s: 3342 rss: 131Mb L: 1368/1368 MS: 1 InsertRepeatedBytes-
#153837	REDUCE cov: 871 ft: 1388 corp: 46/11221b lim: 1371 exec/s: 3344 rss: 131Mb L: 1367/1367 MS: 3 ShuffleBytes-ChangeByte-CrossOver-
#154092	NEW    cov: 871 ft: 1389 corp: 47/12590b lim: 1371 exec/s: 3349 rss: 132Mb L: 1369/1369 MS: 5 CrossOver-InsertRepeatedBytes-InsertRepeatedBytes-ShuffleBytes-CrossOver-
#155296	REDUCE cov: 871 ft: 1389 corp: 47/12563b lim: 1381 exec/s: 3304 rss: 134Mb L: 1279/1369 MS: 4 PersAutoDict-ChangeBit-InsertByte-EraseBytes- DE: "\031\000\000\000"-
#162745	REDUCE cov: 871 ft: 1389 corp: 47/12526b lim: 1451 exec/s: 3321 rss: 143Mb L: 1242/1369 MS: 4 InsertByte-CrossOver-ChangeByte-InsertRepeatedBytes-
#164763	REDUCE cov: 871 ft: 1389 corp: 47/12521b lim: 1471 exec/s: 3295 rss: 145Mb L: 1237/1369 MS: 3 EraseBytes-ChangeBit-PersAutoDict- DE: "\000\000\000\000\000\000\000\000\000\000\000\000\000\000\000\000\000\000\000\000\000\000\000\000\000\000\000\000\000\000\000\000"-
#169910	REDUCE cov: 871 ft: 1389 corp: 47/12516b lim: 1521 exec/s: 3331 rss: 152Mb L: 124/1369 MS: 2 InsertRepeatedBytes-EraseBytes-
#171178	REDUCE cov: 871 ft: 1389 corp: 47/12515b lim: 1531 exec/s: 3291 rss: 153Mb L: 1366/1369 MS: 3 ChangeBinInt-CrossOver-EraseBytes-
#180563	REDUCE cov: 871 ft: 1493 corp: 48/14127b lim: 1621 exec/s: 3282 rss: 164Mb L: 1612/1612 MS: 5 PersAutoDict-InsertRepeatedBytes-CopyPart-ChangeASCIIInt-CrossOver- DE: "\031\000"-
#181269	REDUCE cov: 871 ft: 1493 corp: 48/14126b lim: 1621 exec/s: 3295 rss: 165Mb L: 1611/1611 MS: 1 EraseBytes-
#182877	REDUCE cov: 871 ft: 1493 corp: 48/14125b lim: 1631 exec/s: 3325 rss: 168Mb L: 291/1611 MS: 3 CopyPart-CrossOver-InsertByte-
#183108	REDUCE cov: 871 ft: 1493 corp: 48/14116b lim: 1631 exec/s: 3329 rss: 168Mb L: 1228/1611 MS: 1 EraseBytes-
#184288	REDUCE cov: 871 ft: 1593 corp: 49/15756b lim: 1641 exec/s: 3290 rss: 170Mb L: 1640/1640 MS: 5 InsertRepeatedBytes-CrossOver-ManualDict-CopyPart-InsertRepeatedBytes- DE: "test"-
#192127	REDUCE cov: 871 ft: 1593 corp: 49/15755b lim: 1711 exec/s: 3256 rss: 183Mb L: 28/1640 MS: 4 PersAutoDict-CopyPart-CrossOver-EraseBytes- DE: "\031\000"-
#193728	REDUCE cov: 871 ft: 1593 corp: 49/15754b lim: 1721 exec/s: 3283 rss: 186Mb L: 824/1640 MS: 1 EraseBytes-
#196060	REDUCE cov: 871 ft: 1593 corp: 49/15750b lim: 1741 exec/s: 3267 rss: 190Mb L: 63/1640 MS: 2 EraseBytes-ManualDict- DE: "test"-
#197785	DONE   cov: 871 ft: 1593 corp: 49/15750b lim: 1751 exec/s: 3242 rss: 193Mb
###### Recommended dictionary. ######
"\000\000\000\010" # Uses: 1819
"\027\000" # Uses: 1791
"\031\000" # Uses: 1591
"\001\000\177\307W\377\021\340" # Uses: 1412
"\011\000" # Uses: 1423
"\031\000\000\000" # Uses: 1386
"\030\000" # Uses: 1385
"\377\377~\307W\362\305\340" # Uses: 673
###### End of recommended dictionary. ######
Done 197785 runs in 61 second(s)
stat::number_of_executed_units: 197785
stat::average_exec_per_sec:     3242
stat::new_units_added:          104
stat::slowest_unit_time_sec:    0
stat::peak_rss_mb:              193
