Dictionary: 4 entries
INFO: Running with entropic power schedule (0xFF, 100).
INFO: Seed: 2802179060
INFO: Loaded 1 modules   (12706 inline 8-bit counters): 12706 [0x557839a3aef8, 0x557839a3e09a), 
INFO: Loaded 1 PC tables (12706 PCs): 12706 [0x557839a3e0a0,0x557839a6fac0), 
INFO:       19 files found in /tmp/tmp.YcNVQMp6GT/corpus/fuzz_sphincs
INFO: seed corpus: files: 19 min: 2b max: 49937b total: 399325b rss: 33Mb
#8	pulse  cov: 1119 ft: 1450 corp: 3/22b exec/s: 1 rss: 40Mb
#16	pulse  cov: 1122 ft: 2145 corp: 6/97Kb exec/s: 2 rss: 41Mb
#20	INITED cov: 1124 ft: 2159 corp: 10/292Kb exec/s: 2 rss: 42Mb
#21	NEW    cov: 1124 ft: 2162 corp: 11/292Kb lim: 49937 exec/s: 2 rss: 43Mb L: 2/49937 MS: 1 ChangeByte-
#32	pulse  cov: 1124 ft: 2162 corp: 11/292Kb lim: 49937 exec/s: 3 rss: 44Mb
#33	NEW    cov: 1124 ft: 2170 corp: 12/341Kb lim: 49937 exec/s: 3 rss: 45Mb L: 49858/49937 MS: 3 CrossOver-ManualDict-ChangeBit- DE: "\017"-
#39	NEW    cov: 1124 ft: 2171 corp: 13/341Kb lim: 49937 exec/s: 3 rss: 45Mb L: 7/49937 MS: 1 ChangeBit-
#51	NEW    cov: 1124 ft: 2172 corp: 14/341Kb lim: 49937 exec/s: 3 rss: 46Mb L: 3/49937 MS: 2 CMP-PersAutoDict- DE: "\002\000"-"\017"-
#56	REDUCE cov: 1124 ft: 2172 corp: 14/341Kb lim: 49937 exec/s: 3 rss: 46Mb L: 8/49937 MS: 5 ShuffleBytes-ChangeBinInt-ChangeByte-ShuffleBytes-EraseBytes-
#57	NEW    cov: 1124 ft: 2175 corp: 15/341Kb lim: 49937 exec/s: 3 rss: 46Mb L: 8/49937 MS: 1 ManualDict- DE: "\000"-
#59	NEW    cov: 1124 ft: 2176 corp: 16/389Kb lim: 49937 exec/s: 3 rss: 46Mb L: 49868/49937 MS: 2 ShuffleBytes-InsertRepeatedBytes-
#64	pulse  cov: 1124 ft: 2176 corp: 16/389Kb lim: 49937 exec/s: 3 rss: 46Mb
#65	NEW    cov: 1124 ft: 2177 corp: 17/438Kb lim: 49937 exec/s: 3 rss: 47Mb L: 49937/49937 MS: 1 ChangeBit-
#66	NEW    cov: 1125 ft: 2194 corp: 18/465Kb lim: 49937 exec/s: 2 rss: 47Mb L: 27720/49937 MS: 1 CrossOver-
#70	NEW    cov: 1125 ft: 2197 corp: 19/514Kb lim: 49937 exec/s: 3 rss: 48Mb L: 49937/49937 MS: 4 ChangeBinInt-CopyPart-CopyPart-ChangeByte-
#71	NEW    cov: 1125 ft: 2265 corp: 20/514Kb lim: 49937 exec/s: 2 rss: 48Mb L: 3/49937 MS: 1 InsertByte-
#74	REDUCE cov: 1125 ft: 2265 corp: 20/514Kb lim: 49937 exec/s: 2 rss: 48Mb L: 4/49937 MS: 3 ChangeBinInt-PersAutoDict-EraseBytes- DE: "\000"-
#82	NEW    cov: 1125 ft: 2266 corp: 21/563Kb lim: 49937 exec/s: 3 rss: 49Mb L: 49937/49937 MS: 3 CopyPart-InsertRepeatedBytes-InsertRepeatedBytes-
#83	NEW    cov: 1125 ft: 2268 corp: 22/611Kb lim: 49937 exec/s: 3 rss: 49Mb L: 49937/49937 MS: 1 CMP- DE: "_\322\304\002A\177\000\000"-
#88	NEW    cov: 1125 ft: 2318 corp: 23/611Kb lim: 49937 exec/s: 2 rss: 49Mb L: 14/49937 MS: 5 PersAutoDict-ShuffleBytes-ShuffleBytes-CrossOver-ShuffleBytes- DE: "\000"-
#92	NEW    cov: 1125 ft: 2431 corp: 24/660Kb lim: 49937 exec/s: 2 rss: 50Mb L: 49870/49937 MS: 4 ManualDict-CMP-InsertRepeatedBytes-CopyPart- DE: "\000\000\000\000\000\000\000\000"-"\377s"-
#93	NEW    cov: 1125 ft: 2437 corp: 25/660Kb lim: 49937 exec/s: 2 rss: 50Mb L: 2/49937 MS: 1 CopyPart-
#105	NEW    cov: 1125 ft: 2438 corp: 26/709Kb lim: 49937 exec/s: 2 rss: 51Mb L: 49937/49937 MS: 2 ChangeBit-PersAutoDict- DE: "\000"-
#121	NEW    cov: 1125 ft: 2439 corp: 27/709Kb lim: 49937 exec/s: 2 rss: 52Mb L: 14/49937 MS: 1 CrossOver-
#122	NEW    cov: 1125 ft: 2440 corp: 28/709Kb lim: 49937 exec/s: 2 rss: 52Mb L: 3/49937 MS: 1 CrossOver-
#128	pulse  cov: 1125 ft: 2442 corp: 28/709Kb lim: 49937 exec/s: 2 rss: 53Mb
#128	NEW    cov: 1125 ft: 2442 corp: 29/758Kb lim: 49937 exec/s: 2 rss: 53Mb L: 49937/49937 MS: 1 CopyPart-
#134	NEW    cov: 1125 ft: 2448 corp: 30/758Kb lim: 49937 exec/s: 2 rss: 53Mb L: 14/49937 MS: 1 ChangeBinInt-
#134	DONE   cov: 1125 ft: 2448 corp: 30/758Kb lim: 49937 exec/s: 2 rss: 53Mb
###### Recommended dictionary. ######
"\002\000" # Uses: 0
"_\322\304\002A\177\000\000" # Uses: 0
"\377s" # Uses: 3
###### End of recommended dictionary. ######
Done 134 runs in 62 second(s)
stat::number_of_executed_units: 134
stat::average_exec_per_sec:     2
stat::new_units_added:          22
stat::slowest_unit_time_sec:    0
stat::peak_rss_mb:              53
