$ sed -n 211,245p benchmarks/generate_competitive.py
# exit=0 duration=0.004s
NOTES = {
    "AES-256-GCM": (
        "AMA defaults to constant-time AES (INVARIANT-20), which never indexes "
        "a table with key-dependent data. OpenSSL and libgcrypt lead through "
        "AES-NI pipelines tuned end-to-end for this one construction. AMA "
        "places 3rd of 8, ahead of Nettle, libsodium, Botan, mbedTLS and "
        "wolfSSL on this build."
    ),
    "ChaCha20-Poly1305": (
        "OpenSSL runs an AVX-512 vectorised ChaCha20 core. AMA's is SIMD but "
        "not vectorised to that width. Third of seven."
    ),
    "SHA3-256": (
        "libgcrypt and OpenSSL carry hand-optimised Keccak permutations. AMA's "
        "single-stream scalar permutation places first of six, 0.7% ahead of "
        "libgcrypt — a photo finish, not a durable lead (the x4 AVX2 path "
        "batches four independent hashes and does not apply to one stream)."
    ),
    "HMAC-SHA3-256": "Tracks the SHA3-256 permutation result above; first of four here.",
    "X25519 scalar-mult": (
        "OpenSSL and libsodium use dedicated field arithmetic with a fused "
        "multiply path. AMA is within 1.5x of both. Third of five."
    ),
    "P-256 ECDSA sign": (
        "OpenSSL ships `ecp_nistz256`, a hand-written assembly implementation "
        "specific to this one curve. AMA uses its generic NIST-curve path, "
        "which serves P-256, P-384 and P-521 from one body of code."
    ),
    "P-256 ECDSA verify": "Same generic-versus-curve-specific split as P-256 signing.",
    "secp256k1 ECDSA verify": (
        "Fastest of three: 14.9% ahead of Botan and 1.48x ahead of OpenSSL. "
        "The signing side also leads outright, after the fixed-base comb "
        "landed (#379)."
    ),
    "ML-KEM-1024 encaps": (
