$ python benchmarks/check_baseline_justification.py
# exit=0 duration=0.661s
Detected 38 baseline_value change(s) in benchmarks/baseline.json:
  - aes_256_gcm_encrypt: 150000 -> 224406
  - aes_256_gcm_encrypt tolerance_percent: 40 -> 45
  - ama_sha3_256_hash: 140000 -> 327222
  - ama_sha3_256_hash tolerance_percent: 35 -> 45
  - chacha20poly1305_encrypt: 130000 -> 227521
  - chacha20poly1305_encrypt tolerance_percent: 40 -> 45
  - dilithium_keygen: 1281 -> 1312
  - dilithium_keygen tolerance_percent: 40 -> 45
  - dilithium_sign: 710 -> 2636
  - dilithium_sign tolerance_percent: 50 -> 45
  - dilithium_verify: 4600 -> 8897
  - dilithium_verify tolerance_percent: 40 -> 45
  - ed25519_keygen: 12651 -> 10822
  - ed25519_keygen tolerance_percent: 35 -> 45
  - ed25519_sign: 33000 -> 53885
  - ed25519_sign tolerance_percent: 35 -> 45
  - ed25519_verify: 13000 -> 19181
  - ed25519_verify tolerance_percent: 35 -> 45
  - full_package_create: 2400 -> 1983
  - full_package_create tolerance_percent: 70 -> 45
  - full_package_verify: 2600 -> 3442
  - full_package_verify tolerance_percent: 50 -> 45
  - hkdf_derive: 62000 -> 131341
  - hkdf_derive tolerance_percent: 35 -> 45
  - hmac_sha3_256: 96000 -> 215299
  - hmac_sha3_256 tolerance_percent: 40 -> 45
  - kyber_encapsulate: 7500 -> 11994
  - kyber_encapsulate tolerance_percent: 40 -> 45
  - kyber_keygen: 3158 -> 2726
  - kyber_keygen tolerance_percent: 40 -> 45
  - secp256k1_ecdsa_sign: 1900 -> 8068
  - secp256k1_ecdsa_sign tolerance_percent: 40 -> 45
  - secp256k1_ecdsa_verify: 2600 -> 3302
  - secp256k1_ecdsa_verify tolerance_percent: 40 -> 45
  - x25519_scalarmult: 13000 -> 16876
  - x25519_scalarmult tolerance_percent: 40 -> 45
  - x25519_scalarmult_batch4: 2600 -> 4074
  - x25519_scalarmult_batch4 tolerance_percent: 40 -> 45
Detected 38 baseline_value change(s) in benchmarks/arm-baseline.json:
  - aes_256_gcm_encrypt: 184088 -> 234678
  - aes_256_gcm_encrypt tolerance_percent: 40 -> 15
  - ama_sha3_256_hash: 267241 -> 426967
  - ama_sha3_256_hash tolerance_percent: 35 -> 15
  - chacha20poly1305_encrypt: 132056 -> 195365
  - chacha20poly1305_encrypt tolerance_percent: 40 -> 15
  - dilithium_keygen: 1705 -> 1634
  - dilithium_keygen tolerance_percent: 40 -> 15
  - dilithium_sign: 3053 -> 3316
  - dilithium_sign tolerance_percent: 50 -> 25
  - dilithium_verify: 7383 -> 11733
  - dilithium_verify tolerance_percent: 40 -> 15
  - ed25519_keygen: 10116 -> 10099
  - ed25519_keygen tolerance_percent: 35 -> 15
  - ed25519_sign: 30266 -> 45539
  - ed25519_sign tolerance_percent: 35 -> 15
  - ed25519_verify: 11855 -> 18199
  - ed25519_verify tolerance_percent: 35 -> 15
  - full_package_create: 3301 -> 2379
  - full_package_create tolerance_percent: 70 -> 25
  - full_package_verify: 3965 -> 4426
  - full_package_verify tolerance_percent: 50 -> 15
  - hkdf_derive: 112321 -> 176697
  - hkdf_derive tolerance_percent: 35 -> 15
  - hmac_sha3_256: 169111 -> 285176
  - hmac_sha3_256 tolerance_percent: 40 -> 15
  - kyber_encapsulate: 12889 -> 20105
  - kyber_encapsulate tolerance_percent: 40 -> 15
  - kyber_keygen: 3684 -> 3729
  - kyber_keygen tolerance_percent: 40 -> 15
  - secp256k1_ecdsa_sign: 1050 -> 10342
  - secp256k1_ecdsa_sign tolerance_percent: 45 -> 15
  - secp256k1_ecdsa_verify: 1300 -> 4316
  - secp256k1_ecdsa_verify tolerance_percent: 45 -> 15
  - x25519_scalarmult: 16281 -> 25167
  - x25519_scalarmult tolerance_percent: 40 -> 15
  - x25519_scalarmult_batch4: 3888 -> 6011
  - x25519_scalarmult_batch4 tolerance_percent: 40 -> 15

OK: every changed baseline is named, a measurement value is cited, and a CI runner is identified.
