$ sed -n 605,632p ama_cryptography/_self_test.py
# exit=0 duration=0.006s
            unreadable.append(f"{name}: unreadable ({exc})")
            continue
        if actual != binding_digests[name]:
            mismatches.append(f"{name}: digest MISMATCH — bytes differ from the signed build")
    uncovered = [
        f"{name}: present but not covered by the signed artefact"
        for name in sorted(on_disk)
        if name not in binding_digests
    ]

    # Two remedies, because two states need different ones and a hint that
    # cannot be run as written is not a remedy.  Inventory drift (missing /
    # uncovered / unreadable) leaves the pre-import binding gate satisfied,
    # so the repair command imports the package and runs.  A digest MISMATCH
    # does not: __init__._refuse_tampered_bindings_before_import refuses the
    # import against those same digests before any CLI reaches main(), so the
    # stale artefact has to go first.  That is the delete-then-sign order
    # tools/resign_wheel.py and setup.py both use.
    resign_hint = (
        ". If you rebuilt the extensions, refresh the artefact with: "
        "AMA_BUILD_PIPELINE=1 python -m ama_cryptography.integrity --update --sign"
    )
    resign_hint_after_mismatch = (
        ". A digest mismatch also blocks the pre-import binding gate, so remove "
        "the stale artefact first: rm <package-dir>/_integrity_signature.py && "
        "AMA_BUILD_PIPELINE=1 python -m ama_cryptography.integrity --update --sign"
    )
    if mismatches or (anchored and (missing or uncovered or unreadable)):
