$ python tools/check_avx_scoping.py --lib build-release/lib/libama_cryptography.so; echo EXIT=$?
# exit=0 duration=0.779s
--- AVX/AVX2/AVX-512 (YMM/ZMM)  (-mavx2, -mavx512f -mavx512vl) ---
    ama_aes256_gcm_decrypt_vaes_avx2                123  kernel
    ama_aes256_gcm_encrypt_vaes_avx2                121  kernel
    ama_argon2_g_avx2                               183  kernel
    ama_chacha20_block_x8_avx2                      283  kernel
    ama_dilithium_invntt_avx2                       532  kernel
    ama_dilithium_ntt_avx2                          463  kernel
    ama_dilithium_poly_pointwise_avx2                96  kernel
    ama_dilithium_rej_uniform_avx2                    9  kernel
    ama_keccak_f1600_avx2                            44  kernel
    ama_keccak_f1600_x4_avx2                        235  kernel
    ama_kyber_cbd2_avx2                               7  kernel
    ama_kyber_invntt_avx2                           297  kernel
    ama_kyber_ntt_avx2                              276  kernel
    ama_sphincs_wots_chain_avx2.part.0                6  kernel
    ama_x25519_scalarmult_x4_avx2                   750  kernel
    fe25519_10_contract                               2  kernel
    fe_mul_x4                                       411  kernel
--- AES-NI  (-maes (and -mvaes for the VAES kernel)) ---
    ama_aes256_expand_key_avx2                       13  kernel
    ama_aes256_gcm_decrypt_avx2                     266  kernel
    ama_aes256_gcm_decrypt_vaes_avx2                126  kernel
    ama_aes256_gcm_encrypt_avx2                     280  kernel
    ama_aes256_gcm_encrypt_vaes_avx2                 84  kernel
--- PCLMULQDQ  (-mpclmul (and -mvpclmulqdq for the VAES kernel)) ---
    ama_aes256_gcm_decrypt_avx2                      76  kernel
    ama_aes256_gcm_decrypt_vaes_avx2                 52  kernel
    ama_aes256_gcm_encrypt_avx2                     108  kernel
    ama_aes256_gcm_encrypt_vaes_avx2                 40  kernel
--- SHA-NI (Intel SHA Extensions)  (-msha) ---
    ama_sha256_compress_x86_shani                    56  kernel
--- BMI1/BMI2/ADX  (-mbmi -mbmi2, -mbmi2 -madx) ---
    ama_keccak_f1600_bmi                            108  kernel
    ama_nistp_mont_mul4_mulx                        120  kernel
    ama_x25519_fe64_mul_mulx                         59  kernel
    ama_x25519_fe64_sq_mulx                          45  kernel
--- SSSE3  (-mssse3) ---
    ama_aes256_gcm_decrypt_avx2                      32  kernel
    ama_aes256_gcm_encrypt_avx2                      41  kernel
    ama_sha256_compress_x86_shani                    18  kernel
--- SSE4.1  (-msse4.1) ---
    ama_sha256_compress_x86_shani                     2  kernel

read 474 symbol(s), 140,436 instruction(s); 5364 CPUID-gated instruction(s) across 7 ISA famil(ies), 0 symbol(s) outside a kernel

OK: every CPUID-gated instruction in the object is inside a kernel scoped for its ISA.
EXIT=0
